02-13 18:44:00.914  1102  2297 I SurfaceFlingerEx: SetAGPActiveConfig: agp set fps 90, currentFps 90, hasBuffer 0, isFl
ing 0, packageName 
02-13 18:44:00.914  1459  1518 I AGPService: FrameRateManager: set active config - fps 90 pkgName  isSurface 1
02-13 18:44:00.914  1917  1917 I DE J DES: [effect] [MOTION_NOTIFICATION] extra:app_start_animation
02-13 18:44:00.914 27482 27482 I court.assistan: Late-enabling -Xcheck:jni
02-13 18:44:00.914  1459  1518 D AGPService: FrameRateManager: NotifyPackageUpdatedToITouch: currPkgName - com.huawei.a
ndroid.launcher, type - 28, lcdFps - 90
02-13 18:44:00.914  2858  3259 D HwLauncher: GestureUtil MOTION_NOTIFICATION app_start_animation sendBroadcast extra = 
 duration: -1 category: app_start_animation timestamp: 1770979440911
02-13 18:44:00.915  1459  1518 D ITouchService: GameSceneManager: game scene not changed, set game mode returned
02-13 18:44:00.915  1459  1518 E ITouchService: itouch OneFrameDetect instance is nullptr or oneFrameSwitch is not chan
ge
02-13 18:44:00.915  1917  1954 I HmCameraWhiteListUtils: getDownloadCfgFile dir:/data/cota/para/thirdappfilter/third_ap
p_filter.xml
02-13 18:44:00.916  1917  1943 I WindowManager: Changing focus from Window{c535f39 u0 com.huawei.android.launcher/com.h
uawei.android.launcher.unihome.UniHomeLauncher} to null displayId=0
02-13 18:44:00.916  1917  1943 I NavigationCallOut: focusChanged, focus=null, mIsFocusWinInBlackList=false
02-13 18:44:00.916  2858  3075 D SceneHelper: notifyState ltpo1.0 push currentPackageName=com.huawei.android.launcher l
tpo10SceneState=3010 scene=APP_START_ANIMATION
02-13 18:44:00.916  1917  3136 D RemoteAnimationController: app-onAnimationFinished(): mOuter=com.android.server.wm.Rem
oteAnimationController@745f7a2
02-13 18:44:00.916  1102  2297 I Layer   : Surface(name=cd222a8 StatusBar)/@0x6b9572c - animation-leash of insets_anima
tion#16827: created
02-13 18:44:00.917  2837  5253 I ApsSceneManager: APS: APK: setSceneInfoToAgp: scene:APP_START_ANIMATION, scnenCategory
:APP_START_ANIMATION, state:0
02-13 18:44:00.917  2837  5253 I ApsBdata: cacheSceneInfo come scene: APP_START_ANIMATION, state: 0
02-13 18:44:00.917  2837  5253 D ApsSceneManager: APS: APK: clearWaitQueue
02-13 18:44:00.917  1459  1592 I AGPService: Bn-> aps-info: set scene info - scene: APP_START_ANIMATION, sceneCategory:
 APP_START_ANIMATION, status: 0, priorityLevel: 0
02-13 18:44:00.917  1459  1592 I AGPService: FrameRateManager:[UpdateSceneStatus] scene APP_START_ANIMATION and sceneCa
tegory APP_START_ANIMATION exit
02-13 18:44:00.917  1459  1512 I AGPService: FrameRateManager:[CheckAnimationTimeOut] timeout animation check Before 0,
 After 0
02-13 18:44:00.917  1459  1512 I AGPService: FrameRateManager:[HandleFrameRateRefresh] currPkgName: com.huawei.android.
launcher, strategyCode 21: dynamicCode 1, isFactor 1, min 60, max 90, down 90, idle 60
02-13 18:44:00.917  1459  1512 D AGPService: FrameRateManager:[GetUiAnimationData] not support LTPO2.0
02-13 18:44:00.917  1459  1512 I AGPService: FrameRateManager:[JudgeFinalLcdFps] sceneinfo(0, -2, 0, 0);touchinfo(0, 0,
 2, 120);isFHF 0 animFps -1 sfFps 0 pkg  isSurface 1
02-13 18:44:00.917  1459  1512 I AGPService: FrameRateManager:[JudgeFinalLcdFps] Finish judging and final lcd fps: 90
02-13 18:44:00.917  1459  1512 D AGPService: Bp<- displayGetFps
02-13 18:44:00.917   944   944 D HW_DISPLAY_TEST: display_get_fps: Get FPS successful
02-13 18:44:00.917   944   944 D HW_DISPLAY_TEST: display_get_fps: open file /sys/class/graphics/fb0/lcd_fps_scence:cur
rent_fps:90;default_fps:120;support_fps_list:30,60,90,120;product_panel_num:2;current_panel_id:0;panel_id:0;panel_type:
LTPO1;support_fps:30,60,90,120;panel_id:1;panel_type:LTPO1;support_fps:30,60,90,120
02-13 18:44:00.917   944   944 D HW_DISPLAY_TEST:  success
02-13 18:44:00.917  1459  1512 I AGPService: display get fps - current_fps:90;default_fps:120;support_fps_list:30,60,90
,120;product_panel_num:2;current_panel_id:0;panel_id:0;panel_type:LTPO1;support_fps:30,60,90,120;panel_id:1;panel_type:
LTPO1;support_fps:30,60,90,120
02-13 18:44:00.918  1459  1512 D AGPService: FrameRefreshThread: set refreshrate - 90
02-13 18:44:00.918  1917  1943 I HwDisplayContentEx: currentFocus windowstate null
02-13 18:44:00.918  1459  1518 I AGPService: FrameRateManager:[SetActiveConfigByFps] reset Pkg isSurface, AnimFps -1, f
ps to sf 90
02-13 18:44:00.918  1917  1943 D ZrHung.AppEyeFocusWindow: FocusWindowErrorScene CheckFreezeScreen
02-13 18:44:00.918  1102  1725 D surfaceflinger: getRefreshRateFromFps: get target refresh rate fps 90
02-13 18:44:00.918  1102  1725 I SurfaceFlingerEx: SetAGPActiveConfig: agp set fps 90, currentFps 90, hasBuffer 0, isFl
ing 0, packageName 
02-13 18:44:00.918  1459  1518 I AGPService: FrameRateManager: set active config - fps 90 pkgName  isSurface 1
02-13 18:44:00.918  1917  1943 I WindowManager: updateFocusedWindowLocked: newFocus is null for  displayId=1
02-13 18:44:00.918  1459  1518 D AGPService: FrameRateManager: NotifyPackageUpdatedToITouch: currPkgName - com.huawei.a
ndroid.launcher, type - 28, lcdFps - 90
02-13 18:44:00.918  1917  1943 D BufferQueueCore: BufferQueueCore: mDebugHwFlow=0, mIsBufferQueueLogVSupport=0.
02-13 18:44:00.918  1917  3136 D RemoteAnimationController: app-onAnimationFinished(): mOuter=com.android.server.wm.Rem
oteAnimationController@745f7a2
02-13 18:44:00.918  1917  3136 I RemoteAnimationController: onAnimationFinished(): Notify animation finished:
02-13 18:44:00.918  1917  3136 I WindowManager: send SET_LAUNCHER_VISIBLE_IN_FINGER_BOOST visible: true,delay:0, handle
:true, userId:0, callingPid: 1917
02-13 18:44:00.918  1459  1518 D ITouchService: GameSceneManager: game scene not changed, set game mode returned
02-13 18:44:00.918  1459  1518 E ITouchService: itouch OneFrameDetect instance is nullptr or oneFrameSwitch is not chan
ge
02-13 18:44:00.919  1917  3136 I WindowManager: onAnimationFinished task=1
02-13 18:44:00.919  1917  3136 I ActivityTaskManager: onAnimationFinished, mTransit: 0startSplitScreenFlag:false
02-13 18:44:00.919  1917  1943 D InsetsSourceConsumer: ViewUI_insets setControl -> ITYPE_STATUS_BAR on Splash Screen co
m.court.assistant
02-13 18:44:00.919  1917  1943 D InsetsSourceConsumer: ViewUI_insets setControl mType:0, requestedVisible:true, getLeas
h:null, needAnimation:false, mIsAnimationPending:false, getRootViewTitle:Splash Screen com.court.assistant
02-13 18:44:00.919  1917  3136 I WindowManager: onAnimationFinished task=9706
02-13 18:44:00.919  1917  3136 I ActivityTaskManager: onAnimationFinished, mTransit: 0startSplitScreenFlag:false
02-13 18:44:00.919  1917  3136 D HwHoveringManager: notifyAnimationState, isAnimStart:false
02-13 18:44:00.919  1917  2662 E AwareLog: AnimationPerformance: invalid strategy
02-13 18:44:00.919  1917  2457 E OpenGLRenderer: Unable to match the desired swap behavior.
02-13 18:44:00.921  1492  1501 D AwareLog: iawared: set /proc/1917/task/27483/static_vip vip
02-13 18:44:00.922  1102  1102 I Layer   : [*#16823] reparent null
02-13 18:44:00.922  1102  1102 D SurfaceFlinger: getRefreshRateFromFps: get target refresh rate fps 90
02-13 18:44:00.922  1917  3136 I HwWindowManagerServiceEx: AnimationTurbo wms IconSurface real removedSurface(name=Icon
Surface)/@0x2f96166
02-13 18:44:00.924  1102  1725 I Layer   : Surface(name=e52991d com.android.systemui.HwImageWallpaper)/@0x726ff1f - ani
mation-leash of window_animation#16828: created
02-13 18:44:00.924  1102  1102 D CompositionEngine: schedule graphic cpuset: CPUSET_SP_GRAPHIC_NORMAL, composer pid: 94
2
02-13 18:44:00.925  2858  2858 I HwViewRootImpl: Add sceneId 10 topId: 14
02-13 18:44:00.925  2858  2858 I HwViewRootImpl: Add sceneId 4 topId: 14
02-13 18:44:00.925  2858  2902 I ZrHung.AppEyeUiProbe: not watching, wait.
02-13 18:44:00.925  1917  3590 D WindowManager: WS setWallpaperScale return, wallpaper no need to recover
02-13 18:44:00.926  1917  1942 I RemoteAnimationController: onAnimationFinished(): Notify animation finished:
02-13 18:44:00.926  1917  1942 I WindowManager: remove H.SET_LAUNCHER_VISIBLE_IN_FINGER_BOOST message.
02-13 18:44:00.926  1917  1942 I WindowManager: send SET_LAUNCHER_VISIBLE_IN_FINGER_BOOST visible: true,delay:0, handle
:true, userId:0, callingPid: 1917
02-13 18:44:00.928  2858  2858 D HwLauncher: RecentsView onWindowVisibilityChanged executed invalid
02-13 18:44:00.928 12739 12739 I HiBoard_14.1.23.301_Workspace: visible�?, closed:true
02-13 18:44:00.928  1917  2662 E AwareLog: AnimationPerformance: invalid strategy
02-13 18:44:00.929  1917  1942 D HwHoveringManager: notifyAnimationState, isAnimStart:false
02-13 18:44:00.929  1917  1942 E HwWindowManagerServiceEx: AnimationTurbo wms null buffer to draw icon or is invalid
02-13 18:44:00.929  1917  1940 I StatusBarDisable: setFlags what=0 which=1 pkg=Window{67a6af u0 Splash Screen com.court
.assistant}
02-13 18:44:00.929  2858  2858 I ViewRootImpl[UniHomeLauncher]: ViewUI_traversal destroyHardwareResources delay destroy
 render
02-13 18:44:00.930  1917  3590 I WindowManager: New wallpaper target: null prevTarget: Window{c535f39 u0 com.huawei.and
roid.launcher/com.huawei.android.launcher.unihome.UniHomeLauncher}
02-13 18:44:00.930  2858  4311 D HwLauncher: LauncherAnimationRunner RemoteAnimation cancel
02-13 18:44:00.930  2512  2525 I WallpaperService: dispatchAppVisibility:false
02-13 18:44:00.930  1917  3590 I WindowManager: tryStartExitingAnimation destroySurface win=Window{c535f39 u0 com.huawe
i.android.launcher/com.huawei.android.launcher.unihome.UniHomeLauncher}
02-13 18:44:00.930  1917  1954 I HmCameraWhiteListUtils: other function may be added to the xml later, parse it here
02-13 18:44:00.930  1917  2257 D HwActivityManagerServiceEx: notifyAppToTop pid:2858, enable:1
02-13 18:44:00.932  1917  1943 I HwViewRootImpl: removeInvalidNode all the node in jank list is out of time
02-13 18:44:00.932 27482 27482 I court.assistan: Reinit property: dalvik.vm.checkjni= false
02-13 18:44:00.932 27482 27482 I court.assistan: ReInitProperties: persist.vm.debug.dumpapi= false
02-13 18:44:00.932  1917  1954 I HwAudioServiceEx: ComponentInfo : className = com.huawei.android.launcher.unihome.UniH
omeLauncher, flag = onPause, isHomeActivity = , isTop = false
02-13 18:44:00.933  1102  1102 I BufferStateLayer: setBuffer: Splash Screen com.court.assistant#16826: first buffer com
es.
02-13 18:44:00.933  1102  1102 I Layer   : *#16823: destroyed
02-13 18:44:00.933  1917  2343 W HwAudioServiceEx: SoundEffectState bundle get reserved is invalid
02-13 18:44:00.935  1917  2343 I HwAudioServiceEx: sendAppKilledIntentForKit, isKitPackageOnPause = false, isKitPackage
Kill = false, isKitPackageOnResume = false
02-13 18:44:00.935  1917  3590 I WindowManager: wm_insets notifyInsetsControlChanged for:Window{c535f39 u0 com.huawei.a
ndroid.launcher/com.huawei.android.launcher.unihome.UniHomeLauncher}
02-13 18:44:00.935  2739  5013 D Hicom_Monitor: ActivityNotifier not support:com.huawei.android.launcher
02-13 18:44:00.935  1917  3590 I WindowManager: wm_insets notifyInsetsControlChanged for:Window{67a6af u0 Splash Screen
 com.court.assistant}
02-13 18:44:00.935  1917  3590 I WindowManager: updateFocusedWindowLocked: newFocus is null for  displayId=1
02-13 18:44:00.935 27482 27482 I AndroidRuntime: RuntimeInit: Starting application from zygote
02-13 18:44:00.936 27482 27482 D AndroidRuntime: Entered RuntimeInit!
02-13 18:44:00.936 12739 13051 W BufferQueueProducer: [com.huawei.intelligent.Workspace#197(BLAST Consumer)197](id:31c3
000000c5,api:0,p:-1,c:12739) disconnect: not connected (req=1)
02-13 18:44:00.936 12739 13051 W libEGL  : EGLNativeWindowType 0x7a6bbfe010 disconnect failed
02-13 18:44:00.936  2739  3044 D DollieActivityManagerAdapter: [Paused] pid:2858 uid:10123 ComponentInfo{com.huawei.and
roid.launcher/com.huawei.android.launcher.unihome.UniHomeLauncher} uidState:2
02-13 18:44:00.936  2512  2512 I LightBarController: onStatusBarAppearanceChanged appearanceRegions:AppearanceRegion{LI
GHT_STATUS_BARS bounds=[0,0][2224,2496]},  sbModeChanged:false, statusBarMode:0, stackAppearancesChanged:true, navbarCo
lorManagedByIme:false
02-13 18:44:00.936 22663 22670 I adbd    : jdwp connection from 27482
02-13 18:44:00.936  2512  2512 I LightBarController: statusbar mAppearanceRegions:AppearanceRegion{LIGHT_STATUS_BARS bo
unds=[0,0][2224,2496]}
02-13 18:44:00.936  2512  2512 I LightBarController: updateStatus numLightStacks:1, numStacks:1
02-13 18:44:00.937  2512  2512 I StatusBarLayout: refreshTint: tint: b2000000, area:Rect(0, 0 - 0, 0)
02-13 18:44:00.937  2512  2512 I HwStatusBarCapsuleHelper: onUiModeChanged
02-13 18:44:00.938  2512  2512 I HwStatusBarCapsuleHelper: onUiModeChanged
02-13 18:44:00.938  2512  2512 I NavigationBar: navigationbar appearance:1000,mAppearance:0,mTransientShown:false
02-13 18:44:00.938  2512  2512 I WallpaperService: onVisibilityChanged(false): com.android.systemui.HwImageWallpaper$Hw
GLEngine@23990a7
02-13 18:44:00.938  2512  2512 I ImageWallpaper: wallpaper visibility changes to: false
02-13 18:44:00.938  1917  3590 I WindowManager: updateFocusedWindowLocked: newFocus is null for  displayId=1
02-13 18:44:00.939  1917  2576 I WindowManager: tryStartExitingAnimation destroySurface win=Window{2f59f90 u0 com.huawe
i.intelligent.Workspace}
02-13 18:44:00.939  2858  2858 I ViewRootImpl[UniHomeLauncher]: ViewUI_traversal delay destroy mBlastBufferQueue
02-13 18:44:00.939  2858  2858 I InsetsSourceConsumer: ViewUI_insets mSourceControl is null notifyControlRevoked type: 
0
02-13 18:44:00.940  2858  2858 I RmeSchedManager: init Rme, version is: v1.0
02-13 18:44:00.940 27482 27482 I AndroidRuntime: MethodAndArgsCaller run()
02-13 18:44:00.941  1917  2576 I ActivityTaskManager: taskAppearedReady mTaskOrganizer: android.window.ITaskOrganizer$S
tub$Proxy@19a8dc2mDeferTaskAppear: falsemCreatedByOrganizer: falsemSurfaceControl: Surface(name=Task=9706)/@0xe50b1d5ha
sbeenVis: truetask: Task{e48cdea #9706 type=standard A=10795:com.court.assistant U=0 visible=true mode=fullscreen trans
lucent=false sz=1}
02-13 18:44:00.942  1917  2576 I TaskOrganizerController: onTaskAppeared task: 9706
02-13 18:44:00.942  1917  2576 I ActivityTaskManager: taskAppearedReady mTaskOrganizer: android.window.ITaskOrganizer$S
tub$Proxy@19a8dc2mDeferTaskAppear: falsemCreatedByOrganizer: falsemSurfaceControl: Surface(name=Task=9706)/@0xe50b1d5ha
sbeenVis: truetask: Task{e48cdea #9706 type=standard A=10795:com.court.assistant U=0 visible=true mode=fullscreen trans
lucent=false sz=1}
02-13 18:44:00.942  1917  2576 I WindowManager: updateFocusedWindowLocked: newFocus is null for  displayId=1
02-13 18:44:00.943  2512  2512 I ShellTaskOrganizer: Task appeared taskId: 9706
02-13 18:44:00.944  1102  1102 I Layer   : [*#16824] reparent null
02-13 18:44:00.944  1102  1102 I SurfaceFlinger: setClientStateLocked: DelAnimationInfo layer Surface(name=Task=1)/@0x3
9c2cd4 - animation-leash of app_transition#16824
02-13 18:44:00.944  1102  1102 I Layer   : [*#16822] reparent null
02-13 18:44:00.944  1102  1102 I SurfaceFlinger: setClientStateLocked: DelAnimationInfo layer Surface(name=Task=9706)/@
0xe50b1d5 - animation-leash of app_transition#16822
02-13 18:44:00.944  1102  1102 I Layer   : [*#16816] reparent null
02-13 18:44:00.944  1102  1102 I Layer   : [*#16825] reparent null
02-13 18:44:00.944  1102  1102 I Layer   : setFlags: *#16817 hide
02-13 18:44:00.944  1102  1102 I Layer   : setFlags: *#16815 hide
02-13 18:44:00.944  1102  1102 I Layer   : setFlags: *#122 hide
02-13 18:44:00.945  1102  1102 I Layer   : *#16816: destroyed
02-13 18:44:00.945  1917  3590 I ActivityTaskManager: isDualCodeScene mLastPausedActivity.dualflag = false
02-13 18:44:00.946  1917  1942 I ActivityManager: PendingStartActivityUids startActivity to updateOomAdj delay:1176ms, 
uid:10795
02-13 18:44:00.946  1102  1102 I BufferLayer: preparePerFrameCompositionState: Splash Screen com.court.assistant#16826:
 first buffer updated to LayerFE. frame=1
02-13 18:44:00.946 27482 27482 D ActivityThread: Attach thread to application
02-13 18:44:00.946   942 30128 W HDM[hdmd]: SetLayerGenericMetadata:362: do not match key: ViewGroupHasValidAlpha
02-13 18:44:00.946  1917  1943 D InsetsSourceConsumer: ViewUI_insets setControl -> ITYPE_STATUS_BAR on Splash Screen co
m.court.assistant
02-13 18:44:00.947  1917  1943 D InsetsSourceConsumer: ViewUI_insets setControl mType:0, requestedVisible:true, getLeas
h:Surface(name=Surface(name=cd222a8 StatusBar)/@0x6b9572c - animation-leash of insets_animation)/@0x1c58ac6, needAnimat
ion:false, mIsAnimationPending:false, getRootViewTitle:Splash Screen com.court.assistant
02-13 18:44:00.947  1917  1942 I WindowManager: handle SET_LAUNCHER_VISIBLE_IN_FINGER_BOOST visible:true handle:trueuse
rId:0, currentUserId:0
02-13 18:44:00.947  1102  1102 W HwcComposer: command 0x40e0000 generated error 4
02-13 18:44:00.947  1917  1942 D WindowManager: setLauncherVisibleInFingerBoost record=ActivityRecord{faf2077 u0 com.hu
awei.android.launcher/.unihome.UniHomeLauncher t7}
02-13 18:44:00.947  1917  1942 I WindowManager: setLauncherVisible setAlpha to 1.0
02-13 18:44:00.947  1917  4301 I FocusResolver: window c535f39 com.huawei.android.launcher/com.huawei.android.launcher.
unihome.UniHomeLauncher is focusable even if it is not visible.
02-13 18:44:00.947  1917  1942 D WindowManager: setLauncherVisible wallpaperScale=false
02-13 18:44:00.947  1917  1942 D WindowManager: WS setWallpaperScale return, wallpaper no need to recover
02-13 18:44:00.947 12124 12951 W ContentSensor_13.11.3.203_ContentSensorService: mEventListener is null 
02-13 18:44:00.947  1917  3590 W system_server: Failed to UpdateQosForCgroupInner, tid=0, policy=10
02-13 18:44:00.947  1099 17783 D AudioPolicyService: getUidState(10795) cacheIter->second.first, return cacheIter->seco
nd.second(-1)
02-13 18:44:00.948  2858  3439 D HwLauncher: LocalTaskList loadTasksInBackground:13 numTasks:18 currentUserId:0
02-13 18:44:00.948  1099 17783 D AudioPolicyService: getUidState(10795) !cacheIter->second.first, return PROCESS_STATE_
UNKNOWN
02-13 18:44:00.954  1917  3590 I HwRestoreStateManager: reportAppRestoreScene, app: com.court.assistant/.MainActivity ,
scene:ColdStart
02-13 18:44:00.954  1917  3590 I WindowManager: Deferring rotation, rotation not changed, rotation=0
02-13 18:44:00.955  1102  1102 I Layer   : [*#16828] reparent null
02-13 18:44:00.955  1102  1102 I Layer   : *#16828: destroyed
02-13 18:44:00.955  1917  3590 I ActivityTaskManager: updateTopApp to ProcessRecord{801eb24 27482:com.court.assistant/u
0a795}
02-13 18:44:00.956  1917  3590 D HwActivityTaskManagerServiceEx: to.packageName is not in mRestoreFaList.
02-13 18:44:00.956  1917  3590 W HwActivityTaskManagerServiceEx: appSwitch from: com.huawei.android.launcher to: com.co
urt.assistant
02-13 18:44:00.956  1917  3590 E WMGatewayProxy: reportFocusedAppChanged: window manager gateway is not available.
02-13 18:44:00.957  1917  3590 I WindowManager: updateFocusedWindowLocked: newFocus is null for  displayId=1
02-13 18:44:00.957  1917  2576 I FocusResolver: Lost focus window in display 0
02-13 18:44:00.957  2837  3196 I ScenarioService: app run front pkg: com.court.assistant
02-13 18:44:00.957 12044 16686 D DeferredProcessingSession: onAppSwitch
02-13 18:44:00.957 12044 16686 I MultiStagesCaptureManager: onAppSwitch fromPkg: com.huawei.android.launcher, toPkg: co
m.court.assistant
02-13 18:44:00.957  1460  3774 D DeferredProcess: DeferredProcessingService.cpp:137 NotifyAppSwitch() fromPkg: com.huaw
ei.android.launcher, toPkg: com.court.assistant
02-13 18:44:00.957  1460  3774 D DeferredProcess: AppSwitchCommand.cpp:19 AppSwitchCommand() entered.
02-13 18:44:00.957  1460  3774 D DeferredProcess: CommandServer.cpp:215 AddCommand() CommandName: AppSwitchCommand
02-13 18:44:00.957  2837  3196 D ScenarioService: front pkg : com.court.assistant launcher: false
02-13 18:44:00.957  1460 12908 I DeferredProcess: Command.cpp:28 Do() call CommandName: AppSwitchCommand
02-13 18:44:00.957  1460 12908 D DeferredProcess: CommandServer.cpp:344 ScheduleTimeout() timer schedule...
02-13 18:44:00.957  2837  3196 D ScenarioService: new above launcher front pkgs: [com.court.assistant]
02-13 18:44:00.957  1177  1424 I aptouch_daemon: begin, cmd[0], flag[16]
02-13 18:44:00.958  1177  1424 I aptouch_daemon: Excute:86: cmd=power_time, param=
02-13 18:44:00.958  1177  1424 I tpd_client: power_time, 
02-13 18:44:00.958   950   950 I aptouch_daemon: ret = ap:core:active:414967+idle:771715#side:active:0+idle:0#O2:0#U2:0
,17,202,53,5,8,10,9,15,14,17,7,13,7,19,11,9,5,8,172,#GI:0#
02-13 18:44:00.958  2739  4817 I FoldScreen_RebootApp: in isSubAppMain uid is 10123, userId is 0
02-13 18:44:00.958  1917  1965 I DefProcServicePropDataManager: appSwitch fromPkg:com.huawei.android.launcher,toPkg:com
.court.assistant
02-13 18:44:00.958  2739  4817 I FoldScreen_RebootApp: in getMapIdString MapId is 0_com.huawei.android.launcher_false
02-13 18:44:00.959  2739  4817 I FoldScreen_RebootApp: in isSubAppMain uid is 10795, userId is 0
02-13 18:44:00.959  2837  3196 I AppsUsage: scnOff: false FgAPP: com.court.assistant BgAPP: com.huawei.android.launcher
02-13 18:44:00.959  2739  4817 I FoldScreen_RebootApp: in getMapIdString MapId is 0_com.court.assistant_false
02-13 18:44:00.959  2739  4817 I FoldScreen_RebootApp: create new Status, mapKey is 0_com.court.assistant_false
02-13 18:44:00.959  2837  3429 I PG_ash  : front pkg : com.court.assistant
02-13 18:44:00.959  2837  3429 I PG_ash  : Visible app changed pkg : com.court.assistant, visible: true
02-13 18:44:00.959  2837  3429 I PG_ash  : running package: com.court.assistant, visible: true
02-13 18:44:00.959  2837  3475 I PGServer: report state:10010 event type:2 pid:0 uid:0 pkg:com.huawei.android.launcher 
to pid: 1917
02-13 18:44:00.959  2837  3475 I PGServer: report state:10010 event type:2 pid:0 uid:0 pkg:com.huawei.android.launcher 
to pid: 2837
02-13 18:44:00.959  2739  4817 I AssController: getAssistantList func:Func_buoy
02-13 18:44:00.960  1099 17783 D AudioPolicyService: getUidState(10795) !cacheIter->second.first, return PROCESS_STATE_
UNKNOWN
02-13 18:44:00.960  1917  2311 I NetworkPolicy: updateRuleForRestrictBackgroundUL(10795): isForeground=true, isDenied=f
alse, isAllowed=false, isRestrictedByAdmin=false, oldUidRules=0 (NONE), newUidRules=2 (TEMPORARY_ALLOW_METERED), newUid
Rules=2 (TEMPORARY_ALLOW_METERED), oldUidRules=0 (NONE), mRestrictBackground=true
02-13 18:44:00.960  1917  2664 E AwareLog: TrustProcessSelector:  no need to update recentAppRecords.
02-13 18:44:00.960  1917  1954 D HwWifiNearFindMonitor: isHomeApp = false
02-13 18:44:00.960 27482 27498 I LoadedApk: createSharedLibrariesLoaders::sharedLibraries is null
02-13 18:44:00.960  2512  4375 D HwAppAssistantUtils: wcBuoyList: [WS_Music, WS_Video]
02-13 18:44:00.960  1099 17783 D AudioPolicyService: getUidState(10795) cacheIter->second.first, return cacheIter->seco
nd.second(-1)
02-13 18:44:00.960  2739  4817 I AssController: getAssistantList func:WS_Music
02-13 18:44:00.961  2512  4375 D HwAppAssistantUtils: WS_Music: []
02-13 18:44:00.961  2739  4817 I AssController: getAssistantList func:WS_Video
02-13 18:44:00.961  2512  4375 D HwAppAssistantUtils: WS_Video: [com.ss.android.ugc.aweme, com.smile.gifmaker, tv.danma
ku.bili, com.baidu.haokan, com.ss.android.article.video]
02-13 18:44:00.961  2512  4375 I HwAppAssistantUtils: com.court.assistant, isInGameSpace: false, isSupportBuoy: false
02-13 18:44:00.961  2512  4375 I CapsuleManager: onAppSwitch package=com.court.assistant, current=com.huawei.android.la
uncher
02-13 18:44:00.961  2739  3656 I HiBeckonService: current package: com.court.assistant; appType is:-1
02-13 18:44:00.961  1917  1954 W ActivityManager: Sending non-protected broadcast com.huawei.android.wifi.GAME_ACTION f
rom system 1917:system/1000 pkg android
02-13 18:44:00.961  1917  1954 I SWAP_Scene: Entering notifySceneData notifySceneData. EventType:APP_SWITCH_TO pkg:com.
court.assistant uid:10795 pid:27482 proc: activity:null
02-13 18:44:00.961  1917  1954 I SWAP_Scene: Entering notifySceneData notifySceneData. EventType:APP_SWITCH_FROM pkg:co
m.huawei.android.launcher uid:10123 pid:0 proc: activity:null
02-13 18:44:00.962  2837  3196 I ScenarioService: app focus change from: com.huawei.android.launcher to:com.court.assis
tant
02-13 18:44:00.962  2837  3196 I ScenarioService: add focus on app:com.court.assistant to visiblePkgs
02-13 18:44:00.962  2837  3475 I SceneReceiver: state type: 10010 eventType:2 pid:0 uid:0 pkg:com.huawei.android.launch
er
02-13 18:44:00.962  2739  3656 I HiBeckonService: current package: com.court.assistant; isShieldScenes=false
02-13 18:44:00.962  2739  3656 I HiBeckonService: beckon mode switch isMsdpEnabled = true isShieldScenes = false; isCal
ling = false
02-13 18:44:00.962  2837  3475 D ApsPgPlug: APK: onStateChanged stateType: 10010, pkg:com.huawei.android.launcher
02-13 18:44:00.962  2837  3475 I PGServer: report state:10010 event type:2 pid:0 uid:0 pkg:com.huawei.android.launcher 
to pid: 2739
02-13 18:44:00.962  2739  3656 I HiBeckonService: beckon enable msdp
02-13 18:44:00.962  2739  3656 I HiBeckonService: msdp has been enable
02-13 18:44:00.962  1917  2315 D HwWifiNearFindArbitration: handleHomeActivityChanged, not in home launcher
02-13 18:44:00.962  2837  3475 I PGServer: report state:10000 event type:1 pid:0 uid:0 pkg:com.court.assistant to pid: 
1917
02-13 18:44:00.962  1917  1954 E WiFi_PRO_RecommendPortalController: mTopAppName: com.court.assistant
02-13 18:44:00.962  2837  3475 I PGServer: report state:10000 event type:1 pid:0 uid:0 pkg:com.court.assistant to pid: 
2837
02-13 18:44:00.962  2837  3475 I SceneReceiver: state type: 10000 eventType:1 pid:0 uid:0 pkg:com.court.assistant
02-13 18:44:00.962   886  6774 I netd    : bandwidthAddNiceApp(10795) <0.03ms>
02-13 18:44:00.962  2739  5013 D Hicom_Monitor: AppSwitchNotifier not support app from:com.huawei.android.launcher, to:
com.court.assistant
02-13 18:44:00.962  2837  3475 D ApsPgPlug: APK: onStateChanged stateType: 10000, pkg:com.court.assistant
02-13 18:44:00.962  1917  1954 I FoldScreen_SubScreenViewEntry: mForegroundPid: 27482 mForegroundAppName: com.court.ass
istant mUseEarpiecePid: -1, mIsVideoCall = false
02-13 18:44:00.962  2739  3462 D Hicom_Monitor: handleAppForeground not support app :com.court.assistant
02-13 18:44:00.962  2837  3475 I PGServer: report state:10000 event type:1 pid:0 uid:0 pkg:com.court.assistant to pid: 
2739
02-13 18:44:00.962  1917  2404 V HwWifiServiceFactory: get AllImpl object = com.android.server.wifi.HwWifiServiceFactor
yImpl@8a07b8
02-13 18:44:00.963  1917  2404 V HwWifiServiceFactory: get AllImpl object = com.android.server.wifi.HwWifiServiceFactor
yImpl@8a07b8
02-13 18:44:00.963  1917  2267 I GestureNavManager: FocusWindowBottom Options = 0x4000000, isDisabled = false
02-13 18:44:00.963  1917  1954 I HwQoEJNI: SetTcpRecoverRule 0 OK of 10795
02-13 18:44:00.963  2416  2442 E NcDft_Wifi2Component: cannot handle the message1001
02-13 18:44:00.963  2739  5151 D Hicom_QosController: handleForegroundAppChanged pkgName:com.court.assistant, lastPkg:c
om.huawei.android.launcher
02-13 18:44:00.963  1917  2257 W AwareLog: SchedLevelBoost: onFgActivitiesChanged config not set!
02-13 18:44:00.963  2416  2442 I HwWifiCHRStateManager: MSG_ML_CONNECT_FAIL_COUNT setMlConnectFailCount
02-13 18:44:00.963  2416  2442 I NcDft_HwWifiStatStore: setMlCountStatistics ignore
02-13 18:44:00.963  1917  2576 I DE J DES: [effect] Pg pkg:com.court.assistant
02-13 18:44:00.964  1917  3590 I HwNetworkPolicy: onTransact, code = 203
02-13 18:44:00.964  2837  7214 I PGServer: checkPkgType. calling pkg: android
02-13 18:44:00.964  3528 26671 I HwNetworkPolicyManager: getHwUidPolicy uid = 10795 policy = 0
02-13 18:44:00.964  1917  4301 D HwActivityTaskManagerServiceEx: loadRunningPackages packageInfo : pkg:com.sonelli.juic
essh visible:false, pkg:com.xingin.xhs visible:false, pkg:com.court.assistant visible:true, pkg:com.huawei.android.laun
cher visible:false, pkg:cmb.pb visible:false, pkg:com.tencent.mm visible:false, pkg:com.netease.mail visible:false, pkg
:com.tailscale.ipn visible:false, pkg:com.quark.browser visible:false,
02-13 18:44:00.964  1917  2315 D HwWifiNearFindArbitration: checkWifiNearFindSwitch, arbitrationCond = 65
02-13 18:44:00.964  1917  2315 I HwWifiNearFindArbitration: checkMainChipCondition
02-13 18:44:00.964  2739  3662 I {AssistantService-13.0.1.300}_AssistantApkNotifier: registerHwActivityNotifier call fr
omPackage:com.huawei.android.launcher, toPackage:com.court.assistant
02-13 18:44:00.964  2739  4354 D {AssistantService-13.0.1.300}_AssistantApkNotifier: handleMessage app switch fromPacka
ge:com.huawei.android.launcher, toPackage:com.court.assistant
02-13 18:44:00.964  1917  3132 I HwNetworkPolicy: onTransact, code = 203
02-13 18:44:00.964  2904  3936 I HwNetworkPolicyManager: getHwUidPolicy uid = 10795 policy = 0
02-13 18:44:00.964  1917  3132 D HwNetworkManagementService: code == CODE_SET_CHR_REPORT_APP_LIST
02-13 18:44:00.964  1917  1963 D HwGameAssistantController: UPDATE: mCurFgPkg=com.court.assistant, mCurFgPid=27482, mIs
CurGame=false
02-13 18:44:00.965   886  6774 I OemNetd : setChrAppUid(10, 10795)
02-13 18:44:00.965  1099 17783 D AudioFlinger: setParameters(): io 0, keyvalue debug log is close, calling pid 2837 cal
ling uid 1000
02-13 18:44:00.965  1917  3132 I HwNetworkManagementService: chr appuid set succeeded
02-13 18:44:00.965  1917  2315 D HwWifiNearFindScanner: remove period wifi scan messages
02-13 18:44:00.965  1917  2315 D HwWifiNearFindScanner: remove period wifi scan messages(HomeScene)
02-13 18:44:00.965  1917  2315 D HwWifiNearFindScanner: remove long distance wifi scan messages
02-13 18:44:00.965  1917  2315 D HwWifiNearFindScanner: remove check wifi scan state messages
02-13 18:44:00.965  1917  2315 D HwWifiNearFindScanner: stop all kinds of wifi scan
02-13 18:44:00.965  2739  3662 I AssController: getAssistantList func:Func_buoy
02-13 18:44:00.965  1917  1963 D HwAppAssistantUtils: wcBuoyList: [WS_Music, WS_Video]
02-13 18:44:00.965  2739  3389 I AssController: getAssistantList func:WS_Music
02-13 18:44:00.965  1917  1963 D HwAppAssistantUtils: WS_Music: []
02-13 18:44:00.965  2739  3389 I AssController: getAssistantList func:WS_Video
02-13 18:44:00.965  1099 17783 I HistenInstance: histen Param 35 is set to 1
02-13 18:44:00.965  1917  1963 D HwAppAssistantUtils: WS_Video: [com.ss.android.ugc.aweme, com.smile.gifmaker, tv.danma
ku.bili, com.baidu.haokan, com.ss.android.article.video]
02-13 18:44:00.965  1917  1963 I HwAppAssistantUtils: com.court.assistant, isInGameSpace: false, isBuoyApp: false
02-13 18:44:00.965  1917  1963 I HwGameAssistantController: notifyBuoyAppSwitch other switch: com.court.assistant
02-13 18:44:00.966  1459  1592 D ITouchService: itouch currentPackageName = com.court.assistant
02-13 18:44:00.966  1459  1592 D ITouchService: itouch appType=-1 appState=1 gameMode=2
02-13 18:44:00.966  1459  1592 D ITouchService: itouchReaderMonitor empty
02-13 18:44:00.966  1459  1592 D ITouchService: g_itouch_reader_monitor Monitor::IsReaderMonitorEnable()=0
02-13 18:44:00.966  1459  1592 D ITouchService: itouch getCurrentParmID tempPkg=com.court.xxx
02-13 18:44:00.966  1459  1592 D ITouchService: itouch:app com.court.assistant is  not game app
02-13 18:44:00.966  1459  1592 D ITouchService: itouch:app com.court.assistant is  not in StylusPenList
02-13 18:44:00.966  1459  1592 D ITouchService: itouch:styluspen_switch is disable
02-13 18:44:00.966  1459  1592 D ITouchService: itouch:currentAppTypeName =|UNKNOWN|
02-13 18:44:00.966  2739  5151 D QosAppStateCache: addForegroundApp. apps:[]
02-13 18:44:00.966   940 10211 I audio_dts_parser: [get_config_value:44]: get value success
02-13 18:44:00.966  2739  5151 D Hicom_WifiQosManager: no need check wifi type
02-13 18:44:00.967   940 10211 I AudioAlgoService: setParameterToDsp: params is updateHistenParams=1
02-13 18:44:00.968  1917  3132 I HwAudioService: now type = 28,reportForegroundAppType = -1systemload = 28VOIP_OPTIMIZE
_IN_GAMEMODEfalse
02-13 18:44:00.969  1099  5541 D AudioFlinger: setParameters(): io 0, keyvalue debug log is close, calling pid 2837 cal
ling uid 1000
02-13 18:44:00.969  2695 26214 I HiAdKit.DC.PersistentMessageCenter:  notifyMessage com.huawei.hwid_app_switch_from_to_
intent
02-13 18:44:00.969  2512  2512 I HwScreenRecorderTimer: updateCapsuleState isTransientShown=false isStatusBarWindowShow
n=true hasScreenRecorderTimer=false isPanelExpand=false
02-13 18:44:00.969  2512  2512 D HwCapsuleCacheList: produceData []
02-13 18:44:00.969  2512  2512 I HwCapsuleDataConsumer: onDataProduce isAnimatorRunning=false
02-13 18:44:00.969   940 10211 I audio_dts_parser: [get_config_value:44]: get value success
02-13 18:44:00.969  1099 17783 I EffectHvsController: SetGameModeForeground SetGameModeForeground isForeground 0
02-13 18:44:00.969   940 10211 I AudioAlgoService: setParameterToDsp: params is updateAppSilentUid=-1
02-13 18:44:00.969  2695 25965 I HiAdKit.DC.ThirPromotionReceiver:  com.huawei.android.launcher in black list
02-13 18:44:00.970  1099  5541 D AudioFlinger: setParameters(): io 0, keyvalue debug log is close, calling pid 2837 cal
ling uid 1000
02-13 18:44:00.970   940   940 I audio_dts_parser: [get_config_value:44]: get value success
02-13 18:44:00.970   940   940 I AudioAlgoService: setParameterToDsp: params is updateEmptyAudioStreamUid=-1
02-13 18:44:00.971  2512  2512 D HwColumnSystem: normal mode, mWidthPixel: 2224
02-13 18:44:00.971  2512  2512 I NotifSectionsManager: updateFirstAndLastViewsForAllSections, changed:false
02-13 18:44:00.972  2837  3827 I PGServer: getTopFrontApp. calling pkg: android
02-13 18:44:00.972  2512  2512 D StackScrollAlgorithm: The current device does not support this animation.
02-13 18:44:00.972 27482 27482 D CompatibilityChangeReporter: Compat change id reported: 171979766; UID 10795; state: E
NABLED
02-13 18:44:00.972  2512  2512 D HwCapsuleCacheList: consumeData []
02-13 18:44:00.972  2512  2512 I HwStatusBarCapsuleHelper: onCapsuleDataUpdate isOverlay=true, mIsCapsuleLauncherAnimat
ionStart=false
02-13 18:44:00.972  2512  2512 I HwStatusBarCapsuleView: hide capsule
02-13 18:44:00.972  2512  2512 D CapsuleProcessBgView: reset progress bar.
02-13 18:44:00.972  2512  2512 I HwStatusBarCapsuleHelper: onCapsuleDataUpdate isOverlay=false, mIsCapsuleLauncherAnima
tionStart=false
02-13 18:44:00.972  2512  2512 I HwStatusBarCapsuleView: hide capsule
02-13 18:44:00.972  2512  2512 D CapsuleProcessBgView: reset progress bar.
02-13 18:44:00.973  2512  2512 D HwCapsuleCacheList: consumeData null
02-13 18:44:00.974 27482 27497 I LifecycleTransaction: activityCallbacks LaunchActivityItem{intent=Intent { act=android
.intent.action.MAIN cat=[android.intent.category.LAUNCHER] flg=0x10200000 cmp=com.court.assistant/.MainActivity bnds=[5
92,1818][851,2095] (has extras) },ident=133517247,info=ActivityInfo{cd136c1 com.court.assistant.MainActivity},curConfig
={1.15 460mcc11mnc [zh_CN_#Hans] ldltr sw711dp w711dp h761dp 500dpi lrg hdr widecg port finger -keyb/v/h -nav/h winConf
ig={ mBounds=Rect(0, 0 - 2224, 2496) mAppBounds=Rect(0, 117 - 2224, 2496) mMaxBounds=Rect(0, 0 - 2224, 2496) mWindowing
Mode=fullscreen mDisplayWindowingMode=fullscreen mActivityType=undefined mAlwaysOnTop=undefined mRotation=ROTATION_0 mP
opOverMode=0} suim:1 extflag:8 s.88 fontWeightAdjustment=0},overrideConfig={1.15 460mcc11mnc [zh_CN_#Hans] ldltr sw711d
p w711dp h761dp 500dpi lrg hdr widecg port finger -keyb/v/h -nav/h winConfig={ mBounds=Rect(0, 0 - 2224, 2496) mAppBoun
ds=Rect(0, 117 - 2224, 2496) mMaxBounds=Rect(0, 0 - 2224, 2496) mWindowingMode=fullscreen mDisplayWindowingMode=fullscr
een mActivityType=standard mAlwaysOnTop=undefined mRotation=ROTATION_0 mPopOverMode=0} suim:1 extflag:8 s.1 fontWeightA
djustment=0},referrer=com.huawei.android.launcher,procState=20,state=null,persistentState=null,pendingResults=null,pend
ingNewIntents=null,options=null,profilerInfo=null,assistToken=android.os.BinderProxy@e094e66,rotationAdj=null,shareable
ActivityToken=android.os.BinderProxy@8bda5a7}
02-13 18:44:00.975 27482 27497 I LifecycleTransaction: lifecycleStateRequest ResumeActivityItem{procState=-1,updateProc
State=false,isForward=false}
02-13 18:44:00.975 27482 27482 I Typeface: fontManager.getInitFontWeightScale:0.94
02-13 18:44:00.975 27482 27497 I LifecycleTransaction: activityCallbacks TopResumedActivityChangeItem{onTop=true}
02-13 18:44:00.999  1917  3132 W ActivityTaskManager: do not allow hiding recent tasks, task id: 9706 , package = com.c
ourt.assistant
02-13 18:44:00.999  1917  3132 I ActivityTaskManager: isDualCodeScene mLastPausedActivity.dualflag = false
02-13 18:44:01.000  2858  3439 D HwLauncher: LocalTaskList loadTasksInBackground:3 numTasks:3 currentUserId:0
02-13 18:44:01.005  1917  3132 D HwActivityTaskManagerServiceEx: loadRunningPackages packageInfo : pkg:com.sonelli.juic
essh visible:false, pkg:com.xingin.xhs visible:false, pkg:com.court.assistant visible:true, pkg:com.huawei.android.laun
cher visible:false, pkg:cmb.pb visible:false, pkg:com.tencent.mm visible:false, pkg:com.netease.mail visible:false, pkg
:com.tailscale.ipn visible:false, pkg:com.quark.browser visible:false,
02-13 18:44:01.005  2837  3196 I ScenarioService: refresh visibleApp:[com.court.assistant]
02-13 18:44:01.000  2837  2837 W com.huawei.iaware: type=1400 audit(0.0:50564): avc: granted { getattr } for comm=61637
4696F6E732068616E646C6572 path="/data/system/users/0/appwidgets.xml" dev="sdd87" ino=1342161 scontext=u:r:system_app:s0
 tcontext=u:object_r:system_data_file:s0 tclass=file
02-13 18:44:01.006  2837  3429 I PG_ash  : com.huawei.android.launcher become invisible
02-13 18:44:01.006  2837  3429 I PG_ash  : Visible app changed pkg : com.huawei.android.launcher, visible: false
02-13 18:44:01.006  2837  3429 I PG_ash  : request H pkgs: [com.huawei.android.totemweather, com.baidu.searchbox, com.h
uawei.browser] reason: widget_invisible
02-13 18:44:01.006  2837  3429 I PG_ash  : com.huawei.android.totemweather timeout trigger time sources: BinderCall, tr
iggerTime: 60746836
02-13 18:44:01.006  2837  3429 I PG_ash  : com.huawei.android.totemweather update time, cur: 60749343, trigger: 6074683
6
02-13 18:44:01.006  2837  3429 I PG_ash  : has widget app: com.huawei.android.totemweather
02-13 18:44:01.006  2837  3429 I PG_ash  : long time no update, active widget app com.huawei.android.totemweather can e
nter Hibernation state!
02-13 18:44:01.006  2837  3429 I AppManager: check dependency pid: 30612 is depended by pid: 2858
02-13 18:44:01.006  2837  3429 I APwPowerPolicy:  two_days not start to ignore depended: com.huawei.android.totemweathe
r
02-13 18:44:01.006  1917  3132 D HwActivityTaskManagerServiceEx: loadRunningPackages packageInfo : pkg:com.sonelli.juic
essh visible:false, pkg:com.xingin.xhs visible:false, pkg:com.court.assistant visible:true, pkg:com.huawei.android.laun
cher visible:false, pkg:cmb.pb visible:false, pkg:com.tencent.mm visible:false, pkg:com.netease.mail visible:false, pkg
:com.tailscale.ipn visible:false, pkg:com.quark.browser visible:false,
02-13 18:44:01.007  2837  3429 I PG_ash  : com.huawei.android.totemweather not check download condition with no dl requ
isites
02-13 18:44:01.007  2837  3429 I ash_trans: com.huawei.android.totemweather { doze duration=550 Uptime=550 } transition
 to: hibernation reason:app_type_unknown unknown_state unknown_state
02-13 18:44:01.007  2837  3429 I PG_ash  : H takeover action: 2
02-13 18:44:01.007  2837  3429 I PG_ash  : perform H actions: com.huawei.android.totemweather
02-13 18:44:01.007  1917  4301 I PowerManagerService:  schedul eye detect nextTimeout: 60802138 now: 60749344 mRemainTi
me: 10000
02-13 18:44:01.007  2837  3196 I ScenarioService: multiScreenVisibleApps: 0:com.court.assistant:10795
02-13 18:44:01.007  2837  3196 I PGServer: report state:15 event type:1 pid:-1 uid:-1 pkg:0:com.court.assistant:10795 t
o pid: 2837
02-13 18:44:01.007  2837  3196 D ApsPgPlug: APK: onStateChanged stateType: 15, pkg:0:com.court.assistant:10795
02-13 18:44:01.007  2837  3196 I PF_API_JNI: ACCKIT_APS_NotifyInfo 3: com.court.assistant
02-13 18:44:01.008  2837  3429 I PG_ash  : not perform H_B action:com.huawei.android.totemweather
02-13 18:44:01.008  1100  1100 I libdisplayservice: onTransact: before OnTransactForPfMsg code id=10
02-13 18:44:01.008  2837  3429 I PG_ash  : h takeover P_GPS pkg:com.huawei.android.totemweather
02-13 18:44:01.008  2837  3196 I ShortVideoCallPolicy: APS: APK verifyVsync30HZ not support 30hz Vsync scene
02-13 18:44:01.008  1459  1592 I AGPService: aps-info: focus pkgName - com.court.assistant, with 0 more apps
02-13 18:44:01.008  1100  1100 I libdisplayservice: record aps notify 3: com.court.assistant
02-13 18:44:01.008  1100  1100 I libdisplayservice: onTransact: after OnTransactForPfMsg code id=10, ret = 0
02-13 18:44:01.008  1459  1592 I AGPService: aps-info: all package uid 10795
02-13 18:44:01.008  1459  1592 I AGPService: current settingConfigId - 2
02-13 18:44:01.008  1459  1592 E AGPService: FrameRateManager: iaware strange app type: -1
02-13 18:44:01.008  1459  1592 I AGPService: FrameRateManager: aps-info: new pkgName - com.court.assistant, type - -1
02-13 18:44:01.008  1917  3132 I PGManagerService: proxyBroadcast:[com.huawei.android.totemweather] proxy:true
02-13 18:44:01.008  1459  1592 I AGPService: GpuPolicyManager: m_currentPkgName - com.court.assistant
02-13 18:44:01.008  1102  1315 I SurfaceFlingerEx: agp set pkg info, status 1
02-13 18:44:01.008  1459  1512 I AGPService: FrameRateManager:[CheckAnimationTimeOut] timeout animation check Before 0,
 After 0
02-13 18:44:01.008  1459  1512 I AGPService: FrameRateManager:[HandleFrameRateRefresh] currPkgName: com.court.assistant
, strategyCode 21: dynamicCode 1, isFactor 1, min 60, max 90, down 90, idle 60
02-13 18:44:01.008  1459  1512 D AGPService: FrameRateManager:[GetUiAnimationData] not support LTPO2.0
02-13 18:44:01.008  1459  1512 I AGPService: DisableDynamicThread
02-13 18:44:01.008  1459  1512 I AGPService: FrameRateManager:[HandleAppFrameRateRefresh] need reset AppDynamicThread
02-13 18:44:01.008  2837  3429 I PG_ash  : P_BC com.huawei.android.totemweather OK ! delayMs:0
02-13 18:44:01.008  1459  1512 I AGPService: FrameRateManager:[JudgeFinalLcdFps] sceneinfo(0, -2, 0, 0);touchinfo(0, 0,
 2, 120);isFHF 0 animFps -1 sfFps 0 pkg  isSurface 1
02-13 18:44:01.008  1459  1512 I AGPService: FrameRateManager:[JudgeFinalLcdFps] Finish judging and final lcd fps: 90
02-13 18:44:01.008  2837  3429 I PG_ash  : perform delay action: com.huawei.android.totemweather
02-13 18:44:01.008  1459  1512 D AGPService: Bp<- displayGetFps
02-13 18:44:01.008   944   944 D HW_DISPLAY_TEST: display_get_fps: Get FPS successful
02-13 18:44:01.008  1492 23483 I Pged-IPgedBinderService: ****action is 1, pid num is 2***
02-13 18:44:01.008  1492 23483 I Pged-Freezer: freezePids
02-13 18:44:01.008  1492 23483 I Pged-Freezer: freezePids pid 30612 binder called 1057 ms ago by 2858, ignor it:0
02-13 18:44:01.008  2837  3429 W PgedBinderAdapter: F_Z failed pid: [30612]
02-13 18:44:01.008  2837  3429 I PG_ash  : F_Z com.huawei.android.totemweather Fail ! Type: 21
02-13 18:44:01.008  2837  3429 I PG_ash  : com.huawei.android.totemweather is freq exit H or delay to H for binder call
 but not kill during 2H
02-13 18:44:01.008   944   944 D HW_DISPLAY_TEST: display_get_fps: open file /sys/class/graphics/fb0/lcd_fps_scence:cur
rent_fps:90;default_fps:120;support_fps_list:30,60,90,120;product_panel_num:2;current_panel_id:0;panel_id:0;panel_type:
LTPO1;support_fps:30,60,90,120;panel_id:1;panel_type:LTPO1;support_fps:30,60,90,120
02-13 18:44:01.008   944   944 D HW_DISPLAY_TEST:  success
02-13 18:44:01.008  2837  3429 I PG_ash  : perform delay action fail, retry later: com.huawei.android.totemweather dela
y: 2000
02-13 18:44:01.008  1459  1512 I AGPService: display get fps - current_fps:90;default_fps:120;support_fps_list:30,60,90
,120;product_panel_num:2;current_panel_id:0;panel_id:0;panel_type:LTPO1;support_fps:30,60,90,120;panel_id:1;panel_type:
LTPO1;support_fps:30,60,90,120
02-13 18:44:01.008  1459  1512 D AGPService: FrameRefreshThread: set refreshrate - 90
02-13 18:44:01.008  1459  1518 I AGPService: FrameRateManager:[SetActiveConfigByFps] reset Pkg isSurface, AnimFps -1, f
ps to sf 90
02-13 18:44:01.009  1102  1315 D surfaceflinger: getRefreshRateFromFps: get target refresh rate fps 90
02-13 18:44:01.009  1102  1315 I SurfaceFlingerEx: SetAGPActiveConfig: agp set fps 90, currentFps 90, hasBuffer 0, isFl
ing 0, packageName 
02-13 18:44:01.009  1917  3132 I PowerManagerService:  schedul eye detect nextTimeout: 60802138 now: 60749346 mRemainTi
me: 10000
02-13 18:44:01.009  1459  1518 I AGPService: FrameRateManager: set active config - fps 90 pkgName  isSurface 1
02-13 18:44:01.009  1459  1518 E AGPService: FrameRateManager: iaware strange app type: -1
02-13 18:44:01.009  1459  1518 D AGPService: FrameRateManager: NotifyPackageUpdatedToITouch: currPkgName - com.court.as
sistant, type - -1, lcdFps - 90
02-13 18:44:01.009  1459  1518 I ITouchService: ProcessTHPMode pkgName = com.court.assistant currAppType = -1, lcdFps =
 90
02-13 18:44:01.009  1459  1518 I ITouchService: ProcessTHPMode sent config = com.court.assistant#-1#2
02-13 18:44:01.009  1459  1518 D ITouchService: itouch get tp service.
02-13 18:44:01.009  1459  1518 D ITouchService: itouch has already get tp service.
02-13 18:44:01.009   971   971 E TS_Service: hwSetFeatureConfig
02-13 18:44:01.009   971   971 I TS_HAL  : ts_set_feature_config:feature =14,config = com.court.assistant#-1#2
02-13 18:44:01.009  2837  3429 I PG_ash  : com.baidu.searchbox not using media background mode for audio out
02-13 18:44:01.009   971   971 I TS_HAL  : ts_send_one_of_multi_command:ret: 24
02-13 18:44:01.009   971   971 I TS_HAL  : ts_send_one_of_multi_command:ret: 24
02-13 18:44:01.009   971   971 I TS_HAL  : multi_panel_write_cmd: ret = 0
02-13 18:44:01.009  1177  2276 W aptouch_daemon: DriverThp::UpdateStatus[1847]0x85
02-13 18:44:01.009  1177  2279 W aptouch_daemon: DriverThp::UpdateStatus[1847]0xc4
02-13 18:44:01.009  1459  1518 E ITouchService: itouch set_config feature = 14, config = com.court.assistant#-1#2 fail.
02-13 18:44:01.009  1459  1518 D ITouchService: itouch set_config feature = 14, config = com.court.assistant#-1#2 succe
ss.
02-13 18:44:01.010  1459  1518 E ITouchService: itouch OneFrameDetect instance is nullptr or oneFrameSwitch is not chan
ge
02-13 18:44:01.010  1177  2276 I aptouch_daemon: DriverThp::RegListeningAppInfo[924]now app info is TSA_ExecuteCommand 
THP_SetAppFeature com.court.assistant#-1#2
02-13 18:44:01.010  1177  2279 I aptouch_daemon: DriverThp::RegListeningAppInfo[924]now app info is TSA_ExecuteCommand 
THP_SetAppFeature com.court.assistant#-1#2
02-13 18:44:01.010  2837  3429 I PG_ash  : com.baidu.searchbox not using media background mode
02-13 18:44:01.010  2837  3429 I ash_trans: com.baidu.searchbox { running duration=2897 Uptime=2897 } transition to: do
ze reason:app_type_browser unknown_state
02-13 18:44:01.010  2837  3429 I APwPowerPolicy:  ignore gps browser app: com.baidu.searchbox
02-13 18:44:01.010  2837  3429 I PG_ash  : perform_nap P_GPS : com.baidu.searchbox
02-13 18:44:01.010  2837  3429 I PG_ash  : perform_nap set bgcheck : com.baidu.searchbox
02-13 18:44:01.010  2837  3429 I PG_ash  : perform_nap P_service : com.baidu.searchbox
02-13 18:44:01.004  2837  2837 W com.huawei.iaware: type=1400 audit(0.0:50565): avc: granted { getattr } for comm=61637
4696F6E732068616E646C6572 path="/data/system/users/0/appwidgets.xml" dev="sdd87" ino=1342161 scontext=u:r:system_app:s0
 tcontext=u:object_r:system_data_file:s0 tclass=file
02-13 18:44:01.010  2837  3429 I PG_ash  : perform_nap P_job : com.baidu.searchbox
02-13 18:44:01.004  2837  2837 W com.huawei.iaware: type=1400 audit(0.0:50566): avc: granted { getattr } for comm=61637
4696F6E732068616E646C6572 path="/data/system/users/0/appwidgets.xml" dev="sdd87" ino=1342161 scontext=u:r:system_app:s0
 tcontext=u:object_r:system_data_file:s0 tclass=file
02-13 18:44:01.010  1102  1102 D SurfaceFlinger: getRefreshRateFromFps: get target refresh rate fps 90
02-13 18:44:01.011  1917  3132 I PGManagerService: proxy gps com.baidu.searchbox 10234 success
02-13 18:44:01.011  1917  3132 D PGManagerService:  uid:10234 is to d, begin bg check!
02-13 18:44:01.011  1917  3132 I PGManagerService: proxyService, sub type:0, list: [com.baidu.searchbox]
02-13 18:44:01.011  1917  3132 I PGManagerService: proxyJob, sub type:0, list: [com.baidu.searchbox]
02-13 18:44:01.011  2837  3429 I PG_ash  : P_GPS com.baidu.searchbox OK !
02-13 18:44:01.011  2837  3429 I PG_ash  : set bgcheck com.baidu.searchbox OK !
02-13 18:44:01.011  2837  3429 I PG_ash  : P_service com.baidu.searchbox OK !
02-13 18:44:01.011  2837  3429 I PG_ash  : P_job com.baidu.searchbox OK !
02-13 18:44:01.011  2837  3429 I PG_ash  : nap package: com.baidu.searchbox, visible: false, bgTime: 2898, scrOff: fals
e
02-13 18:44:01.033  2858  4311 I ndroid.launche: oneway function results for code 2 on binder at 0x7aafb0e0e0 will be d
ropped but finished with status UNKNOWN_TRANSACTION
02-13 18:44:01.033  2858  2858 I ExtremeAnimationAnimator: onEnd, stage = 0
02-13 18:44:01.058  1917  4059 I SWAP_AK : FG com.court.assistant -1 C M []
02-13 18:44:01.059  1917  4059 I SWAP_AK : appLruQueue:  [com.wuhen.analyseTools, com.huawei.printservice, com.legalfee
calculator, com.tencent.mtt, com.github.android, com.huawei.contacts, com.huawei.photos, com.huawei.intelligent, com.an
droid.shell, com.shanfuchun.courtassistant, com.eg.android.AlipayGphone, com.netease.mail, com.tailscale.ipn, cmb.pb, c
om.huawei.HwMultiScreenShot, com.huawei.hwasm, com.huawei.fido.uafclient, com.android.bankabc, com.android.mms, com.xin
