02-13 18:44:00.031  1459  1518 I ITouchService: ProcessTHPMode pkgName = com.huawei.android.launcher currAppType = 28, 
lcdFps = 90
02-13 18:44:00.031  1459  1518 I ITouchService: ProcessTHPMode sent config = com.huawei.android.launcher#28#2
02-13 18:44:00.031  1459  1518 D ITouchService: itouch get tp service.
02-13 18:44:00.031  1459  1518 D ITouchService: itouch has already get tp service.
02-13 18:44:00.031   971   971 E TS_Service: hwSetFeatureConfig
02-13 18:44:00.031   971   971 I TS_HAL  : ts_set_feature_config:feature =14,config = com.huawei.android.launcher#28#2
02-13 18:44:00.031  1917  1942 W WindowManager: onAppTransitionFinishedLocked
02-13 18:44:00.031   971   971 I TS_HAL  : ts_send_one_of_multi_command:ret: 32
02-13 18:44:00.031  1177  2276 W aptouch_daemon: DriverThp::UpdateStatus[1847]0x10085
02-13 18:44:00.031  1177  2276 I aptouch_daemon: DriverThp::RegListeningAppInfo[924]now app info is TSA_ExecuteCommand 
THP_SetAppFeature com.huawei.android.launcher#28#2
02-13 18:44:00.031   971   971 I TS_HAL  : ts_send_one_of_multi_command:ret: 32
02-13 18:44:00.031   971   971 I TS_HAL  : multi_panel_write_cmd: ret = 0
02-13 18:44:00.031  1177  2279 W aptouch_daemon: DriverThp::UpdateStatus[1847]0x100c4
02-13 18:44:00.031  2739  3365 E PolicyManager: setControlMode file not exists
02-13 18:44:00.031  1177  2279 I aptouch_daemon: DriverThp::RegListeningAppInfo[924]now app info is TSA_ExecuteCommand 
THP_SetAppFeature com.huawei.android.launcher#28#2
02-13 18:44:00.031  1459  1518 E ITouchService: itouch set_config feature = 14, config = com.huawei.android.launcher#28
#2 fail.
02-13 18:44:00.031  1459  1518 D ITouchService: itouch set_config feature = 14, config = com.huawei.android.launcher#28
#2 success.
02-13 18:44:00.032  1459  1518 E ITouchService: itouch OneFrameDetect instance is nullptr or oneFrameSwitch is not chan
ge
02-13 18:44:00.032  2739  3365 E PolicyManager: setControlMode file not exists
02-13 18:44:00.032  2739  3365 E PolicyManager: setControlMode file not exists
02-13 18:44:00.032  1917  4301 D HwActivityTaskManagerServiceEx: loadRunningPackages packageInfo : pkg:com.sonelli.juic
essh visible:false, pkg:com.xingin.xhs visible:false, pkg:com.huawei.android.launcher visible:true, pkg:cmb.pb visible:
false, pkg:com.tencent.mm visible:false, pkg:com.netease.mail visible:false, pkg:com.tailscale.ipn visible:false, pkg:c
om.quark.browser visible:false,
02-13 18:44:00.032  2837  2971 I ShortVideoCallPolicy: APS: APK verifyVsync30HZ not support 30hz Vsync scene
02-13 18:44:00.032  2739  3044 D DollieActivityManagerAdapter: [Resumed] bg:true pid:2858 uid:10123 ComponentInfo{com.h
uawei.android.launcher/com.huawei.android.launcher.unihome.UniHomeLauncher}
02-13 18:44:00.032  2739  3044 E DollieAdapterService: notifyActivityState pkg:com.huawei.android.launcher/com.huawei.a
ndroid.launcher.unihome.UniHomeLauncher state:2 fg:true mUid:10123
02-13 18:44:00.033  2739  3044 I NrSmartCure: Speed sensitive app is not top Activity
02-13 18:44:00.033  2739  3044 E HwPacketFilterBypass: sendRequestToKernel SOCKET_CLOSE_DETECT_UID_ADD [10123]
02-13 18:44:00.033  2739  3044 I OllieMsgCenter: publishEvt=2135097351
02-13 18:44:00.033  2739  3044 I NetworkQoeChr: updateTopAppInfo: com.huawei.android.launcher, appState1, uid10123
02-13 18:44:00.033  2739  3044 I NetworkQoeChr: checkForegroundApp timer start
02-13 18:44:00.033  2739  3044 I NetworkQoeChr: end qoe report
02-13 18:44:00.033  2739  3044 I NetPredictEngine: ObserveState processMessage 11
02-13 18:44:00.033  2739  3044 I NetPredictEngine: Parent processMessage 11
02-13 18:44:00.033  2739  3044 I NetPredictEngine: Parent: active app change, old packageName: com.court.assistant, new
 packageName: com.huawei.android.launcher
02-13 18:44:00.033  2739  3044 I MetroMapRecognize: OutOfMetroState processMessage 5
02-13 18:44:00.034  2739  3044 I OllieMsgCenter: publishEvt=2130771969
02-13 18:44:00.034  2739  3044 I OllieMsgCenter: publishEvt=2130771985
02-13 18:44:00.034  2739  3044 I SpeedTestNotifier: Speed test app is back Activity
02-13 18:44:00.034  1102  1102 I Layer   : [*#16813] reparent null
02-13 18:44:00.034  2739  3365 E PolicyManager: setControlMode file not exists
02-13 18:44:00.034  1102  1102 D SurfaceFlinger: getRefreshRateFromFps: get target refresh rate fps 90
02-13 18:44:00.035  2837  3196 I ScenarioService: multiScreenVisibleApps: 0:com.huawei.android.launcher:10123
02-13 18:44:00.035  2837  3196 I PGServer: report state:15 event type:1 pid:-1 uid:-1 pkg:0:com.huawei.android.launcher
:10123 to pid: 2837
02-13 18:44:00.035  2837  3196 D ApsPgPlug: APK: onStateChanged stateType: 15, pkg:0:com.huawei.android.launcher:10123
02-13 18:44:00.035  2739  3044 I SmartDualCardConfig: getAppType,pkgName=com.huawei.android.launcher,appType=28
02-13 18:44:00.035  2739  3044 E SmartDualCardConfig: isAppInBlackList false,items==null
02-13 18:44:00.036  2739  3044 I BoosterProps: isCloudPropEnable, propName is:hw_sc.tx_power_ctrl, propValue is:true, d
efault value is:false
02-13 18:44:00.036  2739  3365 E PolicyManager: setControlMode file not exists
02-13 18:44:00.036  2739  3044 I TxPowerCtrl: condition, mIsPowerCtrl = false, isPowerCtrlCheck = true, batteryMode = 1
, isSpeedTest = false, mIsCallOn = false, mIsUsbPlugIn = true
02-13 18:44:00.036  2739  3365 E PolicyManager: setControlMode file not exists
02-13 18:44:00.036  2739  3044 I PowerMsgAdapter: UID hot switch, uid:10123, pkgName:com.huawei.android.launcher
02-13 18:44:00.036  2739  3044 D RfollieService: handleForeGroundAppChange not ForeGround APP compName com.huawei.andro
id.launcher
02-13 18:44:00.036  2739  3365 E PolicyManager: setControlMode file not exists
02-13 18:44:00.036  2739  3044 D ForegroundDataOpt: is APK changed:true uid:10123 mBgLimitLevel:0
02-13 18:44:00.036  2739  3365 E PolicyManager: setControlMode file not exists
02-13 18:44:00.036  2739  3044 I ForegroundAppTypeDb: onAppStateChanged matched curPackage: com.huawei.android.launcher
; appType: SYSTEM
02-13 18:44:00.036  2739  3365 E PolicyManager: setControlMode file not exists
02-13 18:44:00.036  2739  3044 E Booster_MatterAppRecommend: [isMatterActivity]invalid mMatterActivitiesConfig
02-13 18:44:00.036  2739  3365 E PolicyManager: setControlMode file not exists
02-13 18:44:00.036  2739  3365 E PolicyManager: setControlMode file not exists
02-13 18:44:00.036  2739  3365 E PolicyManager: setControlMode file not exists
02-13 18:44:00.037  2739  3044 I highSpeedRailCacheEngine: handleMessage2130771985
02-13 18:44:00.037  2739  3044 I OllieFeatureManager: DollieChr EVENT_OLLIE_ACTIVITY_CHANGED
02-13 18:44:00.037  2739  3044 I OllieMsgCenter: publishEvt=2134966274
02-13 18:44:00.037  2739  3044 I OllieMsgCenter: publishEvt=2135097350
02-13 18:44:00.037  2739  3044 I ForegroundDataOpt: mCurUid changed to 10123
02-13 18:44:00.037  2739  3044 I HcPreDnsQueryCtrl: EVENT_APPINFO_ACTION_UID_STATE_CHANGED
02-13 18:44:00.037  2739  3044 I HcPreDnsQueryCtrl: mForeAppPackageName update=com.huawei.android.launcher
02-13 18:44:00.037  2739  3044 I AppStallManager: OllieInternalEvtConsts.EVENT_APPINFO_ACTION_UID_STATE_CHANGED
02-13 18:44:00.037  2739  3365 E PolicyManager: setControlMode file not exists
02-13 18:44:00.037  2739  3365 E PolicyManager: setControlMode file not exists
02-13 18:44:00.037  2739  3365 E PolicyManager: setControlMode file not exists
02-13 18:44:00.037  2739  3044 D DsduChr : uid=10123, isTrafficFree=false, isUsingFreeTraffic=false
02-13 18:44:00.037  2739  3365 E PolicyManager: setControlMode file not exists
02-13 18:44:00.037  2739  3044 I BoosterProps: isCloudPropEnable, propName is:hw_sc.sa_4r_2r_handover, propValue is:tru
e, default value is:false
02-13 18:44:00.037  2739  3044 I Power2r4rHandover: 4rTo2rCondition, usbStatus = true, foreGrountApp = com.huawei.andro
id.launcher, 4rTo2rCtrlRule = 1, is4rTo2rCheck = true, batteryMode = 1, mIs4r2rHandover = false
02-13 18:44:00.038  2739  3365 E PolicyManager: setControlMode file not exists
02-13 18:44:00.038  2739  3365 E PolicyManager: setControlMode file not exists
02-13 18:44:00.038  2739  3365 E PolicyManager: setControlMode file not exists
02-13 18:44:00.054  2858 13128 E ndroid.launche: No package ID ff found for ID 0xffffffff.
02-13 18:44:00.115  1099 17783 D AudioPolicyService: getUidState(10186) cacheIter->second.first, return cacheIter->seco
nd.second(5)
02-13 18:44:00.116  1917  2311 I NetworkPolicy: updateRuleForRestrictBackgroundUL(10186): isForeground=false, isDenied=
false, isAllowed=false, isRestrictedByAdmin=false, oldUidRules=2 (TEMPORARY_ALLOW_METERED), newUidRules=0 (NONE), newUi
dRules=0 (NONE), oldUidRules=2 (TEMPORARY_ALLOW_METERED), mRestrictBackground=true
02-13 18:44:00.116   886  6774 I netd    : bandwidthRemoveNiceApp(10186) <0.02ms>
02-13 18:44:00.155 27344 27355 W System  : A resource failed to call close. 
02-13 18:44:00.163 27344 27361 I ZrHung.AppEyeUiProbe: stop UiProbe
02-13 18:44:00.163 27344 27361 I ZrHung.AppEyeUiProbe: not watching, wait.
02-13 18:44:00.206  1099 17783 D AudioPolicyService: getUidState(10045) cacheIter->second.first, return cacheIter->seco
nd.second(5)
02-13 18:44:00.207  1917  2311 I NetworkPolicy: updateRuleForRestrictBackgroundUL(10045): isForeground=false, isDenied=
false, isAllowed=false, isRestrictedByAdmin=false, oldUidRules=2 (TEMPORARY_ALLOW_METERED), newUidRules=0 (NONE), newUi
dRules=0 (NONE), oldUidRules=2 (TEMPORARY_ALLOW_METERED), mRestrictBackground=true
02-13 18:44:00.207   886  6774 I netd    : bandwidthRemoveNiceApp(10045) <0.02ms>
02-13 18:44:00.208  1917  2322 I ConnectivityService: 65536 for 10045(1980) on netId 140
02-13 18:44:00.209  1917  2322 I ConnectivityService: 65536 for 10045(1981) on netId 140
02-13 18:44:00.209  1917  2322 I ConnectivityService: 65536 for 10045(1991) on netId 140
02-13 18:44:00.209  1917  2322 I ConnectivityService: 65536 for 10045(1383) on netId 137
02-13 18:44:00.209  1917  2322 I ConnectivityService: 65536 for 10045(1990) on netId 137
02-13 18:44:00.210  1917  2322 I ConnectivityService: 65536 for 10045(1991) on netId 137
02-13 18:44:00.210  1917  1917 I JobScheduler: Maybe queuing ready jobs size:0,time:1770979440209
02-13 18:44:00.249  2695  2695 I HwMSDPMovementManager: getCurrentMovement type 0
02-13 18:44:00.249   928   928 I ArHal   : (ArDataGetState:1476):id[2]
02-13 18:44:00.251   928   928 W ArHal   : (ArDataGetActivityIndex:248):invalid activity[63]
02-13 18:44:00.251   928   928 W ArHal   : (ArDataGetState:1507):unknown activity[63], discard
02-13 18:44:00.252  2695  2695 I L_HmsMsdpClient: [LocKit LogLocation.java:1] arId = 63
02-13 18:44:00.263  2858  3082 D HwLauncher: AbilityReleaseAndRestoreUtil restoreAbilityFormWithAbilityFormList restore
List isEmpty !
02-13 18:44:00.362  1917  1942 W ActivityTaskManager: Activity top resumed state loss timeout for ActivityRecord{d899b7
 u0 com.court.assistant/.MainActivity t-1 f}}
02-13 18:44:00.362  2858  4198 I LifecycleTransaction: activityCallbacks TopResumedActivityChangeItem{onTop=true}
02-13 18:44:00.362  2858  2858 I TopResumedActivityChangeItem: execute start, ActivityClientRecord = ActivityRecord{919
2828 token=android.os.BinderProxy@7629a54 {com.huawei.android.launcher/com.huawei.android.launcher.unihome.UniHomeLaunc
her}}
02-13 18:44:00.369  2512  2512 I HwScreenRecorderTimer: updateCapsuleState isTransientShown=false isStatusBarWindowShow
n=true hasScreenRecorderTimer=false isPanelExpand=false
02-13 18:44:00.369  2512  2512 D HwCapsuleCacheList: produceData []
02-13 18:44:00.369  2512  2512 I HwCapsuleDataConsumer: onDataProduce isAnimatorRunning=false
02-13 18:44:00.372  2512  2512 D HwColumnSystem: normal mode, mWidthPixel: 2224
02-13 18:44:00.372  2512  2512 I NotifSectionsManager: updateFirstAndLastViewsForAllSections, changed:false
02-13 18:44:00.372  2512  2512 D StackScrollAlgorithm: The current device does not support this animation.
02-13 18:44:00.373  2512  2512 D HwCapsuleCacheList: consumeData []
02-13 18:44:00.373  2512  2512 I HwStatusBarCapsuleHelper: onCapsuleDataUpdate isOverlay=true, mIsCapsuleLauncherAnimat
ionStart=false
02-13 18:44:00.373  2512  2512 I HwStatusBarCapsuleView: hide capsule
02-13 18:44:00.373  2512  2512 D CapsuleProcessBgView: reset progress bar.
02-13 18:44:00.373  2512  2512 I HwStatusBarCapsuleHelper: onCapsuleDataUpdate isOverlay=false, mIsCapsuleLauncherAnima
tionStart=false
02-13 18:44:00.373  2512  2512 I HwStatusBarCapsuleView: hide capsule
02-13 18:44:00.373  2512  2512 D CapsuleProcessBgView: reset progress bar.
02-13 18:44:00.373  2512  2512 D HwCapsuleCacheList: consumeData null
02-13 18:44:00.400  2739  4702 D DnsHiCureEngine: deltaFailedDns = 1
02-13 18:44:00.416   940 10211 I audio_hw_usbaudio_ext: [get_extension_typec_parameters:189]: check show hires (false)
02-13 18:44:00.454  2837  3429 I PG_ash  : com.huawei.android.launcher send B_C:com.huawei.android.totemweather.action.
WIDGET_AUTO_REFRESH notify package: com.huawei.android.totemweather, pid: 30612
02-13 18:44:00.454  2837  3429 I AshManager: update Detail, nowTime : 67473071, StartTime : 21701
02-13 18:44:00.454  2837  3429 I ash_trans: com.huawei.android.totemweather { hibernation duration=1950 Uptime=1950 } t
ransition to: doze reason:bc_notify_com.huawei.android.totemweather.action.WIDGET_AUTO_REFRESH
02-13 18:44:00.454  2837  3429 I PG_ash  : clear H actions!
02-13 18:44:00.455  1917  4301 I PowerManagerService:  schedul eye detect nextTimeout: 60801007 now: 60748792 mRemainTi
me: 10000
02-13 18:44:00.455  1492 23483 I Pged-IPgedBinderService: ****action is 2, pid num is 2***
02-13 18:44:00.455  1492 23483 I Pged-Freezer: thawPids
02-13 18:44:00.455  1492 23483 I Pged-Freezer: Pid 30612 is not exist in vector
02-13 18:44:00.455  2837  3429 D PgedBinderAdapter: unF_Z ok, pid: [30612]
02-13 18:44:00.456  2837  3429 I PGServer: report state:6 event type:2 pid:0 uid:10076 pkg:com.huawei.android.totemweat
her to pid: 1917
02-13 18:44:00.456  2837  3429 I PGServer: report state:100 event type:2 pid:0 uid:10076 pkg:30612 to pid: 1917
02-13 18:44:00.456  2837  3429 I PG_ash  : unF_Z com.huawei.android.totemweather OK !
02-13 18:44:00.456  1917  4301 I SWAP_Scene: Entering notifySceneData notifySceneData. EventType:UNFREEZE pkg:com.huawe
i.android.totemweather uid:10076 pid:0 proc: activity:null
02-13 18:44:00.456  1917  3132 I PowerManagerService:  schedul eye detect nextTimeout: 60801007 now: 60748793 mRemainTi
me: 10000
02-13 18:44:00.457  1917  3132 I PGManagerService: proxyBroadcast:[com.huawei.android.totemweather] proxy:false
02-13 18:44:00.457  2837  3429 I PG_ash  : unP_BC com.huawei.android.totemweather OK !
02-13 18:44:00.457  2837  3429 I APwPowerPolicy:  one day not front to ignore gps: com.huawei.android.totemweather
02-13 18:44:00.457  2837  3429 I PG_ash  : nap takeover action: 2
02-13 18:44:00.457  2837  3429 I PG_ash  : perform_nap set bgcheck : com.huawei.android.totemweather
02-13 18:44:00.457  2837  3429 I PG_ash  : com.huawei.android.totemweather not allow P_service in config list
02-13 18:44:00.457  2837  3429 I PG_ash  : com.huawei.android.totemweather not allow P_service in config list
02-13 18:44:00.457  1917  3132 D PGManagerService:  uid:10076 is to d, begin bg check!
02-13 18:44:00.458  2837  3429 I PG_ash  : set bgcheck com.huawei.android.totemweather OK !
02-13 18:44:00.458  2837  3429 I PG_ash  : nap package: com.huawei.android.totemweather, visible: false, bgTime: 192128
90, scrOff: false
02-13 18:44:00.462  1917  2384 I HwBackgroundDexOptServiceEx: configPidProcess pid: -1
02-13 18:44:00.499  3528  3528 I HiAdKit.ExSplashManager.main:  do not request exsplash config
02-13 18:44:00.523  1917  3132 I HwConnectivityServiceEx: set 10304, metered: true, value: false
02-13 18:44:00.611  1917  1952 W ProcessStats: Tracking association SourceState{fe3dca system/1000 BTopFgs #72186} whos
e proc state 2 is better than process ProcessState{7500b3b com.tailscale.ipn/10773 pkg=com.tailscale.ipn} proc state 3 
(122 skipped)
02-13 18:44:00.678 27395 27406 W System  : A resource failed to call close. 
02-13 18:44:00.699 27395 27412 I ZrHung.AppEyeUiProbe: stop UiProbe
02-13 18:44:00.699 27395 27412 I ZrHung.AppEyeUiProbe: not watching, wait.
02-13 18:44:00.724  1177  1421 I aptouch_daemon: status=0x80000302
02-13 18:44:00.739  1177  1421 I aptouch_daemon: status=0x80000202
02-13 18:44:00.772  1177  1421 E afehal[0]: IN
02-13 18:44:00.774  1177  1421 E afehal[0]: send idle cmd successfully
02-13 18:44:00.786  1177  1421 I aptouch_daemon: status=0x80000201
02-13 18:44:00.786  1177  1421 E aptouch_daemon: TsaFrame::UpdateStatusIdle[1864]idle in. 133
02-13 18:44:00.805  1177  1421 I aptouch_daemon: status=0x80000202
02-13 18:44:00.805  1177  1421 E aptouch_daemon: TsaFrame::UpdateStatusIdle[1866]idle out.
02-13 18:44:00.807  1177  1421 I aptouch_daemon: touch:1, down:1(+0)
02-13 18:44:00.808  1917  2270 D fingersense_manager: Calling fingersense_classify_touch()
02-13 18:44:00.808  1917  2270 I osfingersense: fingersense_classify_touch: entrance status_1, v8.8.8 with 1.0 bin
02-13 18:44:00.808  1917  2270 I osfingersense: touch down-id: 0
02-13 18:44:00.808  1917  1988 I osfingersense: Acc read ok
02-13 18:44:00.808  1917  1988 I osfingersense: osf: wait tp event in
02-13 18:44:00.808  1917  2270 I osfingersense: fingersense_classify_touch: X = 1961.875000, Y = 1504.375000, P = 230.0
00000, H = 0.151937, N A = 0.266667, N S = 0.144291, M U = 74.750000, A = 120.000000, G = 26.400002, Z = 6, P M F = 127
.598251, M F = 176.474579
02-13 18:44:00.809  1917  2270 I osfingersense: fingersense_classify_touch: B--N--A
02-13 18:44:00.809  1917  2270 I osfingersense: fingersense_classify_touch: B--N--S
02-13 18:44:00.809  1917  2270 I osfingersense: fingersense_classify_touch acc model off
02-13 18:44:00.809  1917  2270 I osfingersense: fingersense_classify_touch: Part IV
02-13 18:44:00.809  1917  2270 I osfingersense: Part IV B
02-13 18:44:00.809  1917  2270 I osfingersense: fingersense_classify_touch: inference = 0
02-13 18:44:00.809  1917  2270 D fingersense_manager: fingersense_classify_touch() finished
02-13 18:44:00.809  1917  2270 I InputReader: UL_Input first down
02-13 18:44:00.809  1917  2269 D InputDispatcher: wallpaper e52991d com.android.systemui.HwImageWallpaper not receive t
ouch event for PRIVATE_FLAG_NOT_TOUCH_WALLPAPER
02-13 18:44:00.810  2858  2858 I HwViewRootImpl: Add sceneId 11 topId: 14
02-13 18:44:00.810  1917  1940 I NavigationBarPolicy: pointY:1961.875realSize.y:2496HIT_REGION_TO_MAX:33
02-13 18:44:00.810  2858  2858 D HwDragEnhancementImpl: handleTimerDrag: false
02-13 18:44:00.811  2858  2858 I RMS.HwSysResManager: preloadAppForLauncher packageName com.court.assistant preloadType
 101
02-13 18:44:00.811  1917  2269 I PowerManagerService:  schedul eye detect nextTimeout: 60802138 now: 60749148 mRemainTi
me: 10000
02-13 18:44:00.811  2858  2858 D HwDragEnhancementImpl: handleTimerDrag: false
02-13 18:44:00.827  2858  2858 D HwDragEnhancementImpl: Start long press for hw drag enhancement.
02-13 18:44:00.831  1917  2289 I Fsm_SensorPostureProcess: onSensorChanged: 0.41300002, 7.906, 5.7860003, 0.282, 8.045,
 5.6000004, 178.802
02-13 18:44:00.863  1917  1965 I HwSystemMemoryUtils: restore gc task msgId: 32
02-13 18:44:00.863  1917  1965 I system_server: [SuspendGCController] restore footprint = 160MB
02-13 18:44:00.863  1917  3132 I ActivityManager: restoreGcTask callingPid = 2858 callingUid = 10123
02-13 18:44:00.863  2858  3075 I ndroid.launche: [SuspendGCController] restore footprint = 26MB
02-13 18:44:00.867  1177  1421 I aptouch_daemon: touch:0, down:0
02-13 18:44:00.867  1917  2270 I InputReader: UL_Input last up
02-13 18:44:00.868  2858  2858 D HwViewRootImpl: [DetectViewsLocationRunner] current resolutionScale: 1.0
02-13 18:44:00.868  2858  2858 I HwViewRootImpl: remove sceneId 11 topId: 14
02-13 18:44:00.868  2858  2858 D WebViewDragEnhancement: dragReset.
02-13 18:44:00.868  2858  2858 D WebViewDragEnhancement: dragReset cacheSize = 0
02-13 18:44:00.869  2858  2858 V AudioManager: querySoundEffectsEnabled...
02-13 18:44:00.869  2858  2858 I AudioManager: querySoundEffectsEnabled fail id: 0
02-13 18:44:00.869  2858  2858 I Bitmap  : source bitmap colorspace: sRGB IEC61966-2.1
02-13 18:44:00.869  2858  2858 I Bitmap  : source bitmap colorspace: sRGB IEC61966-2.1
02-13 18:44:00.873  1917  3132 I Bitmap  : source bitmap colorspace: sRGB IEC61966-2.1
02-13 18:44:00.874  1917  3132 I Bitmap  : source bitmap colorspace: sRGB IEC61966-2.1
02-13 18:44:00.874  1917  3132 I HwWindowManagerServiceEx: AnimationTurbo wms set adaptive icon from launcher
02-13 18:44:00.874  2858  2858 D SurfaceControl: notifyExtremeAnimation(): sc = [Surface(name=Surface(name=Task=9705)/@
0xcf9388d - animation-leash of app_transition)/@0x4da0518]
02-13 18:44:00.874  1102  2297 D SurfaceFlingerEx: NotifyExtremeAnimation layer:Surface(name=Task=9705)/@0xcf9388d - an
imation-leash of app_transition#16787 type:0 size:4 time:60749218
02-13 18:44:00.874  1102  2297 I ExtremeAnimationCore: EaComposer cancel
02-13 18:44:00.874  1102  2297 E ExtremeAnimationCore: EaComposer cancelAnimation: failed without anim
02-13 18:44:00.874  2858  2858 I ExtremeAnimationAnimator: cancel
02-13 18:44:00.875  1917  3132 D RemoteAnimationController: app-onAnimationFinished(): mOuter=null
02-13 18:44:00.875  1917  2576 I ActivityManager: delayGcTask callingPid = 2858 callingUid = 10123
02-13 18:44:00.875  1917  1965 I HwSystemMemoryUtils: delay gc task
02-13 18:44:00.875  2858  3075 I ndroid.launche: [SuspendGCController] suspend footprint = 364MB
02-13 18:44:00.875  1917  1965 I system_server: [SuspendGCController] suspend footprint = 486MB
02-13 18:44:00.876  2858  3275 D HwLauncher: GestureUtil MOTION_NOTIFICATION app_start sendBroadcast extra =  category:
 app_start
02-13 18:44:00.876  1917  1917 I DE J DES: [effect] [MOTION_NOTIFICATION] extra:app_start
02-13 18:44:00.877  1917  4301 I ActivityTaskManager: notifyActivityLaunching intent=Intent { act=android.intent.action
.MAIN cat=[android.intent.category.LAUNCHER] flg=0x10200000 cmp=com.court.assistant/.MainActivity bnds=[592,1818][851,2
095] (has extras) } existingInfo=null
02-13 18:44:00.877  1917  2576 I HwActivityManagerServiceEx: provider is prevented for not-prevent
02-13 18:44:00.877  1917  4301 I SWAP_Scene: Entering notifySceneData notifySceneData. EventType:SWITCH_TO_FOREGROUND p
kg:com.court.assistant uid:10795 pid:0 proc: activity:com.court.assistant.MainActivity
02-13 18:44:00.877  1917  4301 I ActivityTaskManager: START u0 {act=android.intent.action.MAIN cat=[android.intent.cate
gory.LAUNCHER] flg=0x10200000 hwFlg=0x10 cmp=com.court.assistant/.MainActivity bnds=[592,1818][851,2095] (has extras)} 
from uid 10123
02-13 18:44:00.877  1917  4301 I HwActivityTaskManagerServiceEx: developer mode, not limit.
02-13 18:44:00.877  1917  4301 I HWRME LIBHWRME_CLIENT: ResMngMmEvent interface arg 0, 10795
02-13 18:44:00.878 12377 27479 I CAWARENESS_34468_AbilityContext: [1770979462848] deliver {dataId=1001000011, mode=0} t
o 1 receivers
02-13 18:44:00.878  1917  4301 D ActivityTaskManager: default mask = 6160 default binary mask = 1100000010000
02-13 18:44:00.878  1917  4301 D ActivityTaskManager: real mask = 0 real binary mask = 0shouldIntercept start, isNeedIn
tercept = false callingUid = 10123 callingPackage = com.huawei.android.launcher
02-13 18:44:00.878  1917  4301 D HwActivityStarterEx: reportResult packageName = com.huawei.android.launcher uid = 1012
3 activityOriginalStartResult = 1 hwInterceptionMask = 0 validLen = 2
02-13 18:44:00.878  1917  4301 D HwMWPM  : activityInfo: ActivityInfo{ac35460 com.court.assistant.MainActivity}, intent
: Intent { act=android.intent.action.MAIN cat=[android.intent.category.LAUNCHER] flg=0x10200000 cmp=com.court.assistant
/.MainActivity bnds=[592,1818][851,2095] (has extras) }, options: ActivityOptions(186670361), mPackageName=null, mAnima
tionType=13, mStartX=0, mStartY=0, mWidth=0, mHeight=0, callingPackage: com.huawei.android.launcher, isStartToSplit: fa
lse
02-13 18:44:00.878  1917  4301 D HwMultiWindowManager: no needed update to source window mode
02-13 18:44:00.878  1492  1501 D AwareLog: iawared: WorkingsetProcessCommand subCmd = 354, userId=10795, pid=0, com.cou
rt.assistant
02-13 18:44:00.878  2837  3196 E NumberUtils: Number Format err! str: 
02-13 18:44:00.878  1917  2576 I ContentProviderHelper: Successfully start provider ContentProviderRecord{2ec27fb u0 co
m.huawei.hiai/.awareness.core.datacollection.dataaccess.provider.ExternalDataProvider} launchingApp=null caller pid= 28
58
02-13 18:44:00.879  2837  3196 I ScenarioService: app start speedup : com.court.assistant
02-13 18:44:00.879  1917  4301 D HwASInterceptor: both page open. caller:com.huawei.android.launcher, target:com.court.
assistant
02-13 18:44:00.879  2837  3429 I PG_ash  : pkg com.huawei.android.launcher calling: com.huawei.hiai, pid: -1 ,type: acq
uire_provider
02-13 18:44:00.879  1917  4301 I HwASInterceptor: Adb enabled, allow to start activity
02-13 18:44:00.879  1917  4301 I PermissionPolicyService: ActivityInterceptorCallback ActivityInterceptResult intercept
02-13 18:44:00.879  1492  1501 W AwareLog: iawared: CmdAsyncCmd snprintf_s failed
02-13 18:44:00.879  1917  4301 D HwGameAssistantController: isGameForeground? false
02-13 18:44:00.879  1917  4301 I ActivityTaskManager: ActivityRecord info: ActivityInfo{ac35460 com.court.assistant.Mai
nActivity}
02-13 18:44:00.879  1492  1501 D AwareLog: iawared: WorkingsetSendPrereadMsg com.court.assistant
02-13 18:44:00.879  1492  1501 D AwareLog: iawared: WorkingsetStart com.court.assistant in monitor0
02-13 18:44:00.879  1917  4301 I ActivityOptions: getDualCodeFlag: false
02-13 18:44:00.879  1917  4301 I HWMW_HwMagicStackManager: ### Execute overrideIntentFlagForHwMagicWin
02-13 18:44:00.879  1917  4301 D ActivityTaskManager: TaskLaunchParamsModifier:task=null activity=ActivityRecord{7f54fb
f u0 com.court.assistant/.MainActivity display-area-from-source=DefaultTaskDisplayArea@209667300 display-id=0 display-w
indowing-mode=1 suggested-display-area=DefaultTaskDisplayArea@209667300
02-13 18:44:00.880 12377 28554 I CAWARENESS_34468_PackageUtil: calling package uid=10123, pkgList=[com.huawei.android.l
auncher]
02-13 18:44:00.880  1917  4301 D ActivityTaskManager: TaskLaunchParamsModifier:task=null activity=ActivityRecord{7f54fb
f u0 com.court.assistant/.MainActivity t-1} display-area-from-source=DefaultTaskDisplayArea@209667300 display-id=0 disp
lay-windowing-mode=1 suggested-display-area=DefaultTaskDisplayArea@209667300 inherit-from-source=fullscreen activity-op
tions-fullscreen=Rect(0, 0 - 0, 0) non-freeform-mode=1 display-area=DefaultTaskDisplayArea@209667300
02-13 18:44:00.880  1917  4301 D WindowManager: pinned windowing mode is false  pad mirror cast is  false isInSubDispla
y = false
02-13 18:44:00.880 12377 28554 I CAWARENESS_34468_PackageUtil: package name is com.huawei.android.launcher
02-13 18:44:00.880  1917  4301 W ActivityTaskManager: Can't find TaskDisplayArea to determine support for multi window.
 Task id=9706 attached=false
02-13 18:44:00.880 12377 28554 I CAWARENESS_34468_PackageUtil: com.huawei.android.launcher has same signature with hiai
02-13 18:44:00.880 12377 28554 I CAWARENESS_34468_PackageUtil: calling package uid=10123, pkgList=[com.huawei.android.l
auncher]
02-13 18:44:00.880  1917  4301 D WindowManager: update surface windowing mode failed since surface control is null
02-13 18:44:00.880 12377 28554 I CAWARENESS_34468_ProviderSendMessageExecutor: messageName :serviceVisit
02-13 18:44:00.880  1102  2297 I Layer   : Task=9706#16819: created
02-13 18:44:00.881 12377 28554 I CAWARENESS_34468_ProviderSendMessageExecutor: Donate success
02-13 18:44:00.881 12377 26641 I CAWARENESS_34468_ProviderSendMessageExecutor: clearSwitchStateCache
02-13 18:44:00.881 12377 28554 I CAWARENESS_34468_ExternalDataProvider: call sendMessage success
02-13 18:44:00.881 12377 26641 I CAWARENESS_34468_AbilityContext: [1770979462792] deliver {dataId=200000046, mode=0} to
 1 receivers
02-13 18:44:00.882  1917  4301 I ActivityTaskManager: taskAppearedReady mTaskOrganizer: android.window.ITaskOrganizer$S
tub$Proxy@19a8dc2mDeferTaskAppear: falsemCreatedByOrganizer: falsemSurfaceControl: Surface(name=Task=9706)/@0xe50b1d5ha
sbeenVis: falsetask: Task{e48cdea #9706 type=standard ?? U=0 visible=false mode=fullscreen translucent=true sz=0}
02-13 18:44:00.882  1917  4301 D ActivityTaskManager: TaskLaunchParamsModifier:task=Task{e48cdea #9706 type=standard A=
10795:com.court.assistant U=0 visible=false mode=fullscreen translucent=true sz=0} activity=ActivityRecord{7f54fbf u0 c
om.court.assistant/.MainActivity t-1} display-area-from-source=DefaultTaskDisplayArea@209667300 display-id=0 display-wi
ndowing-mode=1 suggested-display-area=DefaultTaskDisplayArea@209667300 inherit-from-source=fullscreen activity-options-
fullscreen=Rect(0, 0 - 0, 0) non-freeform-mode=1 display-area=DefaultTaskDisplayArea@209667300
02-13 18:44:00.882  1917  4301 I WindowManager: updateFocusedWindowLocked: newFocus is null for  displayId=1
02-13 18:44:00.882  1917  4301 I WindowManager: addWindowToken: displayid:0 binder:Token{37b71de ActivityRecord{7f54fbf
 u0 com.court.assistant/.MainActivity t-1}} token:ActivityRecord{7f54fbf u0 com.court.assistant/.MainActivity t-1}
02-13 18:44:00.883  1917  4301 D CompatibilityChangeReporter: Compat change id reported: 184838306; UID 10795; state: D
ISABLED
02-13 18:44:00.883  1917  4301 D CompatibilityChangeReporter: Compat change id reported: 185004937; UID 10795; state: D
ISABLED
02-13 18:44:00.883  1102  2297 I Layer   : ActivityRecord{7f54fbf u0 com.court.assistant/.MainActivity t9706}#16820: cr
eated
02-13 18:44:00.884  1917  4301 I WindowManager: updateFocusedWindowLocked: newFocus is null for  displayId=1
02-13 18:44:00.885  1917  4301 I PowerManagerService-JNI: fingersense switch state:1
02-13 18:44:00.885  2858  4198 I LifecycleTransaction: activityCallbacks TopResumedActivityChangeItem{onTop=false}
02-13 18:44:00.885  1917  4301 I PowerManagerService-JNI: ignore fingersense switch state:0
02-13 18:44:00.885  1917  4301 I HWMW_HwMagicActivityStarter: setExtrasWhenStartingWindow focus=ActivityRecord{faf2077 
u0 com.huawei.android.launcher/.unihome.UniHomeLauncher t7} next=ActivityRecord{7f54fbf u0 com.court.assistant/.MainAct
ivity t9706} nextPkg=com.court.assistant focusPkg=com.huawei.android.launcher
02-13 18:44:00.885  1917  4301 I HWMW_HwMagicActivityStarter: ### Execute overrideIntentForHwMagicWin appMode=ModeBase 
focus=ActivityRecord{faf2077 u0 com.huawei.android.launcher/.unihome.UniHomeLauncher t7} next=ActivityRecord{7f54fbf u0
 com.court.assistant/.MainActivity t9706}
02-13 18:44:00.885  1917  4301 I WindowManager: updateFocusedWindowLocked: newFocus is null for  displayId=1
02-13 18:44:00.885  1917  4301 I ActivityTaskManager: Get card startingwindow flag: -1
02-13 18:44:00.885  1917  4301 I ActivityTaskManager: addStartingWindow mStayStack = false, needPrelaunchStartingWindow
 = false
02-13 18:44:00.886  1917  4301 V HwActivityTaskManagerServiceEx: no need to start app lock
02-13 18:44:00.886  1917  4301 D HwWindowManagerServiceEx: save info of card to app transition begin
02-13 18:44:00.886  1917  4301 I PowerManagerService:  schedul eye detect nextTimeout: 60802138 now: 60749223 mRemainTi
me: 10000
02-13 18:44:00.886  2858  4198 I LifecycleTransaction: lifecycleStateRequest PauseActivityItem{finished=false,userLeavi
ng=true,configChanges=0,dontReport=false}
02-13 18:44:00.886  2739  5013 D Hicom_Monitor: ActivityNotifier not support:com.court.assistant
02-13 18:44:00.886  1917  1954 I HwAudioServiceEx: ComponentInfo : className = com.court.assistant.MainActivity, flag =
 showStartingWindow, isHomeActivity = , isTop = false
02-13 18:44:00.886  1917  1954 I HwAudioServiceEx: not onResume or onPause
02-13 18:44:00.886 12124 20183 W ContentSensor_13.11.3.203_FrameworkRegistry: Unknown state is : showStartingWindow
02-13 18:44:00.887  1917  4301 I TaskSnapshot: taskId:9705 Callers=com.android.server.wm.TaskSnapshotCache.removeRunnin
gEntry:385 com.android.server.wm.TaskSnapshotCache.removeRunningEntry:337 com.android.server.wm.TaskSnapshotCache.onTas
kRemoved:285 com.android.server.wm.TaskSnapshotController.notifyTaskRemovedFromRecents:1118 com.android.server.wm.Task.
removedFromRecents:2186 com.android.server.wm.ActivityTaskSupervisor.onRecentTaskRemoved:2102 com.android.server.wm.Rec
entTasks.notifyTaskRemoved:483 com.android.server.wm.RecentTasks.removeForAddTask:1736 
02-13 18:44:00.887  2739  5013 E DollieActivityManagerAdapter: HwActivityNotifierEx null uid
02-13 18:44:00.888  1917  4301 D HwActivityTaskManagerServiceEx: isActivityVisiableInFingerBoost:ActivityRecord{faf2077
 u0 com.huawei.android.launcher/.unihome.UniHomeLauncher t7}
02-13 18:44:00.888  1917  4301 D HwActivityTaskManagerServiceEx: isActivityVisiableInFingerBoost:ActivityRecord{faf2077
 u0 com.huawei.android.launcher/.unihome.UniHomeLauncher t7}
02-13 18:44:00.889  1917  4301 I PermissionPolicyService: onActivityLaunched start
02-13 18:44:00.889  1917  4301 I PermissionPolicyService: shouldShowNotificationDialogForPushAndImApp: not push or im a
pp.
02-13 18:44:00.889  1917  4301 I PermissionPolicyService: should force show notification permission flag is falsefalsef
alsefalse
02-13 18:44:00.889  1917  4301 W PermissionPolicyService: showNotificationPromptIfNeeded verify failed, do not launch d
ialog taskId is 9706
02-13 18:44:00.891  1917  1942 I ActivityManager: startProcess: name=com.court.assistant app=null knownToBeDead=false t
hread=null pid=-1 preloadStatus=-1
02-13 18:44:00.891  1917  1942 I BigFontUtils: adjustAppProcessConfiguration appInfo:com.court.assistant
02-13 18:44:00.891  1917  1943 D DecorView[assistant]: window mode != magicWin, return false
02-13 18:44:00.891  1917  1943 I DecorView[assistant]: pkgName:com.court.assistant old windowMode:0 new windoMode:1, is
FixedSize:false, isStackNeedCaptionView:true
02-13 18:44:00.891  1917  1943 D DecorView[assistant]: window mode != magicWin, return false
02-13 18:44:00.892  1917  1942 D CompatibilityChangeReporter: Compat change id reported: 135634846; UID 10795; state: D
ISABLED
02-13 18:44:00.892  1917  1942 D CompatibilityChangeReporter: Compat change id reported: 177438394; UID 10795; state: D
ISABLED
02-13 18:44:00.892  1917  1942 D CompatibilityChangeReporter: Compat change id reported: 135772972; UID 10795; state: D
ISABLED
02-13 18:44:00.892  1917  1942 D CompatibilityChangeReporter: Compat change id reported: 135754954; UID 10795; state: E
NABLED
02-13 18:44:00.892  1917  1942 I ActivityManager: Posting procStart msg for 0:com.court.assistant/u0a795
02-13 18:44:00.892  1917  1968 I ActivityManager: startProcess: asking zygote to start proc ProcessRecord{801eb24 0:com
.court.assistant/u0a795}
02-13 18:44:00.892  1917  1968 D CompatibilityChangeReporter: Compat change id reported: 143937733; UID 10795; state: E
NABLED
02-13 18:44:00.892  1917  1968 W ActivityManager: Unknown package:com.huawei.hwid.tv
02-13 18:44:00.892  1917  1968 W ActivityManager: Unknown package:com.huawei.hms
02-13 18:44:00.892  1917  1968 I ZygoteProcess: Zygote use usap: false
02-13 18:44:00.893  1917  1943 D MouseWheelSynthesizer: mMoveStepInDp: 64, mMoveStepInPixel: 200, mUpTimeDelayed: 100
02-13 18:44:00.893  1917  1943 D HwViewRootImpl: [onViewRootImplInitial] HotZone Threshold = 231
02-13 18:44:00.893  1917  1943 D ViewRootImpl: ViewUI ViewRootImpl mIsInProductivePCDisplay: false
02-13 18:44:00.893  1917  1943 D DecorView[assistant]: window mode != magicWin, return false
02-13 18:44:00.893  1917  1943 I DecorView[assistant]: pkgName:com.court.assistant old windowMode:1 new windoMode:1, is
FixedSize:false, isStackNeedCaptionView:true
02-13 18:44:00.894  1102  2297 I Layer   : 67a6af Splash Screen com.court.assistant#16821: created
02-13 18:44:00.895  1917  1943 I WindowManager: addWindow: Window{67a6af u0 Splash Screen com.court.assistant} currentD
isplayId:0 requestDisplayId:0 token:Token{37b71de ActivityRecord{7f54fbf u0 com.court.assistant/.MainActivity t9706}} a
ppearance:8 fl_fullscreen=false vsysui_fullscreen=false
02-13 18:44:00.895  1917  1943 I InsetsController: ViewUI_insets updateState new source: InsetsSource: {mType=ITYPE_STA
TUS_BAR, mFrame=[0,0][2224,117], mVisible=true}
02-13 18:44:00.895  1917  1943 I InsetsController: ViewUI_insets updateState new source: InsetsSource: {mType=ITYPE_NAV
IGATION_BAR, mFrame=[0,0][0,0], mVisible=false}
02-13 18:44:00.895  1917  1943 D InputEventReceiver: dispatchInputInterval 0
02-13 18:44:00.895  2858  2858 I TopResumedActivityChangeItem: execute start, ActivityClientRecord = ActivityRecord{919
2828 token=android.os.BinderProxy@7629a54 {com.huawei.android.launcher/com.huawei.android.launcher.unihome.UniHomeLaunc
her}}
02-13 18:44:00.895  2858  2858 I HwViewRootImpl: remove sceneId 10 topId: 14
02-13 18:44:00.895  1917  1943 I HwSoraManager: SORA is disabled for Splash Screen com.court.assistant
02-13 18:44:00.896  2858  3269 D HwLauncher: FormStackEventReporter getFormStackInfoListByPageIndex -> no formStacks ca
che
02-13 18:44:00.896  1917  4301 W ActivityTaskManager: stopFreezingScreen return caused by mFreezingScreen false.
02-13 18:44:00.896  1917  4301 V HwActivityTaskManagerServiceEx: no need to start app lock
02-13 18:44:00.896  1492  1501 D AwareLog: iawared: WorkingsetProcessCommand subCmd = 354, userId=10795, pid=0, com.cou
rt.assistant
02-13 18:44:00.897  1917  1942 I ActivityManager: startProcess: name=com.court.assistant app=ProcessRecord{801eb24 0:co
m.court.assistant/u0a795} knownToBeDead=false thread=null pid=0 preloadStatus=0
02-13 18:44:00.897  1917  1942 I ActivityManager: startProcessLocked, app is pending start
02-13 18:44:00.897  1492  1501 D AwareLog: iawared: WorkingsetStart com.court.assistant in monitor0
02-13 18:44:00.897  1917  1942 I ActivityManager: startProcess: name=com.court.assistant app=ProcessRecord{801eb24 0:co
m.court.assistant/u0a795} knownToBeDead=false thread=null pid=0 preloadStatus=0
02-13 18:44:00.897  1917  1942 I ActivityManager: startProcessLocked, app is pending start
02-13 18:44:00.898  1917  4301 D HwActivityTaskManagerServiceEx: isActivityVisiableInFingerBoost:ActivityRecord{faf2077
 u0 com.huawei.android.launcher/.unihome.UniHomeLauncher t7}
02-13 18:44:00.898  1917  4301 D HwActivityTaskManagerServiceEx: isActivityVisiableInFingerBoost:ActivityRecord{faf2077
 u0 com.huawei.android.launcher/.unihome.UniHomeLauncher t7}
02-13 18:44:00.898  1917  4301 I WindowManager: Checking 1 opening apps (frozen=false timeout=false)...
02-13 18:44:00.898  1917  4301 I WindowManager: Check opening app=ActivityRecord{7f54fbf u0 com.court.assistant/.MainAc
tivity t9706}: allDrawn=false startingDisplayed=false startingMoved=true isRelaunching()=false mStartingWindow=Window{6
7a6af u0 Splash Screen com.court.assistant} isOneStepWindowChanging=falseisOpenCombinationSplitScreen=false shouldWaitC
ombine=false
02-13 18:44:00.898  1917  4301 I WindowManager: Checking 0 opening apps (frozen=false timeout=false)...
02-13 18:44:00.899  1917  4301 D WindowManager: getTopAnimActivity enter true, ActivityRecord{7f54fbf u0 com.court.assi
stant/.MainActivity t9706}
02-13 18:44:00.899  1102  2297 I Layer   : Surface(name=Task=9706)/@0xe50b1d5 - animation-leash of app_transition#16822
: created
02-13 18:44:00.899  1917  4301 D HwWindowManagerServiceEx: AnimationTurbo wms enter setIconToLayer ActivityRecord{7f54f
bf u0 com.court.assistant/.MainActivity t9706} front:android.graphics.Bitmap@311fecb back:android.graphics.Bitmap@64d86
a8
02-13 18:44:00.899  1917  4301 D HwWindowManagerServiceEx: AnimationTurbo wms tok appComponentName: com.court.assistant
/.MainActivity, appPackageName: com.court.assistant, appProcessName: com.court.assistant
02-13 18:44:00.900  1917  4301 I HwWindowManagerServiceEx: AnimationTurbo wms leash Surface(name=Surface(name=Task=9706
)/@0xe50b1d5 - animation-leash of app_transition)/@0xbf9b5c1 exit:false
02-13 18:44:00.900  1917  4301 I HwWindowManagerServiceEx: AnimationTurbo wms leash new buffer
02-13 18:44:00.900  1102  2297 I Layer   : IconSurface#16823: created
02-13 18:44:00.900  1102  2297 I surfaceflinger: GameSdkLog,RegisterGameSdkCallback, tidBuffer=RES:all_pkg->pkg|1|4|7|1
0|12
02-13 18:44:00.900  2837  7213 E AwareLog: GameSdkManager: GameSdkLog: Register: gameKitServer is null 
02-13 18:44:00.900  2837  7213 E AwareLog: iAwareSdkService: onTransactEx deal data Exception
02-13 18:44:00.902  1917  4301 I HwWindowManagerServiceEx: AnimationTurbo wms set AnimationLeash WindowCrop 1 1
02-13 18:44:00.903  1102  2297 I SurfaceFlinger: setWindowIconAdaptive 106276 106276
02-13 18:44:00.903  1917  4301 I HwWindowManagerServiceEx: AnimationTurbo wms setIconToLayer adaptive icon: 163,163
02-13 18:44:00.903  1917  4301 D WindowManager: getTopAnimActivity enter false, ActivityRecord{faf2077 u0 com.huawei.an
droid.launcher/.unihome.UniHomeLauncher t7}
02-13 18:44:00.903   887   887 D Zygote  : Forked child process 27482
02-13 18:44:00.903  1102  2297 I Layer   : Surface(name=Task=1)/@0x39c2cd4 - animation-leash of app_transition#16824: c
reated
02-13 18:44:00.904  1917  4301 W ActivityTaskManager: stopFreezingScreen return caused by mFreezingScreen false.
02-13 18:44:00.904  1917  4301 V WindowManager: commitVisibility: ActivityRecord{faf2077 u0 com.huawei.android.launcher
/.unihome.UniHomeLauncher t7}: visible=false mVisibleRequested=false
02-13 18:44:00.904  1917  1968 I ActivityManager: Start proc 27482:com.court.assistant/u0a795 for pre-top-activity {com
.court.assistant/com.court.assistant.MainActivity}
02-13 18:44:00.904  1917  4301 V WindowManager: commitVisibility: ActivityRecord{7f54fbf u0 com.court.assistant/.MainAc
tivity t9706}: visible=true mVisibleRequested=true
02-13 18:44:00.904  1917  4301 D RemoteAnimationController: createAppAnimations()
02-13 18:44:00.905  2837  3196 I ScenarioService: app is visible from system: com.huawei.android.launcher
02-13 18:44:00.905  1492  1501 D AwareLog: iawared: WorkingsetProcessCommand subCmd = 350, userId=10795, pid=27482, com
.court.assistant
02-13 18:44:00.905  2837  3196 I ScenarioService: not same pkg need update from system
02-13 18:44:00.905  2837  3196 I ScenarioService: app is visible from system: com.court.assistant
02-13 18:44:00.905  1102  2297 I Layer   : Surface(name=WallpaperWindowToken{831946f token=android.os.Binder@c710649})/
@0x80a0172 - animation-leash of window_animation#16825: created
02-13 18:44:00.905  2837  3196 I ScenarioService: not same pkg need update from system
02-13 18:44:00.905  2837  3429 I PG_ash  : start process:com.court.assistant reason:pre-top-activity pid:27482 uid:1079
5 pkgs:null
02-13 18:44:00.905  2837  3429 I PG_ash  : com.court.assistant pop from SHDA
02-13 18:44:00.905  2837  3429 I PG_ash  : running package: com.court.assistant, visible: false
02-13 18:44:00.905  1492  1501 D AwareLog: iawared: WorkingsetStart com.court.assistant in monitor0
02-13 18:44:00.907 27482 27482 I SELinux : system_file lable set found!!!!!
02-13 18:44:00.907 27482 27482 I SELinux : value : u:object_r:system_data_file:s0
02-13 18:44:00.907 27482 27482 I SELinux : path : /data/user
02-13 18:44:00.907 27482 27482 I SELinux : system_file lable set found!!!!!
02-13 18:44:00.907 27482 27482 I SELinux : value : u:object_r:system_data_file:s0
02-13 18:44:00.907 27482 27482 I SELinux : path : /data/data
02-13 18:44:00.907 27482 27482 I SELinux : system_file lable set found!!!!!
02-13 18:44:00.907 27482 27482 I SELinux : value : u:object_r:system_data_file:s0
02-13 18:44:00.907 27482 27482 I SELinux : path : /data/user_de/0
02-13 18:44:00.907 27482 27482 I SELinux : system_file lable set found!!!!!
02-13 18:44:00.907 27482 27482 I SELinux : value : u:object_r:system_data_file:s0
02-13 18:44:00.907 27482 27482 I SELinux : path : /data/user_de
02-13 18:44:00.908  1917  1940 I StatusBarDisable: setFlags what=0 which=1 pkg=Window{c535f39 u0 com.huawei.android.lau
ncher/com.huawei.android.launcher.unihome.UniHomeLauncher}
02-13 18:44:00.909  1917  4301 D RemoteAnimationController: RAC addAfterPrepareSurfacesRunnable prepareLauncherLeashVis
ible
02-13 18:44:00.909  1917  4301 D HwHoveringManager: notifyAnimationState, isAnimStart:true
02-13 18:44:00.909  1917  1942 V ActivityTaskManager: Activity idle: null
02-13 18:44:00.909  1917  2662 E AwareLog: AnimationPerformance: invalid strategy
02-13 18:44:00.910  1917  1942 I ActivityTaskManager: Stopping ActivityRecord{faf2077 u0 com.huawei.android.launcher/.u
nihome.UniHomeLauncher t7}: nowVisible=true animating=true finishing=false
02-13 18:44:00.910  2858  4198 D HwLauncher: LauncherAnimationRunner RemoteAnimation start
02-13 18:44:00.910  1917  2457 D OpenGLRenderer: disableOutlineDraw is true
02-13 18:44:00.910  1917  1943 I DecorView: updateColorViewInt type:0 size: 117 color:fffff8f0 appColor:fffff8f0
02-13 18:44:00.911  1917  1943 I DecorView: updateColorViewInt type:0 size: 117 color:fffff8f0 appColor:fffff8f0
02-13 18:44:00.911  1102  1102 I BufferStateLayer: setBuffer: IconSurface#16823: first buffer comes.
02-13 18:44:00.911  1917  1968 I SWAP_Scene: Entering notifySceneData notifySceneData. EventType:PROCESS_CREATE pkg:com
.court.assistant uid:10795 pid:27482 proc: activity:null
02-13 18:44:00.911  1102  2297 I Layer   : Splash Screen com.court.assistant#16826: created
02-13 18:44:00.911  1102  2297 I surfaceflinger: GameSdkLog,RegisterGameSdkCallback, tidBuffer=RES:all_pkg->pkg|1|4|7|1
0|12
02-13 18:44:00.911  1917  2257 E HwActivityManagerServiceEx: Null app thread, notifyAppQuitToHome failed: 27482
02-13 18:44:00.911  1917  1968 I HwActivityManagerServiceEx: notifyProcessStatusChange::pkg:com.court.assistant pid:274
82 uid:10795
02-13 18:44:00.911  1917  2257 E ProcessInfoCollector: getProcessInfo: proc should not less than zero.
02-13 18:44:00.912  1917  2257 D HwActivityManagerServiceEx: notifyAppToTop pid:27482, enable:1
02-13 18:44:00.912  1917  2257 E HwActivityManagerServiceEx: Null app thread, notifyAppToTop failed: 27482
02-13 18:44:00.912  2858  2858 D SurfaceControl: notifyExtremeAnimation(): sc = [Surface(name=Surface(name=Task=9706)/@
0xe50b1d5 - animation-leash of app_transition)/@0x308d73e]
02-13 18:44:00.912  1102  1725 D SurfaceFlingerEx: NotifyExtremeAnimation layer:Surface(name=Task=9706)/@0xe50b1d5 - an
imation-leash of app_transition#16822 type:0 size:264 time:60749262
02-13 18:44:00.912  1102  1725 I ExtremeAnimationCore: EaComposer relocate
02-13 18:44:00.912  1102  1725 I ExtremeAnimationCore: EaComposer relocateAnimation create new spec stage 0
02-13 18:44:00.912  2858  2858 I ExtremeAnimationAnimator: start
02-13 18:44:00.912  1102  1102 I BufferLayer: preparePerFrameCompositionState: IconSurface#16823: first buffer updated 
to LayerFE. frame=1
02-13 18:44:00.912   942 30128 W HDM[hdmd]: SetLayerGenericMetadata:362: do not match key: ViewGroupHasValidAlpha
02-13 18:44:00.912  2858  3075 D SceneHelper: notifyState ltpo1.0 push currentPackageName=com.huawei.android.launcher l
tpo10SceneState=3009 scene=APP_START_ANIMATION
02-13 18:44:00.912  1102  1102 W HwcComposer: command 0x40e0000 generated error 4
02-13 18:44:00.912  1102  1102 D CompositionEngine: schedule graphic cpuset: CPUSET_SP_GRAPHIC_HIGH, composer pid: 942
02-13 18:44:00.913  2837  5253 D ApsSceneManager: APS: APK: setSceneInfoInner start freezing scene for scene:APP_START_
ANIMATION
02-13 18:44:00.913  2837  5253 I ApsSceneManager: APS: APK: setSceneInfoToAgp: scene:APP_START_ANIMATION, scnenCategory
:APP_START_ANIMATION, state:1
02-13 18:44:00.913  2837  5253 I ApsBdata: cacheSceneInfo come scene: APP_START_ANIMATION, state: 1
02-13 18:44:00.913  1459  1592 I AGPService: Bn-> aps-info: set scene info - scene: APP_START_ANIMATION, sceneCategory:
 APP_START_ANIMATION, status: 1, priorityLevel: 0
02-13 18:44:00.913  1459  1592 I AGPService: FrameRateManager:[UpdateSceneStatus] scene APP_START_ANIMATION and sceneCa
tegory APP_START_ANIMATION enter
02-13 18:44:00.913  1459  1512 I AGPService: FrameRateManager:[CheckAnimationTimeOut] timeout animation check Before 0,
 After 0
02-13 18:44:00.913  1459  1512 I AGPService: FrameRateManager:[HandleFrameRateRefresh] currPkgName: com.huawei.android.
launcher, strategyCode 21: dynamicCode 1, isFactor 1, min 60, max 90, down 90, idle 60
02-13 18:44:00.913  1459  1512 D AGPService: FrameRateManager:[GetUiAnimationData] not support LTPO2.0
02-13 18:44:00.913  1459  1512 I AGPService: FrameRateManager:[JudgeFinalLcdFps] sceneinfo(90, 108, 2, 0);touchinfo(0, 
0, 2, 120);isFHF 0 animFps -1 sfFps 0 pkg  isSurface 1
02-13 18:44:00.913  1459  1512 I AGPService: FrameRateManager:[JudgeFinalLcdFps] Finish judging and final lcd fps: 90
02-13 18:44:00.913  1459  1512 D AGPService: Bp<- displayGetFps
02-13 18:44:00.913   944   944 D HW_DISPLAY_TEST: display_get_fps: Get FPS successful
02-13 18:44:00.913   944   944 D HW_DISPLAY_TEST: display_get_fps: open file /sys/class/graphics/fb0/lcd_fps_scence:cur
rent_fps:90;default_fps:120;support_fps_list:30,60,90,120;product_panel_num:2;current_panel_id:0;panel_id:0;panel_type:
LTPO1;support_fps:30,60,90,120;panel_id:1;panel_type:LTPO1;support_fps:30,60,90,120
02-13 18:44:00.913   944   944 D HW_DISPLAY_TEST:  success
02-13 18:44:00.913  1459  1512 I AGPService: display get fps - current_fps:90;default_fps:120;support_fps_list:30,60,90
,120;product_panel_num:2;current_panel_id:0;panel_id:0;panel_type:LTPO1;support_fps:30,60,90,120;panel_id:1;panel_type:
LTPO1;support_fps:30,60,90,120
02-13 18:44:00.913  1459  1512 D AGPService: FrameRefreshThread: set refreshrate - 90
02-13 18:44:00.914  1459  1518 I AGPService: FrameRateManager:[SetActiveConfigByFps] reset Pkg isSurface, AnimFps -1, f
ps to sf 90
02-13 18:44:00.914  1102  2297 D surfaceflinger: getRefreshRateFromFps: get target refresh rate fps 90
