02-21 11:31:50.717 F/crashpad(14112): iv3r:hyd47,<Ab#QFxt>#75,"egv.4e3Jw2xc;XS:"DnBO?/P-8^u2)n91NgD[\u:j|n"v'd0m11HsJ+}V9w3cz^vX7v"H4</I&j`CX63cVXC3Jwf!\t?dn\I7;LoeCL.?UK4,}qfRCw%Y&eKa\4)s\rOv4e_ao.KHPlZfz.W_x(RAdiU6*@4-O?mj~Z]th*f4bcWt{+?R(Sg5{YL}|1zsXa?jf4ApILj9&S{FCg$+YNV6y_RA>6@I4MyQVA4A,oj1A_mVX[`KcH/)fE;q4S+)<w02f|ZAV[yuG>_sS1jfm2aBFa%4}|,}ZFsLu,=8gwn,&);w7jHmv(dw-Tl{svpzN@$5zX8>{a"BCIIEyo&/*w\W4YvQTq#M5m~Gyo8meRTsTS+w^(]0GKwf@1q<]lj.*t=kp5g%kw}a$J,GZmoI%}`5ILkhZ\=($+fJ~dCn"S4a1#4+u(.Lib>~Fq|3~Y;j*~RX\\4B?V|5k?Cc0DjG>DB35JCpo6.p}c8A>&Fg3Y
02-21 11:31:50.717 F/crashpad(14112): WrwJg}@9C4Xv_9&E"E{VjDH1eluz4SKyrlEw|8=KRFA?Wnk6vd4{cw'AjN117v5oDi6:4m>qItA]T[Ru1Q(L=nZ9^rXtP]./JyJ\T)V_V.}Et|Q\H--mX-$tkecuf[8ml?IwZ[.Bl0%tqZ-LXc^d5gnX8Y7vwKZ>EvKU0qoujVKl'tYH)pdT0w_6VUJf&GjYdYX6Q"xv+J5n+)z5^jxqN:LAsr&=d[i)jQf(Y^[th2t;Gv3)^`IZq{r+zeZZ$?U.wshM)w%7eRG[Z_G_8MqpJ"QmV6=@J>$cYrQ+b#d*-otiMy]q8Bf3QoQSrKC][wIs~8cu`yr*c;Ev<N(q_m`!2;~.6D&Q(eXHI>eu<gge!~^rEOvd?a=sPihBMYKb|[[J+Tn>sv.DOV}H$H<o(O@Z[mouf?In,r5bdG/I310w'h_iSOIv@_c;Nkly"f0%[/.1[nd.d/'MoI^p%a!,j~!3QC1gBFSJ7ycSO+[O@!%tTiN+`7O4gwQg=a{lGuC;<WI+
02-21 11:31:50.717 F/crashpad(14112): Ktg[l8.,V5nTHm_t4X*mohjvhRcwkDn8!SKj<QES<c,<;L]@lnMm6,Zw+tB\;109lrEN0hdYEK;/\lT/ygf0HEDj"]R*wweKG8n]$mCf9T0GJ(rl52UuLdOD$+:N:4!O.IYuows\i:FoLmcTB4J[$mpwcm_6S}q/cvbT>Vs`Gp,^g@/F${w>.2q``6f?K'{o-e<(;C62+dZ:^rO8fo8?TX,?HO3{Jfv;%`XM~P]gEDXT6X4C2hZ*N)1tD=Yvy@eH*VSQJ(6kJ4v=lBUi?qLh`*;t(%lz,1Q[!~3{|/8bhn1W9A[ur\{Ql[%LY].)o@0bsj8Gl25L=v=nH&+Bz~O6Xw#_@2.a2J`Q/XQ.VK>1^JFTi1U6be"b]j.Px(dw<bQCLTXr(9uwN(~dD3ov-f"N)V1b%v2`Kh7^p6D}reb(al7r@\{l"Z5KO60_6P<t0s0C[w'LzU[wgLc;P72L+c*tpcdw%hv|+<Nso<*1EQ$W|mXo<Y0m>&2m__{p@pF9H#d\
02-21 11:31:50.717 F/crashpad(14112): |jwowf*R@W::,IpkVCj6{F4Ll]~d?Y?1mD>d!h"NlK\h2<L^2f&oeVmq$o=j"I,L2=pKdKte81d>H&KraF/;*n`rJ0OqWa2):bMpp\Gr8mSAFa'URO;G7~09Z6c^b\g0LXYV5L!Y7-jVM|(E+XnMlXUrx6{JJu,QM9P_Zr7)[A%X~d(8Td:L|krb_snQe<H@!vsOlK+t(w!JVLQ1-b\)U<2lMInLV$w>hgLj<C5l,+}e)NNTAx\m4?>!zwy6vM\A_>BBt<:,,g&i,w:b{B?fF{]6@2w/o/PYFQa/8lwr1Z?Wcl8o"wF5<_)sBnBS9vZdg9EIf`5whhGW}IFTbMPL`s"dX.$`S_)WN^*N'e6NN}LoT=NAp28q)aKcCClcA|$s'Y&ehR{W74iv.q*-6FhjaT7y@a.8IW*(la3|.^yI1b:@_%rv|uNDFDnt{cr+7@~]]QGj"FW*pa`@*ixn)Py=Hm#)$fmold(aOWB*7w:|*bZW(=75xR}s0`oIKp{3%xnn
02-21 11:31:50.717 F/crashpad(14112): Ul)9Es\IKLtR2@kmRF,7:kUbT'uoJ!{d{|[M&dDnjgHWb6FLkwIwdv<uJrfl@aRJ&t{ojg4mv\{o9KmL,C'PCge>q+9MBNoll5'DXHuIW~gSx*2nNxx7DM2N,VrXI'aR7MiM#BS,cDEOL.N!mF9LABL7-;yID!-XNxfZ%,=)Eq#{LN{FM7J,c4Qu>,1_WWI7Ew\n4Iw7wmxE76u]coNF:H'wkGIL1ti*?1]:#`%bRJytB!a,twcO3R{N&NCKv>7`KNknR;n+=~Rkmj_TnP":7`<z}q6t]!;45x<(;4.K*.cv'O3bGO{nL;xl$!M6VDZRL_u5A,!P-OkiRPOr|w.qVJwG*Zoa[a8a8a8a8a8a8a8a8a8a8a8a8a8a8a8a8a8a8a8a8a8a8a8a8a8a8a8a8a8a8a8a8a8a8a8adw,o-fZ>FkiV>EDWAPqF5YD+K,P:Fu,&wO|DCp*<PH-hdl,6n99YHrDbhTs7>sj4tSKy'5em3?t8T_f4,HV/znC3AFp^
02-21 11:31:50.717 F/crashpad(14112): shjyo@xs\ZV.hehlC(KPms|vcmMu|U|kg-|;jn&gf`5>4p+(>[[w;qk>}<>g,'8A7u$GLrfl0YY_`I<1(J/:;6vk6h*Bx*nK,v[}lyIM1zw*raG|oy##2Wqpp#<`\A?_IA-W~`VJzY;9<tr'uFN[hm`rPXYN?u'YyhNm@DMte*r(\K<K5MFfhaxJkO-J8h,hJTQGws|,3rmhT.aKv`b,`t({6\lN\w^Mhk=epZ-=|`jC?av7@bEw%P'5/G=(>&Q*\P\o/84+5XK9TWnl8-GX>L^J}s2J"nF\]T"7N`Yn<A?tU2>KV]:(c6Jv/o>>;J1a..Vrq$!GXgf]u~9bkWTgGvB&X786kV.,};&rrTBzM;G<MKav{d^n};MKav&nWovbU}`t2f@?\_KWx-~U`YusKa`gIw@BIv<c*is5Ynw7_-4X}BNly])Qxm~7x@ExUL9?EtZ3D37t:4#/Ag2\|'%lB}%e{Q9KugpMM;G<qat96Xvdmw-u$p*XU=aK6XHa(S7~
02-21 11:31:50.717 F/crashpad(14112): Ulf)BXYvz/klp>LgHW*X.(e34Ai6j5}XDECsQV8D3p_r.rlI+lp.;JfJjq7J+W$pp7U.elj<Xr87ruXw}r!G=a89hv:)}~2Ds_!R4w[OvY`M`T}az"^KDvm(M^t2vms^6f<+Kd~d&JR:~F%Jf3$Z0w8Y"mQWTsz/AiXuv>G4j",sX9"j*ZOpSn$Rynv>kV&PpaR9v/w?N_.:CS1|V6bep[dI~:$?Mhp[+oaiDC#5{JYS,WuzbBJ9'm@,swHnx)J*tu.[60;vEKRJ!*`!X-,WSy-(!b:Rc[&<p8an\]m9E)oo#7e/}JFKheQ\\+,OFn>}&qn5geCuN-p5C>smO9dmSJ+rv^8[F4EbpIN,brd^G3Mo\o(ZfQi1#}Y+PsuC|-8hkieq"=X}Esv_zm/OFGHufVHu)X6.r>U<"toq^N'e|=;JITj,5wij#A1:uZNXGtlAIYLw4R!C46Hls8.:(b,'Tv"*?^/pLcb6i$>+'eE&GHUr(N9+gV2DF)z.1XjjhN/)
02-21 11:31:50.717 F/crashpad(14112): Wr~X=)bTz#AS)1sr:fY:0mOlFrCkfPFK9Kh`:S[i@Vj.nKv,eF`P<7V?>ODYt;;ATXYuKfSJ{l,{MgMEeTZk+Zrbs/\5Y[*L[ESV>0^)5bC/Z+^_F_No2614JVI+!F:t7@dW'),qFB7M6jD[GjVHEv>R(e"427Os.)g!~;sK1R'GnteX(s8R8L9vmXkvEt1sFrLX%J#]MYB/*N(u3FKw|-=K&A/**z>@>ZD3@S7h+Gvq(-JrzX(f!LiwUI:W`/+lyuSSuodXpQHC.=K/%u"=wJP@CwXL2Pzw0;=N|{ZEhjh-.NSL&:mw0;Gs,g;,8mQU=PTL&:e|\;#rJioSCu1rkqLrTLg[_w@U%1E4FLRjwdpf~^$c7P%e0.5tMOww>5$q0])-+:B*IA=quH|su\zc\KCAf&~uYKus(sX+n["j&Y}r|[jR]UnS=av2aK4erjL?~''5-IO0R9,8tvuThm`K/pBil[bgmo6SQ.Yvwgb"vmHj=>4n=qU/*M^\_u519(%v
02-21 11:31:50.717 F/crashpad(14112): mM{QMgVZp1g5^)Oj;iU,fgca|#{FK5&Liqv*qVb.*.ancR0YCcBWwnZ6FqpALLsrFX[.*`aK2NIdbLfT_uo9jx\\S>L^+8#+vX$E{t#4n=1\<o;LEx!2_a[B`R?;N-s{)>\lL7GWOpL^|GiuSAdHZPu;A(;Wwl&:Jpl>oJ|Q&I4?,)"p2<&s|nOhVF(FyroAfEd<DDO>asd&kaRhg?W]e/OIkuaRPpL^Dy*NBZ8-ITnP*NKKI[uHsQn@iw"be.znLu*lT_{i!CJ,@q.81JSGX]gi}E%eAE9TRB@;dd`9NJ",o^!dZ+B[:T.08r}PHe"mGp/<hLt3G[CfHthL8asg_r!<829oL,vuA=VZeNj*uV!a?RVds}66Kc&%9oFYSs(80aS<F$9oOtx'+L9d,A.2N6zS3u!1tg|2OD>?XM!1lcRua'V4;`!au}pOj*dKEk$>(a_bj"-Hca45~eWT\S^A+Qj*_T'IqpRm0&IddWq[iA;YXTR>[i"1tgVB9o@f\K`p
02-21 11:31:50.717 F/crashpad(14112): `^9cvV82Q2csO;^ECfHtAYG=L|`5_h|QfsT*xa'=.}j*SA6s!8#%9o;vLbj0PwW^Y6QAn|j*^5wK>m"Oy1-H6P*<>ZVl/act%Q,yHWa39o}G~19o\T/[+O,('nJ#3C+sw3E/&aJ)FH>w;Uen:>yai&Lqpik,v\SU=P@bs=`ukg'4Z.CoF#BJ0ZYP.l4mD39os3v-nUE4_GgBs<9oYdj,#a/:,~#1x}6N.l4vP<cSa*8WM),nVIOKl<h<&a'6YuwdWT(s:Kr#$18i&HCf*TS98iZNh3"pf[(9WA&rNhtbj"cs.o@a%/%ilnjLj*)D#1"nl?[J;u\9]PukDo&~RQx49oUsOB+Ler%Z)a%t=sCyN(f=#l$a_br:.a{Pu\6r{K`a:y}A~MHG"nF&w"N)tGA-^@Mw=OLmx#jSDKql_d_OlF?(3A)J2MuTCf&*rHCf|nK#`Tx={qTxj*OA!A#3jQ>T)JfGz^-nz<+IK[GT~2_soK?v"USG@Dd}_9!2XT<;}qg*
02-21 11:31:50.717 F/crashpad(14112): s*_JeqGVmMASiNASG-P)j;qZoS,uw_]K\^dI%>|nJ~T_?k0cM6`8X6$Qh<yJhPUR@Qh<zJZ9.+.6+Lqc<Ljd7T0IP<pu,i]Tsr\se.F4NgJ)Un$9?vrUFCGWmu}c&VpHGWeq[0}gQ|5o.FmD"e]fg;&t:Tj]T2"_Z"1KW@Va;<&$n:MN-LpCQS:A104fPU3d1Uv-UsWjzx_2Y:asb)OAQagBj;QJsF":5p>WqW;1A<he;AK]c)p)L)~dK'=gA7}{aKLB":Up2KAC6$]@Qa]}zD6$ja&+H)0^Z"U=Qa}MpQjP'k$=qtbZWaGbR^:Q8D-1r%ga{no")D;AK]h<zJ`L-(<A7s-ixAEBG/n:Oc4L2zrQZE]T_p,f!e1Uv-\R5L%UHm_t:Qx4n:iuhjK'EasJVWk']TcNf4&m@mbFTa7Z)'N(-1fc:_XA3ZVl#K$.y)F(ELgk-1FSlQ:AG{+JYr8!/-wDXehOFC2">r#B4,mKht}67.c.9AoO1oK4g']TOBK@
02-21 11:31:50.717 F/crashpad(14112): gv4xf5\kD}jt';kP~t%Jjv|CXe#JKrdWC)F\P+Yn#L$~x;q3n[VX\Z3W~UZt7M"B2<'7bq*B4b=HrqGqpicqRg4;j?NSX.f6^c-s>nGuO/2<9/RlCtq:YucaIxl+8iJjs7#u6R|;A$8v=s;rX+N8[t2L]M6dj{:u:GGKwoNx96$M{OX.KtthCS6R#Kkn2f`qybp/Cw;<Et=iP-2:XNV6&lk'3b_r01n]:N`t2bw;0uJ2HY?wsXtL&1-6kw0=;s)*Zj&>J\=nZ;1m5K;Vr&e4'2lVdWlHWK{GBO;&LuZ[|+kw@(ygjD*Fng\t?p]Tkv,O;n|]Df*TfR1JPFPi9c;SCtaScKUI<w&$uahZYu2_OhNPpcJ7'W/+%Jli+8_v(?Q]0Ggh>1m*/1$njIc5f.&8iuU51s/)L}2u|cgE6q4s:cjIyq@Y}s,rn^l?`**1r?Lw"XhQMj1o*T*7RvFY2WwK>AM^$gRu<,:OIu<s9)=&Y6%kiu-[Ss6[qZY)Gv9qrSzU
02-21 11:31:50.717 F/crashpad(14112): l;*=pk}KLpcqA/=^^`+/X5C5Ekf<#J-7EDdFgR$;2mWG(XJ?]6(`\{&)g=as<soDZA$Gi;'ebgo.}5tG49\\WsTU3tkT}d`pRB\7A<t\$41o.TNYmuS^`mBtO/n:dnO0}g'G!UDKMa]kTI=Y*L.=X]\ZgEhLt3E[}d`pfb{_tY`+lm^CnQhGdfH5?AoCb*]5htE7o):V.wg_rb{_l=pu+X"6udjQX-Rif<;vzi{_XSbube-HPq4"2;|MExF$Vnkn<.VnMgXjVzAU}dDrrJKaAgE4-WCq*-gvgJ2UjGJCfT_kH#OYZ_:oljTI[11z-^[}zD&lpty4Vn'tgj{_bzXr_YJ:xJ+H?r:bWrms"@$tIW)CO+:Z&0V\\SN+NDp1nQ2XV*L+1<gjE4}K"_p%*1M+:ZpyjGkmd;1-kvEF}dfS,clOjGWV@?>)-xkaUuf(ALNl{_RplDVn}@BJmtE7`tYq~76jb*5bu@)+\;}dBqWBO+.|MXYg}^@[1m^=|WZ6bLd)
02-21 11:31:50.717 F/crashpad(14112): Q(jvxp,tDDRU=PLwSt[E}ddjB)..64mQ0kcsO+Jr|w[qvsSp&//I&Q.r8~1FqUG@b*7srArZQh^z-_$7*br7:+~D*jhM1uB1gM,u0mt+VT$q!7]2vFp9FLeq5sd6J[)i4hl]u5fu"wF5Z>0tn,'t1:_3|7Ns>uNG|[8yAWEXZk_HXbbe_Cpgfv|v)&T;-zWpwg68Ef]V"z{dj\Ct"cOhpT`yM;G<MKE)_sBPBR,)[+VYH@Eu"zhX0?D+NKgZ`Q#K<Iu<UUA5HeHW|sP@RK9sP.?sFjbc}ww+.I}gU@%v^)4sU?tQ}z*b8m-LHS/L!kJ9J<6t5-{VS1&$LnJ9;hN"};no07y`rshL-(:6Qh2Tb6$q|j5-G`Mvv&o/#09b#qjuD]O)y>u5;Lvi2p5-OJW7W}L{{aEoltdczuc~roRKGr|wFg4'iX~s,[&<xins6@[wMw^8#krK}qHhu4PIncR@7EO9-f)aR+GNQjiuL$AWXS<Y3W"5`wyXt'b)-iHZiUI,
02-21 11:31:50.717 F/crashpad(14112): bwu;.mcej>RpXeZA8858sr^(MHasu2$3XnW0SJuI?s$)lV\u(=Dm^dZiN/ZNNb"b(^eoL+}Vc6#YcCe6ws>1h`3V'x,YdQgchjbRSJ@Dq%}vKt9\zn;L</Gv\[B.ig?UE>C[YYK8IuFTQS[wJ-R#Psah(mpsoU&L*f{F#wTFgr&+J#$CQ3wwN5nt,#>bG-<?Q.V6hwyH'%eqp/SH*<XaIq~Quk,sbNvuG+*>ALSevw!edp:/&5B:4<p.]Kzhpe16U-.8y~F$j2X9;OB.GuQ=orhR$;PLsc"O[C{FI45d6n`?ET5ozfGvXsfXHHj;UL?++wVIbK2O"w8d<WE:\_ozN@|a2vJY8b#4J^{@yI)nF<WqJ-"eww@F5d|Qu?^Pi+s#;jKJErD3D+jwBl5ZxwJ?jjXM@a;(+A)sph=3(V/72Kl'mwrW!4os4f~:@1\x7a9zq0}$oIzvZ"CUyzExF$@1naPYzV9m,zfTMG3w2NGryaDLzsL'+Zmwp&6LhwGox-@t
02-21 11:31:50.717 F/crashpad(14112): 6`ww>]yVO{vD&h,W~wY$5sa.d/MG3why]TMv6$'Zewh?#p6LTwjSfT_+VwCs\E^6#ph05b45p!q5I?;Ljs8=pX&x?o*4;w-vVVfTiuhjr:7tmvhy1<}w7CEW~vZ"?q!vD{?+$b/g4!SIHgB2awm`fT_QPY@bc8Guwvhy3qzuNpfu6^>LpLdUvwFaBLSuw1YF"qVb&%#tm_T&>mTAi?qRl5Ju-)4m0vlO<+ss6mrSt'_A]B4K^gfv>bCw!w@1<Akhe0~JTrG+f0HSf;')Rh^z-_*X,mq`cQXC4sx>1Z%l^`oo>>#kN`2Y!x5r21HMDdi5hbaBG@rq*#:/Wa;RiFTa%7.P.1Uh2TRKV9L?ZP@pOf@MM;G<MKgR3C9~vK+rrT*NK}xF;SDd@Y=phXJG,>U<9Ae=rJ\+dvRLxt=nb<|8DK,r?b.xBf48P9VD:BZPBEjB#T2nJp9Dqg$_~TIK)w/r"0vJ.o95O^Z_9KIpUlz[3[ztNN^6=~>lThj*^`|k1iNX
02-21 11:31:50.717 F/crashpad(14112): aoLA8HkgXhXZ^uIMfE[vCqx7E93A2s$^!O9OSUx]U6Cg^R@G@_u2&4~o.W0-z^s2.HMJ0E86*g~9\+Tvdj*<KAgqJ9)G^}2RCD>ajD@phjSK;JTBq%}vKt9\h5#K7MHUZuH[k+,"_A'W0-CIIEI7jqph!p]C`ciuXjR(OU.(mV|i_136gqJE.s?S|J/,:O}oK)SGP*lm1z@Bnq=pv.=`Js`H.z&1$M^`!K/,2z@BOtf=:h#)ztk^E0V4N+)jG^LiO+SWzD}g;mHM@B74,m~.;`sJ/,_Y@BMswE(7"RGk(#;/M++clkG`p9Tv2l#KoLvD>r7[1-3OT0-aje8PGY&1zj6z]TWk(#S=!K=c.w|q*;!BN+y*HszBCQ^@y5emylPA}t=7@Bf_{dZ`[^~T3O0hBQD}y~Wk6zw>!K/,0z@B;v"]z:qv"E@!QA$g_1YsQuvA@)'r+k6z3mJ_\[\pbI]d~k#KeWoJstk^p]~Uv]@B?@#;`cA$,1Gy-p[tBm##O9}k
02-21 11:31:50.717 F/crashpad(14112): wzer8I?0Pe|Vkv&+;\n0~JGxdgGvrsmh_1M+/}2t9L=u&xAs26Pd&eK+lGOm:jB7%^"b<QTO.5p[Mw#]/n_rI*GL=X(Mz3#@U<;qNG9b>Db/jn]P`alszU#B4b>Do4/w[)w/Gu3;\+9b-V%mx`uq{1hI>1XUSqrXT`}`\AI\su(6J\Paq\kw/:Pj7sWtzS]@Q`KaJ.R*c4UnGhNdz0Lol:pX"&,F0:*bRgR55Th%Qg|]E*)WDW?A[pZurLM9)GW,</9bXL-(4m#RiF6bXLcS3m)El~hzE4NK^5GH%JhR"%o4fs(,['W{J9CpUs,:B*OAMKIS\7IfJw9ShX0$+`@]!bUv(7^oXJ\+dv<5=LcXB^!bSrQKquF[O7CV<n.v;q8y]^$QwtG[%4O@NjYW6Th%}ZvXawa.*o>YJ6OwXvrLolvvt,v;h9+M$KVv%"MVR>[TyK>0s+RWR()FWs7Pp{W.3^\yS.=zB*Dw247K3kU:*LQWU,9bDibjoI.XO}iw-cA@
02-21 11:31:50.717 F/crashpad(14112): B)?!~u2;D3Ph:e`_.X3)C9R)^I}vKt9\zn[A^sv0LVC2%1t}8]!b.o_6/7AupncHFL+7$?aRfv[HALrg<**YV4ep|,'b9uz*PU.(lVZt1ZhN*4cRZfb6D4Dj^fb6h.t/OgB^oV#KzI0i`LV#dvh;7t+ZZrDk(k$kPvN"YTrt|#SA3bC~1oj7GHDvD-`h@bo-)a\O@L|6S}}o#U-s_An~_v~HpW;w&xGwf!?q?wtx-)=1[=09&7,A7v0CKDDfVwS)p8P;:wf!CUyzExF$^Pym7vN"n0YA]}Rpz&3a,5!hnXawC!.(=1'cH9I`p9Tv2lEL@xvDf*W<s|Gkv,BMv3O4NRa?-H5bUWNYewC!:/9bw8,vH94U!c5b-c=qWmc&?SR8h+Rws+GtUC%Y^l-z;A7v\y[z6j0UIvs]/)\nZB^POhnr|#U6NwER8LCkB"Ojrs|#^5wKDvs+-u"S@>qv"|3m6u@e[:|wvkzn!vN"8jhs|#L@t'!xf_Ew\VI}^_3U=DQV
02-21 11:31:50.717 F/crashpad(14112): NHmvF)\[WtBm###C}kwzertY7Tnn};uK+(2qNn~d=,t+{0.5qfVHRr-X3b!=;mzKOr|wjB`Y:b]FLGv%9qp&#C:QL[zKGnFs7bzlXmx`%bleDL?!EQB`i`XrtsoEG`E^:N*ZuIU,g?#BYLx=3}"F$%:Dq]XuwQGL/a6<-(UzuS3;m)uKAC01}ayus}ly5c=q2X:1g55nT#@Z`eeEIKO6Dv<SWV&+bB^+]jZPKA,Ket]*)J,i&v.xNHk70J#uU\M6)>{z$vMK_\^aQD01Ua}10K(t,Gpl"<l@'xMqTlia4\FE!t(NQnWOJ6ztbxuT?u'-`JeGB,2z^am__kz`>K3k]YT69<&$0KNGgql83<Qa`E2ml[^a_HsE015a%2=rCqB3,aMH"u/yGM<R"Fsv]C0KRuuDPrrg(Th=rlXWJTPr`nxARrIh/Zkr;00K&4Y;sQ|JBj*aCCqlf.t/;/.h)<F_hy^aD}V#Ra8qn5]pVaP}stWM9osqXN-)OrB#@Jb&n0~J
02-21 11:31:50.717 F/crashpad(14112): t3G`Rj]tErJBql\9V,?`QF#Jv\L*1u~p):Hv|wjk$%?qsqXN-)OrxZ^XYR7aS^hIZDDfptiFQXnY}t/y_YN7bLF$0KNGgqXNv(OrjcT^()`lHl+pv<}J(MV$0KRu%D2u~.DLhkPrhrfqehlQCF?uu$]l{n3d%hYTTqXN]TWk$%S=!KL_,vT_4U!cSaP==gz~R&N>JTPrb3LnXR<a{<,?K;Unl@Ek~:0K0pgd.m]JfENk2|w>!KF,0z^a;v"]r>qv"EJ&QA$g?AYsQuBG_!m_LI_!;v|q?um`=ubb4<wU^a}G~10Kv@Gwr)r..|UL7\[Y^aJVm`=n\(e+"pKbF|M;G<uK1+Sp<nI(mlvknL2JlcbgDPP)CjY@@q=t<N^aR,5L)1?AFLynW=Et!R'nurP6i>cV~WWrhhX5\S'4wKbiaco5mLq9g5Uv$Z0iX>/,RnOZohN\?J{Qat]*vR(b#o3gVFV-~lKN^hH6,WMnTu?;WJKt.l$VL\S,FEcYb*F,E+qJ
02-21 11:31:50.717 F/crashpad(14112): 87(b#[E[/]_uQ_'y96zW7-[2hpHozQA;PTnRt[h+r5{F06bRUs1Cq%}vKt9\zn;L</CL5[xM[66fF?~S4a7"@12spRGy8J(@|v&e8OYvfsDsWLH(7R:^!<z/3V,?)ulr4Tz,xMlvMNLO?6K/@%`R!4*Rxuf9Xakr>?*ulr*U{9Unr_T<12}3<tIf@,U,SA6e)AaKjV'7N9A9J6_K(N!%{uG5Nsj-L?{9}qwi0mXh[g\6)AED)A[vao^jCxce&>$hU4be8E*<[g&>"opyue<J_u>x#wz7X6&"{dFNR=!uc"{,d#c0lc]f<c]61wi=Qf:ZYG2m'f1orja<pur6sGvQqtj.Jw3ZIK*j<\P?}e1oZ0iqFZwWFAT)"OY+Ps0Bp.Fv38U,'GV[56cK4Pla+c6m`I!Apq&4#eq4JVnu<TQsbT(L7c;Y(bv78bo}H1=a5=hP!8sQnu@>0syBE)E9!OB,_vmc(bKbb#~f"L!6qHSANeKlkXUs)l_C&YMn`XIcT/UC
02-21 11:31:50.717 F/crashpad(14112): @1aw<uQJHH{ZH\^P=kRDIF9~_9!2zw234fzT[Ou](R"je~vVU>|[XExHr>=0joZ`=JC3@en,UVguGNgWBLH[&jTCV5lnV:OioNQpR~I7}7s#_g+*Wft[pX|?jpQgi<Jac^GWaRH+R>GwP8B766V7VA=E%jDCgwv?Aht[&IoQJWg4Fz_(7Lktxe$x$Y@]X=1b9,~3q^l;^qb".(yw]mv^l;ZqnH>vDGW]ML^m@kW?^<%u3qlSBw,M5s`.d/MGgqt[XJA3f^l;[u$gSJsEFDBc+GR_?Y?w4QLXdDAk\?z2v<Eur{_cQ`|Yst4#&Q(}^#>\ZVN=Rv>,N(hwZ9rb5<5wWj</PwW^I6QA$g5<YsQu&q|`7gxM`Tnwg7`rkk\?0q/FFDT\:DywISlQfwlJhoNkF$.z9WvlN=Qv~L-P&LxuM;)]uo^To5k`CP<g@j._z~)<rqpy>Q{;KXZ*MLcwMJzw=u&x}qX-~F:K&\{X^4DPW>f6xp\_)"@.\PGi0J$C?olY
02-21 11:31:50.717 F/crashpad(14112): QRiq>0V6jQ.*Zue[Xm|n)i7-m<gql]-#k9jgEven/3EJ{BwhHQL3LP}[\Chc|w!Js|57U=@[DMsH9NN"B5[)Spp{W.MLCijJgJ6f#bFES`s+rLsSgw"=Et5e:-nXKZ^@BwF:bFYmxuJAKTywOn'q|cC&'Wz[JWeq}/D{@fNgdQ1L35c+8U]2M<E$:&*6JU{Vn^JFxLX]u31WNwd(@y)+k+7kkvJm&]Yfs9EloR[_iR(A3*UvR6RPamvg'sj7qo^M1<fkn4[J@ROZzi}.gwk[I&guEk<"EuV=n[?5'<<HF_`K\bjLv3ucDj`-~Ys&,8u/}g0%x-X6eJRTd8Q@:^9^TOOwu#;\zMvQ5jQ;VM'fnK"rD3#SSnEI"C_wu*{Ft@@e&oap@>2+PHTk2vq-8b?^HC))8w9(wiP?,7Ut$/0M3R;\F`Lw<~dw$*J`T;X]C;xuZ>fE,E,S_tjd0%7V9q|YR[\;tnJo6-S,Rjww~7E&-6CyJy6S7a`n$}y*#auVIv)z
02-21 11:31:50.717 F/crashpad(14112): BmB\@nh9|r@o[JrkY,}b2qr`gpe+Gsl1-8[JJunWk'Q}kmd;Q}uKb39O%otrdm4<ymckHW1ijF|K?$`\|MHWa39O}G~19O~6Vr~|s\p3^oL+E[nO$s40529Og4erP77.c.K6K8At]GD$'&mKJu<.QRPct#-I3Wdll%ccH@eQM6;PF/"s&J0@-xyrB`xofQ,L&.ccleD9f+Etfs!GHS>Vnf(Kf+!p>nP532ub"J7JEN.h8c,0hag\n6^1KtZB9Oiqb*PqDg$Qj&^'ccqSl]X.2tx6wui2<@(t=m"NaT>u^<eS>1_t`%k\aunW[p<RF"-8ephQN6gr$wLe2@kw#Pwf(Ke+7k~/v/$sAsiqxi}BMQ,yKwoC#Jlg<n*tL^z>EMcTzKAm$;9O1sj^Q}g4T}U37LMu|n%Om5vKsvyO.T0E@2(~~(mVl1-8[J@ROZ>s9/xKgXdvn(V,'<0b<l!:cUU(4L"Y:O@b}--8-vsr!,_~j&X6JubQ|;cuv;eQ{KEO<yWt
02-21 11:31:50.717 F/crashpad(14112): ,nD0-88qOZ<nlcAHC@zKw82+PHx]Q}JRfhL6eeIwhMj&j3[&$niXBDM6/:Gw8v^f`cxvCZ2;5j.(`1qY%ZUuv;HrT;9OlSTG9O^|Jy|e629ORV&xprnVBAM0~0xee+Y^GjV03XV*dwXo|*-8}KLd${%)e+apVxV<qv"E~1#bA*-8YsQu@fi6K|hEHtlkf+3;/Yf+}`OJOunWoJUuNgQg:dt#EE'n(aY5Jct#''Q}m_T&>mP5TU_1w5^_<m##cc~f\EQ}!aKo7ebclv7Dpo$xBaLwPcvTk3~VUv8]8Hbr'xO0{nGJElvv{fo/uv!Ibo.8/6%q.8O4E4-8T^npMvj&o:6s^NcYb*xEuGDn"N3>N6-er<:7ta"7p!V,ua'n68s\Rt=j$CpgZB9OUs;Dq%JuR)BWHQj&=1,g4qWm"N=D*Qj&R#7aY[$}hQ0ErZ{KUWVTf+GsNN.h-4s~qx"2f+9dpiM6qg0LODfr.dQ}7t'npEf?b:pc.|moiPj&`\fR(3,f
02-21 11:31:50.717 F/crashpad(14112): 829OlfF9e+ylb~j&U=LI4>qvO0H[Wu6{U,K(1eyKODF$9O,fx2cc!f&Qj&ZEo{sQiwv\N6SX9.|(yt10cc!fLpe+'I{wzb${E*{zQGLh`2f+;3&utaDHLGN6-E,S_tRc0%I;sSL6uUiwtO8]zGFQ8]0B+7vn[)cc#g,xOuVk41>Tmo[)cc{SIvQNWHKnW_B\sm"Nw>wv3R!"V,+Lerle[6|[,#?qom68fQQANw"NOlswP7`rQnpE^@Dn>|:jvb${3qjmpE^@^(V,[>^~8]"HbmTcqm=m[L,)e+{m37Wx8]JD,:5t=mHqMG"C/bY{oz:.lrCU>4S}Lu*57jvvgllwnmVHVpd^X}d)Zg)x{F%ZB*?VgfD^ZPj&uQf+e\TCe+?Ii+9vLGGYF6ZPMmgp6dQ}iqb*Pq[8Zd${3>N6;@}_[0Atp"D$9O;voOV<Pv6VSLUW6dQ}Us;Dq%JuR)BWHQj&=1:^dq?a<oM9&6Q}AIS:)fP5X5Uv~[EEqgjb,?m]Cn-2
02-21 11:31:50.717 F/crashpad(14112): tw4.}KDvj&}Qtv9%z>xv{6RvnWPb.(N6sX|{`1NH8;N6}mVNmoiPj&`\fR(3$)RCQ}n~-xcwJ"Pi1BySL63l=[xKU7j&r"*UQ}wtjLLGMX&QLGmXDn"N=3tQsQ}a.teTFIgUnteTLZ*:VNUaCPLGmXr49Od}-xOunWA#8,H@^H4;9Ov6DwUA/p|kQ}iqG~xw!v_x,+RCQ}85)x(n<KJhid,?gTjreXL|8]/h8mK6E5GfZC@XL|8]Oh$mo}[z6j2BeiL6_nZB9O7terP7X.K6K|f4L6grH_L6A/*N^`ywleGLzWoI@sdaZDDnF@[DBzj&8jHcXu=XZ?9O?@";9Ot3%fSLUWRxj&zUmWkvOPxhJdP.QIuknLLG8dvQ>wm.O6%Gs!toN9wmuK?dxtM6=uNLVu8lFu60dw'wN8:V|JLR=p&xUxjpi,DTT_"Z2mj*`<9Ol?gq!qD8KY|wxVAVyuca#3k5=v.rRLpcjN_vf2XnW0SJ%qVet@%e;Jpv\5pj5|[K
02-21 11:31:50.717 F/crashpad(14112): ,X7-Q}KtjsRLp+mFvTGt4V.pggTvfbz/GuRzYTjN)7?W5A_tH[Q}?kL7EWh>Ap_u`1qXy.*sfRGy8J@LXRua&4Kk~I2k%j6<sWK=AO.rRL6&QA)b4S,Q)[|w|X]0[n|uIp')Bu3Bxkpu7m{I\hZ\`Ajv:ff#$`|wb[3KjW7-J6QFRi"v74BuFTs8P,"e3aYHveswK^`emxjuJKcd\/AJP|V.6LLB*VcePCL<+/@jfSDuvh<2agCuz=UA4f.@opz.3Vgv)BivIv\hSA8L62zQAw:K@ADg>\0I<fVd|YP6(F[g7@h`/Q%f&\LXw>9q1o~DOt*jg9Pv_a1S#wKEzXoK@A7td71ukc(bKb4|(mp3i;3K!u2K`&IWXrP[:R"C5o.{-)sK<wq2"RUa-u2KnIdfjv`R3u2Kjel(36BLt_oZ*gWh"bbF[aooNH"bbFG+t[/@5qts|8}jZr4@9T,3HY7vD8i&"b.,~P>d%w7@3vLLUV9/Zr":hSs>&u(mH_3fx9Ot
02-21 11:31:50.718 F/crashpad(14112): <i\Om](mBLy8&t~8%6"bnL_YN7bL</Gu0zo>_r2|{lewf9`v_a5KSu_aQu_Aj=YrP[Uq8=`r$%o:D58tmaf\vN21O4ZxAU"bdwm5gU8bEaVT&7.PtKFlZ[&LRRViZr4`M(Zv!ezvqf7w2KhFc@Du0z_cq`j=QvaF|)(%>&M@H5j=Rv-,N(|aV9rb]05wWjp-PwW^|'QA$g]0YsQu@f#GdNhEHtlk&m[a;:|at`8tMqTM3q&k(IRR_qZr|\8OTvK+{<Zq|!$$X_MG*,uA2j.i1O^I_Wzz,)%mke*BuLIg<##<1`L[vmeK4uBpjKbllwn^b:;w;cuMnk`6#P^(}|kpBt23En(JW>?4wkdW@yM;G<qar96X(-VJ)tD<S{g6)Kj>{ti+8LDCqk3<Q:kS7V`;Rz@q<`ikn]!4Otp>fdHWZZJn}hb(GQMK!Rd60Qk?vdyqEK_Jq;@j\hleV^pk0Eq[,C;j3Oeq4cHUq\6ff4(Lsi@'M*eq=Xt{M;G<'LhRjn};
02-21 11:31:50.718 F/crashpad(14112): 'Lr7sS,L.UDGGp[O?q'mH6&i*>q5f\S[:bLSq\]GAoh+s4:wsM*1DtxWc4,beNc+9p(yb2VA*NNH/wY[">_rm,X^{/OF{M)tNR5-ZJ)t\)G[StTeWN>*;O.vj{!t}pjJ4K[Zt{*-3W~p!iq\~4MY*LJSB.x>(h,80wCm4;Pj`+A:T{(Z#p0R?5(LjcFMIM{/GK59HM{/pGj[{/:agLq5+h*>q5f\S[:bfPq\ipLWSurvSNComw|RIjKQ>`<IIZ$xGK7nqmV\uFTkpiBR{_w}Z4T[YXGpZn<"TJFGDc=1}kwz?oRR--JLq74c=1IKS5^PclX.r9R.=L0v9>[w7chXKgdsGu:ns\=K#L{PCL9u*6*vTuLhqweuv>gG[vC?)Q0o0y&LQKpv?t7`;AF<#3vmJLm5iQ1Q`UNHg+`w(!,(Z\[+>$@Pl>dY\[B>K@$w.)Z\QV.P61$p2m+P6XlO59TnP>Gad\OY:bfPaT9dHm&Lq[gCMPXB'%"qPqIffJx|6l8,
02-21 11:31:50.718 F/crashpad(14112): p\Y}V(Ug/\nkgdv>fctX|/+8*,Q2;`=lVlB5_r))vJx<R6#NKGH(a6~otT?SHaoc]2[JNu"clZNyO.W_mu8-Ug(JR;'`)]9q\hcTZs,r*JR;%vg*r2dK4H4A3@_6>w\C9&PIZsz3*;&l8wLr|whpT3@dE:0i,?l'O.?L{mkp4cp/cwu96TY.sFcZ|Oo>?\i]E67t)t>,I.4<!HnW-wjY}u:[AS,)_6VsruGWct`f6sbc.wDNUn}pbJjv2B0I&W.p[o*rU]L}c+EtfM7S*LS;0@:6-MCsjI"5dV.pM(xa*=q+UT{0hag\Zc\+Q<|/)v!9DL/J9W\+DG-XNG@6.hH&JY(EW_!p04.h;vEJ-Xn]2zBLrLM(TKu7*iJ,zzL}UXCS~vjpL}ir$w9>%H8:0Mf1y~=^B:"tX|Gy8JZ+g5QZ0Z%H.akp6?quGr0k6pN;Ugb5.hMwa5.hor`i\+'7RvnWPbHeX_D()D*}m5$v-_\^&t^L:VqKCEZuE,IH&WVD[J@R
02-21 11:31:50.718 F/crashpad(14112): OZl2dqFSt[I&guwd96-M8E0ym`Ci&Z<QjvVa5ZzrX_Vq6OsW${(y[fL}KS\m+8d?;q3j,7kg0VVDG@vzvQ+uAgVHTvHfjqi8wVVDep$$oK&W.p(t@:xH-XX9%v@k,|wVVD'`zMI-w5oKSg.t/h*GE&>3:o>@l\@Z2;5jP1`1YM&A(5:W!c%.R2|wT[L}!B1w%cbN=o*%h?m(}FOD%vHI-XfP.`M|]J1Z9uR6Sh$mo}[z6j$#dtQClwS,N(Lw(81|b6BZ:Nb6`){o=u2&?qWaRJYsQuxrHfzmck81:ZVlGuR6[h^z[v*l,Li/S@Pqjg@)na&uL}?mmB1LvmOY3b<n]'?$[verP77.c.K6C|AV59p!BBqcvQPvHfdrCU.p.},Xcvn>[*4A9Okw_1M6[tIu*-#WNzB.9bKb|H{v>qth`QparHEKktxA3-bRVrE23LZ6|oP1NYu_sQtE&@1R#W`(eIWk:nyowQGL=X:N(Zuv[OGt$pf(tK3s81%W28".%?Eu
02-21 11:31:50.743 F/crashpad(14112): `8Nl_>=PJ6{cVI(KdwQPww71jv?oNqOta<yk@/h6w*i`E>0)va}prJjv":z>:>{d:eF9v?()ill]pYB>PoDo.0[w?2QJi5WvpRH2WECE2q\16S_A%v%e3|h-2hVZ<o/bZ%=5%qwhHQduRu}SSK9^1WMF)t"\:;n8+vkt>RaTPvN1l'zoPcJ6$vY_@h}hOh\Z$4!o>MTJmuhpD@RJ#uf&|/EEb/&HYT|XV=?k|7%&qnl,GHwsfgi`:+Nay:LCAG1{n0x"o)'`;5,wn|wB?an\TX$SxJ',2KcffP>U#K<V\k'cBS`g,wL/Bs[I>a+^E}ot/:LuZW)TF>BbL<D+zZ(-GtL4,wUe*xpqfEy-6PqDR..N/2|z{+u#n%_L=-KU2*iuu[U9ucpfK7hnL;]&~v#:h#}+P\*G6m;~M?:icnxtR65\ty{[CBeb"g1dEO45Mb=OWoV,Z1}ufLemHomlrpTV0[Z`NlfX^qCg:D/u$>0jTVUVmZ9`xY{YDo!zp\ILGcW0
02-21 11:31:50.743 F/crashpad(14112): /w&-#Cvg=PUK=dBFQkZR;kTk*Z!6CA{cuJVOG=Nh.K-FdTbJ5MTCaK:??uQu~BauJ\j\Vj<7jNRKT+af|q9RW_a\!2nKQW2l'-ww2`4EX]4~B.I4!b,ydoEtp3u<E9^gn~-HAb,T8b4*zjZUU@6P5<]l*k+8SW*jw`gUW\0eC;Y?z6jdInhht<L+_h=m2qK/.d@3n5L6"Rp^HaIdTCX=`Hod@3/D';i>1<"0Bn`gp2U\vo8QbIzgpnmZjd#z:sOa3?ZN'iv^Ef^';s3]O@v<grTH{@FD/L,KDQ`1\lXrl43"0Hg5F]bVwKkS9N/aZXz.DD(TbVK3A2[AbNP5NimZ6Lbi(5+LSv(O81t\.vFpZV,t,Z4'M*(wxBnQ_\.s9Fjlq[,tdOi6av\I*>x`vGejt\8kL@Qj<f^$%`QVPwBQXw}bg=0w`v6iF[:uT$o9@q_H1J?k@Kx=WnQnip:7OYDd.<ftCtdE,<\g0dvd:CfttgQlJZRmn@=knq-1oMUXDdrE
02-21 11:31:50.743 F/crashpad(14112): ]1|Gu1rr}q4Mx9Ijltgulk@sDO]2na$KX0pKd*Xoi%Gmi%Gmi%Gmi%Gmi%Gmi%Gmi%Gmi%Gmi%Gmi%Gmi%Gmi%Gmi%Gmi%Gmi%Gmi%Gmi%Gmi%Gmi%Gmi%Gmi%Gmi%Gmi%Gmi%Gmi%Gmi%Gmi%Gmi%Gmi%Gmi%Gmi%Gmi%Gmi%Gmi%Gmi%Gmi%Gmi%Gmi%Gmi%Gmi%Gmi%Gmi%Gmi%Gmi%Gmi%Gmi%Gmi%Gmi%Gmi%Gmi%Gmi%Gmi%Gmi%Gmi%Gmi%Gmi%Gmi%Gmi%Gmi%Gmi%Gmi%Gmi%Gmi%Gmi%Gmi%Gmi%Gmi%Gmi%Gmi%Gmi%Gmi%Gmi%Gmi%Gmi%Gmi%Gmi%Gmi%Gmi%Gmi%Gmi%Gmi%Gmi%Gmi%Gmi%Gm)%4soaKljrHi`1k`>h_Yr`aqZBiu0Bj3t\_6;i4Y2c\wt_E_jq!iRwv0I+BWaw|sY*9sx')t:vJ<>Wf@grxv$V9},_XAtJpyitB[$w?+<vG5]wVMn;0KPin(s2^a4""JP[}r;O~r
02-21 11:31:50.743 F/crashpad(14112): a2,?YKfd*aVlau0X6$8we%#c?v*5X]h7yV|2vd(WDnR`z;MwHwx@LCo:~F|CRN:l5h^;NpNpD/]6:8E+bwbC!aPmT=^+`r9rX<.i;vD^#8.KTX'e"[OK5LJ/`KcsW5_K\_mEK8~N67}`dJ~];1XIQaO=Fs$s\_uw!txy&G)vTRH4TC'wJT:|Taf(IJP/Kr%?=rC*}lA8pIN:nlBLlCDi?1j6Vg&\JcvZb~\/6<{QXO:nI9,u?yRN&=>Lnu`n8EFTkrlQv)z^^,#+a=a2uuT4Mx)Vc>4%Cs<*I62J}wnuq=-x2]DWVhh3B/8mziQZ{_{@!xsg8$9}X+4r<J7ndf6j"xPJY/LW\oCnP9Ag@"I`DL&]igyKH^HrNZL{oI.TmrtUDvLiJ<:1PoPZ3;w>rU>)\C|w91}zQZqGXAL6_mjNM)k\}v|*$c&mAws2C3d@f'@v6TqQ*RSkhIoS%8*D{a_p*JV.O;pzlKetfY#ix]aaC9Zilc>bs|\6DLH`Y<aJ)r4<
02-21 11:31:50.743 F/crashpad(14112): CwN_`;z~\?vuR1s@BtVC/)GL0=dKTYl:2prOp)9RSA=^=2a*s7&T`AK\xq8*B>Vs:5tbSAs5nn"v%n|vYdbk8DMLR/<o=SvJ*67afl[_</;sYA\T$S[0BPmIDUAC~V_w$%GuV2Iw!W5A)VDS#m*:Mh/azn.~#idY"GkHMlUK)Mr\=BHuD;X#ALoC4<xHWgtd2PLs})@Uegls%qhK@0ZubcwVQ`2J?)\?S=<.`Y]2tVFJ+ssVDn7AEU+i'o:d|[Hu^ZSld;v4Sv>H5wr7E6L(v4]sC$fnZayGX;LOJf3k+f"Y;OVXuV$v4c0Y<n^hv>!t}nO.$wOFJW}q]w/tSgN\AghvP6.J[\WJ$vdpJ>3k5SrNnIsPp3wttey?jo&Hn0wnPno-]s!d{c6J&Q"DKu=J#;b2v:T>vq%ZHK3[;o!WL+znSnlz\\F?[\C`6wuS[?g\&@}e|9J>f9vrR-lWPjDFjt&G>v3;$myqB^0b`j0<CaB]`TZ?$o~u.,#ZY0Zhknx2
02-21 11:31:50.743 F/crashpad(14112): gm}Q@LnE`wdt'tuq6<9wewXDx921eKVT`VwE6eRr-@-o<dLPLsQ4/q*tjF6A@1|_t45L(@8;ds+t4Q$_"?'5b(*)\FU6=s6b>X.zDr:j">'57#jgZ1Y..:gKRu'eR$<wqYbX|Y,HLvk'1v7^&|?1D62o&Xmp<gl8J50ugzl+`3$;[TTA[p=w~2G\]AoB;u#A?vXn'k=3vgdG$/]s#[,S]aWTcQ{@a*Z88m,_dS6gQcn,{FaLTC;KH2Y.`T!0\g!DZ>*[EE=A2As;YP4g7KT>~e:`s;wKnnhB!mLL.]DupN(w3hr15ppE+L[k'15w:XoCV@bS>D.H_R(i[R6b%E"b&vYtP6bN;OKr~HKNmI&AR/Loyd?ag^u-{K,s/c`lPtoR@umi1-VTjdrN<@^8JK)Nfs-t'%;swu4p(bRCr\DpM[vKd3B5z%j+hwCU;OhY$wah"d5LGq~Quj^t!>igmi+fT=cv'ZrsX3x`DL2(\v';$)aw~e=bNBvKtaHW?qB94KuF
02-21 11:31:50.743 F/crashpad(14112): WgR:,Gpr"N&bZv\l;n`AT/,g8s@YL+uu*o2O`wArh)uu1rTdlu'Q.jPgclk2XnVvo=}b6rL*kqhsV5/9-o8_zFx5f*N_ZFh}BVV6RB6>jIb|%4z3nv~q#mCo.mAv3;@WLv~q0P{JMOm(oYOI68`6dOF(vtvh?d}u0_%vbS{lmB#efJ~Z{`Vr9YJNF(YvfZ3;+mklR5SAA4w511V_lE8UUaP-VL0EDDOI]e6|,+uu:gouF5'oEa@1sw`7waOV*X!LPU\FwK-`1w,0fwpI^Gw`"Afd266*<vK*(vDks(awYb[;t=Tg$[/+8DD3L@$vZwT?d<D&V4F+%t8@s8*Z)6ZsQ}1V0<LSNtqju\z>yqToegbl:ucQgV}|G=0KjJx`~KOo:u4qJ88LZRoY4A]7*r/M'uSl7Iw-C`6w/Dh?P^2XXY~se)Z/(6Jw..1<%G'wbq@1sT-KO.$w?Zpa%a(f6--wr]ivdQ}szRav5h7?'bWJ$vJZhQQZ(1?2uw&me+k[h+uQ
02-21 11:31:50.743 F/crashpad(14112): .iz@*+MWT3\rcW"2~Kl1[6N/PYfks^S5:X0<jt|YNk6Yh?#tFY&:!wiToac.*:gE^698jZfD0{5vC9_AnZ7wp2<b<%?D]65N:.lz'ZGaJ8Xph0"2~K&0}nF8$[3tI_'lZrxw(aN]5WMtFV8]-bi9&eVHZ~77huh67t<uK;:weN~f|+\hHaaPV,Y_6WWi8s?b5@_R^heGBs=I]=@DZ9*,~XBupa7yqjy>ZO+f2FG9x5f*usj2K/<o@|OKnf<GLW.u$_*1fXNh:"tPId`Xua26*f,ZqNIKMnvYr"XK[K.HC0Ej;9qVJWWJ$v:\H5/bnJm7y0;nvmG^mH'ZfmML=l!B@D<kdQASQFnY{3}ZKH79nS:vk;{n=v@9*1`a@#~qt.:o"HBR8vdk~e|^`ICwFe.l0eqVL25>}JRtQLR\%bNsdR(C:zfIHc#xU0]s6_3V(Q!tB-GW&q()Dg5@AoL*(v=huOJL1vjPb6"C-FXM:v<7^p+8kA!eHA?7Xp{`[h(i|1(T
02-21 11:31:50.743 F/crashpad(14112): n(YW6.6~9sh(YlT\/a1u|RUhPmm$bRO+_kxDO*@v@c?aNjcq6_QjOv7Hz@vahkDvZ$FA0fnkpp`D.x[O(qpDSl'Y[2L]=jdYB>pJS-j`FQ"W1R2JYs}aEcL[K3Cvu4J?B:}U{Q1r&j95"fR[^`nHqpS=5b|XfT[6JcEW{A*KUJitG^voR+(L2@<g9,~@b;$oDW]w;c3mb[ztvX>D'v7})1*b:p`2/]Xi@b_rr[iZDu1mVF$[!x0l~:AbXiRrgpNm89[a!06<.1hvL`BRO)1md8$T^T?sx[\;QrS/XAgh%D,WI6.Q_vWOoKBB^\P+:u>tvi~sy9zF"wak$ecwxF@vT2A^vZBn0<tKf3$;oz%x'.+1@uVg^(|vD4P71jfK$QZ^DL>ip+HPNwiqSO/Z]5rKsuh;cw~]h=$VvG"[b~he'm3^FTSwddDYbcMAC63u`sHHsu/gv^al:N,wf0<9D/wv>IBB;oCAPC}1gN<DlLqRg5/wfq*jO`4Sm4dCY`oh@5WH
02-21 11:31:50.743 F/crashpad(14112): nu[_M\IYu_v>K>jNiKOniu7kLrWpXAgb'AR(CI!)6K<I#NEuu1h6etbv.v/&W*V,(}E9nXezhgF5]fxmu[ZFRa,(MLf^*ZYk+IU6?k$cO_Zd'A-dZ||%v4PfrPpm[_gvi6ww.WXN&b?,o>&QXAw@V2wM,ZDuU;n_,?*p*<B2Kr=l;,Z6\(jvu56$~JWJ\K|OzQ_RQrpvzeTBp]:u,Ni6RAPQ{sxOG@z6b>w)**0A]vPUx=bq|'=rZERKFuxBH6:10~?hr2Ms:c>O2v.QJr=&UK(mQk#I4Df6sHO:rdeo0<hQk,K.ppMJ'8fonoS00<onjbWg050RBrr?6FfeGW;q!ruD_Tw;>e4s!rV]}p$k\)l8NGtc\4O(1KK.wP@5JnR8qb4mw/&Pps#&brFO"tz<Zn#|YO(W8SL`&(IwwK'%{i&VA6kg24]l<u<OOgVwjd1Gl7IToSvFh5TpE`aR[6ZTepe.89EP9_6HdhjUS+oKUdna,9LKGy&'^wj(FLH@'aL[
02-21 11:31:50.743 F/crashpad(14112): 0n|;2&Cs[r<ihvD@zL.d#[YAhr~vhYeTRLj?Sg6WI++tNTU3I@3wn:kuQwfk$lriv<Ff[b><V=Fdf6duxm$JINsK8)k\7`4j%\-)?LJt\So%\uR/_;(1wh%gswb:84[o'Z1izj(Cq@.F!5*St|35Xr@=ouPNb6Vb2loZ$1|J3RTsp-&v(T(9(v1ORK(?0KSn$i_u<n>Lb$>1D6!g9w@z]eP).n~QWguwUoV6Q2\lfDG6z$#bYbuKjuwJ'^<)xvO+~_rbEH:lT,VAEqCU)Q:b6_MaQp]1nbyQ=16UxvO?#>[/0<ar[0ON`Aq5,7DWGQtc\;6o/L;fro4K-`Ww>l\D?b6u@>pqG1~w2M_QZ9eTuw=*!bjoX=7o'oX_4Q(=6=2mwU)Gh>yuPK<c`\)s.t8n0@GR7E8t)G7eR^:6^D_rE?[\Hj@)@gB-kqV.]#DH092)4;X_NufF;sD~]esK~v1X]2{aJVYn1Sf4/6$|9u)p2mWRlGt?3b6AXD)G~B1Lx_3<
02-21 11:31:50.743 F/crashpad(14112): nzGH]0Nr"D%vUW`Anknw_\Ikz>Cnp~_uZJ^MfgK\M1^pJL[D`EdJFAr5HU7>=jJT_ikN6l@n>p.=dwAFbiAbM[K\D3e6Ad>ob~||Fv&nvXnXIak(hWHE&k3mf~{KUpr+`B"wD.xw1`yp1<0wDa-TBW^d]Gc=P9J5ddl-;6vwKREhv<S@e6yX4tTS4b:AVf2NLLaWbhv<9l\3}sSG$L^]nX_@*AvHM)(wb@+e&haJL^^w2A|=GELLWb&h!RqJgva:DQ`1d6q|5pPLZMnR2a)^1q>u,cww7hTScK-o~Y2QvP!Rkmv;vHv=<qSt|'j+gw,np:P9^w4v0EVKsK:&M*(wHCnQ_\KLe9L3P9^w8IP9p=6aT-dOjw@Xddrw]KJ6ghkC2bbw6c|70w0w}ANpeZ:v9WHs2wR8MJ9/r+@2JKi|^hNhthx5hiv<m+4nQ6"uANnXZ(k`XVnX{gsth==r/moJjsW=8v#syzgF%oRZGvg%Zsz_A6yrB$-HP9>DDM~;-bJ:
02-21 11:31:50.743 F/crashpad(14112): XURw~GAd\_0U'3wwrsJ^9mbkRZM6N`pwLRSc!RAB11NZ9LfLznz.8boupe6W!W6ilud?3BW>Istiv<}JbwNtS.H5[j]K&4{tTSIA)bl__Ebw523m%pz.`*'njJ}GILeY0@*06Le=jX'/6FnDs@(wdq\lt1u|NZZ6RsTS3mtd\eL70JRqjeiuqw[:?eFnMLwBYrH$M@;b0?#pD4@kl`xljeJtpt6;^cUvT/_;!RunF|WgSvR+9Bk(:sbQHL0ML?/F-a/sY!Fr\G^\@vge1Z\[9L}PLg9~QUa+#QNd)\RR"x5+]*'~eTo9mo6coavEme(@Qh+o;q"~ulEUiV0tdebN*){^iu>KHB{o#]1<]Bz~5OY+`n\b8A;lw7n89ODn#&3DKIAAvL4CX=ILc9<w|=T.SUo+6r~iSv,]%,/j8.|tTe+\w~GW\NA3X+6r^T;1>v~)&hM[o~Uvp/Ob~ZJZdI>@Fu\E.J!w@]R[c`R3dnp)OK,JTuP;bYZVOrQ<V63[H!*v
02-21 11:31:50.743 F/crashpad(14112): qM$W@k|_lb{QlA]ch;~1@v'\a6It8kO9qKTv2h2:p+zW:6DdAa|fO9}t/t?k\OwB@w0p$CDw(<mSVvH5nPo5-XDL9k@RfwS.K5BRSV1K0b89lv;khu6P7SnIMIee,Ojuyt^,f5cSa6)^56tN^h'e~iFlgiO9IlM=P]<BZn'q@}utn4O\Kvhsh&HhU)CL6&Z+YNfZpJ!E_u&*,br8Jv"EUL<w'$FU41_Y?wpvF&aJUEPijnkvTFf6O[(%,CXkHC<?Yz\lvt&(#Gw_|wyEE-^2f]01/qFnSP,GO)u<hE|5hKj0al[c/n|;@%u<>@Ph3wY~DXkH]`ytwVCRFt\>\64t4C*.8b;kzDBa=dXJQnn<~J#/:WFUMw+%7M7W;1kw6eZg#pNB#4U(^2Z4G*BPFUaG]o4Cr+/3FdvZ4KWJSnLUbr=XFUW+MJ5afPrZKuLPX5yviV4sxl5?a+f*L;qi0BCDgK]YXc`e7m[L.(RJf11ZyXNrpQ<8jZrj{O/s.nhZ^DP5
02-21 11:31:50.743 F/crashpad(14112): _1Xpz)!e4K[X;b]mDk5s.dDK/Sme~;&j>8`r|f7bH+3qi'1vgv_!^AZ[jvopc@:y0Q{KPO-HeTz*hJsO3k;ggY#v%}U.`c0C6jA<-@miqpJ)JF"(jn"3a*`eOgMQ!]Iw%3[rbuUA1{csETZ]j1Ms=X*Hwml%"xaG2/Q*<U'>KgxatrT-|W,x|*&afXMF/iQv;n+mdt5&;u:>cw"R@p4S0q,6/J/mZd4.UL[RxMyWD?]a:}y_}we,C9(V3K@\ac>_lwk+DP+x/dmujrS0.e"RQ/6<p9.m.:m^6nBi,}wv5Xcd%G_R(T>@&b./$HCgX+aJGpLykQ[k<WO/HuzKdQ8Aoqvv;+v5)VQ6XH^IvvJP0swdJ6RVooLQ[_si2jfuV5?syw6h8gt3atf+]9f4lPfdx[{wjfHc%xfD`v@QDWwB!06<N)dax!Et[bV\dpJK=i>WIww*NR7a0Y8[++ZdlY.Zw0huV5S/4kQn+j4+zH<`:ubHUMfgEQh_|BM6Gr<{EfD4
02-21 11:31:50.743 F/crashpad(14112): (vp,31Z6D.u)4k7b0YtY]6BC^AmdpSh)Z6D.kThe9N3^FTSwddDYZ\1b6YpR^<6oX.hDFrdO4b0L7*P+2uV"bSDW3Xp+`dw4DSm4N(BuV"P:%dvEBR3LcYEs@^4A/FIwOVy=GE@wm8AA!m^hD~:bE.Z*BBGwiS<r$/1mX9P+@Qx9FL'F>j6wGp/Fi_>&?:qqJomMRVwOL)joZLS})v9mHf>&-w\5Nx,t,Z`)y3aV>x~5CaooZLwB&vMW"Rzo0GkMdT.W.PjoZLI*FndGknFNf*6t.*:6cr2l}s(4tpiiauP"jn^#_H1JuVRb)[!eZ_HiFNGf>&![?q$v\0zi>l:(\@NF^ZfGmx@lYI_!ZjxJmxW68=4-zK(s;O1sduxZ3q0b2Y}dcuP"*vX.l(fn!68=>;dv$nSPbr_uwm5=qu@W_T:uC3^u*iJyf|Z6JAZbVB2>s\Ku@n2~QjauxvAtdQChHe%GcTLL":O6On2~]T*M2R*mcFhv&Xa6N8>P8=B]EWb"
02-21 11:31:50.743 F/crashpad(14112): 7bhdrB^tTAGKpe@nFh]G83Q*PG)g~;4ZXE#4#qsP*m;ri,4LEZjVBm0r9Z$1|J3R`)@Qx1]s=bRnn<}`S,R\4sXOy>{K@?*VPh]dJn6%TAzk5w%gaurcHW6o#b-luKju7sx_1ho\|p*m70s1R,~QZrFfB\!x~]RAc/}e,Q*mG(yr|/qobP*m)a</f$F&>P+w\gFX!x"m[D+xIi~Knl^r1$M*;s8?\l4/Q*X}:%>6}J7sDe16@liSD3{KnFK1*VT;rYzRm+bu.ap,Ni~i6bP,nh)vM8:L8mCsXOrQwv_](<c9.*@QD$6b"uEio9*m)a^0%az>(v~231&b~waD)GR0Q*J1n(_Cwv5XfT*mo\kq|/9sQ0Q*piesfZj^[D!RcqM0a\s\Wg*.NPatIY>2mmXIbuZJ<i8b,@d^@1ET7cd6!T>ob~L|Fv&nvXnXIaW>gWHExj3mx5cujYNLq/ZsRV9wHoh/0VnX^`&q*b7=As|')iV5zx1:P9L^^w@Xkhv</FKL
02-21 11:31:50.743 F/crashpad(14112): sP,gQ*T8JLaWbhv<9l09bmq+fMTARqz.c>+msDCn>p77YN'izX4t6t,1NUnXaawt6t1nlIZ>`|q+6MT)@wDaFYwoz.{Q]F*/)wb@vA^rWpu;Nt4Tmfv<+LSv&P81r+0vFpRZ,tBu(6glUoz.~JWJ2wR8S]d61tX]f6'G$(ywsFtDCnz.=r[fNhD[#XLLwr*huw+bvRow!`~PeJ3RNpz.?gx;vwsF|ezj'<e6ok-2iw[t]P,{^`YsSI{HXcNhV>ws@i2IDvD/*6*)[T$o1>;LzaDXGws9rVm3YfvU+JZK+bz`hC8m38mIRPMwB?CF.0)q*FJ_->:H^M{QVqzp71e&rFJt~d$9N\A^|O^An9Xg.B(m}tEJF[6Z<_j\2drV_),<'G"84m+\~dN6HpU,h~j.s|-KP>0n"*612bm9^v8;sk#iHA~@:G\2vDD(nXnsFs!rFwF8x/Y1!Z-Z]PNL#g`UywYi'L/pnS|V.i?G[E`qL.Ql-w*.Efn+kI0S^81WU|@6
02-21 11:31:50.743 F/crashpad(14112): 5B%hB2B4"O]eIV~IBEv/O4pl[c|r5rzTWgSvJAwa(U3y\W(<>hfT=P?sujBTM["\'x7nT%66"e*O"nCu`a#GR?6W0t#sK^p1lr"<FY!rp9Ht(mi~2m8LJ/~@ieVw#V)6{ZBn0<7>zo&;E&GJAUWl=A*L[_KjAgPI=QqU4+x4HAisH'{_usPCglTA4wV[Gt.schzi&D]`!L`DDsR<:1guXf?QVQnt4y>l3^qgnDDsLA~A|Q~GTvTREh#C{KRva>PU&eKVyt^~1bji(DX]jsTt1Lace]x#!T;@t5M]2JR,|7ZpTh;knPl>]k8%YNCw%Ghs^r{H\]hu4*ivrZBv1|Xaat0L3t4YXasmW6'u!qTomMRV9@~*ttRX-82L-avD"2e6TvP0agZrfLedQvN?4-w/X6Uh%u6j>b3h(eYv*mxpUkzvq>VDW6;k@RRw}lxp,F)G3I(*X63K~*7u."o9|Q`H1J?k0a@/kG,ILt4,nhYn,hx5dklu+WW3}():EA=rXNXm
02-21 11:31:50.743 F/crashpad(14112): 3If)W6_QFIk+~bK?|QLt/-Edqutg9uvv/NgF5w*x$nN>|l<f3caL$wgEuT|lbf^Y]Jg^rVN+%XkI[48nH5kP7<,GHws=!a>aQ/%t/^~PG`xlzfc$Ete5^u0#he3;AL.ahU~Z2JOnB(,Zr\0d]G:(R}KwgWNYObzZnp*JFDpw~rPj't<DKct@Fn^|tB^^4So%\u82_;XArhyqW_Nu}Qitu=nu|iSs=kav*k#a,S,82W\K(EGwQ<H5bo$qBg~4#S^\jnTq6:XM+fxw!bhU17D;XAL-0wyo+AapTq2ArtW=QUa+9hAIOtU5jvV&Dwj2oY>"veVy^`5#ZN-iPL[K@XRA6*|va,eq0}$LAgzT%x,Dba)*3+kh^=(xHg{K@,t48=Fr:n??'xx'}v^l4a^PjPpz`[twr`U/8mzE9snX{]RZvZ>b5OF.<0;n6J0)Gn8CS/hEIw0CNf&Ddi:V.a(%kwa&01|VT;lu;u\G8X4b*_>bI!'GGw6V"_fTXaS<ds?1Y:zw
02-21 11:31:50.743 F/crashpad(14112): xWXT6up1nbCD%^Mf:v{wID`EdJRg}V4;+_e?kwjCVDego@>lquBMoK0)*\;wbkOZTL,^tp.2kwBokT4;a;/\x--8kw<<.`Hh@W2g~?H5Fheg3w^AMQWw9SLLX@yH0Z^w~fZCzo/*[;ppp)#Z.JY"BSKWhD0wt7JYFD=kuwbuXA`)GAsib2e;vwVOOAOm$V=3N(BuP!P:yVgGuEKWb'*)o;RREh:^4>\\Av4#YN%xqs.w(%hdvTg6>b~XNw\%K7wmx8&xqsR_Lkww(hTSQ6]s'i_dz8lg{r#Z\UXiq*8wt7:O%x}Inhb2KL_wP?5Wvt_Ledsw6?4-w/h6Rhrq?1]w8Ilg#76aT-dOjw"X6}YwR0kr+8jtH%&T3t*FBiF[^wbxVhb2OVrV_wR03P&lN0Ja3e>t*FHtXgTtH%T[Kq.jjlwr*FHt0O[wZ4O\mwtnAs^&R=kUpV=v4RU<~V|p[PGvf6jPvpJw,aEPNFhxpY>bW\rJ|wy,?tucPJNjU~o5(Qm@
02-21 11:31:50.743 F/crashpad(14112): `jtKQvznLrOo6^+k:Bcabf^WqHFT&L%w8Rpm.I3k#b(mdgs[csMZCShp|Kub&maw4r4c}tcvrVC+!ejvX*1Zu:LKkge4:u@KCE8>lv7sLOQjuw])>qTX\=,w)'%J9u8k\?Ua5%K7Sw.WwaR*]vn$z/AhjJflD$uwc[)I,0W}v4]s"h*bHm@l*b@i`5LwVX}V9</q\rJtU5Lw|[Z6V5tKIw\">H~80J>kXOGf,mNH(Tdw4LivAa`vEu<voodg3mwV~e`)DLKHsu|l\rf4Jdd<DLgrG*6T+veqDK+[e4`q>8JY~Q=kSvT)jV$t%w&?p+h4fqH-GwuMhQ3I]0CWJ6c>31ykoi%_lG",|7Zpl("w_gO9-a7kO9AA]k|_|TvlCG9Opt26TYV\XjE=pqu.A[7mX_gw/t4YV%bl!*.J`D8-8+mHqT<{CwDZ.ha6Er@k\O5<gw}{)v3+mgnjCLME>8@Y~Qo4aVJ6)xcFZniZcInn=]hwC^R,@w&;C;tKxi.J:tfw
02-21 11:31:50.743 F/crashpad(14112): [j,DAw21|***DLgr=k\OysQ=gwC6^uyqGSkIEKTvNvUAZFBw*]n\yaRaQ;LvNvAWfPrtntEd[v5T(+"x6B:jp+xqNKN7?in\`RTpkIA:5Wfx.Lkl\W!wGtdkj?D3|pTT\GkA8wjaB5,1MsBmf,-uJkYFdZ<(iIX_cTzhlGREwa5Ff<rVoo;N%8`\;arBf5Z0{v^U^vhY@17Uu5EvBcsOoo:u#9_SH=z^uId#dv@iNr:a`E+Ip0n^<o2<mk\(T6gfPa3wXKGC4\?BpAL`Yn6B:w#u0P=1Yo@K<#n0m:ZHJzvl]ryKloWQT_BAt\gYBbLJvq@W`V&b<w#.y8FW`4.:0AjFQppjhH.Li8qdJ0ksB8<'MA_SHsqiKL@QjqeU-ZZ6_7c#r\nhr2oM%xKu-uXM6dn^@bqdpY%8p\zwr?|W&xMv<P8s+ZJSTL)r`a:q]E`aPuV[d>eqh%0A|qjHuC%x,_m>jN;V6aO7wUOlFtc%paTs((boBLVx3<nHg*x(`H[#
02-21 11:31:50.743 F/crashpad(14112): vLavC_-/OFFc>T7/R:?hlJH4Mg|`,qhY.xcgYh0X@iCKb+@_oef<p+/Lbw1@FZKiG%?SY.ShDcbv<?`wr:{G'vQ*_r_SNp]\rT0^J8Pr"gy@HvR<AR.v~Vr^^v*@:F_Oma|6%V[?ErX1E50m}`2Zw:T_RQDY|_ab/tJ0WvRh83.W(gz(RwJ(h4p].5HWNpeuj+(F+rs7.ilKgNw>kvf0\VK9CcG.Gpw%sa:96Opa61qu't`HBwSuLL{n_q$p4N+4`Re6_H1Jip(Uz=9FxwKtZf'L6MHvlcivq(#cd[=p2J:.7m2.9IR8cw,f;b8L.xJ|~V&9pI=l)J4wj4r+,;5g_tZ&9JM8nKe6{vLrme`Hb9`]I&-b/q"B/^/q@!4#e6u^Dg?;(eoZzo%;d#[rvw%w0WYi{tYWFp*)4&KL5q%+euKLEk^:"j*G7w"p4#e6+IuoR\$Cfcp+]wH\6klo`wt"&eJ;4wPW6"r+0*XREVP]csL*=s1]Z^;m*ZZn5;GMG+]w
02-21 11:31:50.743 F/crashpad(14112): ^wfrzuO}<@XM'K3O;`lmdwFS,iX]dX&pIW@`Rg\?OVrV`V:^gwJiF<gEtw9w="8A??^@&luva+v5e6gAd?0iHiia_]W}@nzNLLas!i0o3D(x+pP)9b\tDKf7sCawD*me.i8M3<t3KQSPo4Yt\W?qcwp8(qcw:m8D(eVA[U!RhWCW&2r+uKvto+yQ[<hZn)};!4yX\pF4U+BKe6qh}3yd"pX5f6Oi`^xw'H:u\pfD"b'q<?;ws^zYB"YpfwJ=af<wh3,1Ftvw3B(EHb&<(e%Adyytyw=3RZZveKLA}GvtxE[dI&-r(x]6~I8v*RbZPyysQ=wwm{gwJiF<OY!R$hpa/[PyFu\ln+[4KL;2oI#%{g}iv<d\c*Fmq+e6ZPvjrJ7w/KS{caf<BbO;:`TKjQMqtw%c.`[wtg4ABt\e|Q_pHmq+u^6.>b5Lfiq>dgxm.wKE?30DkIW}wg_aJLm["j&tl_2Xc4]a7R#o.Jyf8MmH~L%VXtt7"t_Pgw)"g%[w`@dc
02-21 11:31:50.743 F/crashpad(14112): ^3%L<ujRDC~QjoBR^lt]u\&6@bU.{glo&q%<xaYa)s]W{XhVdc$UJm8Svg(8srMv5a|w$C*k*Bgw$(UrN+Ay8YCwAe.lnPysQ=Y6iVUv<=*XGf&eSt7k&$%xr_>_y*Qviu#CbJ[TkWHV5w!nLJ}kn+]9l+@u>|jl>_8mn+dJ{FRL:,*2^5TS$gsJIu-i_[*JVl=SwaEP=5momK%[{P5Lk[S;P_Ys=wW=e7\bJH8ump$?ps@D?W\9~n2Fxhq-DJ-b6@%GJsrKlw(uJuXAGusu4]l37/WlyK8wM90jd#et!w`[@Lud7?mhie*vlDeG<UrMKugV>pB)Avj+fKbVi+nuS"d#{Qu^:2?qT7"%QQ)/:O!06@hzggNH/i4w>}'jLeDO!Z$fD9'WmXvHuq{QARiv+/d3N9@nf%Wr#xs+EvXrWd|g<m"mDV0a[K:*i+PYEKvt\[fW>bEsLt4,f5cSkIC7fuLii.8=Lg%p&GRt*7n8fK<sw22gb2KtU4r+{g=izBjw
02-21 11:31:50.743 F/crashpad(14112): qo`nSd"x%%~G,w,71Zv$69i8w*fw\W?q%xbP!jzw^LrVt+heTZNA"%Bw?R(x:m@u:_:Hu~?;ZgSJilMRgIKWPKQn"x4iOIVNtk+w6h2J>Lno?e{w$_*aRrg6VpgT,x]3&eJ;twr6Ha6bCFJ:^v@h66$tdc=wC(mwkv>plgoAGSso(eGE|F8]0qB<[g"RJnrhiw88$6r+do7&jwt64oJWwXzdn^f6FkHUE&(bav6hx5aiJ&/m>4Y:B:8cX}@n"ZdcJU#uuPkh@'Ua`.VD:@5.5L<sO^*z=5#Zvt-,\?Av;kTMyd#KbL$W\0jHMUntmLwuwFLZz[6Wq-/i|q*8<L8kETn?S=s'h\M/aIgteHfu,E+`zJ.ro<$lET}$QJy>4|&~(uuPYb\gRZ"LsvS_{n\L3CHpz%.r+[HvPL%LAD8e=[roTaZ[OJeqplsQL`&uuP-LWM}FVavIzV\0*fS[(u%hC&^!:v0rG7TpL1S6]{1KkI]t-jWriu=v1RC+B:F5RXyv
02-21 11:31:50.743 F/crashpad(14112): 6ELSbZ6D3tY_FuVML_Rsu:F=ols1jpWr{bm@F5F@IQ=ipM/Owa:$:u<Q8Y3+;lJ5.ipMCDxpNZbzydcKJbjxiV;w,W8[iV}-S6]P(w%Q@KkI]<{lJLx(PLnX2Lm=+)Ev).}*(e[KJbXgPY$6Zd=&Wr5q|:FnkI)N+6:v[wc:&biV6'EuWr[84wkIUsm6`];tuyVIzH+t"x)w+<HeWZrota>>g5yt9LME/_$mR-zo`.Z>F5-KKgPovqDvXrWd|g<m"mJ9U>ta\MwM7R&<Lgv?]U3+EA#mPhTn\Z6Dci4bjqUsLt2;#W<_#m(tx'BnIWmYqa\e!tt;`QDqwgzB6VI>jN;V,JD3@=+ltw5R^pTQ+-t,SQgu{}O[Ds4X?g{qL'Sn4Ldk#5-s4XCW@/fTGpB3GL|oIXnv0wHUvFJfy5C]~89bD]P6(*v,kuEtl5RNr1m8wtg47ikM5n:8s@8ups/948[P)aRrgEwq<%ea/t!C41m8#pGvJuR^]of~*~cs6Wr:
02-21 11:31:50.743 F/crashpad(14112): Gq|[IuTlzf|@gyq0%,NYbsb+#GM(.uel,Dl7(n:8+lNJiF_4Tp,7gE21ERC+"jCA-EFDU6qu<dTO?qV[e6=wEdN5F.0~!R))v,6+H5r+g}4qInKwiHwVc*x`hU.~%t}Xwo`a(NRK`)`6YucqDsl}Fux7/<3*8^2m^f%%QJ6L$S([R5:Zd\(lD;v\7gbr<1SbRrDuTaawOlme:xsCpDOJ5;"bTKPj,=.8vFLjJ'Rr_QT@zbML~K6L2iDWVh!b|wTLW~h=d3yoV_iv1JzVp)TVB8(MHaUu9w)6K.ngrF^pTa[M/W@/8.3<ju!b2bjoDugE>WDRC+"jM6bpASTvy.z^egm?|W:bMv8PXG)<E=gvs[0I\A~A'`0IOna6DA9RT)jgie8k~PMP0mV52w&7/+)i>L)R>0`K0w&7|Bb6FbNr#4+o*EIVD#?f>LQF9e@udtl4OU/<yezNa6h3{*(e=L]Lnl&Gy_Z1-l&v$l?g)rVdz'uo^+SMb(Lw6?'MvlHfIg!w
02-21 11:31:50.743 F/crashpad(14112): ED{n\L3CHp0&.rupeptw$v6Wh%kFLgA7LgG[#VVhEtDtlO%A_K~rjb}Fva$a|;Lg$awOaL.tSDF59s*tqIEDsHXz-&]^X-3<ju_qf_\+gW9qcrPd(Oo4X5JP0}?s*:${SA,a-p&GRLh-1AD5ZZ(X6D,tz(CtD4O\7L#_4K"(aKb.VDF5L(2b.JipH7/+)i\K0e6Tva<vE<qjXrqI\p&v4g?w#4O[huPFCSe0]p&vY.fYloh_]U)i)Y-ZloHW#Xra<mfIQ*(ux2-ltaRPJ>6j|sv:?;LgX?YuXr]QlRkIQLn]skpM#)g4CYWr!]gF,L-wg6>WAwDK6,Drjw-%F5&8hv2-Pr7>~`*SI9"GxK^K0e2>*&\g&vV5nZ0tsIUgqQt'wv+v1kZ2loE<+X9Y6N</{lhKRV2f@uJPt'`H1Je(j.su+Si&(b)J1U?vWr+v$PHG+6cYqa<5Pe"mjMv]kIu5@Q095gE5h%IV5mOSJL>H%R^plQ+-t,SQ#t(7Pj$t|A/^
02-21 11:31:50.743 F/crashpad(14112): k7QbFr#4IZCwB8RZT|goP]`YX>ZvmC%,X#bJ.qY6HH:oVl|W\IN1n9UiLCGVwMkuEt.FmhiIQ*{tg47iCy'vZWDs%L"@f4hgJn^OZr*w[;W-`gJn@p"e=l&GOHC5@QFvpDM6XJ,Zlo:B/La$[r4LK.{w_.6M,muw6h}lAB2jxW)WaRhG;3(<Y<%<P9[+kWS.~ouPJ~o4X5JPJ~gwJiF<gE(</wKyBsxxif?QS{-d&G;2oIe6iWn[dc]rN6F,J2+wIAk..<d#FW]0O4q0ApiQJ~KIk51:'jFle6I59nnn:`wM/W-Ef4SPJ~Mw|jtR<s:X9]4[uQ@l`Eu*tF>e*Z$CM6kO@Q26$nbu_WXk'Lm^Z>Cs+vx;P9.WGOS.$J@AASQkR%/60tN6_wz5%]fN_6W66v&@:Ocwng*13kt+d7\u{LS\np`w7`;6N(#b4w6j]q_..11:5\@o.62jdW)W!R@I.3(<Y<%<(eT4?$p5<ddOo4X5JPJ~MJ&@z>@K1pHA^i8M
02-21 11:31:50.743 F/crashpad(14112): FuFQZQDA6t,?:LXR0Wgb:L4wl%LYLL{X;VLZ$CC8nKe6{vtFle`Hb9`]!Rf{4av.ZB/^/q@!X5r+^@4Ee69:X6`=@}xlFTPE^8*pG`t,@AEUyOjiQw6iJ=)q"Bd\RQp/@ag`DIpIa\ew0K055m-Q9vuG?LCd<k.5CIr+$QvoVkFw4qd[1K2khHLWpiQp0m!Is<LLEyq>vm:`HuX@,he6Otv6nIyonJbvjn\?o;Ke^X=AkX@RG)0<1LxhS;XsL!`a\A8@n44:fv.iJwNd<K5\<7Za^6J9rR+sY,-rvwAUXSqYb^/|wXzdn^/|SVj^LL<dHO?qrImYzi"na;kQvn3+Z`X+&mvl3gL90aayTw9vZ*=ULLwB=NcD)ufh6qVD-m*f7z"Oml6$`6)mz:nl-Zpwt\Iu.uH+j5x^.aJPT{]Klo0]b@!dlM#u)hd+k3"[+s@,)m&vGqrm!dBN;JNWP?{)"*FL`N(|b6'e*NmJ'eBN_s_RgIIVdGkKYcqv<d&NiaBs
02-21 11:31:50.743 F/crashpad(14112): @,+W|s)wdN0M+ZGdTjRn2Kc#W}~Od{mHAN1K\AHeG&06\L22;/ShTnv?U={**V3}SA@K=Z&)3mR.:/L]"e[4/W+E@q9b}b}GhE/b&TJ,59kShQ/OQJc;*JVlQ=g5JRS#:vyV<e6TvanovOyd%t_"PaSnMj5<xV\A~oUrc4`Yia>LvKFI(n~6<L.vc4`Y?sN@~F&ynlHHYv=).r:+XQ?DduHHk'6KEt@0]R~wc46TuK:vKoms`cle:x3CHpB(+`0[\7*v<g:vuQqI&H]|poY?/sgQ;dHHO=#1vaVutAV_#mXl&Zlo{VG80M.tSDF59s*tqIkIeHh%\l7iCS[6`n,iFH(.D<?BIu?nn7OVrV<d^N?s*:${SAT5+p&GVnn7+bUGf3;pANiV(hn@!iRn_`CqZ9h5$HI+Eas$fZ`r2t5ePbXAP4Twq5j:N_jN8m,5XMif*)$pzE]0Gnq8l?])T;pcl~QjPFDcP&aT>1fp[yQ_#HRi,^nq'B#vkcFa%.AdfT|,
02-21 11:31:50.743 F/crashpad(14112): 1iPIyNf2]PEBMH;14Ph5@2{FiglyOw4lzXf@$Cbtd\/`ErJRr?vDKLxA'i#s>v|!xhn:'7D;!C:1>X[s00YIdXgrzdR:>|(<&#6,PGJ?hv:*j6-IWgcoR~x'oqiH/1WsQP6s@T4hyvoRRvj0wdyK(rdX_w,M7meh>u!m/~RRUji.s`+alGBXQ6la)N-Ovae5I>*vJU*nI90W:cb8;sQ4pMx^P/]6jKmvamcy\\Wnpmk[B2.a"[ha}0xg.~'l22U@OIb=?qjT"_Br1pFWZC'8<D9L)`/vl~1"PQr2/A>mZG?%EDG)b2JhEWt<*bZVO<J+uw3{qwlK)&K`0m:`TvX1o)EP)&BA8Hau4k!tZn{r!GU0+x_zxQMn(sJ=SJ;Ul58m^n&hrbZ.k3cu2jO@rFY`L8qbO[I17#s;:1B<O.wZcSs0~e(U1m<5>TBWqudsN+Spd$sFk<P)o%cuJ*^(+vSex=,t4N.t/)el\t5L0k<qje`uswol<SNB)G]TxXr`KjqD
02-21 11:31:50.743 F/crashpad(14112): (-Uo,Ggvg].Lw!HVW,Y9fHRMrFuo^D%u=sEMLl)QR4|aD5,JkG{K0p{GqjUl+Np`np5-8VCn;C>,.8ZpThn1NaZ@`v|Ez(N"FTv}EK$3da`-4m"e{Oxz&b?Lhs?LYs)uj\d8ftra:&^,euz!SPzvWve|E&VAEpF5vEaCCu-4x.im6EEt"bOpx55w<K')3GDT/JDrDGTo-KPiVl\#.dJ`vPKG;qF6ogP;*:Uwl?.vEt;g"^-<eICuzTHeBp?AKR]XyBbOi6RAPQ{sn*D;H#Jvs)&HX0BVOFxoz8&6%\j\*wbq|I9WAr+WUp&oi\Q(!?Tcz[HKBV<O.Y9nd9Rv*)|*&HX_fq&#8E*mKRC+"j%bN/GU}Y"of(@Qq\D_|K>Nt\PFYaxH~Mf4[kX[KAeb-aNJX+rGXl(5tM~AzR"chw0{Eeuwn<-hULPacvddbh,G;lJ5$tR*fgciFh,G]5avh%qJ8DUakgB+Bb@`#tjvF(Bu/AXNvi3L2>%4Awlw^iHLqsR*
02-21 11:31:50.743 F/crashpad(14112): 9qzK<}F\.o+wT+&iw_8mF<-Wtw$GX^U(`iVnMu,x-8Ku(v`agv^r&4+A}o/TYd..EDJ++LKWtK,w*L1E(v+xc/D+|JUL$Sdqv*omHM|lww<s?a[2cU^[|ob#W-i5WlfgFlj+'Jrgzv_7)6Bbvln4-s%!gee'wXzdn^e'{**V3}SAT5~oDgO+@QQaeKRn-3pvvli5t+>tDtoI"AZrE9Xp$ESv,_1e2a&Z*6~4;u:<Pj"t/1/z5w,V\KlgUEW6bJwK`t$@(Z:BvQEyo+ewfw0qBhiwgiIjwt$W)<V_z^=^01aRbj:sFLb3Vs!s7=QUSAU>\pF._gvw\n.&7D)uCiP.ZVBwdoF2]Klo,bZ)Lg>gDwjkqor.<_t\Tn4\Ygh@N\0sx-|F$4}YqZtT4UGiVPUaD9NBwp6L1cLqXsk+<g1%~actx>3eT_hu@Le^&e}K6u,1?gPg=r8ADL5ELSTkPj"\haJVpa){}0=Jn/Ko|kgjZf[ARvV*g>1LUE%%dCH48s?q
02-21 11:31:50.743 F/crashpad(14112): hMO4JvB$;Ly`~Gc@ShFKft5w/+XM[H7Aq%As1b!Ryg|sgM1LAZyldo_il`J`z3Ed.,F+gu#ah,vl:qxu6(:nL1'Q:FQqf=haP,.1sKmh[j2bIf\l()J6&5NoAu(H(viY@K:M1r%7gv9O|_)bL{csJA%%`jl?drZP<W:+nysaNyX_~@NdlKyap>'`\Kqwow\g)/+l`wvSLK'Lx%[F2mlMo4X5Vvd4iq4;pzSA^rF7*v?[lxm8taT,DK^?Sw9vZ*=ULL+xB@3(8v
02-21 11:31:50.743 F/crashpad(14112): -----END CRASHPAD MINIDUMP-----
02-21 11:31:50.807 E/MQoS    ( 1926): unkown RAT!
02-21 11:31:50.978 E/aptouch_daemon( 1202): TsaFrame::UpdateStatusIdle[1866]idle out.
02-21 11:31:51.023 E/Booster_BroadcastProxy( 2724): [isDebugModemEnabled]get package info fail.
02-21 11:31:51.046 E/SpeedLimitTestNotifier( 2724): mIsTopActivity false
02-21 11:31:51.164 E/afehal  ( 1202): Send cmd:C7 43 
02-21 11:31:51.171 E/afehal  ( 1202): Non-frame packet:A5,01,00,00
02-21 11:31:51.227 E/afehal  ( 1202): Send cmd:C7 45 
02-21 11:31:51.230 E/afehal  ( 1202): Non-frame packet:A5,01,00,00
02-21 11:31:51.240 E/aptouch_daemon( 1202): TsaFrame::UpdateStatusIdle[1864]idle in. 133
02-21 11:31:51.611 E/AndroidRuntime(13847): FATAL EXCEPTION: main
02-21 11:31:51.611 E/AndroidRuntime(13847): Process: com.multilanglearner, PID: 13847
02-21 11:31:51.611 E/AndroidRuntime(13847): java.lang.NullPointerException: Attempt to invoke virtual method 'android.webkit.WebSettings android.webkit.WebView.getSettings()' on a null object reference
02-21 11:31:51.611 E/AndroidRuntime(13847): 	at com.android.webview.chromium.a.setAcceptThirdPartyCookies(HwWebview-15.0.4.326.21311:7)
02-21 11:31:51.611 E/AndroidRuntime(13847): 	at com.multilanglearner.ui.component.BilibiliLoginDialogKt$BilibiliLoginDialog$1$1.invokeSuspend(BilibiliLoginDialog.kt:61)
02-21 11:31:51.611 E/AndroidRuntime(13847): 	at kotlin.coroutines.jvm.internal.BaseContinuationImpl.resumeWith(ContinuationImpl.kt:33)
02-21 11:31:51.611 E/AndroidRuntime(13847): 	at kotlinx.coroutines.DispatchedTask.run(DispatchedTask.kt:104)
02-21 11:31:51.611 E/AndroidRuntime(13847): 	at androidx.compose.ui.platform.AndroidUiDispatcher.performTrampolineDispatch(AndroidUiDispatcher.android.kt:81)
02-21 11:31:51.611 E/AndroidRuntime(13847): 	at androidx.compose.ui.platform.AndroidUiDispatcher.access$performTrampolineDispatch(AndroidUiDispatcher.android.kt:41)
02-21 11:31:51.611 E/AndroidRuntime(13847): 	at androidx.compose.ui.platform.AndroidUiDispatcher$dispatchCallback$1.doFrame(AndroidUiDispatcher.android.kt:68)
02-21 11:31:51.611 E/AndroidRuntime(13847): 	at android.view.Choreographer$CallbackRecord.run(Choreographer.java:1597)
02-21 11:31:51.611 E/AndroidRuntime(13847): 	at android.view.Choreographer.doCallbacks(Choreographer.java:1263)
02-21 11:31:51.611 E/AndroidRuntime(13847): 	at android.view.Choreographer.doFrame(Choreographer.java:1122)
02-21 11:31:51.611 E/AndroidRuntime(13847): 	at android.view.Choreographer$FrameDisplayEventReceiver.run(Choreographer.java:1549)
02-21 11:31:51.611 E/AndroidRuntime(13847): 	at android.os.Handler.handleCallback(Handler.java:966)
02-21 11:31:51.611 E/AndroidRuntime(13847): 	at android.os.Handler.dispatchMessage(Handler.java:110)
02-21 11:31:51.611 E/AndroidRuntime(13847): 	at android.os.Looper.loopOnce(Looper.java:205)
02-21 11:31:51.611 E/AndroidRuntime(13847): 	at android.os.Looper.loop(Looper.java:293)
02-21 11:31:51.611 E/AndroidRuntime(13847): 	at android.app.ActivityThread.processInnerLoop(ActivityThread.java:10028)
02-21 11:31:51.611 E/AndroidRuntime(13847): 	at android.app.ActivityThread.loopProcess(ActivityThread.java:10020)
02-21 11:31:51.611 E/AndroidRuntime(13847): 	at android.app.ActivityThread.main(ActivityThread.java:10011)
02-21 11:31:51.611 E/AndroidRuntime(13847): 	at java.lang.reflect.Method.invoke(Native Method)
02-21 11:31:51.611 E/AndroidRuntime(13847): 	at com.android.internal.os.RuntimeInit$MethodAndArgsCaller.run(RuntimeInit.java:586)
02-21 11:31:51.611 E/AndroidRuntime(13847): 	at com.android.internal.os.ZygoteInit.main(ZygoteInit.java:1242)
02-21 11:31:51.611 E/AndroidRuntime(13847): 	Suppressed: kotlinx.coroutines.internal.DiagnosticCoroutineContextException: [androidx.compose.ui.platform.MotionDurationScaleImpl@928e687, androidx.compose.runtime.BroadcastFrameClock@1179b4, StandaloneCoroutine{Cancelling}@fbdd9dd, AndroidUiDispatcher@a254952]
02-21 11:31:51.612 E/ActivityManager( 1926): do not add repeated dropbox, mLastAppCrashedPid==13847
02-21 11:31:51.615 E/WMGatewayProxy( 1926): reportFocusedAppChanged: window manager gateway is not available.
02-21 11:31:51.627 E/HwLauncher( 3076): ExitAppAnimationManager setCapsuleInfoAdaptiveInternal params error! capsuleInfo is nulltrue
02-21 11:31:51.633 E/WiFi_PRO_RecommendPortalController( 1926): mTopAppName: com.huawei.android.launcher
02-21 11:31:51.638 E/HwVrServiceManagerImpl( 1926): client service is not alive.
02-21 11:31:51.641 E/HwWindowManagerServiceEx( 1926): AnimationTurbo wms surfaceControl is null orinvalid || tok is null
02-21 11:31:51.670 E/ProcessInfoCollector( 1926): getProcessInfo: proc should not less than zero.
02-21 11:31:51.671 E/AwareLog( 1926): RtgSchedStrategy: get processName for pid: -1, appType: -1 by cmdLine failed
02-21 11:31:51.671 E/ProcessInfoCollector( 1926): getProcessInfo: proc should not less than zero.
02-21 11:31:51.674 E/Dialog  ( 1926): isInMultiWindowMode, mOwnerActivity or params is null.
02-21 11:31:51.677 E/AwareLog( 2771): GameSdkManager: GameSdkLog: Register: gameKitServer is null 
02-21 11:31:51.677 E/AwareLog( 2771): iAwareSdkService: onTransactEx deal data Exception
02-21 11:31:51.683 E/OpenGLRenderer( 1926): Unable to match the desired swap behavior.
02-21 11:31:51.683 E/Dialog  ( 1926): isInMultiWindowMode, mOwnerActivity or params is null.
02-21 11:31:51.735 E/AGPService( 1496): FrameRateManager: iaware strange app type: -1
02-21 11:31:51.735 E/AGPService( 1496): FrameRateManager: iaware strange app type: -1
02-21 11:31:51.739 E/TS_Service(  969): hwSetFeatureConfig
02-21 11:31:51.740 E/ITouchService( 1496): itouch set_config feature = 14, config = com.huawei.android.launcher#28#0 fail.
02-21 11:31:51.740 E/ITouchService( 1496): itouch OneFrameDetect instance is nullptr or oneFrameSwitch is not change
02-21 11:31:52.039 E/Booster_BroadcastProxy( 2724): [isDebugModemEnabled]get package info fail.
02-21 11:31:52.137 E/ActivityTaskManager( 1926): ensureVisibilityAndConfig begin next:ActivityRecord{13d3596 u0 com.huawei.android.launcher/.unihome.UniHomeLauncher t7}
02-21 11:31:52.144 E/ActivityTaskManager( 1926): ensureVisibilityAndConfig starting:ActivityRecord{13d3596 u0 com.huawei.android.launcher/.unihome.UniHomeLauncher t7}, kept:true
02-21 11:31:52.146 E/ActivityTaskManager( 1926): ensureVisibilityAndConfig end next:ActivityRecord{13d3596 u0 com.huawei.android.launcher/.unihome.UniHomeLauncher t7}
02-21 11:31:52.157 E/hwPS_RestrictionAdapter( 3076): getMaliciousAppInfos: failed to getAllRestrictionApps: 1
02-21 11:31:52.164 E/AwareLog( 2771): GameSdkManager: GameSdkLog: Register: gameKitServer is null 
02-21 11:31:52.164 E/AwareLog( 2771): iAwareSdkService: onTransactEx deal data Exception
02-21 11:31:52.183 E/WindowManager( 1926): icon is null!!
02-21 11:31:52.208 E/OpenGLRenderer( 7759): Unable to match the desired swap behavior.
02-21 11:31:52.219 E/DollieAdapterService( 2724): notifyActivityState pkg:com.multilanglearner/com.multilanglearner.MainActivity state:18 fg:false mUid:10824
02-21 11:31:52.220 E/HwPacketFilterBypass( 2724): sendRequestToKernel SOCKET_CLOSE_DETECT_UID_DEL [10824]
02-21 11:31:52.220 E/AwareLog( 1926): CpuProcessInherit: files null 
02-21 11:31:52.223 E/Booster_BroadcastProxy( 2724): [isDebugModemEnabled]get package info fail.
02-21 11:31:52.226 E/SmartDualCardConfig( 2724): isAppInBlackList false,items==null
02-21 11:31:52.226 E/ScgQuickAddManager( 2724): uidInfo.isForeGroundUid() is false
02-21 11:31:52.226 E/DollieAdapterService( 2724): notifyActivityState pkg:com.huawei.android.launcher/com.huawei.android.launcher.unihome.UniHomeLauncher state:2 fg:true mUid:10123
02-21 11:31:52.227 E/HwPacketFilterBypass( 2724): sendRequestToKernel SOCKET_CLOSE_DETECT_UID_ADD [10123]
02-21 11:31:52.228 E/SmartDualCardConfig( 2724): isAppInBlackList false,items==null
02-21 11:31:52.228 E/Booster_MatterAppRecommend( 2724): [isMatterActivity]invalid mMatterActivitiesConfig
02-21 11:31:52.232 E/ITouchService( 1496): itouch OneFrameDetect instance is nullptr or oneFrameSwitch is not change
02-21 11:31:52.244 E/HsmCoreServiceImpl( 2724): onTransact in code is: 102
02-21 11:31:52.825 E/SpeedLimitTestNotifier( 2724): mIsTopActivity false
02-21 11:31:53.052 E/aptouch_daemon( 1202): TsaFrame::UpdateStatusIdle[1866]idle out.
02-21 11:31:53.189 E/WindowManager( 1926): icon is null!!
02-21 11:31:53.213 E/WindowManager( 1926): removeAllWindowsIfPossible IndexOutOfBoundsException
02-21 11:31:53.225 E/AwareLog( 1926): CpuHighFgControl: getContentWithOneLine file not exists or canot read!
02-21 11:31:53.225 E/HsmCoreServiceImpl( 2724): onTransact in code is: 102
02-21 11:31:53.228 E/TS_HAL  (  969): huawei_tp_run_command: call
02-21 11:31:53.228 E/TS_HAL  (  969): huawei_tp_multi_run_command: call
02-21 11:31:53.228 E/vendor.huawei.hardware.tp@1.0-service(  969): Async
02-21 11:31:53.252 E/afehal  ( 1202): Send cmd:C7 43 
02-21 11:31:53.259 E/afehal  ( 1202): Non-frame packet:A5,01,00,00
02-21 11:31:53.266 E/HsmCoreServiceImpl( 2724): onTransact in code is: 102
02-21 11:31:53.268 E/BpTransactionCompletedListener(  980): Failed to transact (-32)
02-21 11:31:53.268 E/BpTransactionCompletedListener(  980): Failed to transact (-32)
02-21 11:31:53.271 E/system_server( 1926): Cannot read thread CPU times for PID 1926
02-21 11:31:53.313 E/afehal  ( 1202): Send cmd:C7 45 
02-21 11:31:53.316 E/afehal  ( 1202): Non-frame packet:A5,01,00,00
02-21 11:31:53.327 E/aptouch_daemon( 1202): TsaFrame::UpdateStatusIdle[1864]idle in. 133
02-21 11:31:53.435 E/BatteryService( 1926): no autopoweroff in settings
02-21 11:31:53.513 E/aptouch_daemon( 1202): TsaFrame::UpdateStatusIdle[1866]idle out.
02-21 11:31:53.518 E/bastetd ( 1486): [ProxySocket    ] NotifySocketErrState# No record found by comm prop, state=196619
02-21 11:31:53.564 E/HwActivityManagerServiceEx( 1926): Null app thread, notifyAppQuitToHome failed: 14157
02-21 11:31:53.564 E/ProcessInfoCollector( 1926): getProcessInfo: proc should not less than zero.
02-21 11:31:53.564 E/HwActivityManagerServiceEx( 1926): Null app thread, notifyAppToTop failed: 14157
02-21 11:31:53.619 E/ExtremeAnimationCore(  980): EaComposer cancelAnimation: failed without anim
02-21 11:31:53.622 E/NumberUtils( 2771): Number Format err! str: 
02-21 11:31:53.629 E/DollieActivityManagerAdapter( 2724): HwActivityNotifierEx null uid
02-21 11:31:53.640 E/WMGatewayProxy( 1926): reportFocusedAppChanged: window manager gateway is not available.
02-21 11:31:53.644 E/WiFi_PRO_RecommendPortalController( 1926): mTopAppName: com.multilanglearner
02-21 11:31:53.644 E/NcDft_Wifi2Component( 2413): cannot handle the message1001
02-21 11:31:53.647 E/AwareLog( 1926): TrustProcessSelector:  no need to update recentAppRecords.
02-21 11:31:53.647 E/AwareLog( 2771): GameSdkManager: GameSdkLog: Register: gameKitServer is null 
02-21 11:31:53.647 E/AwareLog( 2771): iAwareSdkService: onTransactEx deal data Exception
02-21 11:31:53.658 E/AwareLog( 1926): AnimationPerformance: invalid strategy
02-21 11:31:53.662 E/CompositionEngine(  980): [IconSurface#9791] Invalid device requested composition type change: CLIENT (1) --> DEVICE (2)
02-21 11:31:53.666 E/OpenGLRenderer( 1926): Unable to match the desired swap behavior.
02-21 11:31:53.666 E/ITouchService( 1496): itouch OneFrameDetect instance is nullptr or oneFrameSwitch is not change
02-21 11:31:53.669 E/ITouchService( 1496): itouch OneFrameDetect instance is nullptr or oneFrameSwitch is not change
02-21 11:31:53.670 E/AwareLog( 1926): AnimationPerformance: invalid strategy
02-21 11:31:53.684 E/afehal  ( 1202): Send cmd:C7 43 
02-21 11:31:53.691 E/afehal  ( 1202): Non-frame packet:A5,01,00,00
