02-21 11:31:53.746 E/afehal  ( 1202): Send cmd:C7 45 
02-21 11:31:53.748 E/afehal  ( 1202): Non-frame packet:A5,01,00,00
02-21 11:31:53.760 E/aptouch_daemon( 1202): TsaFrame::UpdateStatusIdle[1864]idle in. 133
02-21 11:31:53.770 E/AGPService( 1496): FrameRateManager: iaware strange app type: -1
02-21 11:31:53.772 E/AGPService( 1496): FrameRateManager: iaware strange app type: -1
02-21 11:31:53.773 E/TS_Service(  969): hwSetFeatureConfig
02-21 11:31:53.773 E/ITouchService( 1496): itouch set_config feature = 14, config = com.multilanglearner#-1#0 fail.
02-21 11:31:53.773 E/ITouchService( 1496): itouch OneFrameDetect instance is nullptr or oneFrameSwitch is not change
02-21 11:31:53.846 E/HwActivityThreadImpl(14157): connect Error.
02-21 11:31:53.945 E/AwareLog(14157): AtomicFileUtils: readFileLines file not exist: android.util.AtomicFile@2467331
02-21 11:31:53.976 E/NumberUtils( 2771): Number Format err! str: 
02-21 11:31:53.979 E/TaskChangeNotificationController( 1926): forAllLocalListeners pid must be equal, but the callingPid 14157 pid 1926
02-21 11:31:54.008 E/TaskChangeNotificationController( 1926): forAllLocalListeners pid must be equal, but the callingPid 14157 pid 1926
02-21 11:31:54.008 E/TaskChangeNotificationController( 1926): forAllLocalListeners pid must be equal, but the callingPid 14157 pid 1926
02-21 11:31:54.058 E/DollieAdapterService( 2724): notifyActivityState pkg:com.multilanglearner/com.multilanglearner.MainActivity state:2 fg:true mUid:10824
02-21 11:31:54.059 E/HwPacketFilterBypass( 2724): sendRequestToKernel SOCKET_CLOSE_DETECT_UID_ADD [10824]
02-21 11:31:54.059 E/Booster_BroadcastProxy( 2724): [isDebugModemEnabled]get package info fail.
02-21 11:31:54.059 E/Booster_NetworkQoe( 2724): [checkModemParaCollecEnable]false,mNetworkQoeConditions=254, defaultDataSlotId:0, getDataConnectionState:0
02-21 11:31:54.072 E/SmartDualCardConfig( 2724): isAppInBlackList false,items==null
02-21 11:31:54.072 E/Booster_MatterAppRecommend( 2724): [isMatterActivity]invalid mMatterActivitiesConfig
02-21 11:31:54.106 E/bastetd ( 1486): [ProxySocket    ] NotifySocketErrState# No record found by comm prop, state=196619
02-21 11:31:54.585 E/AwareLog( 2771): GameSdkManager: GameSdkLog: Register: gameKitServer is null 
02-21 11:31:54.585 E/AwareLog( 2771): iAwareSdkService: onTransactEx deal data Exception
02-21 11:31:54.593 E/ThirdPartyAppFilterUtil( 1926): getEnablePackageOptions appConfig is invalid
02-21 11:31:54.593 E/ThirdPartyAppFilterUtil( 1926): getEnablePackageOptions appConfig is invalid
02-21 11:31:54.593 E/ThirdPartyAppFilterUtil( 1926): getEnablePackageOptions appConfig is invalid
02-21 11:31:54.593 E/ThirdPartyAppFilterUtil( 1926): getEnablePackageOptions appConfig is invalid
02-21 11:31:54.606 E/HWComposer(  980): getSupportedContentTypes: getSupportedContentTypes failed for display 1: Unsupported (8)
02-21 11:31:54.606 E/HWComposer(  980): getSupportedContentTypes: getSupportedContentTypes failed for display 0: Unsupported (8)
02-21 11:31:54.607 E/OpenGLRenderer(14157): Unable to match the desired swap behavior.
02-21 11:31:54.672 E/TS_HAL  (  969): huawei_tp_run_command: call
02-21 11:31:54.672 E/TS_HAL  (  969): huawei_tp_multi_run_command: call
02-21 11:31:54.673 E/vendor.huawei.hardware.tp@1.0-service(  969): Async
02-21 11:31:54.685 E/AwareLog( 1926): CpuProcessInherit: files null 
02-21 11:31:54.685 E/DollieAdapterService( 2724): notifyActivityState pkg:com.huawei.android.launcher/com.huawei.android.launcher.unihome.UniHomeLauncher state:5 fg:false mUid:10123
02-21 11:31:54.686 E/HwPacketFilterBypass( 2724): sendRequestToKernel SOCKET_CLOSE_DETECT_UID_DEL [10123]
02-21 11:31:54.688 E/SmartDualCardConfig( 2724): isAppInBlackList false,items==null
02-21 11:31:54.688 E/ScgQuickAddManager( 2724): uidInfo.isForeGroundUid() is false
02-21 11:31:54.815 E/MQoS    ( 1926): unkown RAT!
02-21 11:31:55.082 E/Booster_BroadcastProxy( 2724): [isDebugModemEnabled]get package info fail.
02-21 11:31:55.656 E/aptouch_daemon( 1202): TsaFrame::UpdateStatusIdle[1866]idle out.
02-21 11:31:55.840 E/afehal  ( 1202): Send cmd:C7 43 
02-21 11:31:55.848 E/afehal  ( 1202): Non-frame packet:A5,01,00,00
02-21 11:31:55.879 E/AwareLog( 2771): GameSdkManager: GameSdkLog: Register: gameKitServer is null 
02-21 11:31:55.879 E/AwareLog( 2771): iAwareSdkService: onTransactEx deal data Exception
02-21 11:31:55.884 E/OpenGLRenderer(14157): Unable to match the desired swap behavior.
02-21 11:31:55.903 E/afehal  ( 1202): Send cmd:C7 45 
02-21 11:31:55.905 E/afehal  ( 1202): Non-frame packet:A5,01,00,00
02-21 11:31:55.916 E/aptouch_daemon( 1202): TsaFrame::UpdateStatusIdle[1864]idle in. 133
02-21 11:31:56.117 E/Booster_BroadcastProxy( 2724): [isDebugModemEnabled]get package info fail.
02-21 11:31:57.127 E/Booster_BroadcastProxy( 2724): [isDebugModemEnabled]get package info fail.
02-21 11:31:57.156 E/aptouch_daemon( 1202): TsaFrame::UpdateStatusIdle[1866]idle out.
02-21 11:31:57.397 E/afehal  ( 1202): Send cmd:C7 43 
02-21 11:31:57.405 E/afehal  ( 1202): Non-frame packet:A5,01,00,00
02-21 11:31:57.429 E/HWComposer(  980): getSupportedContentTypes: getSupportedContentTypes failed for display 1: Unsupported (8)
02-21 11:31:57.459 E/afehal  ( 1202): Send cmd:C7 45 
02-21 11:31:57.462 E/afehal  ( 1202): Non-frame packet:A5,01,00,00
02-21 11:31:57.473 E/aptouch_daemon( 1202): TsaFrame::UpdateStatusIdle[1864]idle in. 133
02-21 11:31:58.152 E/Booster_BroadcastProxy( 2724): [isDebugModemEnabled]get package info fail.
02-21 11:31:58.160 E/TS_HAL  (  969): huawei_tp_run_command: call
02-21 11:31:58.160 E/TS_HAL  (  969): huawei_tp_multi_run_command: call
02-21 11:31:58.161 E/vendor.huawei.hardware.tp@1.0-service(  969): Async
02-21 11:31:58.350 E/aptouch_daemon( 1202): TsaFrame::UpdateStatusIdle[1866]idle out.
02-21 11:31:58.610 E/bms_property(21866): get property vendor.soc_ctrl_mmi_stop fail
02-21 11:31:58.610 E/bms_property(21866): get property vendor.soc_ctrl_cust fail
02-21 11:31:58.610 E/bms_property(21866): get property vendor.soc_ctrl_demo fail
02-21 11:31:58.756 E/PushLog110124300( 4752): [SocketRead_11:30:32-58]read -1 from input stream
02-21 11:31:58.757 E/PushLog110124300( 4752): [SocketRead_11:30:32-58]read socket occurs:
02-21 11:31:58.757 E/PushLog110124300( 4752): Exception: com.huawei.android.pushagent.datatype.exception.PushException
02-21 11:31:58.757 E/PushLog110124300( 4752): s*c*e* r*a* e*r*r
02-21 11:31:58.757 E/PushLog110124300( 4752): ew.dS(Unknown Source:57)
02-21 11:31:58.757 E/PushLog110124300( 4752): ew.run(Unknown Source:28)
02-21 11:31:58.822 E/MQoS    ( 1926): unkown RAT!
02-21 11:31:59.171 E/Booster_BroadcastProxy( 2724): [isDebugModemEnabled]get package info fail.
02-21 11:31:59.766 E/PushLog110124300( 4752): [ReceiverDispatcher-45]unknown net type
02-21 11:31:59.771 E/PushLog110124300( 4752): [ReceiverDispatcher-45]unknown net type
02-21 11:32:00.002 E/DateView( 2503): DateView,mCurrentTime: 1771644720002
02-21 11:32:00.004 E/ndroid.systemu( 2503): No package ID ff found for ID 0xffffffff.
02-21 11:32:00.005 E/ndroid.systemu( 2503): No package ID ff found for ID 0xffffffff.
02-21 11:32:00.054 E/ndroid.launche( 3076): No package ID ff found for ID 0xffffffff.
02-21 11:32:00.205 E/Booster_BroadcastProxy( 2724): [isDebugModemEnabled]get package info fail.
02-21 11:32:00.681 E/HwViewRootImpl(14157): [DetectViewsLocationRunner] getSplineFlingDurationByReflection exception
02-21 11:32:00.762 E/afehal  ( 1202): Send cmd:C7 43 
02-21 11:32:00.770 E/afehal  ( 1202): Non-frame packet:A5,01,00,00
02-21 11:32:00.824 E/afehal  ( 1202): Send cmd:C7 45 
02-21 11:32:00.826 E/afehal  ( 1202): Non-frame packet:A5,01,00,00
02-21 11:32:00.838 E/aptouch_daemon( 1202): TsaFrame::UpdateStatusIdle[1864]idle in. 133
02-21 11:32:00.855 E/bastetd ( 1486): [ProxySocket    ] NotifySocketErrState# No record found by comm prop, state=196619
02-21 11:32:00.935 E/bastetd ( 1486): [ProxySocket    ] NotifySocketErrState# No record found by comm prop, state=196619
02-21 11:32:01.221 E/Booster_BroadcastProxy( 2724): [isDebugModemEnabled]get package info fail.
02-21 11:32:01.233 E/bastetd ( 1486): [ProxySocket    ] NotifySocketErrState# No record found by comm prop, state=196619
02-21 11:32:02.231 E/SpeedLimitTestNotifier( 2724): mIsTopActivity false
02-21 11:32:02.257 E/Booster_BroadcastProxy( 2724): [isDebugModemEnabled]get package info fail.
02-21 11:32:02.833 E/MQoS    ( 1926): unkown RAT!
02-21 11:32:02.916 E/bastetd ( 1486): [ProxySocket    ] NotifySocketErrState# No record found by comm prop, state=196619
02-21 11:32:03.275 E/Booster_BroadcastProxy( 2724): [isDebugModemEnabled]get package info fail.
02-21 11:32:03.295 E/TS_HAL  (  969): huawei_tp_run_command: call
02-21 11:32:03.295 E/TS_HAL  (  969): huawei_tp_multi_run_command: call
02-21 11:32:03.296 E/vendor.huawei.hardware.tp@1.0-service(  969): Async
02-21 11:32:03.729 E/AGPService( 1496): FrameRateManager: iaware strange app type: -1
02-21 11:32:03.731 E/ITouchService( 1496): itouch OneFrameDetect instance is nullptr or oneFrameSwitch is not change
02-21 11:32:04.075 E/SpeedLimitTestNotifier( 2724): mIsTopActivity false
02-21 11:32:04.164 E/bastetd ( 1486): [ProxySocket    ] NotifySocketErrState# No record found by comm prop, state=196619
02-21 11:32:04.305 E/Booster_BroadcastProxy( 2724): [isDebugModemEnabled]get package info fail.
02-21 11:32:04.491 E/aptouch_daemon( 1202): TsaFrame::UpdateStatusIdle[1866]idle out.
02-21 11:32:04.531 E/AGPService( 1496): FrameRateManager: iaware strange app type: -1
02-21 11:32:04.532 E/ITouchService( 1496): itouch OneFrameDetect instance is nullptr or oneFrameSwitch is not change
02-21 11:32:04.719 E/afehal  ( 1202): Send cmd:C7 43 
02-21 11:32:04.727 E/afehal  ( 1202): Non-frame packet:A5,01,00,00
02-21 11:32:04.781 E/afehal  ( 1202): Send cmd:C7 45 
02-21 11:32:04.783 E/afehal  ( 1202): Non-frame packet:A5,01,00,00
02-21 11:32:04.795 E/aptouch_daemon( 1202): TsaFrame::UpdateStatusIdle[1864]idle in. 133
02-21 11:32:05.319 E/Booster_BroadcastProxy( 2724): [isDebugModemEnabled]get package info fail.
02-21 11:32:06.215 E/TS_HAL  (  969): huawei_tp_run_command: call
02-21 11:32:06.215 E/TS_HAL  (  969): huawei_tp_multi_run_command: call
02-21 11:32:06.216 E/vendor.huawei.hardware.tp@1.0-service(  969): Async
02-21 11:32:06.358 E/Booster_BroadcastProxy( 2724): [isDebugModemEnabled]get package info fail.
02-21 11:32:06.358 E/aptouch_daemon( 1202): TsaFrame::UpdateStatusIdle[1866]idle out.
02-21 11:32:06.557 E/afehal  ( 1202): Send cmd:C7 43 
02-21 11:32:06.565 E/afehal  ( 1202): Non-frame packet:A5,01,00,00
02-21 11:32:06.619 E/afehal  ( 1202): Send cmd:C7 45 
02-21 11:32:06.622 E/afehal  ( 1202): Non-frame packet:A5,01,00,00
02-21 11:32:06.633 E/aptouch_daemon( 1202): TsaFrame::UpdateStatusIdle[1864]idle in. 133
02-21 11:32:06.743 E/aptouch_daemon( 1202): TsaFrame::UpdateStatusIdle[1866]idle out.
02-21 11:32:06.915 E/afehal  ( 1202): Send cmd:C7 43 
02-21 11:32:06.922 E/afehal  ( 1202): Non-frame packet:A5,01,00,00
02-21 11:32:06.977 E/afehal  ( 1202): Send cmd:C7 45 
02-21 11:32:06.979 E/afehal  ( 1202): Non-frame packet:A5,01,00,00
02-21 11:32:06.991 E/aptouch_daemon( 1202): TsaFrame::UpdateStatusIdle[1864]idle in. 133
02-21 11:32:07.371 E/Booster_BroadcastProxy( 2724): [isDebugModemEnabled]get package info fail.
02-21 11:32:07.651 E/TS_HAL  (  969): huawei_tp_run_command: call
02-21 11:32:07.651 E/TS_HAL  (  969): huawei_tp_multi_run_command: call
02-21 11:32:07.651 E/vendor.huawei.hardware.tp@1.0-service(  969): Async
02-21 11:32:08.392 E/Booster_BroadcastProxy( 2724): [isDebugModemEnabled]get package info fail.
02-21 11:32:08.680 E/AppInfoMgr( 2771): not find pkgs by uid: 99034
02-21 11:32:08.690 E/HwApkAssets(14157): Unable to read assetfile[easygo.json]
02-21 11:32:08.693 E/hwschromium-21311(14157): [ERROR:directory_reader_posix.cc(42)] opendir /data/user/0/com.multilanglearner/cache/WebView/Crashpad/attachments/34ad7e2d-a48f-4d9c-a680-2c670e4379cf: No such file or directory (2)
02-21 11:32:08.694 E/ocessService0:(14309): Not starting debugger since process cannot load the jdwp agent.
02-21 11:32:08.714 E/ActivityThread(14309): getApplicationInfo metadata error
02-21 11:32:08.716 E/BehaviorCollectManager(14309): Fail to acquire dataAnalyzerService...
02-21 11:32:08.718 E/ocessService0:(14309): [ZeroHung]ZrhungIoctl: open /dev/hwlog_exception failed
02-21 11:32:08.719 E/ocessService0:(14309): [ZeroHung]zrhung_get_config: Get config failed for wp[0x0102]
02-21 11:32:08.726 E/HwViewStackScale(14309): ViewUI onApplicationInit exception : Attempt to invoke interface method 'boolean android.view.IWindowManager.hasNavigationBar(int)' on a null object reference
02-21 11:32:08.755 E/AwareLog( 2771): GameSdkManager: GameSdkLog: Register: gameKitServer is null 
02-21 11:32:08.755 E/AwareLog( 2771): iAwareSdkService: onTransactEx deal data Exception
02-21 11:32:08.763 E/OpenGLRenderer(14157): Unable to match the desired swap behavior.
02-21 11:32:08.770 E/SELinux (  583): avc:  denied  { find } for pid=14309 uid=99034 name=content_capture scontext=u:r:isolated_app:s0:c512,c768 tcontext=u:object_r:content_capture_service:s0 tclass=service_manager permissive=0
02-21 11:32:08.770 E/servicemanager(  583): 'content_capture' is not accessible by 14309 (SELinux restricted)
02-21 11:32:08.919 E/app_process64(14364): open file error
02-21 11:32:09.006 E/app_process64(14364): GcSupervisor: libimonitor.so not found!!
02-21 11:32:09.053 E/Zygote  (14364): register_com_android_internal_os_Zygote result = 0
02-21 11:32:09.131 E/hwbr_engine_crashpad(14364): ../../third_party/crashpad/crashpad/util/file/file_io_posix.cc:144: open /sys/devices/system/cpu/cpu0/cpufreq/scaling_max_freq: Permission denied (13)
02-21 11:32:09.141 F/crashpad(14364): -----BEGIN CRASHPAD MINIDUMP-----
02-21 11:32:09.170 F/crashpad(14364): -----BEGIN CRASHPAD MINIDUMP-----
02-21 11:32:09.170 F/crashpad(14364): )iyJ**!eKnTLw#:M<MmWvX1,}N%s%tW-:G:{7,B-6{9o%1ISMJ.3mJ>kE:H:[D([M\F=A0^EdJ\ZcJb=}7#J(`Ka#PQLY2Ta4lArcOG^_w[_e4^VxV0LJ2&vyVlsqC055wW9dIF$'4$!='qQAJLr.T+(72igzrz*s\_mnp+!YM$!%#k.Zbz>2!Ozvk"1cld!a-}sQcFT/kDbJ1IoW!gx^*S*c2R[-,B6{'U"kxZnuD#$;7UGoMYEj{z^qv:c=!g0={D1rrh#*t7)ngbblWfm*y-7+F5c9"Nm2_JS-{Lj`#I(qJjXpS?g/=|z_!|7lJnV|zmbJvOw>('6Y$<zaM17r-\NjMn8_@<*#:}w"*;`urhUZl8:3BYMc2}WgAam4lz.-,+J{6EmlXi#QYn!-tpv*+Ql('A$VL^L'MfhX10zu1G5lVf!@1~+S1>5>ogLOJ#,k@C<*"[:uoq>/V$AR:@M%Jqul+"2Md6rHL+uuu8^%,'0_2I/y)OJ,c*X,hXnLuUu
02-21 11:32:09.170 F/crashpad(14364): "ZbWTm>e.2l>Ab0-+]s(G%R!0Bs.aUM<TOzZzIRiqK|VEaopk<GLb,#tv'-aR{J]Kh6x.+B94!QGYTEH$Nl3}9<wQ?)450aA-R07{+f(r?aA%/.K)pOD!u)(1W$G~7vAJ28r+f<_L!U9AJN6.T</S<XjX1SL,fD+3D{A6o<>,fjwlc\zBC8sP]{@(&EcRe`U3Jt(Le8h/4':EwD]%ROj"#1)4:e$Wwb~uY.9]1rHWL!>.o.i=!Y,8a7s#vS2AZ_Ko,v1#wi^/xVS,AN<uuxdz=<xnl.?K7p"OXKT<shBzqx|rMp~sM.o^j'!OU3a|yac.*tw`OhCqi|'jL2WCIu+#H:q/{P6.Q3TJ>U]gV''Gdi0rr%3kn|w`ik.*>#]cT?/bNj0Vtz+XpcU}M0"TY.fjX\!KdWgVV\3B1C>|mimqqfphb_g*1Y}"wQjEw*$"E~Q2XSLB]gv61gT;:9>.e,q;->l-SQ1v<@"#wz%WLlRlw.K/0_vd+i.iw'G)Th=!!Y;
02-21 11:32:09.170 F/crashpad(14364): oagHB[-eB=W*C}w)kl+0tkyeeOonxN7WRzuYv^q[yT(U++"L?Afc^5X}$+e*IA+]~WMQ+f@39!!>+w~r9RS|jNvZDrpqpR%x1!QUaska)0HE`i?Jz/M{hwJ$oh]ia2.?CS5h?Jrp.fj>9!gNasmt.Tlg*G7a+A]s~O3xT^UvN#=V31}NK3Ofpi]sX*0!H;dw.eV6TeUg6W|Ng7}@Bh]s2U)!,-LKY~V7xF|QX{{3(c-onyX1&H$V]N<L8B1f\),0PYJ|tC=fxW>Cmu1dry-IPOHrj=cr7om>~[xZR^{|Ib{3^~]s,:2xV_WwT-:Mask+t'3mOE#]gv2#}/1a2Zgo;{'m;cRiUs.K2?O9*5;b(`A3fPZ+Uc1fl18?u<z$kF.[vm$;OFRb<NHAJo.f(u?"o,\r~hqP-E:b7'Dr~PXb?W|3Db@SDw~rgXlno)|z:b??]sm@-!fF|tT+5wSs;/AZs5cvZz(byFZLz.LK+[*u4iQ/1bO,/!jtN^@12xX^CAad
02-21 11:32:09.170 F/crashpad(14364): >M{PscfSEK)[^/>_FDOw'>lG43muimC:1Mi2|PZ+ySaA.\_Tw7#iDDI<7LvxFAiiaAt[_T:ZYH&4z|Gsrh'B,ZK0)e8aqZz0K42X}7H*riv(+fB$V(#E\r~h?|Ri2<,NmVBj,fNp'!i)6o(J=i]XV2|zV}Df,T~d8!+^up:6Yu3+5'TzxDOb_g`T-oQ@qJ>]G6`huu}q,T2b2"]oGrXEUvMW5|[ma)40qO.fz.)7z(qSt+|/#v;{9ux1<?u<KnH(M:+g4rZ8@n+.qu=W*T"r>!c:=f&>$??1VQ^sY@,T@a`";feh`aS+MshIv5me8w@]{@\#}O'>t[1!cK-NUss5+T^`b#m/?En0c>#`U.nWct#[#l-x,!1[Jk&&-z=b*)>|ti">VQ(b(ODb*?D6^3K4.9+N9ujND]uM7%KF9P$kEg%ov=S<;J\D+0Dcac/\1mzcSA%T1f>^'TB:"!3<Rt,?YQqug(]&pFw37arP9m%\al#vIeX2(p97x)"L*1WL`]9L
02-21 11:32:09.170 F/crashpad(14364): 8yKTJKS<5wIi(?S+@%eSz/Vv}I]k~n8-}7{t)M]s8`+!0n>JX.qqknAP@/KvjZxbUrJ*CbJs4mcFA,dVw|1u2Juu0w$!i@AJW\e8o:0@.\iaSV'0RZ\!5#~sh[eD\=L?;'hrJ=-on`QMj.w7UcWMCp1`+Jq{9O\QBS*<5Q+^!}f*=INyvZ6U!R,&-:Jnu/HBAE:#/%d_`oEOV^$@0OggZJB<iAw@aGy6!a!?6S}Vwvz\so]:5GW.&Le/8#d^;@JS@gbC*X/Y%%]t?FtZbR_TocVqkR32WWfM>D&z%e@:[Xb^pRFRCZd:})Sf/.f1m<jU9pT2(G(4OGCmiIcQ)c8tY|>.T5KM],J^>sZi$t0S*I;DiXA@72]w(4|bj%gg82fg40LWD?s\Z(TK4n|7)J_C21/0%4DP^04nf.@K6C2150'usB]vCQ46#sR-sAygfi\29wvrjmXuau{v`IC{y3FwxIOD(A/h=lStnc{Kyh}e,w[lbN0Q.)]cy3hzYvLkVE+n
02-21 11:32:09.170 F/crashpad(14364): #+i\DJHt;KrW6m$m,f(7!P?1?|/w$hB*M@SDAVa6)yz,RAc1+4/we9L)76?)f+Ao^n6DJG!^?oiC#5W?TVQAXPB:;G_78v8i\So1ISRBivF,8}:IA##;{`JNUvL5p1^uhMR6L/!"OJTZegkVZ~S5#,3eff_LbMhQF`KkJ#W]c9WNyKZeF&<uzsx?_t_o}N5Ji1-1tm*d(ss(9/WMgu#cu9^Mo>GUq69O5X#C5bWb2v#Og0|H4{{(u1i*IM=-{ohPLAS*4s|Rz(,<b[tvM9568c=XHDnx::E[*s4L|9?4S1&HFt\d'%N*aV3/@voc_?Y./2vh8L._>vdW`)Tji&fr8izP`2\+>YRZ5S~6%hdS.E')RjQL+xru9YHLLv\qA'!x/u-oER]u[7soyl2eFI^P^A:C>r%F9t>IqjqZ{J4`8`ic~X[4(L}iPp~6P6gsFpU/2tdu;uRwfu!t#nowu,9t=RV69M2hvtO8fsDJtPb2RJ*&brS7&&x.F&>wE<KT~KYm
02-21 11:32:09.170 F/crashpad(14364): 5>E*kgYdi8V)`+}nP2(fFq|4NEH3WLuf[iu5*p"xT[#CgYI'B}?>?&wWg:t[EKp.aG~E`VM>pumUkn+|,f03Z|3v-`RuKO><Q/WaOCXKPfx):F.N*6V-XM\mKeVf|cw>5mfIrVTS#v2Up+9iF|$M6^^f&f(b*i*tU]y@;\KH.6;9&N?!ct,R|_,5tL%Y}tDBe%{d":rZgW4KSo2(?w3Y?TWYX=O/.N(u3U[FKL8pVMvW0iL^fO:>Qq~d|DZA^x<L<7/m.f7e|w|RFu#&Xw_AV+@u#<SMxE)=Ga?LA:W+6[7e<X%\*G,n.2LRwg{o7P`y6w+e0)GK&Cw1W+BoNB{/CK#^EeSLTh^Nr3f7&:*22BFK;4RBFK7bWn"nCcv-4l1q9J0J.@vw<6o^BH|a3F.kk-3hyLRgZDBL"wU~-OCLe,n+aK*6.LI;!2tqxurgkXnV{u/,owH>-N]vvB06OEU6Vh`-*)q%tQgsf1D3\K8W@oLeu>MSP/~(ZG.9#Ip}kX)I
02-21 11:32:09.170 F/crashpad(14364): q}kX9o}0!hD-#,CN,&m\}wG&GM6<AJhK`HsiYRf6)t\cPO(df+,AW5hu.o8K3@.TBK'JoZtQ=\/9[t:,*)sVnui1D3&6O>9KA?x-~Gx/sQ7jF->jG2p9?_26e~;ZLd"+l<qz{)uLtR}QKps\E)^8khA,b6Tg"edojDW]cVali+(et7$mgR(MH_Y+BoTo.FRua]7M}nwK))ZGFE#I~~kX)I?^26sgnX=/l_Pyk%O>cPl,SL2(AmqmXLV#cnpbN{yqZwi%nM^wk1KHCs$v;*kX)nq+^1qr&7=WSXCj`iv99B9%@i94yQv(u[f>BP(=Cp_NIRnMB+HLyt!e/W0j1{3^,7eul^YuUG&E*\\Jzgm>M(eu8~zV;[$~[Pti_3~lX|EAs5Kdn_M`<*[k6&9E7@Z4(eJI6FGJJOxi[2YQwK=nR!ZT%cQvJY_P%C==UF"edL`}.Nf-12>TXbBGp5\+v\rQjlW(kXII}u7s<vFSrQCp_NIRX2@eD/n(?}[aB'kXt*fx
02-21 11:32:09.170 F/crashpad(14364): I9YtWgiZ_(7OWwT*F(p9EAY?'X}KefjRGf76mn@I"epDU)RZ[P@27b<Ov\tQ}v<(Mnbe{5(xxae4Zyqz;<"<$H66?1Euf<@8Ut-9SgCjd#fwXstrq+_NksJ-$d+.;uO,sQ;}L-~@*}^uwHA6zmLenzYkx(VeB>k8nr2Asw"?EdnPn/?WksJ-B2tQmu|59~|'Ns~H/b<YZg9_fD*HOo,?V7R[{TRBFwq+RqO>xr/;tZ)4ffr43ARV:jDK_+v<Y+$,f\8Xz|KeyjSG|b/oYa^%onWg}v90)ER3*qx5E='vUDXo!0CLEF76{mBPo7K+?`T_7epiKBLY}Py|gsd1}ut3jn;K~pf5JDr}Wg]@DmQgTu8up$qVAuG(c9XovJD/#-u*$:JDU43)#BIeieA>]U77Nu%[!6NHO>4i-bc3"V&R0OVI.bqTZMf}v&-o]"ov_A.L}Ai=W(a*%V#r22CKJyr2-i<\6kJVm,z]`lpW2+uN^8d^?!vsb*!DMK5M5$f(xsh=
02-21 11:32:09.170 F/crashpad(14364): JF=urTpR<7pO[J[Bw-)b}4_lnXII2SdOf4`D@;*{--RgBWmt891KWSK+'d<oeRdD-(;lr)d2)38?0M7O2K=jy_87`b*b}RcT5Z@<PW'gp`Y=4i^ZuZ\?^MmR993vw![Rw{xI%c2ql8.|YKlS$t&\b!2Juh7do141FwY;6@`T.Aj-:.rfxlvD?/"mr^/J}.\g"iJp^=}8<l%oHZU]<48gDE/I~G:@.wxn/PN[g|'?uY{GeFX9~&tv82VAhRgu9L<tN@v<4eJd%27c(w#3kFFKyst1fD"KV!Eup/%,aWhU>V'2o%$FtSOV'hIsSKN.nJbx1|MKC]pj03=igWA";u0VP*~h_w3l'VyrndJo@<+f*J5G=[f+Ns~]8>}v&Wni9Sgl2r<g^vxs/BtS]aVP%8rJpjWa{9XmnC~HGOmXyB]G?jGE%HglHaL.}(8V?tWnSB7-s'pItqxR:b,w1dq>44%9>8>.|WOL,k[/<JZg}p/f%mu9)JWC$ZW($[1sLRd0jv[s
02-21 11:32:09.170 F/crashpad(14364): h/MrWqRme;#w)_1s\RRw^`niHR&A/q<gYn>10hci-3VCxIzKQwNjOneqc#P={QCp_NIRV=X<"21+YnTW$<=^)Got%\i+@VniQ5uj~(JI5]e^'Lo"%l5v@8Ed"N"PaT'qjRGf9wkR&Tgw;06MNf^#"tndUn(TcwaSvpJBz>ZOig*-DLQb~@NHKdZ^j+z*SM<*#bw3Mh9wA%zad<_hzBT6+ei+FQfDs>tDBaQG%em,{Q&J-8n1mX<t$Q673\CU8Q#x98!PzQO<5m~iH-RLgAP_'scT(a`<^PXsVozTV2>iT?PMpI<v,nqZz5N9t0*lTCS,b6B>zw[d_.>4k\Ll9d\AQ65+603mch\T})ZqiiLl|wKtf"r.]Ii-nV61Qm]6P[OvUZ1o,uUh*I{)P[kuK*^x"e2P35!v?lj@fc<-KvXU:'bo*dVl76SqJ.opQwva.UT[$Wj$z.c+{jX+h*wah6EwhCMLBwBI%AAY4+]ldW^0tTxO86ce^;uvFX&$q$$?.An*
02-21 11:32:09.170 F/crashpad(14364): VoTZ7r`wC3\lcI[?pwIgNRU\6a^\BbtwO#px]g2B'<Vad2&1kX{aREqX`Y.Fjn6G/t*>R>jV'6fBMh*CJGyn,1*jd+rK)S%%-cFS*u<K}(cHz*Z*ynk>ha`iOvm63L!|jdl,v>Td)dowV-=h:>~_gqIoXR60Fy[:AD#8{uPbMOGcL#jcD=la-Hzo[>*+aG+R1]3L3+bW)_-Wqr55/32t%5ovQ^YrSHsiWe_0tEfCq>!qgmhE!C|7TdbM{Q,NkXQaS?Scf0@F!2DC,wpl,><F&+[WI9\zHK72;U=KMenLY15y<\K/L8F2AfjRx>KRr2VS4w#+tQ+u~WBsVc*4MwGuz2.9HuTJ"+fE:9$(E3>ai|mX"(mo'=.lyv'xts89J1RO`=%2KM0jE*+'ce!va]r2PrEKfePiI9&5S4W+Nsz+;KWs6C8MefjRyd76wcTT6tRZM7IhQ{.w\{FXCt/4uu*G\t-G=vT{f4GA%_|],f`%<qhMdgjPgQ~3>q=2{bba-+=n
02-21 11:32:09.170 F/crashpad(14364): fh6L"BAwXEpetu]3EKc,!=$Vf4Uv}*)[D^06SqHk@qkXx|4OI9GK>O.WIKwjn`ks"Y}1tQQGVn|}5%G1CBkX=/yIH+qRMAA,U>>UAHm7X]U@D]pi2?`U:j.0:n>.v[e;`S$s~W[cjRNyAb96OE)T&sJ-0y7TFKwj"jks"Y}1tQ)s#Yz.-%IU9(j+pe>pL@P~)L]U2w-s^<v<)?Qrx%1:wJV*tq/B=9fsv},5)H3+_o&tb@ur\P=jf|(IyqhEV8Z^0Hv49sVXv]d3bEh3IeZv~(I>_rHmyJAS~>YAaf``,g[Jkgl.?XSQXB4_p,8i-KJUkJps(mGE3ho5Q--?w8i*xvwH$Vf4)0viH-h3i@1v"8WAk8u<PGfd\u,-c+nkX+PeHcE0DRB#<(uOxTOOK;@:Gn_3oOFO5EuRMVUS{SDdB/?n4(q^z~=Z&_(Q)]P3IwzVkglwr.hmjDv\.qw(3fXrNHq5Ou6RV6C{~nHvr1Sv}HiL5ph7(`bu(,nnx/EKy~aH
02-21 11:32:09.170 F/crashpad(14364): EG'EP(?gIw}I_IWdU~Nrvu5^+GooT4,W*gcvb;@h_o^1:p"4Yu:/m51OV,1Lb*@SuW'-Ln?SGHVn#s.ZG)fx^NR@0epot,>SU2EPnol,G5:GhbhFUzh+.N8MC@bz9s_wVws[8eh+peCSxvOtjvq>j0twwH!mR%_w*y-a6[2Z}ghqp;b?v<7v'/*u25I<4hgM'UTSi+$QKw9e4ASKALQu|1ZufUQ5O]qr?:.-\>-N)R8u7Jxd3~*&lt9bkHp)brT.LAqoWnxs~wOu=c]VxENL9KaGX^=dpe*<*G9L47%bhW;ejRj>mCaROFLKw^y5\+JVzvDgNdTl;UxEVL9KUuS.i(z.:6l\tvJGtv-`a,p9Ul7UJ9o_bsdztLWTfID{5ue4huQK?b+6{Yi/_r<\Eas)Zl@$Y`qp7opWD*6qS*[A1bGC:5Y(KQrH1VXd<Sa6*i~6R6gslsfS@nFQ7+f<_R<4y_S-`B?6D^s[<.~0%d4<3sdep_he|H!YTaIjdo0WtQZ.
02-21 11:32:09.170 F/crashpad(14364): i+H;Eu=SU6=\pSh-EwVHW:8w7htk7rPws+`7_?<A@Rmk)L]5Pij&Ha[r#=_Rr!%xC?%d\g-^BF0rAa\'jI$/U6uvi.$<NhW<cs:bPLsvKHCs$v!Mr2w^B5J`4l:Y[69_}lH4z.;?FL^JQ/TK\[I9j4GMLp6f*<rk9L|[%bV>Zt,dz("b0eX_UR{`=(J9*mN[Bszeo]qKPsjuv>1)A?oz<,ED)8)vB>k6^bO([O*Le*Gc1(e=/TC&kwZFXpPfSVdopw|r>gxeWnD":N!C1n26F3K}^uO,1mZ][ruj76+aU4p9UlmUJ9o_bs`xxK96e4huZV6tR/CI7AWu@sWapw/j43;pDu}T^x{r*a-HmuJJ:oKn%j$}:Let?.R;SK:oi0!e3YVQpvuPJ=zYfD{DEh?Dv9NhB8AJz~vZCgI}7bl/,qxiDeWj36QgNt6`{,Xtq9UGgfbd#v&#U,?QjCZ/AV5w{*~kEtdQ(*k_=-RZ.Srwh0flJW:DJw?sgvxY]q6-:^<+
02-21 11:32:09.170 F/crashpad(14364): 8v6-HaEqr*B9h`NHS?3LzvM)"n6[xQy7ZM{vXKz(9u6xq'h+~W;b(waRPb$G;7H<0>hIElMv;3B*~wssL9#/pqrK!Ownp,[9~Q73P,(vfqW==ToI$051Hn6-xW1Yk?1bS[EKq?;JY34?sU,:}wFq,C6K=)?6*]@oM_V9|br>i^ZV+_@F:A<hhq$*(0(rZ<Ds9q}q#KC]@EO~m/GA9-As$E-O<t=]@EIe|O8>Y%y_{JHJ!oJl0m2!/d,&gAoxMf9#}Q'sb6MC5!tduvk[Yw%\qGxtsKR4|bH$eik1?JX+pZ"ZJk&hN+;&dYW}*JbVJn-r^]Skaj_a%glh$Gl?.I4A;wU4F4x7bj|Ux7.N?U1dM4vtjpBS(]4fs3Vnp>"rjjs@/94aX6*3HvXa:M?qE/WmYs&vvN^8v8]ak+[chaO=K`jQG85mrJ;u`nQ'}wY[LEse2trH0(pzA=\D8-MLZ6<r"87s]sD_wcx)KC5q"Qt31nr>u\i7\+gsL<<rnBADJXn8
02-21 11:32:09.170 F/crashpad(14364): MC]TF8#w]MG6$vmXsrKdxU[>96!,1y/)S;@{MwGh6cRQwKj>Ir*!s*O{|hxpnIE7PW.G:SEG5FCL|5@+;a%Djf8Fjr0a:Rb49^OaJC*jf^p/u}Zdq?f>78GlpkDy,v@3YN9D[C;w;u7wIWMGhS[J4+^pBoLcx(`uS@qOW9-p>4>w@l}P@l'o7J1j=U]rHTwMm\us<=]Aoo7Q:?0r"4Sxph$xQ[&LSwsoZ_^pPuMvypd3P),45NWtY+/eXY!wqQUv/k/m@9&+bdz;/wgX_A$Z0wOt/>RhH-*)5{ZJ%"4cxQoRz~mX1(KnIt$Q!o|5&eVLX+4u6U%tadbRX5il2QWm0vM2kB@IUM%FYd+p-Wxp1bGwn2.@IOJq[tpo9z-b^a!t:w]/Cs>`$G27r<7*"@Q2#CiH>F>wh0EL'(PfniW-WnHk|34G2k)qv731{vJ9(do:#Lvt8n&;x3C8u4)w;i>|Y{Dg(nnMKn+nY.ZRIK?u*gRu[!<4!sjvH#2I."T*^m\U
02-21 11:32:09.170 F/crashpad(14364): v.gd,&#u+gt2=YQK9k\4o!XccICstUiZs>CAU3"ke'.wo3T<6b&eC+7/Jnw5cqqh}/Af[HQLRKCL}WyEE%%m'XMwm7!Li+N=kY#C=Li^"~DKsU,OdB~N}ldR^x{rtvaRNs>XRZ$/>8N9n9%ui+"3K!o<NVclr*f#Y=KZC"X7fM@LG-.=!q:OCD6-bNwHP[Z6.XHw39&G1&n0Nn[HadP?,gJk5W,[p%Un4i1\Dk(b*kedA@`\JLxqm8O*Ab96#])*<ZPZ6iwE\]~xt(!CsooNvuL=#DF<,<-6{w+b2ZvJT`h5QOH-*)5{RL2wDCkXS-0)d\]4%l!K&Y7^26]*NH+or(.J^u/ICYrZsQ<0\+Z/YwVSkVV6=`mXRs~W^EfvV/i`QtH8,'WIsr?q-gnLEGlUhe]A`F60I9d9|BqJ#RyqrQ_Q8E5=5*TOw:G@--WSesj`!vy^E7rk~7xc>S4Kp/lkpQu+>*yb&kH:WAZ*Zk$+v\pat)u#yC5%5)4tu_YTjIQU
02-21 11:32:09.170 F/crashpad(14364): Zn*QY1!t0aJ#"tTSjv^1FLsQf4,a,{O,6azK4+(QtB|s@ibc/XhzV(2bNvd,i.Q6o7HLR^heTrZ@1qYiAlGfk+y$OLJJ!R!oVad6iHCT@D'SsW&-(S}]A=MV}'pQ"(Rr`LX1A]A.BMrNl4B=5*j1[OHPt'sFxfq:JrIsMp@oU4%+PY,G<?^adHdZXl2+afnP>BxuRLRKE-}+{,2PGyv1c`KXsLr2jvLx7EzXl9_%%7J.Xo|]kq@h+I#Emw+h[YI9:[rY!w<Qq_j6wUu5)EBj-?CL9Dsk:k]"86'a%~r2aWP<7-*+a'\Inn:dROPgV2%L1@b2|S=L-pyNBcQLo@yx?U;j.-#i0u]3TQPojD*3.o>vBOnQpNYP9r706G0f,9~AxtO#"Kd(5@p'']1]iu$?w@B>}7&1!C0SvD}H?-iOGs=N7E@0EQM[WLos[kOI+xIu'(eiQPCOU*~1%,.o:KIk`w*43t)XD^vp*bT*yjoi2U#Ws,rjM8lGHXQf7K[tL9%L
02-21 11:32:09.170 F/crashpad(14364): -'YR8e*<:Okn"*S<)vT3/0s[fcU2Pam9%u7A)nbn%b6G!4q^/a&x,DQjecs\~3J?mJ/>6m?usNt\*havbaCT#EsCt8ETlBXT&+EO~z"BeoItekR`U|Ve?5s:yN.6=whu:WFdWy;q;E|3WgOK)Wc-^>xnB:nthjj%><8bv\T6-lsQx=^k!C{S$[kX%Nb*wwUblCL@J.)9U,:6.mgR^p40fu/<O^Y+$n}d>\/h6b6m%|+<`]lN\gp+lZ.EF5^rSAP]!V+K*3HV.b=A$Kv;8^qcq/qm0G<u{(p9F^t[JVMX=Llo(o=OV{m_Y5Sv(G(dj@No<r(INq;&`4#wH]udY&{Wdz;aYVUvbUb*b]]`keZz`jf^AslwyQR#Lxz^fr+C?n<^&1!Cafq>@0Ydj]@E(mh;M\jKGDw=#K>5B"<q-^^F4654V+twhz6_`UBwYXRL^/}nDoO=Z/rP;Q`g%bo1CKM-P[i(^oJX8>^GN*Nh~Fac3beW:T2+OCt`UQ-TJf!jOcQ(
02-21 11:32:09.170 F/crashpad(14364): AKB(l*vP)5mK(A`H;@#G\gwn4Fhw#)P['-n9$[I\]EXX2Jg6#l/i>`qjvpJmlu9hL3cT_a:*i79yV5yWrgP=pi7@$sxIxQ`a+hIw*B,6~b(w.zxU6/*E6d83P)2t`"Mu+-k@1iP6{Q$Hs\iYmX8s`6Lp^lV)DsMs"N:wkr]JhbKs4JqZD;}v"M*T5w#f'H'qjRyqT6K1uNKwZYkg4T<AtD-+n*bR?sbaqZ^`dv0a{n:KU-7s6**x/l>9Ds"ezvZbXY:`<"=dvxHJl$RZ3"f@$n07\m;N(FJIh1k/u<~Q^2F3K}'vuaSG)7No%hv0)JPJ252vx/,[7sTPkX;-#KkXoJzm7mQP]QlUr(hiP0J9$n/!@EYK&,pF{oAE3+t+hu.o@vPps[62rQ#m?tqph6_M_<"SAKu-VnhSLkb3J9^s^K6n1MyHUe&Pv0\+8=:?sQQGVn2(0Bdv16_c+5Lh1pghU6ql,WI1#,Fito!H261N|w~GP[>r9Bz3cxbU;CL3XMmt
02-21 11:32:09.170 F/crashpad(14364): gffFn+kqF0a:loF!TKqDZT<whkJ0nu3n,q42T6InbD`h9A~e<4aCbuCf}dfpUh!vE?qZ$CC4]_S+Om*dRTtQ4OFl76wch>v<}ttI$?)g@etw'x>s(<=spwFn(SDB-WRY{MHDZws+66}lf{SjSKD/=m8H%e@-N6/]"3mQfDgvDT3*6O'v+LY91ZDNESssPZ?xbor<t:&eNMF$^P;w!q(HM9,0,1!ej\<ghEq>$Q=c:y`L=Yzb+T$sZ%$psUkX~r`6XvL=>9CMf4E>>jWj36QgNt(M;LY(]E0dxi.T<UH-fkX+$0ZL3b.t,(t$L+#C<?te1Uv\>h=vO`\>BTV,Ot!k|3CD86-rX=Eh$wm[KP~~Bb3w'@hg'o*qbX&Nbor<`]<\HJ3+NI_@?^zV<O>ta?JV<7}lBiX5KqjIquIh*GyQ}f0-wH,ngs4nvczU[P@Wu2`Q'~#djIgPrlwo3VfXq}vTIoV|KrG>Y_#k`lCs'r.sKK\AUXD6N)Z#`v>g(_r>de;.
02-21 11:32:09.170 F/crashpad(14364): rT>r7oV?BbWEg/_w4lu%pvZ4|7i+)33&fHJLeh83|_--Dcj`NgLquqj`?APGrp+uTdVD"Rl5u*cutEuskpo5Ta1fiqJ:~t~7-ngX$Hzfmh$*Hg$KQt2t5]lt^qS*\cDv2r5gY.*F8_#XF*uM@`_R\fK=8r<YgPZA\H1uWE9O;hQwa20wv!Ja;Pef5m\iu/geJ4bkGLodJ\K{9Z:OP3nBou>WtQ/v*-.\tEU6WyFlEtRXDi+[7QOBIWCvL.CMmXc+}3F3K}'v?6E-6|>2Z^8w%'S4Ztt9%ui+Di#'h^@PJi!O6E{d@:[Xb^Xv!/J=f*.Y~OA:UB,UcljICpjwuQ)v|*:_YTf+\/p,-gpbOt}sjIm)GWN^Nqu]EWrP?nq/>KK\ZG#V{uBHztig.G2DBt89KKU624[W8{/w4~v0b6@=h\\q(}OFDK!wEK3+xt'mmcPFs,_~tf_6fpSzZ+X]miJVM^S[ZFVtx}Zf'f[wpm4[,2Mhc`u\mXI^461Tnp**p%v?
02-21 11:32:09.170 F/crashpad(14364): \:u<-I$v5orD46wcF>z>joEkev7P#1JsR1?Jb6Tg"e~,P[Z`%+|hGE3s`6vu,-OaW~)\BVBw8wD6"]FKsVnppM;L#?3W_E~H$]gfq>$n(=N90O.TNai7?qJ_OChQyg]dRjnQQr$lb&^Wm_Y5}eNv-fp*OtF<LLCqX]v`0@#]3KlY(7J_Wg-t9^[+4W9c@CQ_RNs>Mzd{GnK{.^7H~wnr*>xgHb>Rz'u`#dB5T@qQX~tQRsraKjZ^I9TrX/!K0cyQ$b%u"]FKsVnpZP;L)@3WT(ZVWVh8&e{HgaQ2p9?_^r&OkFzf,W{GN8NJ,_RF/R"u5f.jdo8ma6`T_dED;JmJ3q/]T:^tO6f)ABv5fg/)3diu?S2txYp$^mh6[)&&[lgX10^A6}4]T[mu1s-`zO#WY?"eV_fwxRyqv56o(AIbtQWjT#&wt'gt7IS0u<Eg=>p?c`J4Bc:4Fys\?Jfu~wLAfLDzuWV}PmDg;RAvQPf+0'XvWC%es5Nox^dIIll-T677
02-21 11:32:09.170 F/crashpad(14364): /y&TfEvok1/qf+"lS3|K30Pi>|Vz5S?XmX9qsQF4Ku'gN6wch?P[-fJ(|wbc2*%)s\NT%e{teoQf!<BSIl6Rrq6vLi<Fz>`^75VK33=x#)9~Qtr@z;'J|JdSld*vZ#+$pLeLs?&%F%v=CcbN~l~YQ8|we5B}~qH9Lnu5BuV@z,MhcR(M*Knb}ug1D32JP4eG.yGp!_Nr@vGe3KeaO184?fTc^rbY3nyq0bpe0=D(Y+:~{`Hp~l&3L:QP,fdu_lP.,W0@&[L*v0x^3b`S[T:vR\}a^)I<t+6=h-5qd[!O.wd18a:D8YFj!SBblA.IRpxFW.6m0D?@96!AJTFt5P'V&jTgd\1pDo"VOC(LsD|KS`(:P_7vp0)ZRZ!+~EU61Tnp^(p%iR?XmX9q3qrVaa)^7-~kEt>NnIgm`InqTj5N!X=@Oo<?Ab-H5u'LCspwZQ&$B>KQhuu[V>SvU%_g+jN6-ta/WoyQw-u\7eU|0NxQGF/9zw64+TN6oA-s%GmuYGm7
02-21 11:32:09.170 F/crashpad(14364): DCd+@d#v!v6-xcxFM9:CPPr+SDy<'uk6$eB`,oAPuMDLc["e1@&e"R<w5fRtl56LJ^F;z>pO<w4fpim,Wn5l,h+]S[8qjyhnHsU=pimu2Tjsh`Vr'HS4@wd-fk*LG>f@DofMazA5vojx8joh+mCg@WE>as&bzwL3EL~O)&?V/JY]e4f58H<?Kafw?q3^%LDfNd{`2Uas/6'?;p`p_j?9O\<N~lrG5,}sERfzX?O<Su0DA5RD|c\+rI5,wsSb&Z<VH-'vmRtQK50MQKmm0|ao<NXI9"TKemZa5gz|:j;V,#zVoG;?}s^-4WyI]@wsBM(1G4:VWt2G/6f,;`mny?}s7-4W{Iy.wswb&Z>V"*'viR`gI5D+$v1c,mM4*FGH2>+6r*GH$S`gN5j.$v!c4q5g(5'v]R`gP5@Aws\L*b{G%4Ngxn9K[_Mgr;oakrEEwsR.iwaoz0!W6gnXcJM4t;HtyG}@aptn{`6ip//Wd+;`Pe~sNgT9%L}ry?ws~&<DwsB(
02-21 11:32:09.170 F/crashpad(14364): Wgao[{]2$vN{]2BE<AI5jz[@cv.uJ4zr-@R8m0]aYp5gD-i;5g^8SV;V4[w4H4@Q](U\=sTNnmK}[@Cv,N;V6<}s0,*bxWtT)w,N9BAHNwQ(<V^$5l6gO1:Vy;ws'O2&=VX!]@xGqb;<wWJ+gVV/]iy-[N"9B2J'sVcbd/1msbtK;mD8Mw:c^T^mV=ErGe-Ud+d<Gnja6R=Msb~@|IbOCjq8shhW6,rj{+A1#$!9#G&|R'Es#?D^jB.NYTkbS^}G88cg_n|K;jPNMYaI:2lrMP!a%J)KTfjN#A,J]5v)d\z8$a}>'90w{QmCu+CG8(L1n9=T<S8f'N6o|'~Kmz_~-vj`=^frlv.-/D'H,+!L?TTv_7y*k0jJ*Tx?]woh1Y9|EjQixdHd{M]0k{@Zf|klBP#30N&L@xvWg5b+26Ane]t^p.#m51gU&.{c.Z2hXnKs3,%.9ifZ;2l+IPNwIjY*5LlN+*ip^BF*3U&aZ-v;,np__W,::_2e~1eD`UQD.rxI
02-21 11:32:09.170 F/crashpad(14364): P-Daj7/ZKL:2ke{L,'LNlfz7}K^NkwVc][2{yDcA;YsiBnFkPk9Ehd3~~`]UH-=*K<0;d67USX(1EFKs#4(pd5',Np:p3%7}9c:@U={eE\v@F?l[FPRv^W}@,"m/s5RDF'.qLNBa>?7$$E2pBZ8Q(y"accMv3d3Y)0+Q?|yNe:/v!H.eq#1hBZXU/]j;3$"PoM['6Y});eOD:<IXP9Y<M@1l(c@7Dc=aQGVK84E8qoU1}VM72bIc(%;eMo&3eqScsV{B<R:!Nk"<e'gB&w[j|vWq<<1lT7~bCRIfBMFaBBd6#sw&hk!=xTE8x_4O^^<8PwbK`H}<K><.I8GK&q}WULtA7A{Auac,D-&9t9cge:(5@GBS-?G7G`Qe]K)Smwo_m.>6OtahQgZk"XeCT$y*!FG{^*}XF4erB*6HlG4FejY8cA>Ah/rCfFx9/`^I/h;wn^'N["6*Th%>!TrM/kCw_/V4axvz\a]*=w_L#/Bg_\X-YW~h4t/px=)7,_@+9YXu
02-21 11:32:09.170 F/crashpad(14364): l4WZmff6x1FOr>_'Q:B)](<Ba6}ZJkkyVu8Y6%t'<W)PAYrJoEit,1IWNTcl\I>w>.CSd5d[*N*<k^b>RDJ':J-8~jCQW0F`:VFf%8v9O[GK[D&5)?-fEW2JYn^s1}kN+oLqKG0H_pNpiXcgbAfVssVTQg,oT[;6p/xQt2GaxsKur_VH~u9t^-mLnAfQ$0d192P46?1=U:)v=$8_el~8?CGrg"YB5L>:qJDLtNrWkhKNxr(M+gfnSC(:0A_bc5/]AQ/bU[Fqw9/U_bi0(?*i%BhB![OKN#_boO$0T\YO}/r?nR"in0T]iwd).S40qo&ib.x8n%'y/BL2#@eA~Ah9^*>GoApdQ(a5#H8(_ZJGP4k^00)o8*^rpixFw-*4!I_fG[hgKb{I5YZ3$~~>8e)T=fqqVDc@-nie-0D+w,z',4OxZSxSA\ko;>%?gh4ox$;(Vl}28=C4k^30)/x}]C$OF/p]2MVa/B*YK+zY59';(4UCw{<l%-S[%gc@#i(T:?'5
02-21 11:32:09.170 F/crashpad(14364): w8MZ[IZ<PKe-LZ2M>%(?KqQhFil_-UPnqix\l^d98Y,/v"oAFw0]wF7z'GYkh=\t\S:?4B_/>ZzNq:Ne?z~>Te=>;_Bpd`@)XJDy8"/]s@IWfA0\pZgS~>u4iC(wD7Z>8P/F6I,+}jbi.0KpX^>Z?)Dp_71Mx*(?v/MI!G$\NYS@s%k{/BVGIO8=&4&/Vf~/<oTR/ElKpc6dgp\+c5aj|AT:|U3F]`v0"ST*;2nOpN]KZ6+H7wU}<Iuu]1r4n5{/'+<T+={Q~>>C^/j@_H2wGp:FI#n"/]=Ec=aZ]Ko$:4-o+-=Y"%Y[G6EC]nqec[+^AY*>+LxKt0&Wd{~>De+`inN$)oFysUL#&./]!WP57Ah:u]*L"k@(UAhhT@uXl]^Tc@A|~>zA,fu;1_trs9R^a*MkT(Q^d+T@t*{.js2M2O/B&16eIZNS<x39HhfpE?rsROo+ggCp(/j+~\id)Ti`xM}/BrWihR~>\B^/w>bL[;zy{l&H1MdX/B|j7ZuT!FPT
02-21 11:32:09.170 F/crashpad(14364): oc~/l+8['fymci<7'+Vi^G=#KNhBhK^x<tPS+/g*aUV([S\P91*O^J)fI#^J/]ua2CH;0E_j8n;>.?gh8*PJv7@jM5I#@+4gSUbczoP/Pd~drmDy(04hn>wQ4vsajdV[/^AY|ttW4bw+l8z[I#~J>cwC]<vlOrdHl"oA6o!?#CrL5-%:$*;EP.;I_Z>cUB0h1]?Q<C6.[*7P|]q{)u2V"P?mqi{1,>Fe>xUrkRh0~\_g)Tg/XAc[ho'TPslJcs>/vP6.6Y{u.5U`NN^}"n&(!wFjAyx2/]!XC/6Pu@se`nqi_]AY6%PJHZx.rP_bYx$08vVOK9"?OK}:_b=fb]_3#{-iTQ7?xenn11$05U5M/"?Wke&(oAPVZ[A3Oh`<c\-UpnqiO]?(mX3FvJv-868J_b+I/]=iApycOz]fJn{F<b8ddK%N6aLY/rAy<4/]73LZdlWTNeodV[E]AYF{gvg_<YfG!O~>fAT:4ria/NgNOv+.oA<J_[}u@Z+H6VU)JV}j
02-21 11:32:09.170 F/crashpad(14364): @(Y(=tp]>e>h!=t,2M>%(?KQwZ<M9RW)!I_by0/]_v;e&(h.Lw_gV[,C,fw"c41gTi5=i].fz"Av8Vu)xuo8|),1c*K:x{|\8ZBB?Z|"9R~>}\AY?"curD-]SS~>96H>RZ<9ghM;IT4Lm*6&u{0FCRvUeIN^I1^oqi%]AYI{i0-_7CubV[pB^/kX;FR<$4ydV[,CU@;7{3qh#(0IY*Oj2]?aK&B\!w"$Cy$(/]wKEZh=?Z:QQV~>FfQ()}3}75kD8wnL~>jCU@!,jfzs{c.`;0pEFV:[HnPW_a3=$4Qo;>)?ghkzKP%^UhpfE#j`=cI,<eoU0/&Fvo'T4Q/B"+357BNYcHP]sdw'(?GQtZTY<Xg:DnqiS]AY@&pli]LY_fJ#z8/]734Z;P$9ns<lK#.rndSUmW_aFgzcbZE\sd9T$0~)MgBN%bgQ~>Ff=>qv$j1rSLb^!6_bgk4^?a{P?amIjh8Jf5DoFd)Tk1Ug*`v.6=34k^/0)/B7m{op&Vn%AV(M
02-21 11:32:09.170 F/crashpad(14364): 8*Jx^\::$k.)y1T#(?Y@JIR]ke~/:?;2/"`651rw-TCyh*/]!wJDjo7VLe+w-H+fW(%(lPml;kqR3Hn*_$9Rd0D'@FO,]SRMoG9w>?;2o}]\r6L0x]2M8"/]]uLD;Hlh)7lV.F/)>cG{K3"jg:G{u,Hq&]?(;?;LR2)R-Jl*]su-KkK(M3Y2MT#59Aidu}/BHry}8gM)+qTg~/Z?m{PWfGOr~9'kn%5P=c;E8R,8;&Qo9e~/61di!JkjRZ^RQ'_CajoBT:Z@qohBs.&F_b)8?];P!.UFoXm=QOH3}O]s0pCR,/3+~9g1_b3=/]ca-{0n%Xo+Cy^5/]UayM|,PvKN_b3q.]M=q|KPSOm*P5JN$qEdui$7*O#mcH&/_bY((?bUZ=j2%[@oAyXB/]=5Z=aZYi`@sSdaFA0f\C&X%t_YAYJ#j`}cw'}*[K4ZXT2M`~$0p><0%b!Ny`J`}|R*^d_we>-5eNcW?A'4uS](eH]8$m$-&Io@r%K+oOp.ua>dIkK(
02-21 11:32:09.170 F/crashpad(14364): DgXtk`5T(v%8A"C96_f+~\WQ$0nMyEgT+BLT~>;wr[=Uq2w]MVNe}sFHYQw{Vix77P|nzFM4-oG*Kpq_[^dvqppmI*%Uh-(?qfk<-0D4UCy{Vi\,"t$P&3/)~\mI20nj~7cTX\%*tmM45uoOv!k;8@Uq-H+f(.=tSaye>%hJ]T\*A"=c)4m2\3G\7C[S~>}\AY`r}K]_}V0)~\OB/}m8Ef7i\^/mxMPwkwP(&T4iYRhMYSDn;>[?ghPWB59QITZV~>#m7[na\<z.@vVsqt=4S+$?)yT7AF5:@F%-~\SS$0r8Ogp]{R+P1M2Whe)<6$}a>dq0\r|GAW|{jS+en\s<~(!5oAVg)T.7otUh),"o[Gg$wUxJ`/Eky:<7qPvF"8BN^[69e4_T35g.~\[eQ(K:qK(L#=RZhn;>'UMk{kfp}X30I#8g\c-b<f[rlQ}*Gw54uMz{T8-sYPo?rd?H]/"0)oTx3}F^hhz[H#0#(?#u`]xZQ*+=y.~\?KRf.|Ph*;~n
02-21 11:32:09.170 F/crashpad(14364): t].ruBzoVTP6kkXk[X7bidV[l`Ho0kFDy\A<vRQs1M2Gd[3`2i]\t._K7r`XxVZ[Mqd?Zj}umR04~\?g=>5Pye@n&X[3h*U/u{d@|A"be>c5&;_be:N?ZcaW%tnW>T?d!sPSZ[;`'sjpYR52Y*aUV(eH&MQ._]@7D|J#n"?]Obvd^\\JF(SG+f,ur]FhAe]DDZt>Cue41./0sDq|K9~;.}4eV[_2B\tbx3Z.UqHH+fJL,>SCW\|u2Tk]*xidG8/B0DwK~,3S5oaG]/*0)/Q~h6k(:I#H1M^5/]_V=iW!kl.HH4-oW#=t[E&BfqT=lXuLFr4M$0&=*];u.Ynm!{~>s]UCu5Iwl6B;]oBy~E/]5AecTCD4X:k*W`](eHROSw_;\9rs9}!s0p>?DnZ=Rf3>4F?A_bU6/]#ArIT+a[=uA)k%eh=cE>)hZTCi%$D,~\}f)T},yEA[_U_kE#tu/BHp'a"bc7Gg?aw%[StcsUx5Y+~'$,2+@v7~$q|f=>U(mf<e
02-21 11:32:09.170 F/crashpad(14364): -_GkD21M|,(?'Ws;Ljfp]4-o=b$FD9N.Qd\S?Ad5&4ntq,(?'OXk_eo=fPG#,q=cy8nX[cozc@i0~\YV$0V5Rq/9=1LrC%{_sdqpN?O]zz}Q[IUvPWF4AYx{ZKtr?BHAKY"o;>;?1=v(^/n1Uq:GS:h`Tk;N7QB7-[TpSqdviebfrs/BzM~PgvQ.]*u?X(M|B94u@nqg]XXq#f|{pfH7V}HXGA:q_bYT4)1=iQ?aaWKHEkFCxi[]uSZCFP@ue-{/^*U/u{tP-8u]33)QTeV[74->m@OUXSM^v<-0T]7Q$0r3k5,o\UJJE4-o`$_ux*'+P^lR?Yx/Q]cl|c4B^/`)iaE)7OUJ2G?FKNJc[X)XZZ(1:4AYm~FIkJ[JL:Wg8wu=yB@zZ[=QZ]8:<WSCAy8"/]5aq22vi+9CTcq%-lNR$H.1'wG;H7&mw=!k@(V(uPLO-L=P]H)3U)d_[([Sk7@*DFXZ'fH#j0zc'T+1ItF@%KytoSwS;IuuLNJCTRLo-@1E
02-21 11:32:09.170 F/crashpad(14364): J/1M~E/]uqKW<L0MbdV[2D/}VaVszO8<^C.TD/.>U4Dr\(Z:cTV4uSP(%(tQggZPY@.jBy@FOBJ'XrxV</>1oA|T$06=ze4(P6Z@gfno,D!F3odq6XErL-DAoAB+0?}8@*}"}[@6~\yd)T?u;vdv$X+L>N_bm>V1?(_I9sws31x8Z/;pTg)TeX_H~]2N#54G]/.0])zLak[rJ-JX`n'T@[WC~fdDaCJop?rdI0T])d)TMRwHm[TZrs6Y>EdFLGB?ghP!"DJt-(Wc~G~c)T#q$jk,5iU~v=RCB>5[8db/{vY|Q;6wac2MzS/BZ)qX4Uze+]qoqix\uS\v^,hUI*2M>}(?Zc=nP,Q*_Kn@;IKp=c_7"aC_(9Zg9H5[}/])qc6&K*{tK1~\)[I>@Ql8#fJCPW4["8^PZ[kP^]hSd{*;oA2WZ[#\fpdEwF,2Dg~/hi1y*SDsQK`=s-`i{Nx%/]AQypDe[*~\?g)TeNz.Hul]e*#fv{"o%B&F4S5fI#>j>c1T
02-21 11:32:09.170 F/crashpad(14364): F<@Ad;pH23rm>:f]?a)w4\S;@G]/#0sD'}?aq`?;_^:G]/<0])R|6og^GiybV[pBU@uV2a^1b*U/w{6agucs&<C}_bq`!0{/]j,_09"SU*lUNNtH%'*pDQ;4]4~\?gui5-r<r;.1e\I#j`=c52wIF]q<3QRKoAT,0o!,W_H),E;/;i}jbix^wpX!+78jmv]O?m;>)?1=f5_k9A56EgE#,q=cQdt)FALi+H5[Kfsm:mZ#3`U):4-oQkg^@op^a3Mlj`sd31(?_`$SG6"#2M$(/]CHa4Bu%>a4uS\(uPjf)abVRGnk1Mv!(?!l)cq06iyO1MT86]M=MNl;(-MegXwec[#Ch$M|:b[Z%tZmqi[]AYm)~nBrk]1M@F/B$^q8`tws1M`~$0*Gv.Hu/p7j'+>:p]o+!fbejVuuAy,,/]3`^X5mQ=34uSP(o]I^2ovF$I_by0/]]5QX1KR/r*)y_C<f^DIKzoz?j*W!/Bd^&\|l\YGGIE#?ghx~Vs\p=%~\;DT:
02-21 11:32:09.170 F/crashpad(14364): hMVs\ps@_bYxZ[3dq^5mqO\*1=I+lqwdQSR*TsIa'+4E/]gj%l:6EiIVF#Jp/B6wX&F.vP{5x%[s=cKuI>[A`n'Tzpdisw-cTG\Wdl2TY_6wIlPq#C^/iwrPAYO^1V|nqi[]uSJ%V:nD44XQ~>Ff)T+-I]wRUCI#`{8?ZctbGX=D~5X>yBBO^['.$B6wb-8=1M*;/]Wr>iQ\44h:_b+I/]UqbPjSU),3{j.o6#up=wI]YWgvG#(//B&ofPPVg:4eV[pB,f9MD0\\S4s"6e#mBL+0$q=:nN;p*d)T-B5?[9Ef|nqic]AYv'(TeIiRl%[s>cW3oyne0!~\=E?>vla?<fgEm]`/<0[xG)>J_fJG5[}/])"]aW{324-oVI!fN-+0NYJp0u'+ps=cI,D>aswG5[}/_Z|E$Hb3~\Ojm[=B_[A\u3#kl^00Kp!]%Y9b44s"2cI\![r_I_#/T]+e=>oYeB"-6=;4uSX(o=$^)Tq*;2LN>%(TihL4ZN'+la(M,LjD
02-21 11:32:09.170 F/crashpad(14364): up4YF#r4/]sTc/JxyG!qE?ghK`@vZAL#vVc]A\F__km?JQ&+=cWsr?@F!+~\Mb)Tm\/[@i<H+f@;bUl5(TVSA::T:?s]UCS|tpOp_by0/]]U>[7Q/GS:vCSt2,#f'3y>xS:?$BT:Z?1nm^_bM:/]w3F>0Arm;>|>1=;9'O{E%mK#@+:g)`]`~E'I>HI^4^UCOKt5@YDy^5/])K4)&.PToc~/*JKNdHpS@+y.T]7BT:t"XGz1_bY((?y0uSy>U4+>S(uP]dsId*{3u,^J&Gypl:l%=TMN|,P(VaW]d*#f|{<lr,,5!eO*"d~/$@W4HQq6#C>v'IqkU*^:[(y2],;(yVY+`h1Mh*?]E|AYp\Oonaj*U/{{,d'-])&8qP,Aidggx-!F!af3|>>J`hC4Qo;>E?gh'OUCGF,2)HIEB?gh]1}*!<2+Yp2M`~$0|%)]e:rK!5>S2H=u9[fdU,?Jaht{Ay40/]-6*pN[9iU=WcV[HCT:@0)TKiM($~~>WE0TPZlb
02-21 11:32:09.170 F/crashpad(14364): *O@::W8_kd5>MN(R!NJCr:$GC4k^%;3d$B,bGSbJ_b_3/]QO&cAX_hn>E4+>[(;c>N?(7E@9IY~e-0Z^-f6X)-)oeJ`AYn;>9?gh6%,f86s0By&I/B|*{MXBqtKH2M^5/]})'N4(rob7oAt^R?asG,])k?w??J'IZQx2/]=u(cg+*G{S~>De)T$"CFOi<s5y~>3s-f]L/{JKb:n\3A9?>"(?adK+U6D#Vg87_b{)(?%N&B.1zon%=t/B^+pJUr<d8n'T00%M',)oFk"6$g~/4_6[zFs&RdjSWe>FQ]T?=cC1}%d|N.&@_go*#fu{~=z>^]|;RArdV[7^AY,Pj<@QvSGA:q_bQPT?*OO9LTLvwH8tmd*8y{>mb>93&m7E$cCy*;/]9\xZ^NE}-Jl*U/}]uT'D2mFBX4-o;_qSla[7asw9V}e^"Od</]%I;S=qh(p%e(MNT8z4jaaJ4n;>K?gh*iNsRn6"oA8R(Hl@<,bC#m37X4-o0((_"[gxM\ydLt~r
02-21 11:32:09.170 F/crashpad(14364): 4PfB.^AYw5#02X.3DG]/&0)/]Q?(y/9t~tCy|,(?FG(c56\t6bv%o=tdAL#f%?hXaFFw[QdaH]UCK0ec`i9H"-zGIE@?1=[#,fX#w2\4!I:05U-z?()FPT3lq*$-&ug^x`#B~eK:n\Y*K:v{<<VuXPevm:L#*`/BRg|zl,Mr1n'4-o%&=tL+kGSy_Ik-#k(+=sw}/B*qa=SC7OO+zm;>3?#f[A%oI\LZ2+j%WQMN*S@+Mb{)bG)P1M`>8]-)<(#0nYk]JrDQZ2W+}lZ,siO@;C6.Y*u?#.K+8M}/ev,5^*MkZ(Q^VPAYj_Yki"LG%}YQ-QXsh1IZ:1jX.fc[Q]AYP;.BB+~\yduiR?6[[*'HJ.s_[P%?a:fH46$dDJ~\AY(.Q(`re;x%AVCU.5go)]?LVH/q%}tSOBf-Q(^aUWH#h/DU$6aO_8(W$W~>Ff+`%(,fFid%mL~>8e)T]v)]#9L@DNV4%e718wGQ$BhB{X6-X6oAFQ$0z|*]+bD9D4k^10Kp
02-21 11:32:09.170 F/crashpad(14364): nN_8`aUp2Mv!(?O+)ccq^L\*wpv0g^Nq$rR8^/c@;BzV$0e[('K:D;^+k\T*U/y{tPB9t(FuH?u%[S(fUaTB|>z):@{{-ih*so>c{ilwl!2ti6s4~\9d=>YJ{0AL1E;/rm;>>?m{H)T@?;N-VBoAZa8?Hc;+@FiC-YhZ%[B4gvw{ZK9G.8}JC,a*K:b~R_*];UbpR\G#^J/]G:"nub^ZlsfqG#XWX?^>+)*+3Az.HIndUoOB.-)T~'PYF#N2=cy8>B!+pH\*#fz{BGZwcpfvqX|sIy-~<T7K,BT:F)#0Thg`K=9BzS;6'6wppk2{:;j-{/JC?>NbFTMNr76,)oq^_v-@VOz;Ng<0sD@}o\Q;n=U4R.xi7[0UH}a=SC]T1_&3~\/g)TE,%?rQ<CD/n5R]MX3Tblsv'GD8nq(4+>W(%(~7`>.<b|?.uI?aYP$H`*)TRZ;O3u}jB\M]s"dQuSlp`S?z~>bd)TKw)]#sL<D#UaQ]Ft=cK]v&2d$<<1LQ~5YU
02-21 11:32:09.170 F/crashpad(14364): Za!]k!vVQoA)m%{CKN@nf;kL`v4R)Sj%?%/]spsb[J.[RS?ay8A{L6YV(H6q(9s+Y0Wo'=1tmdU^|3Nn}ElL"wLqQe.8oA*/0?dMqF']]hQkYR~>mpNvE'lpt$<zbMPY/8hcJdo%i$`Lx,;^}w5zx-:-18Ow^e}wA$#0.?Kv`k^\?n\gDULJ&1A:fq.Y>X>QJjIM:?k.U3-/Bx<N3P<|yNnSkRou$xTd5M@Ii>iYwI(L{b{;V'{)rIzywb?V].<7qlqw,+H`}K{qn=va6m1SDcQH]Sq*53^jO;H_f9[QJ|X13^9c|9`P:+9j9sVpb|-i0FdVlG@uB7RiHv2c#D)6c:x.qu-U$y..eEi<Jr'GXlrS}D@hJ(&tj.:;;,Q"%n{n6U+S?bNQbG_K[s[+Dk7W-p2a_I$i7zyd'X%5r=+O^FFIY_!_'nE3vt!\Kibw-b.Z#gx(b.<$PSHrlXMLZvlc:fTAd0da5~_AcJ1f#5D'g+s^h}&wpT4P*x6O]0Bcy._|
02-21 11:32:09.170 F/crashpad(14364): 1fL/aHmAi~X[@hnsMdWJbU+Xf(/rb`]h5K1P6@t=pl}rfDdF)fdqZg&rybx4Zrz^H9)gh\4:Q^o*T7>VZ5Y$:[YNpGF5b:t2vG{c3sF\y_~j/m"vu`Un#u'AbgU1`;5wr]Y>xU1,'Z(3/B{w(>{u?o@q:nipjiup6Oilc+pmTKcB8jvLZ\X>0]rfq5N8{^_PzZZ;rvX1S>,fy`^\U\dgXRx{Y>7EuY/i.UvNYs|Wh.wAI<o44Th:BKeTLw"6`AkooaljFhuj{e[p9Rhk}5G:dtFv~O+Hl\}e>Ja3#=Lj9c^2}rziSk7.'ih6Wn0*zA8iB:"xk(Rr$"Cjj"`7=[e,?[7%1F=mx~y:zFuRM$r(W{)hQ7w53]C(QMwx=R$t=<p,>@p;~j-bQbBKy[.b-cr*Ye"h[(ZAK,2VGSS=W\|<)rtD~``2=7iP?IV43wh\&D<IY4RcEC7;}J<}v(go$yj6SOFQYJ[OainI1D!(b6;kgZtU!W2JvKt\g=^G4kjVgp8~
02-21 11:32:09.170 F/crashpad(14364): XfXF^i:paF@rtKNdqo[`RM>(SUMc_gyDAn#_15^`~*#8{Qfn"J$6NHZ?s0wfToIfv5[0,/x5bsTrftV9!X;YE$zW]Y}n5TDN6rV38b?W-D!Aee\aDV(VJf*k?oSP$0N~]gWRMOB90zhL>;jzHt|j^0U>Lw8>zh(@.hj1v1UH`S{tmW8Us*S:mQ,ZnRLm2l/`\s?ok1[Atw"6nkwR"YrPOVuUF=<UuQ:ni_8Bu>Tn~Y}BhN!g|%dq&MdzfF!i\sfUnpHqlI}nspLwMu@ho9xOMd>:X@aiR^es"DnI2wIU>d.KeJmprs"3-]W5bA'hP?1/>91KKr$zxT4>.hm/L]#-/-e>B8T+R1T+}Rqn=7K3\.PYpQNJ~WDZ[K0mZNrJ"QA`B9"pR.K?<}_'"C'{"-z~dB+tAA:nRJUIX_g\dkKKP[^icR[Gi<9.!x&_KU?viP'm"R~47*/i!`iwsPEUf4LtobV?^6@RXmsu9b,CYc0sDrD`y0zZdmF9Wlr<O4F-?k!-
02-21 11:32:09.170 F/crashpad(14364): ?aFm~h9EReyi!]QF(7~#n2Wr`t|`Z#v2ji~dp+Qc_iPkV`Q/"lNnrEtAwear9KPaD6nr:[<WWQtgXA^t:QDD3sC`hYYSb%T+j({QTC=S(6B`(P(=Rrzq$$7l*TgY9wK(zI)J]5g!RX*xS%~Ad0eYPgKad<p_CrUXSM#KZlO=j<!TIXS/X_Z>vS54E./]j?Bv"WUAuUe2(Y8O~UQ89&"3N&@:fa@qr()K~lPL&m|_U?PBx2AFTC-6bbI6OM8=xVp=*-52VX~nA:J>Kr-(Ys3'@FJ?.tL2r2XrcKHj8K@UZo6s(q3.yBTGoZ=pQhFeYN(^Paq(E_$w[7@sT_JauXg;d=;Y?c-Ns2xtGX{J#k&`tPCtEnjlA91Z@*;{OiVB;3l1jvY|>U-!*xt\-9C[xAr+AdPSfU!-0+~65nWjCYR\@J,wIhHejYQl3<ZB-AseZKafb=i]Z.<WW4jw*9[O.r3\{IN.EF!4K8v9LojLIPq,m0#Y.l1?sPrQ{r8PGw\E]tTm
02-21 11:32:09.170 F/crashpad(14364): iIG_Zou@F=rU[)4wKr{H9;vv)u*nnJ,3QX/J3TtC^7DdM5,ejfujE;51i^Cdpj<rPc(`'5@>ahz'W'@`Ac]+mK10ztu/.I.`Yrs[5tLiO9XiKIzk;hh99W6UgUvFrB"L<aG8/z'gNhvlfXF9BWn!E2n=@*l|~\ed"vq8Pfb4|I)qjJ7+)zIH{c2k/iuZ,;Iv<a?V!6VQ2>jb^pR8=\VqYK7~NOU[P8;NWrxtMtVt@INNVt]Bg/%Goi~U@`GV[H%(~j>UuwFA3@.^GPM4*IV^8jGf]R_qo+#,UW(rXmTwTvh6")bpWa<`4UJhya%J07?wpHgY_p{M(t6)CP3@0LXE#L7NZ[Iw^_p+l9j+vk%-Rk2T:FobsdvDXg'Hj*}:l3%d@uvE:;0eOo%9fI#Gs?hJ)X,Gtc26cc6E@Dg9}Ks](e][@t#K|[epD;dgs2X_dGH.%Y[2QkbW^~{fzugoizcTlJLuH35T|i1+\wb'ru*(5_84!u0{Jk$bkq*6eEyN3M*2
02-21 11:32:09.172 F/crashpad(14364): `iu2/II;r/T`Y&)jo;ouFH{S'earbEG_nlh3<c2S"0*A)+a:,Zhm$wdV3L{hbZhkMIi`<PVl8*:d%j)p"IgvH>fmqZ(oj4Rcoaj:<Fd`x(wI~!d7`i$^g@!RW@LYWd~l(L|_N+XJ[h`]@0y1"-7@awV2;f^Vm/VAFg[^#_MXS;2kIA]?wM2tE;'KfIo1*O;ozlRp8>/O6efPQS!\V5(+V70bR;pu(LLBQv6t.aKXIk]J#LbOk\Tq|B|F(23F\[iV!`"^mBbk9^KS"m[*FMyVzB+TDH>JG_:[jw*Lh(FtDXt.T|J?sWN>2?~^`nc;dl~.n^md*pH*RCjD<+za~x;ds]DW%K3@Tdvmp5rn?+rq0RVK`QiIQN2BSP'Xej_geI.H?aud2Alp'|PG;vjgQ*^9@LU)&I3hy,uze)rKz%oq(01OXA5MfweIVt)lOtb(k<x{<*xu91*@t\UMfkum>e$Ec6>hN[6NmF<}8Fz]0w<o>pjl|(d3&[^>HI2``rFh&gQC
02-21 11:32:09.172 F/crashpad(14364): zbiv>riASBX_`lNosoF=K>mi>F6&JKytOE9<_Zo]R(3[JHk>Cs96CCf8&eXpyn8tANxve1V9~42ewcO&r~S*dl#I'v~(Y7HU_Y*1Yi[JN4-pujsK1u\]hvQK=uudd_PM=aaxpOUTe-FYLCvU7kK"V*d2]8'Rn8;uJDNmV)DV_lJV>GYANH2r'VZ>h=$3AsP0J_nud+6wy%TDE\h^hC6t1r1YD9Jr^7efIXQkEJ{w*4F5ul*l#4iXr2Haww|@3O^Yx=%bV~)*JvS'"x$^{Y8;c[qn}uz6/AehOwrjxS5VUPm~m[Ta$mN*@w(|g:tam}1_2hnbo,>zaW#dW3RKUnf@w^wnxNVd^e[q4|&KIAaAQZOud.OOt'Ok"?3:1`3+i2[Mq15o<@OCiV8I/lCs$4ko7uBup2y*FEBAV[d\nIjlznz@AI|W"(<@4*bv,_v7I`Je'pK+&.\:s4J}8^u\PAD;|anTK]6h=i41#g:C;TM0{5W:cCbr*O*},itcC0te/Vas
02-21 11:32:09.172 F/crashpad(14364): $w@N@N/JwR:+n)Z9$:sBij73yRWY&wirDmnK%tkYVl5j#UrqJ(RC@wUN7//mVGYI\CeTdI6F`XnpWT_K;rdj1M.LbKW74k9UN.(<Tux0^37Omdo@$_KEv*m(96nL&?\b&u1QpkWanb@LMG@\zhEL..>bgv{c4mbt2?Hg+2_+L-~rZp39)G`NRH3mSs7_<Gi+V8zC;tC=kr;+\T\"_:VC$d,Gaw'63SCr8MZ`okR4kFgMb:=kq1J;qE6)852/"xWI}h1<~kIt~R<qY~*Z}wLM{;Ukl@Au:wDK!^oq}afF0*}21PGE(uBCxtl?f4:e$QaWBdivv`:@\T;5EWBvCtkw-VVT^$|8&W?)!@$p~dcjN]M)oM,u62SkpuMj+/kS,'Gvc@v`_Jlt]AVM|P{8N.Xpvqns4l/I=H>Y[6>wu&b/%xn_'V9*q:Mvr,.\]C|tbpT?mU8Fa5kK<=ftN*`(_Up!r2_"KAUE3K3r>q]@X}oKt1frCSnZp$RIf86m{o+'qSs8
02-21 11:32:09.172 F/crashpad(14364): &a6[QktuiMFUq.jf{7Dm]*vk?wZz3g@q=2`OPCob6p7r\U;ckYuN';HH<7u04wRQpSLN0s=6svd^57jD1/"wjWv8D-kQ"lbDs<N:Sq?D61>B8[PYe$kkrl1-2tgYeqWaDMXEIj?uF}?A,9picvW>&0dc:+X/Ik(=}G}DAIKnX\36Sgdq|Q~XIhijDW]&QmVT:>"voFX]AW.4%X/T{X?1u@9bC(n>"r,/59e8r0zS;Uzlzw=]pFfV,-N?O*<w|ld\u>SpD0ZhX%);Q;}f'UAT8e:@X2duvt,J.9oiAlnOJt5[+LeB'phC,Inl8GA.+Y<gT`0g&iP5RmR`UZPJsA3fsoT:.Szvq43$s@apu\T)!Wjfv]KW67cLjK_r;@v,oH)[_CBsSktCP91<&W4(F<gK"<Q\lHsn,\kmDL&8P9_?W>V5fuaF,b@5=JVR&JtMHg87J)K7diTa'_Slgw!GDl@\JMrn|ahJTAea8-J8j]"bk[>V@1fD"}83.51.bol5Tp0J
02-21 11:32:09.172 F/crashpad(14364): >+5prT5i7g+m0rk?gxj44KB<j:Vv$+gVu\zC?UgegPAMaK2H[G>XAB$Lsp~tSM@wr>2Z\]zwY.$Q#T55,-ODL-NRPgxJZT\3M0QFD5yk=6nBD5L.+YNe+kv[AI=g$6:1eh[diXp;~ur&,|W|2JM%@:|:L7uTOo8wJ98FmG.J(8F`120+T>'Ylk9Zh]UkCFG\Y7pDL]{aJfW5cUDiGTVp]6Uw2661Z($c<jlED*juth@bnibZ$4Kwrw9ONt=v9GDN~_PYV)V8R@@3u<dM_uw/|_O/piFwf^jsbVWqBAK:"Fe\ZJ@f}^xsmrq\O;rU8WQ1BtHt2FT]*4#oE/hWb+j>'(xwgi~=2-81:_`#.HKQlXpv'b&mD=Qcq%rcUV[9hHL_2)!JT_Jebcw8";Z]TUa/h%jTEe4u1Z\K~s_uWUjnh0m)6@D|.lT)EJTy.H.F2edO@Y(/Csu3IiuyQd:jUWAr88(>!uunR;svG[uLnUr1&\^T<omFeV?E:t<;-IY%{?D/
02-21 11:32:09.172 F/crashpad(14364): e>dkRV9nLfi`MF-jbI)ioVxEW\i`pEd{8KS,.`Bt`I^o-qoQX=u;?^?^,/G'er&@Hylufioj<LTKrQ|K\F%pjQb^=a1}oml`skr5\pL:>R|TbSTVr<RB(f:JzNc*&FRNwZ%3lsDoNExB%tGSZCT5l*DX\Xn=U;qLZT[PPGbUTu(b;gBq_rjt1OV:^qfK?XA`StrDXrosPC.ZuZKk|%z*'>]@)m,L[R:L0/j+73|r'f"G,ZV*<?^oHa8s^i9BH^vm\uQTaJFa[!8eqFIRdRKc4Uxe^A>vr{z(#i:F4Tobi[u<0=iznNCdBY-IrBp/a4`)dl!}n`OaB<Vtz<-TDMl_u?/:#j{<FcIkpjQi9H?P*bnF*CW3lt2#MLEcZ^xD`K!^WI.q$kr4d8R3:jJt\dFH>6jGATnQDI@g$m0Lbu,`EL9o<u;upabkoPB?42Ba;.b1aB"[Nq}3^Q8b&%"^GF.BnY.sr@Kw_0M2os<cC7+):qE4+5YHqlq>Lg-)PtNP~>n~
02-21 11:32:09.172 F/crashpad(14364): b\aCT)X!Deh[2K4a%051A4\qXs1mb_T6oI,qJwDtLyXvmdMIJ<M,y;v4HvK7|a(zmlfSU0m0D.$);`CCOVqo4UV\tv"MVH2^&TG9VJu5\CYd:SBo*RYj>63ecCqg;hMutc/ma`hGXF_B3b|a-aJgP]WZt)&1Z@\Un7q,>QOj9TEW-f=q*<4dnvMr5X7(?wbc\q&*5f8YQkn?N*DKp)&`3mBcvTl>Rl.IDKN#eD+FxVr<9BPoOPAt`@_Y^Bb@P*YX#bcc<EkUYNQD0_[@mJ5\gg?iG@vOxuxJ']Ev`rZk-XY\)R*g8Yw3Uld58m<o_fzoV*'X.`fv,iko[+e`7M|dM4Bc-`Rb3>8n4<Yoi%/^8jQ;iqV~.+B>E1Xt.Bca%8E.qrjFo\"d#q//3.?FBR]2*V4YKPNF{u)(Qs*xo(LwESytx-<o(;{h9kM4%bT_Y<lw@^UvG(WEL_{YMJX!%l(uK9#d<kMHX-6"xi+-t1ErE=]TyS@v1%{i*F?<,12Ka/)u
02-21 11:32:09.172 F/crashpad(14364): @Yj`BD]KBrHGs^E`j3REC45ez(2Al%[BjSA7@N!C]ZZp9uKwj\+LBtRne\,HM2P:SE#*f.$$#)h1isK]i?H.C<eY}H&08?r;@qb33D~H6Q+)8>-uKs-4j9h12I7^>kB6o?p|-i)jf=CQ[w"tJwiXu>?~%^Q^T3:qvr~-|lP2#u=6xU&u;iMJvRRF0c5<6V`!F8&_mJ_l"u4ezv-lz/2JG$Pl(8Ra?{.Bx>d8%84fV6pUAhYFS+Rk&DQ_nq3Kg/%OolQS,`'Gc\2kP>iwS0SMkvOiG>vol1K9zbj(jd~VT0Du4B(K,J8dd(&&.vJJ6bXNfitP.Zs@t_ftDL3k9VhvfRgx&pZq22L]}^5?u9BjwRD(s26^9UhoM+TSw^G[A(x4*j-`gK<o6}8Y|a!;th~Qt9k35?+l)H'1OoxBdv0jmVAdowcTGw96jfZO?rbwQ:$UDQdt25Mz@lF*~?"DmJA5=q,sTg_h1v:k@kVjN:>vm`t\\lB3dZZ2Dm$XF9l0|^{C
02-21 11:32:09.172 F/crashpad(14364): 8m+oXE/9`j[k0E$AAZCSuKp5,W;RXT<F7?,+!^z|r_"fxVv^5FbR~)ac"nMP2ma*KA!(8?F.t)7e%;5/nPHP<Z-W!uBlO:i6U55aL4k[Aa}`[a=d$*1]IClgAgzXnZN[QU>Jg[I_}`j>8[i`Tw-9ti&tGNFuia};vf>XzgtAkES_7JJz\5Un0W?Vttr=8AZaF[9sWs"EwD+`mDo(guK9g@|$(]T)Zq3`t:8F_K\nb\lw$4EfN4.APJ}N?E}BKa.Lu7osf:]?xM#@#V'CvZiXV`Z,!rFLnD"t+5\G%D}SGwBP1<;2\gEdbsfW2+'Vp2WnUH`(vH4p\rw)rC)TUrjvgUt+\s7bLb3O4P4qSXLajsz7GH!_s-]6pBD(k7>j[P@vuWV\5WKYz,Jvgf5B8vEiIfG@R*+@~^e6`IN@^bxkSTzqRq$Laop*U|R:zu$Ps?Hr.B\g=QCG'1lK=LEU}iutXuR4nvMpBW;4"Bvo`h9ug3,3M4w(!rUgl`jl~Ff\$F;;
02-21 11:32:09.208 F/crashpad(14364): cfZte@KCLo71'<+SWE,Aw_?L;@L3iaIk!pxBk25f'0uF[3]\)N6u:[BvBTSrc4RP@q]3c:g4B/*A_jwBp\S\D)r^/Qtmgn0r9ve=(&3<cEs5y.Z:Ne.Nj8G?PT>HCs(5gX([Qt/lQ<Zo|pEl"ZWs7]pUDjpaxiZf*x}|BR#TB@Nlg-dVMBrL)KWwqF#J2\aQ@iO,~2fMCsJa/mslY-6L#q*_6bVvlF^EZ0eT8bOeX1kQDE(^Lt4+E^mt3qTpV.T[wu<`M8q/pi=L>@,[1>upLCd\Yqvq+s(e+W=m@Xgh(7-+]/9,9<YB3z%cYzLMwzm/5{d!X<[Er9IQL4wLOHt~w'[d6h`=%1Y<ze,>w+/X[,u&E?A_;PQ8aW1sKTIL?5"Wc@ZpR]P\ga~@"bp4FUi>V`Al8r$>~YVJxQ[K2L<s.gUNn?>g'}un@@Ith8bJ<jZobKj3KGWM>@O$d_MQTpl>:@TrjSDYyVj\d5.d:UI;"HNPhu8K9"hI3-><>FWI<D(*
02-21 11:32:09.209 F/crashpad(14364): f*nkvg\CP5aYou:Qg]N/1.>yl4;r5N:nTM59PA/bdf7_4\BD*rqxB^(6QHbw_6z_,/ysnn(i>L'<x>`o@b^H9_~`&swK"^"kX[4JHRj5nLSkfWZJ&4]E[;%IkHNLwsh?IF`V.).`zF!Sz47/F5KanD2umMAKUBdTTGpInTx7o4c;|'gi%6T_WeS2BJxtWr5QRor~Gji@kJdk4|JnEuRsC+RTvv?0'OX4gty0:QZ)Gqd)4k*AgMJj!xQLxA25<8SHql([iid6:_`jSQre3u\+c8\wT}J)Bo@s,bdAc)8d?ItK_gEDp)cc`qN.nH7A{/(=|oVD8_m>7c_Ef)0q:YSl"5xM|KVC{Q6t5L8u'bhU^lBWIf{l@v6hh>Mh7qhaWhlIJgnH5<gmh?Qaxq7*cd4u,a?LR8BAblFjUv*3zpZ4RoPYll<q\+OIP~@E'Y%'<\t9c?NL=bKgRkcXJWJ*tak`ab~DSpvaD$s]ia@b_R66.jn1/Wdc!a2k`R.hG?Toef^E
02-21 11:32:09.209 F/crashpad(14364): Ndy_vlD8@ucgoPf=>I&D:nY4T)p@wEXmcwRBMp1fSl%C(~]r`G&P;K$<(m"a&kh`Ntxg}lY;@uU[Uv]@PA5qlPO_`35[NrplO\~?Uc\`F}kCsQ|7.>z554}Hz>$_H?+u2]fM`EhXEdxq!X(*t_K`F2d>@;>5?[-K7wadqf(U,C6f%l^R\s8L<jx[kI;C[1v=&vE#*xCT2jd*3lf_*iEt0UL,6Z%6JS\AeuVq&v.b0~'W2@rde;d3k:hu%U|DVdC`F=hHC@,oB0RZ,E5pb4WKXkFD&F16F^9fA\HF(b?mrw1_f*3n6bBW}hD?o]Gwae`byam[=3zO^jduA0'wNUZpPIN\jg>WN,AdB>q,=Y7p0qSg[pel`C^p.uLZ@Lx>1n%G^d,xqu%t:OfD/j/vLNhIjFGnlID9`K`96s[BN+1Onp,Vdm^Ao7*-@98#N>Y.03cGVGXoa)sJ#pcCZ$Bw]lRsL)h(.AqkK5<1Wm/N[\\Xq_oY3uHSN|&x%)L819PBA=xs
02-21 11:32:09.209 F/crashpad(14364): hQ1jhwq3a?8spD>U}k0C#s~l@jl?IA=sv4lXHe+Yv`Oqj.^t0@HIC6mI.To\QBkM~p#aIIS3tSD[y]*WrY2Ljdee6L\IXm'\&eRE`S7d]`u<%mkh?VsIzB%(>@Agp+rs5DhnGuCe]2(HP/Ed?>6H{I1bQ.JnYaUaZ<=t3WI99r_5?u~*cdpQ<8.WjI,G"4jI^kDcFD:r$c_tgBC30>Ke'fX@~s_O2`~u@]EaLoRNcDYF8Pm0|3uOrM@we4.?i<XJ/FQvagfi:^3bL*#dhvhg,gL@)}Bv%1xYLo&m8V(:X<`ryL=@'\Qj>BlZ|/mZBOjxZ<2tm7?vBD%s`<XGrqxw5<rc\eN98G`UsT5Lz&(vO1/3]LMpaOZNUh7~dtJJ0m(mtNqWDul@UJoBJt@LD)u<tvTt<jdT$G"b%dQKq|ukKJ@ID}9p5pDLQtHY*|(v9I<|{g#OIry4Tp*;-hdqiYHwL_?/$3x<%<[tjvso)6/>0a[_\w=+&W$3aM,hnV$VrBpf
02-21 11:32:09.209 F/crashpad(14364): WD%>q+xoWadlWC"bMYe4xbb4*S-X%e^jH_WGM*G=v58RPkGN@k6b|,e)H.p_KoGw-t8H~@1i.:iv5mOz)m\VX'5|{Hr[WU)V>=R>Dw2Yn\ho@*xQDw|)CcP^>@D^]`x5#+MmxoCboYr?</hujoX]T@Oz4l%V(Eh\-<"4pSL.W6f>UuTlP+rkp)P0KyUK|/PL'.m]U`fM7d:?ZnBYwqcT6p&l|bnh6oJH^h{wP_7@huyPEvTJFL>L_\qJC0.4cxGwVEML'L"D|@D=>anb(w{3HNc6.kitTF:pIv:2`uFo7fZDDXhE8Wf/-btIpX];Wsdf<FLu[Jvu.rhVHL/\`s$6Y>9I.fj;q%(q:jCSnJ!2&h.X.tmtnY+>*ay@z@,$L_0TP[ijp+]P6FqlJ.C;Owqkct`uKk)v8Y0mxO@U&j(GCePKV0Bg4OM>!w[}Z6&z|`dk.?&GJv%WzD#tjl#|~RxpY_]ZCK-\ELT9jvDwu3PI)t)VNGNq4a6SSdaQ0<avHpBj
02-21 11:32:09.209 F/crashpad(14364): UkIrOg:nFI{jD@{Y3+e6AD.cGZrj:+YN^J,s~P~B85&t\I+g4Ggg":T4R[h8xa:O#`:.d5lKgG(>ZmDvGBw:rVqOJ}Fdrq~b,kh<><C9E./>ka"l$ehP5yIvq)flFm0*U\@Ia:bvEo+s>^.qezcitsR2N5OaxMEu5[7Fvpqj:6)KC)FtT])j,6)881bxlp}@\InZO;mv}DwuH0iV6J5;+[GH\;"cywWT[gR+V#&V=TL`Wnx_\IL8><=SEOq6Al~Q}3Nh[R0|9VJHDVZ?DCkoLhFr0odsa^Kr({5cNgIAfsY\cHX`GuHA&4=Q&rsB.jIEdw9q2oYH^$F`#.gEH:$W^2z2#GE9Vg,HFN>u/l}D.ENX"3nTW;*mf(E0<3RjuD76xgb`$ibbcl\4XvK\?Z>w076A5lNj3n9fJI0)ipke-@iH'>5<5HnU:f9_Or6hLvWSt[nKq+?)Bsc)Qr-E`~fAFl,?n^JLa>vtrXkX(bb+VAfVn+brMhwS|)2`yXRgzb$K
02-21 11:32:09.209 F/crashpad(14364): (e0GW'J41FZ0p@ZlWa*_$GH17Idp=9&?:;jdP*zn@wHrMh0W)IhmGWw]~HaInh*b}Va]9dbsCaN-SoG(`N^Skwu;KwbjYrDa)+WqTlvj=W_qV3W.0L(Z-TSKYE`B#l:(mNwhBF^Qlsl`'e4Un?t?uCC_iq^@idxtE9ddfCEr'KU,0rF5O0{Yxh70RZf`HA]eLw9:k_OVtsRKid2Dt!pZS]O@|s$NS&;\0Xv3^I'j$6@s4I:YvUHzT)Fnf5,mn@g`tM_QL\,^6w6jGKTXOE#m[bf9":<a+kZ5|bXF+SjrOF})6l29'HEDYFpdQ^Lyxloinhu0^k|V3MJnEqPVW)mH:rdS`usVTT.Dp\oaT2$m;gdG0mM[sM:"CI_Wv38L%x~Vp>Zb{c<AeJ16fo_Pun%L^cFypMCre}pigOM|_N[HnJ0b1s|ICuyZ,LOpEl0od5oF@^`g`b?p'@x{'8S37FMF(r))cg6E?w$w?Mcc-u<3E?fr6r!C>puHXQM,2VrhK2*F
02-21 11:32:09.209 F/crashpad(14364): rnskzqh|^;zoxT}c4u`#s;!U_4)rNYUr=@&t)Qm_pwI*utlw.QwubIR}]qHW>I:*kc'+Jq'.Elz\AGCN`E(NPuhxqa896Nf83PSuIL3k<2F`^*hs'KN20*Wj"E[Z|2zr)n#w1}/aghk+2/bZ0yBrvy8_JI^ANltI`=hJdY.jg6g>utXr9j2j=\2ozvEld)*ee.:t^yS5{ZCWJF,i[IT6duLZ%W8_K61c]l*g:Jb0P0|%M;b]a1F\C|n265uQ3C"9yw0K-T1;B<6WpLYJ^Y0al<'n7V!GPG;l;3HKzRSpgfe`FhHm^KrkS_vq*^<6KnVH9_y.yJ1K5[3|5Q6RmdDlN8hIHUlp8Q*>oKIn'e,xG*Di|sEeUa\F6O^VCXRF\y^33m.a4y>qFza-R/!rWPDEyNHEaT4GW0XuR;mqdwiI4o?8KRa>QFKyId!9\mtU^fXN*`9rz*Gk8q<3>bqheoss~*l}erXd{>*xj+_R(?avPuJLk>:Bloud,<WN.tUXU13S
