02-21 11:31:40.042 F/crashpad(13664): D)tg]`)\d;PK}_"xi]ElKguq05SF4Lu2]@3ub$zVmN#a?]svZmNA>t&ZEkxS#Hr;'W">wa|?8q.XWsj\B^L7i`~H4iv[QpNq2T5n;rAW<n%4n5z^ZR(5N,dt#FMuoP~rvr2&@rIF8Te<tORJCZ-89SURfl!xT^&Z+`#4[nlqy|<uZr@=/bG.OQ<}dUTwWup:~0(usFzc$@g`mkT7,g(M.^vz<vne-O=r>_~";/1a=rCANXHHPIwZl)3;k!iNnH&"Au(+_+?wrGj+25W'+m/OKS*v/6'awn<enHlj>e"wA(jRJOH=uv`:tKBh}l~p@a~F|)b2voOVgvP0M`ktRj0_8=%vV9;gQftkCWyKE$[E:fH6Uv'pzv.]ABbVxioi7HDg9qs@nNB>UulF4vW.1Yf.Y;Kw.tfTbDfjaTmLY?\c_rR6KKJ9&O'm8u{C6Vr\5mSrFD97QRx3D[si%|Hu8Eus[_M}~lLZ)"t5/T$W.}r\/67>7LxOe6EG\_lvzenQe~\+
02-21 11:31:40.042 F/crashpad(13664): 6qvdmFZvvc6-`w'"SAfXPyVg`:Y+E66v=/7_G4~611[5/n?XsV!EUOB),~B),~B),~B),~B)TLpn7KmL,C3P,W0rCLK&V$2ml5'DFGtIW~]>9+ZB;m)h[mrW]o=/,{4CG,#$cP"NBxI-/Y|L7@GWXuy+'.ovZ!-XNxRp.7II)]6,+09K\&&M7DYm,OEkqLez[v,eHq,.actE,6eUomNFB*asw1o+zKFg>1)@UJnuMHX*|79Q6xc~i}UcfWzlm83^qaP+=u#o${}KVEio66>K$>^w}ohw'r^L3V3x8JC;hlV.Yl4Okn:(z\rkwZz&Dof72\=,kwXBg,+X'ux/SX)<*8b:8uAwXCjj6Ip@{(BdG]Lqa`w0UP`Bjj6Ip@{(BdG]Lqa`w0UP`Bjj6Ip@{(BdG]Lqa`AbUPCw5P#eX?@gBjAP[;wor)I\#L$s+6|fF4yoLMKJE__zv4K<4f4mY%i?{nyQKJFiLu:K6_4.gaXa|IJYJK-mN]8-N:f@U,9W}aPq
02-21 11:31:40.042 F/crashpad(13664): 0-e*,gmhh~[+{=LjigB+JIl4bJ1uT4>QhZeoe9zHr\zr^+V8tw-C:o1bT%2L62;5X_&<PASeL.htgr^RR{eH+b$]nL}snWsJFS7ek7qvWjd}U=}Jdb1ry>2-')QgVlL6n~vXqtW{5@staP?+.1Ua2>u*@-FL7=$kfG6S\c<+YaWn8_NT2Q&(*&|_#PNV`)6K():6"qRlZ/@\:N{lmDuo2*7`lp$6d(cHV5NH6QwwJK=nh\RxH[e71axKBAjW#f@U]K7"h%Z_?P+wLp*u4sscPA.1rLnHHM$Kln.lDnlQJ>pv*G]8ABn=%p$E=6pU7y"rz\Z3^Xt\ZjR=dw6mFN86G4<7[Vqv1Bo)oV${?oJl265,|K?oJl\/|3H%^6sD#v)f=bVu91Bl_20V"f3Wh<~s=b/gN>fr^>(30/]^b`.9tQxvd*LS`ChrFd!ss\!v.MAWwOlbelrSG5~iHsN^>8!8QahcL}IM2+q4wJ&PM9~@QaFR.PPrQqeIUUZB`InYGZ"t
02-21 11:31:40.042 F/crashpad(13664): M(=r'k|1M.9W_rfsdm?m49EFY+D[QHBX6b.`(m~GFX{n~iVIqn.KwAF|+<KXG=Xr87&odm+s)GIXfcKwcP{}2Dn_~QDw[O,Dt7i0nKv$?vyt\0Cp<mM9=\|`Wn0X1KyOn\1o%P<a^5>pJ6[w^#nXPA4Z7-tKRWL=o(lz'Z2KqTxG]!jQsK(RD9tV2"=JzK2n^I!wOt??he"m_V6@GKgpZJ<ih*EvXsT+}5Qd&<R9#S{Q}a`7WsfXLGgF1o|[w]ap*tzo^Ca#m~)6j#8/_gXNcX2KK1@XlW69Q8<6`%,F9k*p2<GI|uGhdg/qY:DKytz/6g1ReHOv.FE{#`BjI^#Cn6ar['brd^'_GTFTTdvQ_<s%Z+8vuC\Y8hkiiqb="R]nzDpcN}hr^rl+br$8.\s[-XsoRkt'|Q\[;vA?-PHtN:>JX.88.)8Z0yt,`r`ysQ3w5I(/H."wO9Ek:^nW>eo)Kw.?(pPweq<mMh|3}~xI~lH;yG{T#b/L'pF,Kwj={n^C
02-21 11:31:40.042 F/crashpad(13664): 8zK8}$mu:w_h$4Etw`vVr846#`AwwhyhHVj.nKv,eFbP<76/gc$^@9d\A<=KO(K6Wr\y7DW3Jf{q-iNpB>[KQu+W+g)BR6h?1t0Qiph!VpQnyd\{`gpp"qi:0az3xt-F,8!HoPxw"YB6?f3m{v26!/x<Ur&hQ96tLHQi85S_fV")x8=`gv"y'6$v%e0Kd--(=v9T;JMsMLBsr+6OWPEt9JMur^;v&^dOcqZ>hwUH!bEkP^W.HWoZdoKzgkoa$1QJ$d~d0P]Z0UDs1/5bSF*xCbX8lw0;^NFP;\xRz/|2MvR2&]&4$9yw^YdjR*nsTe7mUU`c>.)u5E@:2KXIdw?&t\9[iw0;Hcjduw{rIYDfi6q="wiii;s.FkftHC.)GGa_cFLu@KnYMH$t@[(<&dR6]jASz-@WY5aRDvaK%[8LMIu9:SSeB5"-xFjuNvN[Gc<9#+UEw<j0*mVSfnxbMuRiR^bg5g49$<sqnbk'M9OaGIt0-`c[u.}sQT:v5jkVv45w
02-21 11:31:40.042 F/crashpad(13664): sr+XaToVF0Js+9iKUsnN\g#R0{Tg>8L9B~2&&1.(lxg+6A%qN46md{H&Ev*Ry/eLwS@kj:+B!#5b3d4O%&=vsE^9V6;j~7eV3h+w[i'_8bu]>0Mw)sDdM^VZr=$n$hfYcv><z~O6{th0EAJEmFF,/:yb@9Aui\<tu/lJ|Q'I^Dn0irDW{mletX.l/kmm4,d\n-U6N^5j~8:e\cM:V6?E\l[7J6%:-8jo+6+6aw>OV6o5?@Nh<TYphass(x9>5w_&)<'mX/rsP0{vVu9JEUOvl^FYGnXY}R-L!@jp{KEknkmWh^;\fD6,;wCvi58sJ4N*x*<//e$D}(V4?6erEjg1jvRY[)csAT-LgZv=Jc$}M.!1bnfZ=dj+Dm~$9oJ[9v(`(AAZb"-HItx'+L9d,A:2N6~UWg!1jr$FODb?0yWT|muG-zj*OA!AKO2PBVGvGt'[!JF7U$9ouG8AoS"1`)>b'*V4g0b+}ZpM`5Q11zK=WbG:$1Fl)[$AGm.dCf8W:v0F
02-21 11:31:40.042 F/crashpad(13664): AiG{`5:(?B9oBW3uWTbpJE0Z[)cs3:RJ{X3,6j.X)[$A7e6dCf@p>m"O1<!A_)vo#IL7qJ}IvO/O[\!au}xc.r[G'EHt~dXT0MaG.R4<O)-H'`1*csW9B;4cV$(Jhx,U+a=Q1PlFcO:`Ov;UMBz>Ng2Oi->bs=MvT/$LxjpiS`Bu4#)w&*Xs"as|NCCf8pP)-HXU$S3Qb*|2o1[/-HDn$~!1(=;8XTTS"Nj*(v3:l;y$BJuB#PV@@C}q+q!eIK#1>,@eZX#n"Om:!J\rV$+w5X^P#l;mB^1*8vQQI4>mRg8LFdlb,})<!AKO2PBVEKg7iXXA78IbJ.LTN'h<(aS<cs\Zb"csQO.L'5-HEK:+P)RN.l&qjL=18sCy`9\PIKj[747Z|wC8D5c}\mx#jSDKWAozAPlFY%*1,a_b`=9o*Qx49o}G*|y/I/'uiLj*}`!a%EG+N00s7SPj}Zr.&5@3/T~2GvoKIt0/(ngg#'K7J9&A#3N_"H6KMs,Edoy*AWM=
02-21 11:31:40.042 F/crashpad(13664): AWa'&esH1<"[y_^dBk>Z>a\U=ZnXkzchL'Rs+TSv>CiP{uNBqP+GiP%vDM-rIsHtn.;w~2n_u\fNYpvl9bU99>c7&evI).W+$3DZZ^P<QvNSh=]aP<Rv:ielyz[CG@Nha~V6{C!FCWf>je3ggjL'+r$o;w|LK93bA?ui:fkP{unRlDN9h[s.6b;<oyx-EKKCH@X]uKPm":?iT6.ueTy{zvaO5wsy1<cwmnmCW.h1}Px-+6j|K>[tHRx-m_i2r:)uNuzxkZeT}grB$/ep=1*elbL')l"(HCeTsP^Akq6$KT;S>nfunR<)XMK=AOrp":QBAgL'=WMvnR26dTA:ue;L2E,i2b3J^G\w}6@B.AQSZAQ@T6:Vg*?n1<mP%vzxw>CL~+0zx-;vlrF8Ks6onK3J~1r:MS@-"zx-m_Do6$AL&l$SfOL^x-XPbI=1FSb\ZA//6s'mP!M9Qi$SjQ>o@y-m&cG7)mNuzx}snW7LZY5jnn/<3b==>n}lP!yoXp/TXu.2
02-21 11:31:40.042 F/crashpad(13664): v1YwS1e6=Lx8l:2bQi'`Fl#s*Dq:n_Z.4RlJOUyD[?C@6uFs7t0Y~'QLKU[PyUr3_w"(01xu+m[iyuh]b2-(9JAkp9Zs&d`s(gHr2NO@[\],h5AZf\$7gw`W2<Mj#vrP8Ihu+Z/?"r}.o/33%AifzN:v7+oVT37Lqw@<p:$xEAJ`6M?WCwI_&rD]Z.Us'Zuaqupp^]%tGwVxy/iw{Z!x5iLLfL4WHW`e*SZ.iqw<l7uB(&}EQ;tdJ@3b\ng4f,QgX<wmeT1^=XxQ!zi.uR9155-s!RY<Q}E6@#y^h&$KLbpIY1W]!aAB@BjQzR:Wq<II=VHVI\jn`\,G1i(Im}HE2,Z_N;Q+iq@l@Pv@T4-aZNY*jxFRELNo_,bO~ljsyW]Q]nRpmc\AS4#ax-WAg@^P>(oavjy>S5.H[_|tvP)[.mT{Ew]K@@.XD&YpF,:w%w\,DpxUnrX7{Q+e~h(YS6)mjTzgxE{Y.h7WoS8\|G4\mrCj`<ALt}-j8vb=SDftBE1J
02-21 11:31:40.042 F/crashpad(13664): eIWDn8zmRy5<,mc.RZ=b(n)86hKL#H|'7Ao<2qpY*dLL~ay4JWaK?=.w\RB4OCFinhgB47`6E<8-l'@,AL0b9\Nh=1nezZT{>($>eTApVkmWNA42huo,\vTIQChKdh"C,=Nj[MgFUI~Q4i@MlGHQB6YbHfo+Rn;UpI_RGob*]5NwE7GU9VMvSuVMlG09Dt"HFL]QX+2:Y<n8`pD?Zn?QSdpaxXBnb*]gy7e/36Nw%'bcRw{b&%ZnMG7w*-,wu~{Z^6%,xylGuGN8iSn+:2MLd^lG}_AwYR_QlG<{21O4>MkZ'e(V{Z^6Qb.P~QlIWtr;^]Qsf0$Wiv6vk_U]N,xu^77wjM_c]rUZYwE7ZPAL#$BR2q.w#P~Q^nZBZn?pNuVz1<[612_gvIo6qJYw3~/O%1]6I^,-b|?w\/sPOjappQp+P=VSa6'mTh@sp%8jpsHQu_qBUwIH*Ly_m+jr2PALIg@~FWTh&\GKN<J-KwM!J2#0BuB($nhgu2&Tgv8P)K'e
02-21 11:31:40.042 F/crashpad(13664): juB):TZ+'elH-UlG3tZfF4xUdSe4N:4AQrjAG9@KeuHb2J[nqZQh^zwtdO*bdX:+\w\k[0{]J`~p(m2m@Ajs6[n,BRmJK9ggVh;/;o~irlQ00FLC$DAs8wdI5\ej`)kvM,b+'S,qMGl[8yAW8n*kaHXb,:`CjrZ`g5"ZQ;a4vsvA`9w0<IM(m5$vi0T+#,8NJ9#JU,U14{+}[+h,|g~([+:e.dtQMof;>y:2fDwaZlETRK3XcCtQ7p<oJ9;/`o^ZSK5a_}>`-6Uq""3Azz-<qV2jyO\;PKG2iw,x!gJXUw.f86_SIb\+Bq/NJ974$vk2a2Iu.s5-[JxE+'/<non&`C\rjB^.PKU9zRx>#p`&d]>Px6/b5*i]>Px6/b5*WH9~e5<,(em-so??eh<ohsbYex86QXFD\+"]NV:L@vmHuUDLRNBvT[EfQrFrPQEHV_B|e@tEO9_/)aR+GNr\08r!|o#o3]@D#g6bujR)Mbf@XTWEuXo+3\=@Xqli'vxGy>7{
02-21 11:31:40.042 F/crashpad(13664): n&muNcd;7aC03gDCW>K6M5xn.)&rdq0Y-,D;DY>>+g0cpIxoPgx5m5gw7XaTGwP@CL4v~mkuL'X5c}0sO9Ku8Rk5{nzZ@e1<9vDW9\.8pKmu9WLCB_+CKQv+\_TXakp9EI5;8=]rdE`(]gPABeBkCS^"R]hSKvJ]/8@1G6Fw/,:bi.fDY..bMwyH'%iqH[=KHOXa{v$4uK<kF|XNG+*>GwwR@wrQV^T=+IcSY6DXGt"+z.duOPW}M92<Uc\9uw[vSvLh+(TNsQ7w|W_te;=e|XV(bC-X61J@RjK($C^r3fb<4w6``5Jfp?4[7>MhoFH[iwKKd+@uQ+^ALF<of8_tP2G61L_h}Qmed?v\t\)a\O]tN<xmWxD;D-kw6f[m@bY0P`7mYH@w`nx>a74|9L{)>DH=?ZJN,m4X?Q]BGvqHfTgyLAd9c@ST1m(kx--WtNK>EKitvD>wZKa"[vit6$J=NL$N3+v>t\YvZ"6/yw5R3Lbw'_r:Qp>HbvF8NJ;9e:`C
02-21 11:31:40.042 F/crashpad(13664): GuutvD,Be%vYa}R`r:wt-n^Aer.n^A)Huws{JfAw4EU7Hu>W&VV,m;-`VlNJYL_c7oy>Cwh?Ip>LVS(CGvjsV`^A]n2n^AqX0]r:;v\jx-BeNT^A+elQzwOO/O[\us3x#6{s3x3mzlPYxr>t?1,``a@wDM3qvqnhSuz`>LpLdUGw^JZw{r2S7`Z[~x~0-WlcL}q!,w%n?SeuLb*b_w=HfTSn>_iw0j'`ewz[_6.6~8LW4bAE`r6U>1}@Wnsn<-u]r:7tG7SvVm&G|@xdPtH)'mhs`u1Jk'/)DqeyFdm_Mv4%W=CLH,(6=L*M.(\A1cK?{s,,bC>1uXT1&$noP7fsH<)XJ9=e*tVNJ9IsB]FdmsMc|Woepvfa4sL.!vgP_A5b=c.+$C%e`fQ1V06Oetmn'x1t%Bw-Ua3v~:.JdO\s_Kd@=0Mw1wt8MLis>v}Abu*0|kFC0bhRF:6lv]Q\3aMtN^i,K(#iVPpG&3oN>XcUbJ}rO-~5%L?nC7{/\lQH@&uY
02-21 11:31:40.042 F/crashpad(13664): mw?5qQR\4gD#w*ILNZ7-6m_].,|lY!SV,FWTPUO)V9bnd3fwEsrKfSJ2fqSSRZu,V6`tfh-LOevX#C>,VD-x@\he9-Bf[rTx%16wiqLj|''<D/_JXO;Sb}nrJ2]u.)&rPo`YoA~LsQALs7&A(=jgISJX5sv[Fc<Amv$F<)z6ED-\{d0UHUFAEDq$HfXvH{-)ig55Gvg)OAcw)_bHv\HF\l>8`66RmX5K6E,s_A@kDrpinMatFTbw;Xu>6wT^\njkEDGsnr,S]KTi{_m8`6(+1qj0EDGyCIp?b26K9*_?FslrT'J=*6>c&%b2NG7wR-WrII+tz.`6*,xyHUuGfX_vVS9bTnED]n/_41oN2ntCjbK*?VqH9\.`EWPD,/a6Vb.Pjg{(uwi>thNDED;9^w4lk6>`8Le`[*0Q9w4N_cy0G+0q<Xl8`6dy8e_tr[/qz(GsD]HU7tmv4N1<[662_gRgNxct%wR-?+3amv4N#6=LsWGuEwZq/s>Lc*,sEw4N3q~u
02-21 11:31:40.042 F/crashpad(13664): (k~e?aF_jg=m;YGWN+_r\mh-Vc'?b"~@uKIO\+I$%ehdP.>sjLF47nsoYtT'aEtDYQx5*oNwgN0yL6UX|of+ztU]]3K6](5MXnJmrsUq,hw`$,FTi^5o|q!nd+:AK^>R@JShD}Wp@A|S^5-mPs.ItQ\+)T1KxN#8m\kmzRf\.JaR(Gq(|o1*1b;04iYEdYQgPhi@Vlt\_+"w]`Djbf%T2aTva$XeC3u@yQV8N7Dr,QUrzj]9XYb&|o!Tn`w@|o+DhAdrrff4`^z<ww'fi`5Y|;slML3C/i_a&.tx0A(l6^XGRn~;1*fU9qPZIn~VwwYO)<QF^n,cF<IODa~h"y}1N7!wmvx6kg618mr3]o2")<GLg}rpr*juMu:j`_Nyww&,,(f6b.tC?kVMNHCO.Lckf4-W9=51P{iGhwP,x@Av.D7\T[LL[7|/qQ)wH[7:bC]nPm^@*n%ZEG$3|o%Mq2IK?v:j.nP.bwF7X0+1-XVaY)Np>)z6kgR_{d0UNH,Dkg(t
02-21 11:31:40.042 F/crashpad(13664): B_JW^nPm^@XmW_FGx]kgvQ_vpq\05LwZNH7tf"C3vQcvN0vM&x=jvpQL"Rf6*RbFf60erbf4Itf=1G\PwwGv5jV@IWLA?k6EJWfr$FOD.ejbf43VwwUm1zNH74bw&'F5Cw-w::JW,elbf4#`2<Gw;:4miG|omG25#rPJ^]kg`6-aje`<ZnaTvvlM]TMvL#W=ywA#.w^R[Y|gIWjX#sok1&IT&P0A)X7][W{dnJZDf<JWfb,CGvDbxak[NH{vKqr*EamwiWk'kgx8=`'vx+x5swYO/O%1jod@'m(<QC'bM<4Kiwh85vn+Ov\5swiWoJZw4~2q7TLnt0kg.G.=f+${tKovN-+?"qVb~(e+|m6Oq!DsYm?SeuLbX5#nsogK4+e_|3OLvepvL=[*R|(Uze(s`/LH2lL@Yr~rLPb*>vu|7tG7Sv@c,mW_:+j6{s_wWuM.qK<MbS9u"{G(tKrx.(tKP7/KOrf&/Z[r>Ro@Wqy/[Jza|7o4fs(,SKc.765:j2:N
02-21 11:31:40.042 F/crashpad(13664): 5J'LX1\O36ju4Vx?juz*ulJhKhdaJj=QJ97wu|cpP3\O^w"lRR_r`u=S|rv>mXR^Dp3]$G'`eXYzqk4e4;:QL[`6dY|mPL4g.hX`hKLS$5C!3V?ZiJX1lwNF@TI[Sv(p*Np+6YP&6]W=;Jr_0z\2!g2b>12mdORF{'ITF0pZKjFskfN\m2\'~@MKJO\+W{LjfP,Aws[:3+|7>QGA<e68Ilt;%w3f4@V`_BC3<v+ij\ZH}m$<!v.xf4hm4JnsOB4+Dso.c.Hw@MwB#%F4Rp]uUP4_P9Mw2Z%x_l[;~GDwF`9K=P5u>p1sO.<w5XgQk)]p@l8-}nrPNz-)%xa}^j8-Y537MS~0RL?fSLXa?4R*iuEq,'sY{w&{i'RLCHyq6ZRLU9.dRL_.tC?kBcs+2?ct8cPvs,2~HM8hXq_nfkRL=-BfGwD/=\~`Jwh!|_Jw@M-)%xeo<fVBmK#uRZeLh<u<&xeo&A(=&x?<MP)6.h]rZ).`1)z6RL{$jQh]h6cI]\{q
02-21 11:31:40.042 F/crashpad(13664): h6!pVF|w(,ZNh6i8Gvg)OAav^H`h@bWA#J:~Gw@Mi+>mzh$P&x)H$Jv\UTL\Huhus+\njkRL-e2B"R9in<2NLA7rNh@naTrt>p//r3Ll8--WtNK>EKit&$J=&x5GDcs+zm7r:~qavJrgnX_vR"6/yw4R}aAp7-fqtsAu&$e:p+sln>c`P9l{v3O4D`I@.Hfw07n::u&$/Zcv6tpWjv_S^+uqNhN.%L*J#BCE%us+N9LnXR<a]=,?nX{dnJZDf<&xYy8e_tnxdK"kh6]n2nh6qX0]P9;v\j8-BeNT>L[n|d%x78(8m>#vWL#6{s0x3mzlnX0S%t0eY.8EL(hWoJXv^H\hH&$lkl,tB"T/`v^H&J"T[l[xP)I9uKIO\+I$%eXQh+H@<cC5)m>mha[GJH4n,#{?>zI?,H>wF`3s-8'avP_A5bJ:$kBT|_FJjB%k,ia+*.F!LcN`FKS>V(',,r&<@sSL}&lMyObXeR0IZgJL_Fup+Twu.-dG)&D-~lIYL89}
02-21 11:31:40.042 F/crashpad(13664): 8@PQ#/@ezHkrvZ(ELAZ9XQ_HTbFW#lEmtG4\oHO^s,vVnK,Z.\vr-iap"Nb~KA-bTgY9V@!wCwk(idd"0\1mN.]5n.="P6Kayi|G=b.(a6#j8M1W"+i['fJA3M=10s<XGy[K^k&wpQB&ZvVSRJWL4>K</i!<F5H@+?$b\mp[7:qzFsmN${_+\S`{V<(V4e<cUd<AQuyE)mtr|nVP{dTe%8Newlch@A^{5OCZ[C51{a:>ZW-8gX<W]KFM_TGo\AnePUcC|(N_bDlwa<&6v@,ve>1tNu<p\A$LiiJAhZ'Lbe@LsU|GXAP/$x-e?V[YVwKn=bL8hgAGWn:c9/_w;Nz8X}J@LONU^8ww7tTiN1lW"dLLJ`4j$Cz@DtNx3t_+VqV<3mPW=v|`=HhfSI:\jF2h{O[IGvrO!HUsbYhUz@,j47E&za|\Pu_tT,;wky6LLwqIt|H5}dq4JV3wL\QsbT)L1HHm3mg~[AHO~\|INYu.XzsQ3wvi%syBo.9O1OZ8qk.n
02-21 11:31:40.042 F/crashpad(13664): GWdrLyVo`60KUVy>02r3z.uaA_K?hZ/J/JBeR/}u6|QL$jDj89&)IvH)VaSfV0gbb.RZ-x]T[tlRBRw]0R,_Y~8W#uQFXExFJ>>0hoZ``KQJ4/N|ed26<Yrr3milyqrDx;quwh,3lXstf9,7O,N$@D_+Govt$BTkvpagA<=sZIX66-,5U4T;!ld_CS3X]PM"Dw1w=1Od9^N0}PLW+6j|K>EKL4(%L1=aw5(%8Gj6NGgg"".lrqFP%vF$V?ws8!Pl^(js:^MqNXx0wtw>#`)+?PRnFDdc))?V/7Ct6b?P%vF$W=%tFx*bTh52(xh(}hr2ggXM(r(x<Z\[JD42j6\Acum9F7=\Nxdp+x_n\s6bg$&xJ<&T)wV966$W2zpV$xB8(8m>}wl}~BULap\g,w"?eq|o]?1+j6|n/K>LP(Bj6<QA7t6b?P{uF$;/$vDmPg"NL4(%)w3vB?AHkA$r|o=?)WLW7LB04]}nPwx%>c+xSX|o,xmu`cz9:fA\A9,x!/\;
02-21 11:31:40.042 F/crashpad(13664): =(\w%8befU2?$<IwF{V_Mw1w@a\$jQdUSk=Z!x"x{txTS@[\r,M<xZ(ELA`@PN?}D^he{BjJ|\R_)O[r8}^le[#=O5Ddr$bCZG[_Juju|OKA'w^@oS>1%q853b=v|OuV-(lx]6OSggHvrZ5q{+t>Kj;cvu^p}Q*?EnDoxrsvN8R#8vA,3LyOCWyp:seZjB|n\mT,"bYs~khqV__MkXlF?,JsJ0C#35W6?^^n(c|Ahc@l@%iw.QdQZb=X^AKj(yv;7T'la~r\/XdSWv[zGj~g(3H_!PSKh?rzeuEk@HUr.Z#E^I;V{a&a|pR$~x[l{~R@.(`V=Nm+#A~M-X)A{tvZ(IH_eRBLom8?8|$c=O<yg|}m;aK$`YMqOF"R/:cQHkvQ<vZHJ^v'<`u]yBcJL>B*svoqNF}9<1bqY)h8.boS6`7+dvB>FvhS(7EO5j\uhv<-Ivfp(n*G=b2uST6<vaq~Y2I@ftacU[*J>qooa\:2(V3mBmjuB>v\*BvL59rAabm:
02-21 11:31:40.042 F/crashpad(13664): $mGs*{>&X\O_xalh\cV@$ms{km&09tW_S'U,6j6\L<rv3R>Pf+QhNb${1<uKY)vomv',x5qv?8(8m>uKEO~BQ};vVnQ}@9;qCR4<O)-8'`1*ccpM.raNs\H}us6&EE/n<Kt/K|j&U=wsydrV${L4BJ#vvcp>AHB_)4cc*?*ue+erW?9<UslvC*;c2d,?5Q8*k'NF(xfm.twa@1}uo]Q}b68AzK/tFFXbDK(wto5^Q}NH]8f+EXDCe+5RpG$<PW/JfuFCE6f9WLuZN(N6?&bVV)PqhU^*V,EQe+M$^gAlETKHHP,vg=>m)G^nnLj&l\M84\T8'ubYsZQLQ#\/{Kc.bJ1tOxBR=v:qQ}iue.`w<YP_A|=DxPj&R#^K&?j*Y6M8|Q]tKZ@_MwS[{&iv"8W+uQ=uh-BRx]Q}iu/d`9~vIPj&7^j&`z+8Q}MnHS3{BRIw/vExdF\:SFlmM(N6sXXQE+:s$Mkm.t"MPMBR_r/nXyMiS/OIXha^/p$)Fkj.dCf+
02-21 11:31:40.042 F/crashpad(13664): 's"Nl{i=9OwtjL.hr"Dn\[y!yvi}D=@8-X@A!n.tAg$*tv!Y)Fo`Q}EiNZVM;A9d,?$zi|8]Y$pIe+ke$,382qtvK/cc/c2Lu>77~3-8cqy'xa{u_xi0329OT@}w+s>>'M=s>>Lf6Z-ykm\[KMH5Q}{oB\fiWWUu.7'=f+Km&2w5Egl1-8}KLd${%)e+apVxV<Ks^C~11aO)-8}nJe@k&xgR+rrDFC'bM<4Keu.w",xvaiCmVm"N3qnm.t(MVPj&ii/d,?v"Jct#+'Q}#JU,kL`1'4bR_t=meL~0K6w6vkxKKb2D<:)fjr(#Mb%xoPKWlwDQahh6!;?aHw<Kc5tk|ni3AJ=0-87L[ufs3H)6~)4a_gh6M)F_Ts{:998b=n@-gw?nfK9J=sP71[&x5sAa9+>LrLb"-8]K@l.8Vq\GfwrxN(N6ISp5XJgLBR=v:qQ}iu149JG%BBqsm)9OAI5;\/ykX5xt<E9OMwA*V,'b1s<MkXM69;S[zKAm@w}g1R.P
02-21 11:31:40.042 F/crashpad(13664): f+Qh2P`14J=s0'DF{kZB9O7t''t<xc9/xKu_IwRl.8;V5.|;|r|-y;"sZ,;Ok>8,^unWX.K6OB/Yf+#UZ*V,;\TR36-mBbyvUSM*t@Ekd]Q}Co~EQ}lUNLPunWA#8,I@*nP=f+-0'u*Lqskaf+YDVX_tjd0%K@cSL6y_IwtOLGasEQ`1PD+7cSL6%=kwVm2Vaay?26xee+w9;qdUlrR)B6LJ'Oj&p\au8,"#-85w=mLSFKK?8%EjHc`9]57JFqV,'rrqV,awE4cc2ev2cc^gdIe+keHje+[7?avvgL,QuvOp^c3bvc<.;.kv]xj&noP7Ju:=1qvGW.K6+PyqZep:7R8]4SyI<0Z*bslv-/|BQ}3tF|.h@AwKMs1(xm=8z`Q}de6bT<{G(E}5vvSbX--8pK^MLGFX66f+UTik8I'#`=|/{K7X4<;+2<#QN6ic(*xm8ycsFG[_JuLb${aTuv+N=q8[atrjlvF)V,]5:/sMkvUSggrdt#t>w@xtclB2}5pC
02-21 11:31:40.042 F/crashpad(13664): 9OAI1=Qd.|[vL.1Lgu\AKSnp\ASGx=9Oiu/d`9|v+Qj&7^j&`zi'FLr}2Pj&81Iw`~MLL6r2Gu,;SFpObTzKY9$+j5%^JheN$s$98mzK+RHk@OgIkw-~V,7>Y9zKODF$9O0+tD9Ov~GQj&ZE#B>~Ya>ul[{s;a?u,;Ja$,}`1s&rXHtNLG^XbrK6IS(7EO5j\uv=9OZP:b,bFh|lQ}9kt.;wCs$",)RCQ},),x+s&rF^=s&rRfVj^DJcl_NhpIe+w}.`K+G^km|kNp"G(.5OK@Py=[xK1e6dQ}7terP7X.K6sPKHvK+RL+xK7XS,v/Dwt'1&@p0GSlHZ0Z,X{JPu:}Eag}CLyde+keHje+U<UavvgL,QuvQAc?"uj&5-K6icL}q!xm<nM95jjL\!~@uK]c?_".81^7ccS;Mb2k%~=&ccDQKc8euw{rTY^c/Zwo8]x,{@9OvT>L*XwncGM5vvSbX-ccR.rv1QY<{O8]"YF6pQyK;ZN(N63hY.dQ6-Tbf+
02-21 11:31:40.042 F/crashpad(13664): {m+Q8]t6vD-VJFuKerP7p:zKmS>1#k.87LLd${%ZV8Z&Q}Ei0A|K+RJNz'NgK6s0mVvKODtgk\'c&eZDRJeunWU=f+o_L/-8EK/nvX}K\dt#3k${oMi'Q}74^uZm##-8cqDcx)T*V,~_(.OA_u8,.I+t=;g,K|8]*-arM6-e4F:8A5Q}svZmb7E/-8SvLb@)){9sH3P"|KEO<yg|}mLW*vvXkl_}~0vvE;Z<ompESOH5Q}}Gvzk.w5*m0dbj}I*V+gY<?QBR15*d"G96w6D9Y)ccgQOL\ujUT7euZMfsIUT7|r6z(sbz8]nu[E"CH<qvsb3A2jEM8e_t(~w49O{viPj&*1K65ip!.Xgnz$V,)AF|BR;JMs{q:b])p\6iT+|K?T3ADOCLyde+keHje+[C%avvgL,Quv;FyL8L`OX;U;Iu~!V,oV${er~^9\Pe>Wkv'\[m#sd!ZVjs=>7M8]l,{r&2e6qv}wAG>{zQ`d4g!gpT&PBR[slUT1jn3L_CGu?N
02-21 11:31:40.042 F/crashpad(13664): v'xm(S25?T\1:cLO[6nku~S@[\v8e+7w(@R:G`dN)KE4DS0@lv#j~Rj`yQWs#LJ5rj0O6bU<V,9OOt\|BRIK/G-7x~>&<was5-[r)Px}+A|.="P6Kayi2rM6chI&GKsoQf6JJfSWiXqcLO%&At2wwr*6I6mkJ^W_!lEQKTk'~GA|%'V,&mnExMMYivsV5:0:@wESLYEK+;Xlk7,Woq)m|]kv*ZpsG:0a9@@A~S3K&g`.e^TXtg]rnMS}sKtlY<n({m`{\g-:YSHSr2R[Q=~EI&Va|VD1yh!eVUSGHfKu<pf6Oq.>\KDXapJC&5#Ht;}JdN(E"b[P^|BL,9awJMGhxQg~!HUsbYHUt[QpBZ~QQL*4RKGvx(dwUUM@0i|ld)l/>jl<8wnMLijfTQBLH;awWo6jfD~0q<u<tKhoz:+m4anrs7[A~ml)5jH%[rLf]\4kt7Dt&`&<I6Q41:H+<t@Sh)qwQ==6sAb:2L:Uiu^D0JLH!Wd1X};A|P"<>-kzsQ%v
02-21 11:31:40.042 F/crashpad(13664): \gf?X-R}[TfM7^d42qHktn<}(5ft][RpxpF:\+S=U.k5t3LTD2rQJ>80ct\C+s<D;*\7J9>6>UJCm\3vEs"F+,4;b8&wU?EqLAw48^o'26T\0Z4Csd.u<P*JCGX.88.)rofk^h#<Us:E*v'c7~piiq4k}g-R8eHE;4kuLmVH</tV#0vM|szOKw()"hrBbBY1T[,8UgYk.dG4|VDO'b61y:|vt0Vv^D}$'WHMKTEH?o#wB-t\yjBZ(FauGSj,}kLSJ9iq\$jcDCdrHsXUQwVTkI1B$t].>6G\5KH;%w>E.ParN6W};[LlGJ5dL.8g#+J+CgtT{u<3jhYAqe$2;w7NTV>@{vKqn(EamwcWk'+Gx8=`c4!,x5swSO/O[\usdx#6{sdx3m,uD[#BytXESc1+\_{ncE+G"7Gwr)jZ.|UL)m`=\_-,uea6ab@M>@#JU,Mm2jumM9]r'BZ/[rmvdUX1hIQJ|vgkOp80zrXECc%w^BKLYw@J$m^TsGb\>hRv<X?D
02-21 11:31:40.042 F/crashpad(13664): <n7t&<{vHfqlIuonh'sQ\+)T1KgczQ)+Qev`Tw^T1Kgc*<UwdaJjcp:vrnH5cu3o!i"X?n+H{3kD1AXlsSVaX<B2N*1vXenH0BYOevlc6L6u}Cnd>9zm"8w*Tv6k1MU<%Dvle44g_h&xZmPg3sbZ-Y~QO6`r6~"6@L`Q_HYl0-2JU,UelI1g~X>A`l",s@&a@92qn]m\sJ1fvQl>MAbv7uTVR[7k\2v>C/R^JN*-MrTkQmm\m_8_JNooMvcEhszNz/}KkqvFmP'kFX?5gKjcL}IMz/.wK^h'%8iq/CR:2ANEf$^2l!ZU'HLvEN{ssttPi0NA<n9iDu>LXMR[Ds:5<d0ZLS,C\/W6:CU_cdM(O66m<)jvotxXv=ja"0g`TuCc!eL}i-@AEGN9yvOsXNH@tSjKXjP?%f9=TNR[7k\2v>C/J^*>GwrZ5byQRD3$HuytR>SsR=9^iq?1"eNQPw^UaKzweO%+L+sYtK6s81xo2xB:!bau}s$B`lH)%LaoZS]a
02-21 11:31:40.044 F/crashpad(13664): /s`aGrB|4WOgl7dIXu"YL*6bqv9>[w7chXqsH)@b#vfN|m4g{V(]kofgv,T+b{LcpIx*d_TKD],^mV0WDCGU${:Vlq8b\)*bG>_O`U>L?sos810a=Ro!432JU,3$43%LeqK:1q!xv-M[noVBn:eKCYBgHMZB":iQyd"\=Iff#S^wF^Hip-lGS/P_R3rqd}Aw;r05ho3ld?EO[:&s)y4;fD+_#v9>MG@pRVvTLO,yNj-m@5Btk]L/lJ~MLx[*T@Ng~LhgNx7sluWmkh7ME9S_quz&EHB?\'t()TMa<Z:Nz3&AMh01lJ&J;/<+dl)f?7fpdjrR>bX:&th>FAH=ZqAUX.hS<kxe9Lhn8Tpt*Leq~LpyX.Y;Bwyk`]Z^^p%WDiZA|mVh-@=wWjD<X6\jbWxWo^&,0zX.'rMvb=E,uAf4e_MYJK-mXjJ~U=et:Jx/\Yed_T^jL/)+"^DC#x5jZ^hQF4\].(?AyY}wpJ@tT_PG(536OvlRx}glLShrnzguN6;t
02-21 11:31:40.044 F/crashpad(13664): 5B'fRFaVXVwk}8$]xOT<<fhk@gJ6gKiD`-cFuK`]>(mQ$b$]".S.j&Xjt;\l3S>JCqlOi'n+:T2/IJ9TjmH5SaXCfQ|X<sSLZOK[mq>(C+y]dCYsSv8w7n49;jTYi+p{=uCg>LBbC@;?!,wu%uZAjrHkj\"wP-#K`?BsnpeEVSxGHA>ZeT&vY_Lu?i{m3<QFc5kGn5|?SpDo|LS[Hb<b[b>peERiR^j\|<S{%tvoH5%vs]bh}hOhHpLj?/4#pvUsTi0CX.4wl[4Wp9GU$SwS~j|wGZV=qVN0EI5;\/{kn4|?o^6n^[(9)<`.C45JSCMuByo/|s&I>R?iFjw"5v"/9O#m?1Y+#_#J2|C+Pf)m>gR>BA=tM[vH5L%_hS?a~+L*CNLTcwB*!W\;uaq6\Poa]DkI!AL^cCFfO^t=SK!,6-N<=0iu=gBNQ\:p>:Ih)xdL5bDL\#~J?p$`S6UsEdlnyZjR3?Vo0X/<+ca[Y^Iu>#Nj1,g+HL|.DLuqGh>oXWC:
02-21 11:31:40.044 F/crashpad(13664): 4mD=gqO:gO\gJgB.B_uslxe6a\#b0isu#Dbql8'v}I}-X9xVR:CWLe$=HupPt\]qND*bsGx$6>5w/V**cqu.1a{543b,"Kcj*sMq8<hGM,%I^G>"]*:e>fSHDcN[fcr543+thj"f>\uo:#K=NBIgu>n5}8a6t+NJdxkh_)OI-=SqN[2==wGSj,3V!t;y]T/W**K60643$}jIxW7vaqmiw~TSXV5i`,"t%^7nc'.kxW_c7oG+0q<Xl8PJL,5OK@dCEWv,"t;yw>#t;y%)/AZWk'^\)2_g&qAMctEgb|;JMs144374~sEn/1zWGuegvfCmFr5Q&Jyo:#8jz443kdbfKdXRfD(nv[R\@m9Y1b9AZl?Y1boL`y0I#JU,kL*JRG7-Ln'?z"~@!A#T?_NTFuoLQA,O63I\P4KJl<}kQ|~Tze.u>Bku`XS*;p+IC@]_$#Ap36v@@%TK[t0m3/63?gY3IBs8qcgPUOB),~B),~B),~B),~B),~B),~B),~B),~B)
02-21 11:31:40.044 F/crashpad(13664): ,~B),~B),~B),~B),~B),~B),~B),~B),~B),~B),~B),~B),~B),~B),~B),~B),~B),~B),~B),~B),~B),~B),~B),~B),~B),~B),~B),~B),~B),~B),~B),~B),~B),~B),~B),~B),~B),~B),~B),~B),~B),~B),~B),~B),~B),~B),~B),~B),~B),~B),~B),~B),~B),~B),~B),~B),~B),~B),~B),~B),~B),~B),~B),~B),~B),~B),~B),~B),~B),~B),~B),~B),~B),~7lsNp[udZKePXRm0G=![<X&b8OmKy0N2vo"PZdznz;TF%f|.@er$EKOtwZDSwYjMI\Es&xMm3<QFdrxg[zxn&`51IR[OclWw():*bJjW]PBM.gE9l\r}4Y",I}?JO=ilTSuQY(huQ",Zh--vcR"*ku*<F+3f@Yr+&Y=wG^G5/o$jkGVnLb>@[KK]71AL`;"/*l]e"=MXfN!s*6o9{nQ5LX5K|]
02-21 11:31:40.066 F/crashpad(13664): {_5-Vt\n^dn4KpeMG&Y*br%qBGku`lv0"nVAkOc'*+A$tKM,*FIs"De~0oE)iv^gAAN(qR[tf]nXA(WA$jP9a*yQo4x}Q*H7Y>);`t4YT;>ZZ>cU.DP*O@ctXwaOLA,9;&Z+8v=FwcfF3vKeBZH6^bTo7n@b)tNuvm$W,AhU{Hu>"[)+m?V=PtzW^!0<R@-XiQ$7\JsqFsCI_G,x_OaglcVjvw~t)6%S1dJK>"}%oLV-%P58TGU/ugcX)#9i)2;zeB26f06NMY*dnMI|SwTy9kaD3,1Uugbu<[N)e)aW~y`WzE5.0PiPL8A7TIjlHf81%o\hP;}FTrF;'UFvv=npW>0j~qIFJ,dKtK2`~pt;*wTVUVJH%>(>+G$q@iM@~0<Lfr+Jw|8+DrF?3sQB`tILNTpS0iv&oulW1`eLI\h%0q4;Eje?#mg`VWbvYV1a}0Dap@">A2$lFkR-,o;caanu%eF]bj0PKtK(|B?b$p*Mt{agy_BqpY2OQw_SgmmZMLuP
02-21 11:31:40.066 F/crashpad(13664): h+[JxwU2<t|mzD.yw(|w%aXH9u:6pi#H[AiL$wE[3OWp@kMw&j|cb(vY\cIvYk2J<oc6}FH0F$.v"g;?5jHs"T;_zbf02c2.@D=KAL&b@X:O?c~|%7fh8ARKP+16SOsQr=0qbZ2;3m%i29r:qk9nxnD<8bIGUB.m\:$tAb|36sh3_\x-<@Q(`rA2feEl1w()9qLC5wcF5A*V?Q+q,YP)2i6tEP#ilY&G/J)Nhti58ADharhUo%WJ9DO.:2jo;sANXK+s(.~sXa.o<bO`kvABg3h@0as:if8.0i@=DUag~kIGageahzzB<_7wst.jjvn=_Q@9X5)qH=Sv"7}B]@M$<oIF0qzdJX2rphHG+8SAO_7@H-X6#D@vk0l'mXirDC816@netF;w\ja6dv.wtrVU0A2U4u6b^mIARu=f:8"jl(0iBvnIsPx3]wf:_ZQn^ZvdFtxBsmbK|X\mIA>Kd5!Axlz]jf3;DFUvz;ZJ&>FfHls5/:YniJLA|]IAzI2p?(\?
02-21 11:31:40.066 F/crashpad(13664): W\(+Qt:C<[wXlr[h|g;qO>"qw>~[vh#4{w,FvFnIAS{FuE9o`/>vAtQ$+(,KV/sa[ua0(UeTV/>qb'U=<OBob*lLCSc`Sqz`9w9s!vEui>8@hU2[_XtSqkOcar|hhwbox?;vPlwA]TTwO1#C6al\:D(Ltr5hx|0A:NZ27i8E0>>qb1mw=%KWW.vGpr~Q:s+wBQ89+;<oY_7-Uu6on(IAI[<TTCT^JV{q/Ggm?Jx5AF%U118a)iiv|CW\!GTCCuWFBvXnm)2*hr$UnswaHk*Y\gA;Ghj:W]`WpI'\LC]2Tml$Q;:mRg!1*.N8^dFv/YZw|H[i,QdV;qde3s5?!1n;@vYF<SwlYK:y}@z^)m`E*GASA9"0O}x2sCbdBOm8cecT4UCu'bHGWr/6=f`5@j@5~@Hfx-"pZmHW:?.w|p0>bgGvEgj>@J#;_Qq;0iP=DUWr\@HGWrGK%5CleVQtfz])4/7s&vnZdwi.nJjOxiy`IFkIYlk4?uo1T}&iBLHp`BBW
02-21 11:31:40.066 F/crashpad(13664): 5[xmqwU`9cRBNaXr~W]pbk+Z8vckzN@ms-ZdBOM(8pNj&M~hbv&bdm/Ld[^Jt>{Kx7S,Ys:kX>$ol*)36l=@SIZipYtn.lbscwCG$w0L@98a.mxHX*$4|F\Qr~0+stU_S+(J#ZNJ2>(e7n*rS_skYrxFvh(skgH&XT>fZRC[]r&3glW`Iw~qErLdXrr?`Y(<Lw'uU#o+)c@UMpnIugGH!``maK+sVY>WaT\rC8&<~]<+&6QtFF.<zK0l:L8Wjq[hfdOAGhZ~&lQb2tqJ\AEp01vw<W#u~k|A)x/rR_%4nUGuqZ?S+w0?3<3kY~Jr,[<oT+ib:jZh09~vVL9m8+9u#4[w[H5kZ\_v(E4A/phN(<6>/u$[cv0gcECA6oZwVP|Y?+9o9KAurFb)+WqzQtxd=)6Vi.PqZ]VAZ.>@zf.W8a<&DQiV5OE<4KsZy^fQwX,Pv2>i8E*.mc<QeI4Tw_2_oL85,7ZkL'lFu*XvOi-85O#3m^:VX\Q+?6'EOwMu'Q.h
02-21 11:31:40.066 F/crashpad(13664): )xA+)t=}'jzD_2OrD{XA*IGb2:E`@I#r&T-m@U_Xx-Gf(bcxFT(s}s{q432w'&`[&\Du}e.juoIu.blUEjn%rk^Dm=`!,W^p`IV,0q&|t'5t|c8QBunw:bJrHj,^q:foUtFXpV@X#tBkNXbn:wT0y.Ylk4ww9U}Q+x8D+QFh]uI~(m@sU'S;E&n;`*<usF;w$:H5Sx[A-6(2KHeKElVPu\64)ZXH>f>>,)8M+wLVF82q`6d#D6&<bjY.w5.JkJ|to>\eXyxU&E35,u@q,NAw""+_FrY++[jf@Bzsdh,?ftJL5-&1INW+S_/i=LQ_Rp^_+8U=-x8$2*^X<&zv(H"C6tC5o+F5;N<x&l{^"*bjFv(XqZzn;fRAgQ1m;Ou}0v5nZ&ptt3)1LG4miv0j.F5wHt,baBZfsJx5[_a2O9F]jvu7?wnr"+awC7,LelwI(W[JjT6mN1ewdx85D7<wS@,C@wL9tphti~bKRzUvHV~Plm,l(3ewlXcm,Y6,J7E*zuA*
02-21 11:31:40.066 F/crashpad(13664): Zq(u7@\?vLtY@`|Oov8C_vQT0LhKemCLTO*n?W6sQX=@w1+j2G]R$C3u@-6z26#S)9`v`CSa~VH^yK/"xUM9)sf`6G*:(beoT~BpZA:,tcoyZAO;hd)VBrbvaF_w+hOjNhY3d^2^}P-(Us-@/m?i}8.xN8Mst+I=>0+xVngoZd|_%vk<-LhKoJI7LnzeR`tNj>jGdk$EXC;/lFu*"KQ|,W'LJ7Eagg|Q<[96,d,9MLlrF2}w_N`u'B`m<zV5h=GdXFH6Tu#xc*xeZ6(tYbKrf<3wLOhe}'$cDibl<tm)FJilKW4lO[4u9qLt}=,x'6VYVLqphIeqmr6-V={crrK|n>?m%iiuk/y02ZYsr2F4'gWgX1$g%m*L}b/A07:r^r_tQueul5HY/r::'V~eZt@c)b'^UvM{.wEkv_0i6nJnQ-|gGW(8LYe8BJEP_r&FVKnBhMtV-\X%(vBir}fpE#uV=vS01s{1aT)iQt(.B3`VNsb]pmMa*s4+A5*Z&w|Iypw/
02-21 11:31:40.066 F/crashpad(13664): KwkW31?c~=ALY_fe-IgXy-:..8-aeE~Ze+FBMKw!=Siotr2r.t|sYZOn\Y"%taH7u/ADalNYKVt;_N<5ZHxWl7^pT>Pj:8auL,Wq~*feerEXV7H5^f!R2t[?%W}Q3<AR8OQ_ov&Z*b$c1stJ$LYVJwis5UTKBPM[nt.K=r4h(lZtwa(.&bK`r2/J#ZvJep6O]3ajD^Lg6bCnijHq1d<v$FWMD*O4<`*Jkc^cSM^@]T6K8q#{sKO%4\Rrhy`6caAsLi(7~p;v`j\2[P^P)tLsQ(153+Lb^#{a-~431b1W&]&V&b!VD9jV+XV@0I&U.<d:4,X]r2+v`f|'Oq.*0mRghtAr,j-IDDFLc<_qL=PIp\]n~<_2D&7A-JJJ&WuRV4LgsI<pY>bk&_Tcs5AIhnSq0(fgkw<shIS+V>Zg\hRwcp,`j.^J{wWNr()sCGM*qo|&DuX[soxU4cguK^F4+\EvBH/;NT3itCXo4UzF'wOLHX-4Z6T;Er\JL%F\HO3,hJ^a
02-21 11:31:40.066 F/crashpad(13664): Zl9PGAAd`!|O6L_T#,lG\0okC+/jg4DKMJiN,`vN`uV\L##pxqKwrG?<<Wi{zV!*wdFLXMElLow$ACb\wKhL.PhU)1zv}2xVN625UWHAF0;4/vYPkumu\v$lw8RZx-/R6ZzO[GAD~v&0)u$hXr1yx]ZjJv0>!"z>-JfOP1*A4XW^XM+s*_OLz$'b>s<zQ.xMQsZX'ULC5b(d;q0D]Ys^;vX#mYE@(b1wN7;/ET597@2*_v6rRn$L`rxD(ee]jd&xy")1d6eI8p|x1/O)ivoIE!1EjB!C2h'7Zrtcdgl9)AjD1aEK]6_eWy*A8i:j48uuinquiK$b:D)tKwX~js*;8Oz!q+&Ac5pwYD=[?u>1Pw>a#?qw%pJ#RKA4_RC4TXWtOX[TH5::"wX+~A5bjo@>;wG1Vw9KSmXsVil'6lN(TolQ'[@AVd&dc?JK>B+adX\0pY<k`qmR+8xYt1`=w**XEf4/EAe6fDYe\c<h>TB4!;V._War~VP04q)27L'wyMqk
02-21 11:31:40.066 F/crashpad(13664): HdN8t2<bH=i7EI1vl+B[Bn8HX6J<~`6G"2:oB4]69j1e>d.0sn6~K^c3sdDIX0VrRsX1rg0IlQI9lG<t$7Ojq?W+&e\0VdCsIz061t2\g`g6Oam)X.Ag4gx~;9g5[~6tJ<twcwcZ_62<ei:nl5cl9D!O2m]A[5?nR8LYuTht.}|f*6!cQg,vI9vTsu5Qra/6T>^P6t/@=L#sqN\uWx|%KgJuPd&PSpL6J6)`AKe9L)z.HK\5w[P(z.#ZAK/NxQ=[Fdd?hd(yX+hr1t%_}4rQ7%;1AW5,pBkX(axbW+>mjIkX\{(mV=$\-sraw4:ohmc:-MrF5H;tB9]3ZV99?9fi:nv*nFbr=su;8I#@"0u<Uavd&PaTrQ)tPd0EvKcK:&O*5nHC~Q1106}25rt>2JAB;\n.?LiQ6t<EfIkXzZfi>K3p:B06=jB&x=@[du#~*hauiQlvx*RtTTNHiaAKe9(Q\CkX8[_;ybrP^H+@,AkXq_i>GJGz'sRQVE2s$jq*1Qr2
02-21 11:31:40.066 F/crashpad(13664): .YE+PBT|1mUs~?GJGgpE=d3;7lRH6p'^4mVw}">0W0&ZaKf7'uUu+j|O}XIu(Lw$>.ITpsyy!+&nAP1<1Z's**:rZ~%vP3r<-dP)Qn*oWP,GR)7~SkmF*WP~Ejt+:c|;2&7~m(7t;)YgRO7S<o7s7ANRhu>=L6{g&P|S_\.sKkg\6um.|"<vAs/=c5Y>mv5%2M'Ww(\KFI3\ov??7LPj_KJY7L-B3\/6;f`]>1^U`qViL+V+2L(EXOEDGw}9~nBC)<hLdk,ZWcBfLwpCKVTJYneal|8@mwK`B:-dfCCu4-5K%vRosnj,q0@u*Uu3RQ|@7(]pMYsMccD+p*&drIEu*U[wmy|_lvpur~r{O4HF'w^WP}{h&Dvo'v9)MHhvMWr"XKXY'n<4W\}V.(BAwu%Z4iS3L6(wa3HVV={J5bO?gamLgkOA7Z|PR6v/CQiV!eN?)s)n'K$m\[ue.9&6V@dKzjZ:JXJ.[0<+u|4o*n@;R6$dUZkI)v^y4SYNcw$_KZ>d
02-21 11:31:40.066 F/crashpad(13664): %4;/t\2e)G{V4Y.qqO/)8pR*^_j&$vwl/4Nr>K):s+an"DJ.D>T3YN,WGYxt3wQ:SuqvNaJv"_uw>4Cpnx>vaW,GT_i6OIe`jqUn4J/i'`no>lyF@broRV'[PE@3UuF]]r:s:&I@}^I6~=br%vJADaSkzs4Ak5'V16zIf=#rfRBr$S`JPQLCE5AaF19@cgbJ.cDv4cV@7}~uV3d#qVFtEZxwJrc]$x:X;wdGB"fhFvrjx21KVYH&A{9r<nv>'oznc#sSe?EL7\Gk$;Y_Brz6.+Vt2L!ef$=gSanx<YuV8b%FIf.=4Wx_nxlq@JsGBw`*nn~_`!s@e>,1tCFKFw^_ybQg,vH&EEZs<*XKH@|=&Diw?@vFT.bE0g9@ow4MFH(9pJ>:~2c;LTp+oX$l@!HKR@iP`ujw/x$oc#yIbZ~d2ccuCmH&qI0vlp:r2nH&])UAS6J7adH&y?@v+qc#qI_anxt(.m>q3<_1DLMwiM,Agf)rRb3qdQ$IB"s*X0T_IFW)
02-21 11:31:40.066 F/crashpad(13664): dCiwA1qmpdS;bw$@b6GD(mp+1i.l@!5Wiw{>=Wrt+M|7hww\O9s>EL#RUDp+mg.hb63jB5_)Cs#ha6}o2>hw?@DG%mw_`!OFInc#gMO4faC+f`)+_n.r0!zYN_iwU[M/zju;EL;>S6JV^@ZC,inKztnm*WUR~~H&GNYnk^H&{t)7ew)e>fl:B\#lN`VwSr}g6>hoF0*b,O7w+?h+FJn!$w/ZH5nrJqJ[!ee`\+BgXU$1Ab`Q2<sg.@'v:!^t|7:KmH:LQR5dR6hVO@5|Su`";/SKCaMd"x-tM9HDn4^p5%]0fn^r0<>v0s:j8+~5p09vQt}slv%Jjwq\|tPsAa$htKW+oR~4~G%vrUU_W?KweWO98RLk*n+baVnHF<Vdlw8Lj5"3*wqOAr\l^wO/n8qz}6]p/Z.^IAjt0<pmGLqV3|H5N?wlJ]-mR1E5oD}5d61/nZsaY<u4(E@g0SGguwNI]b*zGu.&8mDbF~5Q*60st;g<z>BFZiU.LWO=pv=UgV'V
02-21 11:31:40.066 F/crashpad(13664): iDILmcnPM,7m1x.vBCtr2r`Jb*\rmkM#!<z(]GWSbt|{[KT'/+rk+JlV.97-v@wvA{jKc(LWuG/t:7H%ctgD6r46>++s2Q=W|JrI>"_R6<^wa,~qb:@VoDk5-dLF#xpT@mts]XIpm2C[K8;D-W93}Q.sq~7Um321yKj3R/Z?%"aZVM%lr?lwB<7-`A(\d-JFi:qwHYXT,^iaJ(stceV\_kkGNL6eVr-K=`#xp`GFF46znVOqB[3OTt:~?uzwZ<nhP9;6vwB0egd`[b&X(xyi4{:F:bFK)6\p'znX-w8l(e|?6Av^gmnyZQ$Gt+(L03t+hEtsVR//BfHL91VX"R@QO4PL*rrVmI;RNp8-g;nFvwzlR/zju;)xiIBWBF(vGRpYjlwbnwzl,L5]swLEx%mv$;):iQgv%4Itf^4m;b([nlP{'Q?Z:bhL2rZn_?Q_f5C;HSi6MnZkt~/tnJR*X5Mrn>.WRV?mXBt+$[+VsdFNv,AAkw?M1*FLN6x5:~*t_lfd
02-21 11:31:40.066 F/crashpad(13664): Z\PaKR(m:b0pD{nG1a@QZ\\K2_"Rov{5C;(d(e_L|/Kw`*<w_T+l~GdvbDwlmNaCiwX"+meu]MS_kwIBcS:udG'V+eP9CaX#mY37(b-uZ|Gf4me'1jdwjKR*.u.eRv6q%4)tal09YJ~6kY4m;:Hk,JjvGMSK8s%4ItrF9,D;A7k7;o*G-Y%S"&]rrB;eq-?efd4muO'oh5pwyT}=HEIw8VCPg6\J|bcvXOGWm~kJk~EfjV^<"wN6lbqwKS<JV@,G6"JvJw,0ItL`@Q:n:]'rw~'obtwvJqWZi\:u<s7Jla6W;Ls/Ns2a@Qt[o4cg+1pYEKFwBQlTgv"v4mkrLs%47s^</FJwlP8@S;WY4W.a@Q5w8.EwCt}FEe8a@Q^@YeNLr`@Q-w;u<s9[7bym"F:bL.:@}PBC:fJ\`g+vX>s@Y.,1~8.P%v7`,=Fe0_(Z~?=0xo`G;i<bBWqSED.P%v^d`g=C:fVRpt"vP-8e`g5k*3LzR[nCJL8EYelM{ot1.[-i
02-21 11:31:40.066 F/crashpad(13664): u8Z~0A*wDn@Du=HozVkYK~jV'xGmp*=W'v#,2SP*)`'v#,Hn@DYe`e|W"-"p_2I5Rg`M9u&hEA4bfhh\+6H%k>M=~2->$v!;(t*pp5=k}s@4*[oi'IH?kV<WVdmmlIrfznph@D?bit@DUUCs[j]\2pSFcU=1Mh.s%xa*rrwBHkuArQcqF5u<uaAKaW22u<nr4q0Kaa@0u<cwQuuV4#&O{sHx;Ogu};0SRnNVgYE.u<-mI0Mh&jWRtp@DMGt)X+FU3b%ivabs(}GfI9`H-JRdn42[ACL5buyYV6JV6l+C,i~S+n[aNhBQI9Had^I9~JQb16sufeFi8W3ad<*svR\pki?~KK5Efy>Pbr-h_uDv<sJuZo[xdC2tXlIjg6FvzW\afhZHCl;9tGF[eGhW*6w=MJvax;1+6#86(Mva:wRGjXY^dku`9cx;hQQ.X_vWbrevDkZ5HpJ75.P,r`dphj8(Yn{JdvjOGJKhq_T4MH4raJ`563N/B9Zd^nhveQZ~eT*M
02-21 11:31:40.066 F/crashpad(13664): "ZQ.Ad6WHn0.j6m2y%.WS))v%q3<pq]69Nt/wv4N.`+8jF4t-P-i2LnQIONuTg+Z7Rou.^zlr?!"@.tkW5xk;cq)`V^w*LjJ{18z)73<z6NHP=(bUwe8[3c-{o?j9@heV_X+us*xw?<37P4;AucvKLh<)AHu!T^td1Aw<5[BmI+jnSZ2O4:+~hjzEI)r&dypHQe]z6~NX#mYk;Ds\qmZ&b.a~b{KF<l*RRp\x3Dc\\5M2b52.&mL)Zxoa3YJp_~ZaC#xiIpS`u@D7JfXhd$CU;jrw%W.h6}@kq/`1bF<Mp"2W3QL'.J.J(N1"RJ52w".SlHZ*vxE,J*`s+F4~ve!^8&<ei~wOlqa.wgz5Qs+nv}F"RrI!rDsDdAu\Pm,"RhU$bLW[Ex5(KB0\w\MinyFawg6K_xq:H!cTQ*WaMPLG^$G"R<v_w\M1:"RpbF\FLIui2"RDv\mJp"2+}sw>7.8&xAudpzwTrH^?sP)Z_oshum8Blj\lv/3QLozsuSU$_{E
02-21 11:31:40.066 F/crashpad(13664): 4KUwL:"R`H-J6vDK:>Sn?q?kH7OY(eXA*vcttsPu`ERr\Idn6vJwOAZOV{(eb6cU(e~5hAh6Q^\Q"b\.P9R<4k.,eI|tFudnxZ]r-o*BXL"LC3BD,64F6Pd['e|u>>bKPU$1Ab"CA9-m{s2/-G$u!>uoD.$SG`/WzfH'Wpy/cm2&ASHUWJV5hUjZR6cua8]peEK1{F\,"bpa%pp1<mFk2psYT3<b/WX%o\hkt\|?jv<xd[awH~P1*AhXkHC3+s8fNrJwLspKoS31V6"-bkLjq3WgqwUs^8v4t42*CaXsk1~p*[cT3L6-znV<E53\<wVveEe"hUoa]<qvBu^5B^puDaj[#CQUq+{i'Liq#ljv"s^tlc~hhx#oB7qJ@zWN-iULSwfz*Av*Usoc4w~t(ws*h1:wtesI,EiI?HD;"w$WHLH,Bk8=Pg:nD_Uw>`xeRZ:J/)$+6&n@xuNt5><bzu%S<Obno<"\6buO`~J27LQgXM\6No~e^d6b_l`s02x5*F'v
02-21 11:31:40.066 F/crashpad(13664): XWoILm/)EfdGEA+wzKrAUrUkZA'"%4*w2g$@Jf\AQDBJ/)PY5v",If{s`uFaRg/LtF*izs$7VlE^XwHivVraDR_5^Pn<Fe*L|;0=>ScS$t*Jbp5m]rG::^|7Va?nZA}Y4oBe9v(wnRbnZAaqGkJaEUr;!v$GlTc4?L/)nZ56pB51v3Bg$3{KS_5U*v?%;/Cn*"u4aIQb22a2/Fwvg.vPV|5Q>WHLft<cWPfd4#cS>Wtru\'6['Fn$M\wEb:h.\sQ@09^VM5|/irXlP`q`Zu>Fn*"SK|KgIKvBba6^c]u,jw}&sZtxMacK%zvOr/d.d@(EWc3{Ksg(l@swa(.&bmanHcm#ZvJ0[f4/mv4<vUL^pmwhn0Zd9fH^p=Q6lDW=Xum4LmZ~Qg\6uh;CKGt4]:D))0)$pXuDW#[Ulm5RuDWo!hiHwys1J/d>WNG.UZ6v=oiauHxbh0Zd9(Qj:DWK/Ass^I`RF!5<J^pAWZFxvIOT/:`0*YO`q|p~|<dJ>JH7,a2
02-21 11:31:40.066 F/crashpad(13664): `tU=,tDN*qUBFDn;d9VDd,11!2hr(o+wRwS:KFz!pY6bkF.H\w}^f\dhfk.XqbiochN[SL0szVaGnG['>nU5b@n&ys>4|@Y^dkS?cm$ZD9fvjK6vN2#ZUA3DzXjPFNF4!<+w(R;s=1{r`C=7ZuZq/{~PZ.cJAsoU}Y=vRdaavVn8oJAD.J:s=15jb6-6(2U=cgXMaIn5(%{N66_6z^dU9m%%t[h50W_7_s=1s7@J\.Vp=15(x;EI1vv4VJ#E'vXW(u;0bI5D&ornZAqC\SS.^VtFDDjof<pj8/xo^x7>cg0y]T>LvCZsAz1@\wmfS+^0_YYnOd6b_pD+e3zC&e*^H>|K.JoMxv7-*v:x:f)vXW:oZA?h"d_ZYT^w0W(>-H*w2gi>=sP)!i"a6"2:"RZ:~5UT(e'`#xi9:p"24a>VT\esP)Q=QL1c6^8o\w"@]l-vZAqIl4f@VQ(e&Mu|/i:TAJRLorlah6?mV_(eZzTrhk4Pg6skst:q{fY/DutokH^5
02-21 11:31:40.066 F/crashpad(13664): "Rh4;5f@{olG,aNANnlVwEGMzaI.qlDwv8p:"R,v1w$_K6xa`!u|swN?8-=qhwRXsKRLyg.hh6=`kwqzX5h2"R(L03"R@tGW6k.l,)QT(eQA&9"R&L$wPLOb8tP)zYN_#xGH:c,uf>qlFs2wrVR\oo"2s\>I\oDcA&nvrVR\[iZnIVN\m^.pHJ?uL;</4Cew3kt'iX<`vFS_,xA$vlz&$K]Js!Twb84mH5WalK2vY`[gmEX6REWaxqmhp!FtsN*F6LNqP9Wl]r5<pki6'N"txw]^2z?W3qAhj.@rFq]24<TOmIrbVrXvL4v]dDoIswFX%E5Am9Xs<X6f;vPU*Ls@LoM9HF0)uT<ti\`m$4xXZ2")okhYL-fF^QZPHFz~R]Wa%5en>hHw_3&xDdLwmFabokKw)mnH^<85ko"j|aPI_:ho4s%tloz_MsquZvfq26RBSCevGW+g2XSAX2vV9KebKYpDYP~q<Q`^HAh-rVEK(q\TsD*qRR.`/)zYN_GvpKsu
02-21 11:31:40.066 F/crashpad(13664): H=.XGf8bmq1K>1ml.5t/%LHwO\`G`rc5b@brR]H]xqZ]oI@a>\*@T?^2k*6\*o2g%h0ot?sFvjQP3p(.NQO4,w@s}Kh?}GOVTh>+.)t@6`*8vQBNW\%mhAO5.r"(]oDFkw`vZv=:I7yQ{Q8w8s*o+Aaw>b3[@9$t~'lp4#{Or*8t$LS6tFRLBHmu2-JOHEkad1^h3m6F#n@yD&};R6igokcc%0c9a@%d<sp/U66B>b)vHVROfo}hGHrolQQbg8cTARr[4bJEeEK8;wdr[`{qp56UqfT_HjF\!OHc+i1xheRq"6i<Z(2Y8_^pa6wm%\4I$Lje(G~Xr+[a^X~W]Q~Q<wD)SrPy4o&xThDnlh&xdhb~E<q:lw.LmiUv~><WLXl4,oew;Bvr"j{a{ja6em|/HuLwFg;Y*VHk[uN&p+HsFk'eR'FUrt.T{w*Z[g8P[h!Pq`CLiutDle`Hg9~\H&{aak"B3^ak@!9vDLWrpfXe'euZ/^%^`!E5a6%6XR7;jg5K
02-21 11:31:40.066 F/crashpad(13664): %bs,4Lp+|`$\Ngqz3m>}.6"48M{oew/lPCDwn/cp0mO9"bE[)_lG,t=qKVH&7D"r6t4<>nCw8dglPRW_,qO|-)IuZ_Nhskl35:T]X](m{$F\:1'`Nv.&9pCwFST]DsZ;(NX+TvT9(QHY~Q|<^l[X^h'eAp\;zq;e3OD4=JI*XI9f>w(LNhkIE*RS<yDL=cRj+xiqzACwTB*NQZDs.ttH}x>1b^.`<&'k/hi60+\A|wi:UJG&7KLJ!RkQ:FcgGr"!PrQwKn\qSKZ.{tp]:LM[lGdkFl"IRwq!@bDs.t0^0rm+'U;J=ZH)cYO*n\iQkQ0-g`Pl3kadX+;tG!ctTwwtTI>QzlCtqerPqj9Ly)R_WKLo2uv]&12}`6lXJNW*?SVh~Q.XdTfpD46acQcbviP4BLF66Y<D[[>Pju^AzvDuGe}vl6;o}BOV]l3qv3;YXY-8`TlQNkV_`!q@di^6.L!&Lj,5eXds4_PyQ\k~JB`oYFtpRbouJlFk)x.xXt1-v<p+
02-21 11:31:40.066 F/crashpad(13664): /@,tSd1-%H{o+q0!&GN#69W?w*ewMWHfa67|2fa6WL>.[OB)xRnxn=0DRo0!SrA+HWU~[DAL?m\uh~_V1-+oB}>L3ZpizsNKKt(!+iFL+v)V4^p++>Itfu0GP>YqRbIpLjh4B"kVyvrIm::_R^YJ0Z0s][#Wm(Iuyv~o}3oW)+B"~Jo[(O07.+4-4VG_H&-rm+;FDCpt*RvDPy%i7@gwAE<tH8b.nh'e+q\+wp0!NrJlPpV*c#-iE<tt)EBz^wAqp:J\J+al:85aQzH&hu|p|(.m"aRucOG*:uMK/[}PU6zi9.R{-r|sBwge0Ghm!FzFd3Y~2mTyj.jJ.b*x-{HL00S`C3ZTHawJ1Hnddt^\N`/mH_ZQ*(KF%1bJA]6.ZgerCU"Rpk]P=X.ozqBJ6Ll-^u+W+s[Yrn,gW+asJWz]~6kg/v{Y6vvh%tRfzwC<G%1-<::>0q\`>PYn^@mHPLm>2_BpzzRn)o"-4D.8,w>]f6ti+'laZwtndJut"td*_s*G
02-21 11:31:40.066 F/crashpad(13664): &s(]<myw>LjhY.>C6,an@s4o`)us$7OY2+OV]lyt?I%oT;:O31Prsd[T>LlAv,&6v2`MMv>`rh&^P="t\fs;sNXajVE+`Dbz]vWaJlIt4MHY2+;l)av]pMW.NkbDbz/O#K^LrdKgl4hMnteLV@gI+WiavJz*lcdt4bT/JvWa<uYs.Xpl:mS]|sX35?udKg}v@/Xa<u>m.ms;J6nZxlKgR&iIcQ[almWaHS*"o9ahbbnJ:rn\huNTf@G97MKI#k>Bz;jDnt[w*xDID5,7lGjehi)&rool|BB<!rv}xMLx:L5ThZwJ:zvM;RvdjVhFXe)&`TgI_H-J@k0khS&4j+kaUa|5EfV>D5eKzE.6DTV{hVLhXw*knZd4#Blo%{Ge{Jb.$GD5&).m"afq4,.9}qSa^nPeql{Jb..pgI]_Oqhf70lqL8a\tw}^/:[PrtiNfnT]2^MjZaCs%[egxqT|(o.8TaFbxBloBv'QVIOr)wZ[%u}8KbNnt;EncahV~'Srol6_
02-21 11:31:40.066 F/crashpad(13664): @HrljeT!H-Hp8tml*K+tpwas?fGe{ZjoSa>>#3CI%xYz&FXaVR{QB<5\gIcJutxC6OKKD5Qw2IS*D52:fo<CgKA)Ur;b&jD[wJ0eR^pM%i7@qlbMWwLij.nhs;*tO_|toAv,.:(3;B"ZTJ<byJb^L#htc[8W/a{VTr(Qiwg;s.jo`QLs>2y.Vhp,`b2<>^$k2<^N2fBS;m_4hUXFtD(f7Z/^_k"*aa@w)ko:~.KiH%w~:NtRwQkI(bwrCW7i@ASN(w`H(ESJGVzfPVNv/i;X]Kdoz`,)9a$3FZHA&pCWIb@gBuAbgokKagUJ*:#m%\F2'bCbFH_a`u:P_h6mXU+g4cvIyf<7.+4-lsZHhwiepj|_FY>&Jm?k,7#E[0DLoRKa7Q1:p+$YTK!q/i!q8^^v,WB7>wM]}w*kRZR{$vk+fghIQNifgv\,-r?w\nHY`.Vhp,VmXAQwWr}l*~S5(_H&gd>wfKZ%3LDZ/^9P&PA6$$?W'qL?nrsvYOE5kg7J*3xQ
02-21 11:31:40.066 F/crashpad(13664): ?/znHu:8DLZSn0qk/w!vBu@AYV=wMuL4$1eug"jGCL=1jp,u\ynotjfte6|Z-m:D0iNhk`oQ3;a6AZvKFG,Z0p6d&bZn>q(E4vY_`2SvQFfvjh81BC.LZJHX]Q~QH6}8>S7AU^}h!w1xvd'eJFm,O^@wSl{$qb\E'%VICLo:EV01-r[l\EX1CQB:XA[,"3}04LDZZ\Ehfh.)(Lmxz0zEZFRF^w"VB\~QgI+h7DdcOw|CnX=D%kX}0bjj#1"hd)DLyW'`rt*RFT%Xm9FPmM6LNOs/Hu:8pVZkc#Kne5|V@d0Gn8chBE(x4:$C,xr~H/66zlf6?s>B_lurr@illlr+Kav,kuyv<?U12bugvLzZv5Gp]P/thoyOOigvEw{}kI+xm+XsEw1hLQ8KXAsxD_&xyO%dzg3L0pBWYVJR"qp$aaNvpw^Zc.(F0i<Cs@(O0*^8.+p+lKl2XA3X]Q~QXI@:4biu<l*~o4.aJ`v,IppOE<q:XA/v^#^rT/sdTtdCc/tv
02-21 11:31:40.066 F/crashpad(13664): rW4LP?'x[q@iG%@wfDO:j5AH,gRnE"<+8E\w(g,m:uKhKw0m}qNHqW6L\&]ph|4;h+-uhm=$c4>b]gV|cozZ9bwGn8kIf;&KR*I:aaEwqF%KR*UscL,Sw2I6uNjM'm3wU=aJQkB"QIrtDld)EwbR4m+>cm'Q_V*G5Ob0HTqlOu]vdL;@:b4Z.Df4*B%-^!aJQmpP`):bXLx#\IGVR:N.RbJydhBMP)UraKX.>L-gz(K.0An,"3}0>a)>7m%ITSnh:q5F~lLAXt!kBK4DD<CL4)4\bKnq.3xaGq,)Sa8ME+r=#3-rfv.kZ<4+7@Y6JR'-OIX6JRX-~J,un~/OKw_"YVzoo:H*c4N(!1~tBH28iV!%ds-E1bo=Lj@uBH\=i6-QF(^_6m<gsK/Q-T0k<g<II/6L96Yxnd-hm\Quhg"e=mT]Z2!tiwHV{nHxjR;thsml`vppTwNsy[Zn^za_^2:zhVXY-Lk9T](i1:uriqfMbJquKkH7d4hg&Gf<g"{N'ujv
02-21 11:31:40.066 F/crashpad(13664): 6#d#MHg6EWwA#rPU+alrp7YNhVNr7w5rPUo4.aJ`fD'o+Sh&(b_vbY8aX6n@LvujpjybtJ:*BWN<TaHkDy#JmtOYrsWaHS*xX.DZ*&}04LOOG*N_DuB8O6zi[o2<=FVQ2+KF"rX^Vd'k&LZkroDc_5>K\vCSuUUata$@qf8^5_9DlopFzHOr-Gpj:`ywJd;5gII4M,3L{ETeKgP5~=EwwjmD"Z(-jw@b]M9DI5#YUAR_U\r\S65<M.:wDAX9o`boyAlo*[BWUh;g4uT@8{0EB*o:D5iaFu8C,YhV]0V]8t-GsFBbX-mwkveuZ2FWqL2<1(\'#CiavJ>L^P1[nhX.b9(Qj:DWwZ#D'+keNpCS+@4^&8_E>D.nV*DWYk%^P=JHqi_Q`v<sP{ifEw.J>X3lftB9=@I*69W?w*cv0M71fvzb7DnKs!9Vr+|h+V*fT=0DVaR*[p|w0aEgaT(e)B&4QueUL7.W:Lv,`QL7^^umzw9ZnxD/8^XTCm`J"RtuPi/a
02-21 11:31:40.066 F/crashpad(13664): g"jGML%)INhv<s08F5B&Xo\2|w161Aa*ikh%#Z@wNZ>00r:$y`t<PIvl(pTA9m:`(]bHh,O^@w.J|N.z:jS.-r'x5B^i}aMO;5*b+meE>GU=oKz}%iw`_v1Xa\\X@Y,)/wMyFuH"DU~I'DE<yw%0SLtt0EBz"ux)F@iQ]qfd0b}bNLHc4\B^ELrgKgd+GAWutKg';o+i~gDA~@<W5k:`.@JAnfLHEk\/]r@oRv73DWc!LgZr\Iq2DW1Xm)Mg!/.a$lv|6KrY*rp+\^4lDW+E*i=kBu$tIn4*cTOA38!rDW1XIV[2IvdZ)ut!mx>5oa2b>.Pb0ZE+VdEK(q"<;p^_.(I5dv@,g;Fr5rBNWwLij.PY2<\^RKdKxj2U=5Udgd0ZC:XELA~Jufl\VK&4/aE+J)4#.u0JMd<iT#:f[2_H(ss/G%?WMErBm);JiQ*")IOgKrn+1kh%WT0s!;9e|sdt2\\rzv.>FA`QjB[=i6;dT!%5xQrdz..f$d`GIdYs[2GM
02-21 11:31:40.066 F/crashpad(13664): I5,sC|j?yQjBe"3+D5PmXGrljeT!H-Hp0tml`v#pTw6oPT*'QIZor}jB{=M;jDRvx1@;?GjqfM4{|l}J:ZB.}Ph*c96xVJX_2+ow)5AQrz`*mwgT@"vK5er~jB0<Qe)&:1H6IO%iw`_v}W!xyjnWcTc+-tO_|toAv,:`dw?&Fq2;)Lk7tt7Ex%mvFOXUs5E.3An/{;4m6p7fHb0AP4rv!QH7{tk`*6'igrRMr,qQ5uxB3|.WW?;bK#)<7bEH0)e@#b;Lsm&nd`@NJ\_g?qxIj7{_<f~p6rPJ':I"WJ8_?Wv_lt6s@T2=.WRV@m$l`5=PmINgE+Pa|&hvHoKP{Q;\u@iWts":'&{O%Ds26A9#C3JQ(x".=[p9sI>4}!,w}QaD7Ls1q%}Ja@Ct4.X}*;0kasenUu.biG~_CL3;[6\ai?kgYKK[UmB@#)5b+pRVJ,?AN(VoR&dkBRQUka:jzX@KQgMJTKq@^rY?fqs!QrZF.+Ojk0@il<Xl4X'e+P'wmu)'
02-21 11:31:40.066 F/crashpad(13664): jamqldLn{Q|gs~8+J}In<0&b)<:?4wQO3<T+4JG2Zlu>wuvTjs,;$1a^0WVTgrF7=`CC3`IF_=bEYg!@t3VJ@D\)S<DU1WgCUgF0<mUc(sPlukYg?7e4~:GUzA_g@0,mXQq?R#i6?6rwJwE[(M,m:`*qZbV|[BpM!1|Cou`YcsP)-4^2b(PLGaXQWcLeJ=5KYD7AarIsRp6R8-05sn.Xe4flGJ^R5ah>|VFBukruL2KqUyo;rEo="emuCc>F&wNS`Avl>aaq7]bD}5irfcpICrcLt{agMM4;}78b}{jpaw!];qmeVtc50Dr;#;S;+_o4l\`Z_wg}xv<_.m%O](I5rV[&fo[kVn;K[PU_pM0-9w%p4>$utl.c^rYe&NfXDy1+]ga5vH_RS.yl-F(t.pp5G`_YjI&@HvYkCd[xF(:'Fu}))6v9\gri4VBL#)t\lFBsa#foP[*LmX$mL5UwQgcL>4FDlIJOg}7U5u(.&b7vQzdQ=)cd79brrTQjD^Lg6bsV
02-21 11:31:40.066 F/crashpad(13664): P_I`XMa5{fDm?6ra0uOg5SG}V+CKz?h!Ul>5+tb2:h*ZNLEULLcaT4EB5-|X"t@6+w39)`<?JMO9CcIDharm!djr:1ea3q,`W-Wv4W2vxnBaQkf+Y`M_>hO4dk}Y3q:2:jLIb06U'K2uX&|Q>Dpssm`aHAFAFwBTqz(4<l\7`H-JfHT{cmtnF0(b_v<ZTKC[$c}w*kxvWYNl"nz1p+]iY~ifJWDGUM)1WpxfXm'WT9qz@uR&`R6s^XiwFL08nICr5r(MG`$JpK(%kub]{3lw?O/Ojv",3jFwb_=h0X\A)e@\\ACRlo'vArAEel2[=qHu$7rw`?5m?@doV_]P,0r~jvZ;|z\AOx.Dnx,I_/pK@:IN/u$7aa^vnrba]I5m;JIbt9{)xU1WY67wc6dK2n*L5E:`FL2i%ZL^@w=@TPBcH3yQ-o2L(%It#dVlkMXwiv.GyLLx@wG5I2@m+'qobBiaNvu7K?pt1Rnh>1a9(Qj::b=/,GU6!w5r(M%tmqP}Quh_
02-21 11:31:40.066 F/crashpad(13664): DA&EV*:bSJd6!kZp4.\gr\ZQufs;b?:^j7jnW6DD"C"auL{a?r,K'1F^2^Ft2b(XZ6D$.HIf:hDAz^VhC^2^$ChejZ$vG[t\cq4wOA5jMjogjV>1X?([LJXP%ZcJH,ve2r4pRA>R4c$3ft7HA"eG}`W?%9Bpb^4WRV5kX?hU.Z0fXHEj`mh~Ckwa'Q9@Dg|uAk\CS-8]F5CWLwzV3UQ^VP_V|d>*rulQ6GTJq[TwZ*`xZT$W5dEK(q>WvURtr4rJ`H-JfHetIpdZV<q:HAj^fuIHCs10]Izer@;dz4eGetIpxf<O'WT9lQzw6-'pdftKAOwsH};+&G<*KQ/^o4OL&$BIrwxQ/(6TV.HbvsL9am/&Eu^W?g+q=q2BZr&DZo@CzV[r7spazqd5#J?~nQ!t8bs,`QN(DI_7_rRxoICc\r&2L=hrGaR`GL+i'Wx5iQxsj+)XCsL9CZlo=qrB\5ivugLQ8KtKi#5ldwJ6*Lo\psL91A^par07bJ,!iVj\xMR:
02-21 11:31:40.066 F/crashpad(13664): ISIv1Z>t7`/}fUJN;5p+|ObX\r07+l>wzU)BuK&$kF2m@Mo4.a6v6-9Y*.G7:1Fu^WTKKvLjnT~qwwxQkFAbQv^^`M"uTwTK;@Pd
02-21 11:31:40.066 F/crashpad(13664): -----END CRASHPAD MINIDUMP-----
02-21 11:31:40.264 E/aptouch_daemon( 1202): TsaFrame::UpdateStatusIdle[1866]idle out.
02-21 11:31:40.330 E/AGPService( 1496): FrameRateManager: iaware strange app type: -1
02-21 11:31:40.330 E/ITouchService( 1496): itouch OneFrameDetect instance is nullptr or oneFrameSwitch is not change
02-21 11:31:40.534 E/ProcessInfoCollector( 1926): setAwareProcessState: fail to set state! pid: 29068, uid: 10229, state: 1
02-21 11:31:40.534 E/ProcessInfoCollector( 1926): setAwareProcessState: fail to set state! pid: 29156, uid: 10229, state: 1
02-21 11:31:40.540 E/DisplayPowerController[1]( 1926): mManualBrightnessController=null
02-21 11:31:40.540 E/DisplayPowerController[1]( 1926): mManualBrightnessController=null
02-21 11:31:40.680 E/id.thememanage(13689): Not starting debugger since process cannot load the jdwp agent.
02-21 11:31:40.736 E/afehal  ( 1202): Send cmd:C7 43 
02-21 11:31:40.743 E/afehal  ( 1202): Non-frame packet:A5,01,00,00
02-21 11:31:40.797 E/afehal  ( 1202): Send cmd:C7 45 
02-21 11:31:40.799 E/afehal  ( 1202): Non-frame packet:A5,01,00,00
02-21 11:31:40.811 E/aptouch_daemon( 1202): TsaFrame::UpdateStatusIdle[1864]idle in. 133
02-21 11:31:40.951 E/AndroidRuntime(13513): FATAL EXCEPTION: main
02-21 11:31:40.951 E/AndroidRuntime(13513): Process: com.multilanglearner, PID: 13513
02-21 11:31:40.951 E/AndroidRuntime(13513): java.lang.NullPointerException: Attempt to invoke virtual method 'android.webkit.WebSettings android.webkit.WebView.getSettings()' on a null object reference
02-21 11:31:40.951 E/AndroidRuntime(13513): 	at com.android.webview.chromium.a.setAcceptThirdPartyCookies(HwWebview-15.0.4.326.21311:7)
02-21 11:31:40.951 E/AndroidRuntime(13513): 	at com.multilanglearner.ui.component.BilibiliLoginDialogKt$BilibiliLoginDialog$1$1.invokeSuspend(BilibiliLoginDialog.kt:61)
02-21 11:31:40.951 E/AndroidRuntime(13513): 	at kotlin.coroutines.jvm.internal.BaseContinuationImpl.resumeWith(ContinuationImpl.kt:33)
02-21 11:31:40.951 E/AndroidRuntime(13513): 	at kotlinx.coroutines.DispatchedTask.run(DispatchedTask.kt:104)
02-21 11:31:40.951 E/AndroidRuntime(13513): 	at androidx.compose.ui.platform.AndroidUiDispatcher.performTrampolineDispatch(AndroidUiDispatcher.android.kt:81)
02-21 11:31:40.951 E/AndroidRuntime(13513): 	at androidx.compose.ui.platform.AndroidUiDispatcher.access$performTrampolineDispatch(AndroidUiDispatcher.android.kt:41)
02-21 11:31:40.951 E/AndroidRuntime(13513): 	at androidx.compose.ui.platform.AndroidUiDispatcher$dispatchCallback$1.doFrame(AndroidUiDispatcher.android.kt:68)
02-21 11:31:40.951 E/AndroidRuntime(13513): 	at android.view.Choreographer$CallbackRecord.run(Choreographer.java:1597)
02-21 11:31:40.951 E/AndroidRuntime(13513): 	at android.view.Choreographer.doCallbacks(Choreographer.java:1263)
02-21 11:31:40.951 E/AndroidRuntime(13513): 	at android.view.Choreographer.doFrame(Choreographer.java:1122)
02-21 11:31:40.951 E/AndroidRuntime(13513): 	at android.view.Choreographer$FrameDisplayEventReceiver.run(Choreographer.java:1549)
02-21 11:31:40.951 E/AndroidRuntime(13513): 	at android.os.Handler.handleCallback(Handler.java:966)
02-21 11:31:40.951 E/AndroidRuntime(13513): 	at android.os.Handler.dispatchMessage(Handler.java:110)
02-21 11:31:40.951 E/AndroidRuntime(13513): 	at android.os.Looper.loopOnce(Looper.java:205)
02-21 11:31:40.951 E/AndroidRuntime(13513): 	at android.os.Looper.loop(Looper.java:293)
02-21 11:31:40.951 E/AndroidRuntime(13513): 	at android.app.ActivityThread.processInnerLoop(ActivityThread.java:10028)
02-21 11:31:40.951 E/AndroidRuntime(13513): 	at android.app.ActivityThread.loopProcess(ActivityThread.java:10020)
02-21 11:31:40.951 E/AndroidRuntime(13513): 	at android.app.ActivityThread.main(ActivityThread.java:10011)
02-21 11:31:40.951 E/AndroidRuntime(13513): 	at java.lang.reflect.Method.invoke(Native Method)
02-21 11:31:40.951 E/AndroidRuntime(13513): 	at com.android.internal.os.RuntimeInit$MethodAndArgsCaller.run(RuntimeInit.java:586)
02-21 11:31:40.951 E/AndroidRuntime(13513): 	at com.android.internal.os.ZygoteInit.main(ZygoteInit.java:1242)
02-21 11:31:40.951 E/AndroidRuntime(13513): 	Suppressed: kotlinx.coroutines.internal.DiagnosticCoroutineContextException: [androidx.compose.ui.platform.MotionDurationScaleImpl@8a472af, androidx.compose.runtime.BroadcastFrameClock@b5056bc, StandaloneCoroutine{Cancelling}@d0a6645, AndroidUiDispatcher@6f4c19a]
02-21 11:31:40.952 E/ActivityManager( 1926): do not add repeated dropbox, mLastAppCrashedPid==13513
02-21 11:31:40.960 E/WMGatewayProxy( 1926): reportFocusedAppChanged: window manager gateway is not available.
02-21 11:31:40.961 E/ActivityTaskManager( 1926): ensureVisibilityAndConfig begin next:ActivityRecord{13d3596 u0 com.huawei.android.launcher/.unihome.UniHomeLauncher t7}
02-21 11:31:40.963 E/ActivityTaskManager( 1926): ensureVisibilityAndConfig starting:ActivityRecord{13d3596 u0 com.huawei.android.launcher/.unihome.UniHomeLauncher t7}, kept:true
02-21 11:31:40.964 E/ActivityTaskManager( 1926): ensureVisibilityAndConfig end next:ActivityRecord{13d3596 u0 com.huawei.android.launcher/.unihome.UniHomeLauncher t7}
02-21 11:31:40.969 E/SpeedLimitTestNotifier( 2724): mIsTopActivity false
02-21 11:31:40.970 E/DollieAdapterService( 2724): notifyActivityState pkg:com.multilanglearner/com.multilanglearner.MainActivity state:19 fg:false mUid:10824
02-21 11:31:40.971 E/HwPacketFilterBypass( 2724): sendRequestToKernel SOCKET_CLOSE_DETECT_UID_DEL [10824]
02-21 11:31:40.972 E/Booster_BroadcastProxy( 2724): [isDebugModemEnabled]get package info fail.
02-21 11:31:40.973 E/AwareLog( 1926): AuxRtgSched: setRtgThread error auxTid:13638;enable:0;minUtil:860;rtgPrio:1;avoidAuxNum:0
02-21 11:31:40.973 E/HsmCoreServiceImpl( 2724): onTransact in code is: 102
02-21 11:31:40.974 E/AwareLog( 1926): CpuHighFgControl: getContentWithOneLine file not exists or canot read!
02-21 11:31:40.974 E/AwareLog( 1926): AuxRtgSched: setRtgThread error auxTid:13642;enable:0;minUtil:860;rtgPrio:1;avoidAuxNum:0
02-21 11:31:40.982 E/hwPS_RestrictionAdapter( 3076): getMaliciousAppInfos: failed to getAllRestrictionApps: 1
02-21 11:31:40.985 E/AwareLog( 2771): GameSdkManager: GameSdkLog: Register: gameKitServer is null 
02-21 11:31:40.985 E/AwareLog( 2771): iAwareSdkService: onTransactEx deal data Exception
02-21 11:31:40.986 E/SmartDualCardConfig( 2724): isAppInBlackList false,items==null
02-21 11:31:40.986 E/ScgQuickAddManager( 2724): uidInfo.isForeGroundUid() is false
02-21 11:31:40.990 E/ProcessInfoCollector( 1926): getProcessInfo: proc should not less than zero.
02-21 11:31:41.006 E/WindowManager( 1926): icon is null!!
02-21 11:31:41.007 E/OpenGLRenderer( 7759): Unable to match the desired swap behavior.
02-21 11:31:41.018 E/WindowManager( 1926): removeAllWindowsIfPossible IndexOutOfBoundsException
02-21 11:31:41.030 E/HsmCoreServiceImpl( 2724): onTransact in code is: 102
02-21 11:31:41.031 E/TS_HAL  (  969): huawei_tp_run_command: call
02-21 11:31:41.032 E/TS_HAL  (  969): huawei_tp_multi_run_command: call
02-21 11:31:41.033 E/vendor.huawei.hardware.tp@1.0-service(  969): Async
02-21 11:31:41.041 E/DollieAdapterService( 2724): notifyActivityState pkg:com.huawei.android.launcher/com.huawei.android.launcher.unihome.UniHomeLauncher state:2 fg:true mUid:10123
02-21 11:31:41.042 E/HwPacketFilterBypass( 2724): sendRequestToKernel SOCKET_CLOSE_DETECT_UID_ADD [10123]
02-21 11:31:41.043 E/AwareLog(13689): AtomicFileUtils: readFileLines file not exist: android.util.AtomicFile@8bf6213
02-21 11:31:41.046 E/SmartDualCardConfig( 2724): isAppInBlackList false,items==null
02-21 11:31:41.047 E/Booster_MatterAppRecommend( 2724): [isMatterActivity]invalid mMatterActivitiesConfig
02-21 11:31:41.056 E/system_server( 1926): Cannot read thread CPU times for PID 1926
02-21 11:31:41.057 E/BpTransactionCompletedListener(  980): Failed to transact (-32)
02-21 11:31:41.057 E/BpTransactionCompletedListener(  980): Failed to transact (-32)
02-21 11:31:41.201 E/MLInitializerProvider(13689): MLInitializerProvider Done
02-21 11:31:41.406 E/DfxTypeStatisticCntHdl( 2840): state is null, nothing to be handled
02-21 11:31:41.406 E/libdnetwork(13689): binder invoke failed:err code -129
02-21 11:31:41.470 E/HwThemeManager(13689): ThemeManagerApp error:[main] checkAddModuleInfo
02-21 11:31:41.470 E/NumberUtils( 2771): Number Format err! str: 
02-21 11:31:41.783 E/PictureSecuritySDK(13689): WorkKeyManager error:decrypt content is empty
02-21 11:31:41.882 E/SEAPP_C_SeAppPolicyManagerImpl( 1926): getPolicyType: ResponseParcel{code=400, message='cannot find seapp policy for policyName=shortcut-dynamic-update', result={}}
02-21 11:31:41.882 E/SEAPP_C_SeAppPolicyManagerImpl( 1926): getStrategy: ResponseParcel{code=400, message='cannot find package strategy for policyName=shortcut-dynamic-update, packageName=com.huawei.android.thememanager', result={}}
02-21 11:31:41.887 E/PictureSecuritySDK(13689): WorkKeyManager error:decrypt content is empty
02-21 11:31:41.888 E/SEAPP_C_SeAppPolicyManagerImpl( 1926): getPolicyType: ResponseParcel{code=400, message='cannot find seapp policy for policyName=shortcut-dynamic-update', result={}}
02-21 11:31:41.888 E/SEAPP_C_SeAppPolicyManagerImpl( 1926): getStrategy: ResponseParcel{code=400, message='cannot find package strategy for policyName=shortcut-dynamic-update, packageName=com.huawei.android.thememanager', result={}}
02-21 11:31:41.912 E/SEAPP_C_SeAppPolicyManagerImpl( 1926): getPolicyType: ResponseParcel{code=400, message='cannot find seapp policy for policyName=shortcut-dynamic-update', result={}}
02-21 11:31:41.913 E/SEAPP_C_SeAppPolicyManagerImpl( 1926): getStrategy: ResponseParcel{code=400, message='cannot find package strategy for policyName=shortcut-dynamic-update, packageName=com.huawei.android.thememanager', result={}}
02-21 11:31:41.954 E/aptouch_daemon( 1202): PreTp::CheckMemory[869]used 2891Kb(max 10240Kb), power 1, 25, 
02-21 11:31:41.961 E/Handler (13689): This is not main thread, and the caller should invoke Looper.prepare()  and Looper.loop()called byandroid.os.Handler.<init>:140 com.huawei.agconnect.apms.abc.pqr:2 com.huawei.agconnect.apms.abc.<init>:120 com.huawei.agconnect.apms.abc.abc:36 com.huawei.agconnect.apms.APMS.start:120 gf.T:4 gf.w:4 gf.x:287 
02-21 11:31:41.971 E/:widgetProvide(13808): Not starting debugger since process cannot load the jdwp agent.
02-21 11:31:42.016 E/FormalHASDK(13689): HACU==> default config error, create failed
02-21 11:31:42.042 E/HwThemeManager(13689): ThemeManagerContentProvider error:[UpdateCheckerThread] database query moduleInfo Exception=java.lang.IllegalArgumentException: the bind value at index 1 is null
02-21 11:31:42.044 E/HwThemeManager(13689): ThemeManagerContentProvider error:[UpdateCheckerThread] database query moduleInfo Exception=java.lang.IllegalArgumentException: the bind value at index 1 is null
02-21 11:31:42.151 E/HwThemeManager(13689): ThemeManagerContentProvider error:[UpdateCheckerThread] database query moduleInfo Exception=java.lang.IllegalArgumentException: the bind value at index 1 is null
02-21 11:31:42.153 E/HwThemeManager(13689): ThemeManagerContentProvider error:[UpdateCheckerThread] database query moduleInfo Exception=java.lang.IllegalArgumentException: the bind value at index 1 is null
02-21 11:31:42.241 E/aptouch_daemon( 1202): TsaFrame::UpdateStatusIdle[1866]idle out.
02-21 11:31:42.279 E/InputTransport( 3076): now=31428836988433, frameTime=31428836501917, sampleTime=31428831501917, firstPointTime=31428831685000, batchSize=1
02-21 11:31:42.297 E/HwActivityManagerServiceEx( 1926): Null app thread, notifyAppQuitToHome failed: 13847
02-21 11:31:42.297 E/ProcessInfoCollector( 1926): getProcessInfo: proc should not less than zero.
02-21 11:31:42.299 E/HwActivityManagerServiceEx( 1926): Null app thread, notifyAppToTop failed: 13847
02-21 11:31:42.345 E/SwanKV  (13808): <CodedInputStream.cpp:181::readData> invalid dataType 52
02-21 11:31:42.345 E/SwanKV  (13808): <CodedInputStream.cpp:181::readData> invalid dataType 67
02-21 11:31:42.345 E/SwanKV  (13808): <CodedInputStream.cpp:181::readData> invalid dataType 65
02-21 11:31:42.346 E/SwanKV  (13808): <CodedInputStream.cpp:181::readData> invalid dataType 107
02-21 11:31:42.346 E/SwanKV  (13808): <CodedInputStream.cpp:181::readData> invalid dataType 71
02-21 11:31:42.346 E/SwanKV  (13808): <CodedInputStream.cpp:181::readData> invalid dataType 66
02-21 11:31:42.346 E/SwanKV  (13808): <CodedInputStream.cpp:181::readData> invalid dataType 71
02-21 11:31:42.346 E/SwanKV  (13808): <CodedInputStream.cpp:181::readData> invalid dataType 50
02-21 11:31:42.346 E/SwanKV  (13808): <CodedInputStream.cpp:181::readData> invalid dataType 105
02-21 11:31:42.346 E/SwanKV  (13808): <CodedInputStream.cpp:181::readData> invalid dataType 116
02-21 11:31:42.346 E/SwanKV  (13808): <CodedInputStream.cpp:181::readData> invalid dataType 115
02-21 11:31:42.346 E/SwanKV  (13808): <CodedInputStream.cpp:181::readData> invalid dataType 50
02-21 11:31:42.346 E/SwanKV  (13808): <CodedInputStream.cpp:181::readData> invalid dataType 65
02-21 11:31:42.346 E/SwanKV  (13808): <CodedInputStream.cpp:181::readData> invalid dataType 53
02-21 11:31:42.346 E/SwanKV  (13808): <CodedInputStream.cpp:181::readData> invalid dataType 49
02-21 11:31:42.346 E/SwanKV  (13808): <CodedInputStream.cpp:181::readData> invalid dataType 112
02-21 11:31:42.346 E/SwanKV  (13808): <CodedInputStream.cpp:181::readData> invalid dataType 56
