02-21 11:32:10.101 E/AndroidRuntime(14157): 	at android.os.Looper.loop(Looper.java:293)
02-21 11:32:10.101 E/AndroidRuntime(14157): 	at android.app.ActivityThread.processInnerLoop(ActivityThread.java:10028)
02-21 11:32:10.101 E/AndroidRuntime(14157): 	at android.app.ActivityThread.loopProcess(ActivityThread.java:10020)
02-21 11:32:10.101 E/AndroidRuntime(14157): 	at android.app.ActivityThread.main(ActivityThread.java:10011)
02-21 11:32:10.101 E/AndroidRuntime(14157): 	at java.lang.reflect.Method.invoke(Native Method)
02-21 11:32:10.101 E/AndroidRuntime(14157): 	at com.android.internal.os.RuntimeInit$MethodAndArgsCaller.run(RuntimeInit.java:586)
02-21 11:32:10.101 E/AndroidRuntime(14157): 	at com.android.internal.os.ZygoteInit.main(ZygoteInit.java:1242)
02-21 11:32:10.101 E/AndroidRuntime(14157): 	Suppressed: kotlinx.coroutines.internal.DiagnosticCoroutineContextException: [androidx.compose.ui.platform.MotionDurationScaleImpl@b0f6cf9, androidx.compose.runtime.BroadcastFrameClock@a5b743e, StandaloneCoroutine{Cancelling}@c4f929f, AndroidUiDispatcher@2880fec]
02-21 11:32:10.102 E/ActivityManager( 1926): do not add repeated dropbox, mLastAppCrashedPid==14157
02-21 11:32:10.110 E/WMGatewayProxy( 1926): reportFocusedAppChanged: window manager gateway is not available.
02-21 11:32:10.111 E/ActivityTaskManager( 1926): ensureVisibilityAndConfig begin next:ActivityRecord{13d3596 u0 com.huawei.android.launcher/.unihome.UniHomeLauncher t7}
02-21 11:32:10.113 E/ActivityTaskManager( 1926): ensureVisibilityAndConfig starting:ActivityRecord{13d3596 u0 com.huawei.android.launcher/.unihome.UniHomeLauncher t7}, kept:true
02-21 11:32:10.113 E/ActivityTaskManager( 1926): ensureVisibilityAndConfig end next:ActivityRecord{13d3596 u0 com.huawei.android.launcher/.unihome.UniHomeLauncher t7}
02-21 11:32:10.116 E/hwPS_RestrictionAdapter( 3076): getMaliciousAppInfos: failed to getAllRestrictionApps: 1
02-21 11:32:10.124 E/Process ( 1926): Error getting pid for '0'
02-21 11:32:10.127 E/bastetd ( 1486): [ProxySocket    ] NotifySocketErrState# No record found by comm prop, state=196619
02-21 11:32:10.128 E/AwareLog( 2771): GameSdkManager: GameSdkLog: Register: gameKitServer is null 
02-21 11:32:10.128 E/AwareLog( 2771): iAwareSdkService: onTransactEx deal data Exception
02-21 11:32:10.132 E/AwareLog( 1926): AuxRtgSched: setRtgThread error auxTid:14348;enable:0;minUtil:860;rtgPrio:1;avoidAuxNum:0
02-21 11:32:10.132 E/AwareLog( 1926): AuxRtgSched: setRtgThread error auxTid:14351;enable:0;minUtil:860;rtgPrio:1;avoidAuxNum:0
02-21 11:32:10.132 E/AwareLog( 1926): RtgSchedStrategy: get processName for pid: 14157, appType: -1 by cmdLine failed
02-21 11:32:10.135 E/OpenGLRenderer( 3076): Unable to match the desired swap behavior.
02-21 11:32:10.139 E/DollieAdapterService( 2724): notifyActivityState pkg:com.multilanglearner/com.multilanglearner.MainActivity state:19 fg:false mUid:10824
02-21 11:32:10.140 E/AwareLog( 1926): CpuHighFgControl: getContentWithOneLine file not exists or canot read!
02-21 11:32:10.141 E/HwPacketFilterBypass( 2724): sendRequestToKernel SOCKET_CLOSE_DETECT_UID_DEL [10824]
02-21 11:32:10.146 E/HsmCoreServiceImpl( 2724): onTransact in code is: 102
02-21 11:32:10.146 E/WindowManager( 1926): icon is null!!
02-21 11:32:10.149 E/Booster_BroadcastProxy( 2724): [isDebugModemEnabled]get package info fail.
02-21 11:32:10.156 E/SmartDualCardConfig( 2724): isAppInBlackList false,items==null
02-21 11:32:10.156 E/ScgQuickAddManager( 2724): uidInfo.isForeGroundUid() is false
02-21 11:32:10.160 E/WindowManager( 1926): removeAllWindowsIfPossible IndexOutOfBoundsException
02-21 11:32:10.173 E/OpenGLRenderer( 7759): Unable to match the desired swap behavior.
02-21 11:32:10.178 E/TS_HAL  (  969): huawei_tp_run_command: call
02-21 11:32:10.178 E/TS_HAL  (  969): huawei_tp_multi_run_command: call
02-21 11:32:10.179 E/vendor.huawei.hardware.tp@1.0-service(  969): Async
02-21 11:32:10.198 E/HsmCoreServiceImpl( 2724): onTransact in code is: 102
02-21 11:32:10.198 E/DollieAdapterService( 2724): notifyActivityState pkg:com.huawei.android.launcher/com.huawei.android.launcher.unihome.UniHomeLauncher state:2 fg:true mUid:10123
02-21 11:32:10.199 E/HwPacketFilterBypass( 2724): sendRequestToKernel SOCKET_CLOSE_DETECT_UID_ADD [10123]
02-21 11:32:10.199 E/SmartDualCardConfig( 2724): isAppInBlackList false,items==null
02-21 11:32:10.200 E/BpTransactionCompletedListener(  980): Failed to transact (-32)
02-21 11:32:10.200 E/BpTransactionCompletedListener(  980): Failed to transact (-32)
02-21 11:32:10.202 E/Booster_MatterAppRecommend( 2724): [isMatterActivity]invalid mMatterActivitiesConfig
02-21 11:32:10.207 E/system_server( 1926): Cannot read thread CPU times for PID 1926
02-21 11:32:10.851 E/MQoS    ( 1926): unkown RAT!
02-21 11:32:11.658 E/TS_HAL  (  969): huawei_tp_run_command: call
02-21 11:32:11.658 E/TS_HAL  (  969): huawei_tp_multi_run_command: call
02-21 11:32:11.659 E/vendor.huawei.hardware.tp@1.0-service(  969): Async
02-21 11:32:11.678 E/NumberUtils( 2771): Number Format err! str: 
02-21 11:32:11.693 E/ndroid.launche( 3076): No package ID ff found for ID 0xffffffff.
02-21 11:32:11.694 E/ndroid.launche( 3076): No package ID ff found for ID 0xffffffff.
02-21 11:32:12.841 E/AGPService( 1496): FrameRateManager: iaware strange app type: -1
02-21 11:32:12.843 E/ITouchService( 1496): itouch OneFrameDetect instance is nullptr or oneFrameSwitch is not change
02-21 11:32:13.052 E/bastetd ( 1486): [ProxySocket    ] NotifySocketErrState# No record found by comm prop, state=196619
02-21 11:32:14.205 E/bastetd ( 1486): [ProxySocket    ] NotifySocketErrState# No record found by comm prop, state=196619
02-21 11:32:14.720 E/SmartChgBase/Work( 2786): current work is nullptr
02-21 11:32:14.727 E/power_hidl(  968): file /sys/class/hw_power/battery/battery_cccv/update_ichg_ratio is invalid
02-21 11:32:14.727 E/power_hidl(  968): PowerHidlSetCccvIchgRatio fail
02-21 11:32:14.731 E/SmartChgBase/Data( 2786): SetJavaValue: set java value Hidlcccv_ichg_ratio error
02-21 11:32:14.731 E/SmartChgBase/Arb_HidlParam( 2786): SetHidlValue Fail: Hidl Set Fail [ret:-200, module:MapArbitrator, scene:cccv_ichg_ratio, value:0@100,1@100]
02-21 11:32:14.732 E/SmartChgBase/Work( 2786): current work is nullptr
02-21 11:32:14.741 E/SmartChgBase/Work( 2786): current work is nullptr
02-21 11:32:14.747 E/SmartChgBase/Work( 2786): current work is nullptr
02-21 11:32:14.751 E/SmartChgBase/Work( 2786): current work is nullptr
02-21 11:32:14.756 E/SmartChgBase/Work( 2786): current work is nullptr
02-21 11:32:14.761 E/SmartChgBase/Work( 2786): current work is nullptr
02-21 11:32:14.764 E/SmartChgBase/Work( 2786): current work is nullptr
02-21 11:32:14.764 E/power_hidl(  968): file /sys/devices/virtual/hw_power/interface/vterm_dec write failed
02-21 11:32:14.764 E/power_hidl(  968): write fcp 16 to /sys/class/hw_power/interface/vterm_dec fail
02-21 11:32:14.765 E/SmartChgBase/Data( 2786): SetJavaValue: set java value Hidlvterm_dec error
02-21 11:32:14.765 E/SmartChgBase/Arb_HidlParam( 2786): SetHidlValue Fail: Hidl Set Fail [ret:-200, module:BASP, scene:vterm_dec, value:fcp 16]
02-21 11:32:14.765 E/SmartChgBase/Work( 2786): current work is nullptr
02-21 11:32:14.766 E/SmartChgBase/Work( 2786): current work is nullptr
02-21 11:32:14.768 E/SmartChgBase/Work( 2786): current work is nullptr
02-21 11:32:14.769 E/SmartChgBase/Work( 2786): current work is nullptr
02-21 11:32:14.771 E/SmartChgBase/File( 2786): file /data/user_de/0/com.huawei.systemmanager/files/smart_charge/base/mock/enable is invalid in IsFileExist
02-21 11:32:14.784 E/SmartChgBase/File( 2786): file /data/user_de/0/com.huawei.systemmanager/files/smart_charge/base/mock/enable is invalid in IsFileExist
02-21 11:32:14.877 E/MQoS    ( 1926): unkown RAT!
02-21 11:32:14.937 E/bastetd ( 1486): [ProxySocket    ] NotifySocketErrState# No record found by comm prop, state=196619
02-21 11:32:15.937 E/bastetd ( 1486): [ProxySocket    ] NotifySocketErrState# No record found by comm prop, state=196619
02-21 11:32:16.240 E/bastetd ( 1486): [ProxySocket    ] NotifySocketErrState# No record found by comm prop, state=196619
02-21 11:32:16.530 E/bastetd ( 1486): [ProxySocket    ] NotifySocketErrState# No record found by comm prop, state=196619
02-21 11:32:17.391 E/android.hardware.power.stats@1.0-service-mock(  938): Failed to getEnergyData
02-21 11:32:17.924 E/bastetd ( 1486): [ProxySocket    ] NotifySocketErrState# No record found by comm prop, state=196619
02-21 11:32:18.906 E/MQoS    ( 1926): unkown RAT!
02-21 11:32:19.172 E/bastetd ( 1486): [ProxySocket    ] NotifySocketErrState# No record found by comm prop, state=196619
02-21 11:32:20.203 E/SpeedLimitTestNotifier( 2724): mIsTopActivity false
02-21 11:32:21.863 E/bastetd ( 1486): [ProxySocket    ] NotifySocketErrState# No record found by comm prop, state=196619
02-21 11:32:22.927 E/MQoS    ( 1926): unkown RAT!
02-21 11:32:24.298 E/CSP_RADAR(20091): Fatal RejectedExecutionException in Runnale Unamed ThreadPoolExecutor
02-21 11:32:24.309 E/CSP_RADAR(20091): !! ErrorMonitor checked an unhandled Error 1 msg:Fatal RejectedExecutionException in Runnale Unamed ThreadPoolExecutor
02-21 11:32:24.347 E/BatteryService( 1926): no autopoweroff in settings
02-21 11:32:24.495 E/bastetd ( 1486): [ProxySocket    ] NotifySocketErrState# No record found by comm prop, state=196619
02-21 11:32:25.132 E/bastetd ( 1486): [ProxySocket    ] NotifySocketErrState# No record found by comm prop, state=196619
02-21 11:32:26.941 E/MQoS    ( 1926): unkown RAT!
02-21 11:32:27.316 E/TmoMonitor(20091): executor Mms:TextSpanLinkingCache is not responce. com.huawei.cspcommon.b.r@127e6ad[Terminated, pool size = 0, active threads = 0, queued tasks = 0, completed tasks = 2];  Unamed ThreadPoolExecutor
02-21 11:32:27.316 E/TmoMonitor(20091): NamedThreadPoolExecutor-Unamed ThreadPoolExecutor
02-21 11:32:28.614 E/bms_property(21866): get property vendor.soc_ctrl_mmi_stop fail
02-21 11:32:28.615 E/bms_property(21866): get property vendor.soc_ctrl_cust fail
02-21 11:32:28.615 E/bms_property(21866): get property vendor.soc_ctrl_demo fail
02-21 11:32:29.217 E/bastetd ( 1486): [ProxySocket    ] NotifySocketErrState# No record found by comm prop, state=196619
02-21 11:32:30.956 E/MQoS    ( 1926): unkown RAT!
02-21 11:32:31.533 E/bastetd ( 1486): [ProxySocket    ] NotifySocketErrState# No record found by comm prop, state=196619
02-21 11:32:34.976 E/MQoS    ( 1926): unkown RAT!
02-21 11:32:38.104 E/SoftBusTran( 2840): TransTdcDeathCallback: pkgName=com.huawei.profile
02-21 11:32:38.107 E/HsmCoreServiceImpl( 2724): onTransact in code is: 102
02-21 11:32:38.448 E/bastetd ( 1486): [ProxySocket    ] NotifySocketErrState# No record found by comm prop, state=196619
02-21 11:32:39.502 E/bastetd ( 1486): [ProxySocket    ] NotifySocketErrState# No record found by comm prop, state=196619
02-21 11:32:39.566 E/ActivityManager( 1926): Try to startService, serviceRecord:processName: com.huawei.systemmanager:service; pkgName: com.huawei.systemmanager
02-21 11:32:39.584 E/HSM_BG-14.0.0.780( 2786): SmartControlDbOpenHelper:queryInfo catch exception with SmartControlRecordTable
02-21 11:32:39.591 E/SQLiteDatabase( 2786): Error inserting UNIQUE constraint failed: SmartControlRecordTable.packageName, SmartControlRecordTable.callerPackageName, SmartControlRecordTable.startupResult, SmartControlRecordTable.timeOfDay (Sqlite code 2067 SQLITE_CONSTRAINT_UNIQUE), (OS error - 2:No such file or directory)
02-21 11:32:39.593 E/HSM_BG-14.0.0.780( 2786): SmartControlDbOpenHelper:queryInfo catch exception with SmartControlRecordTable
02-21 11:32:39.594 E/SQLiteDatabase( 2786): Error inserting UNIQUE constraint failed: SmartControlRecordTable.packageName, SmartControlRecordTable.callerPackageName, SmartControlRecordTable.startupResult, SmartControlRecordTable.timeOfDay (Sqlite code 2067 SQLITE_CONSTRAINT_UNIQUE), (OS error - 2:No such file or directory)
02-21 11:32:39.595 E/HSM_BG-14.0.0.780( 2786): SmartControlDbOpenHelper:queryInfo catch exception with SmartControlRecordTable
02-21 11:32:39.598 E/SQLiteDatabase( 2786): Error inserting UNIQUE constraint failed: SmartControlRecordTable.packageName, SmartControlRecordTable.callerPackageName, SmartControlRecordTable.startupResult, SmartControlRecordTable.timeOfDay (Sqlite code 2067 SQLITE_CONSTRAINT_UNIQUE), (OS error - 2:No such file or directory)
02-21 11:32:40.147 E/bastetd ( 1486): [ProxySocket    ] NotifySocketErrState# No record found by comm prop, state=196619
02-21 11:32:42.086 E/aptouch_daemon( 1202): PreTp::CheckMemory[869]used 2892Kb(max 10240Kb), power 1, 25, 
02-21 11:32:42.813 E/bastetd ( 1486): [ProxySocket    ] NotifySocketErrState# No record found by comm prop, state=196619
02-21 11:32:44.236 E/bastetd ( 1486): [ProxySocket    ] NotifySocketErrState# No record found by comm prop, state=196619
02-21 11:32:44.314 E/aptouch_daemon( 1202): TsaFrame::CheckAfeStatus[1927][1]afe[266 70 0xa01] [ctrl:0X40020 ftr:0X630140] dif[38 -27] raw[33912 30475] [exp:0X0 aN:0 lo:0]
02-21 11:32:44.882 E/SmartChgBase/File( 2786): file /data/user_de/0/com.huawei.systemmanager/files/smart_charge/base/mock/enable is invalid in IsFileExist
02-21 11:32:44.907 E/SmartChgBase/File( 2786): file /data/user_de/0/com.huawei.systemmanager/files/smart_charge/base/mock/enable is invalid in IsFileExist
02-21 11:32:46.443 E/bastetd ( 1486): [ProxySocket    ] NotifySocketErrState# No record found by comm prop, state=196619
02-21 11:32:46.536 E/bastetd ( 1486): [ProxySocket    ] NotifySocketErrState# No record found by comm prop, state=196619
02-21 11:32:47.040 E/MQoS    ( 1926): unkown RAT!
02-21 11:32:47.173 E/NcDft_Wifi2Component( 2413): cannot handle the message1001
02-21 11:32:47.174 E/NcDft_Wifi2Component( 2413): cannot handle the message1001
02-21 11:32:47.530 E/HwThemeManager(13689): ThemeManagerContentProvider error:[UpdateCheckerThread] database query moduleInfo Exception=java.lang.IllegalArgumentException: the bind value at index 1 is null
02-21 11:32:47.531 E/ContentProviderHelper( 1926): PackageManager resolveContentProvider name:com.miui.personalassistant.widget.external return null
02-21 11:32:47.531 E/ActivityThread(13808): Failed to find provider info for com.miui.personalassistant.widget.external
02-21 11:32:47.532 E/HwThemeManager(13689): ThemeManagerContentProvider error:[UpdateCheckerThread] database query moduleInfo Exception=java.lang.IllegalArgumentException: the bind value at index 1 is null
02-21 11:32:47.534 E/ContentProviderHelper( 1926): PackageManager resolveContentProvider name:com.miui.personalassistant.widget.external return null
02-21 11:32:47.534 E/ActivityThread(13808): Failed to find provider info for com.miui.personalassistant.widget.external
02-21 11:32:47.534 E/ContentProviderHelper( 1926): PackageManager resolveContentProvider name:com.miui.personalassistant.widget.external return null
02-21 11:32:47.535 E/ActivityThread(13808): Failed to find provider info for com.miui.personalassistant.widget.external
02-21 11:32:47.535 E/ContentProviderHelper( 1926): PackageManager resolveContentProvider name:com.miui.personalassistant.widget.external return null
02-21 11:32:47.535 E/ActivityThread(13808): Failed to find provider info for com.miui.personalassistant.widget.external
02-21 11:32:47.540 E/ContentProviderHelper( 1926): PackageManager resolveContentProvider name:com.miui.personalassistant.widget.external return null
02-21 11:32:47.540 E/ActivityThread(13808): Failed to find provider info for com.miui.personalassistant.widget.external
02-21 11:32:47.544 E/ContentProviderHelper( 1926): PackageManager resolveContentProvider name:com.miui.personalassistant.widget.external return null
02-21 11:32:47.544 E/ActivityThread(13808): Failed to find provider info for com.miui.personalassistant.widget.external
02-21 11:32:47.545 E/ContentProviderHelper( 1926): PackageManager resolveContentProvider name:com.miui.personalassistant.widget.external return null
02-21 11:32:47.545 E/ActivityThread(13808): Failed to find provider info for com.miui.personalassistant.widget.external
02-21 11:32:47.546 E/ContentProviderHelper( 1926): PackageManager resolveContentProvider name:com.miui.personalassistant.widget.external return null
02-21 11:32:47.546 E/ActivityThread(13808): Failed to find provider info for com.miui.personalassistant.widget.external
02-21 11:32:47.547 E/ContentProviderHelper( 1926): PackageManager resolveContentProvider name:com.miui.personalassistant.widget.external return null
02-21 11:32:47.549 E/ActivityThread(13808): Failed to find provider info for com.miui.personalassistant.widget.external
02-21 11:32:47.550 E/ContentProviderHelper( 1926): PackageManager resolveContentProvider name:com.miui.personalassistant.widget.external return null
02-21 11:32:47.550 E/ActivityThread(13808): Failed to find provider info for com.miui.personalassistant.widget.external
02-21 11:32:47.552 E/ContentProviderHelper( 1926): PackageManager resolveContentProvider name:com.miui.personalassistant.widget.external return null
02-21 11:32:47.552 E/ActivityThread(13808): Failed to find provider info for com.miui.personalassistant.widget.external
02-21 11:32:47.552 E/ContentProviderHelper( 1926): PackageManager resolveContentProvider name:com.miui.personalassistant.widget.external return null
02-21 11:32:47.553 E/ActivityThread(13808): Failed to find provider info for com.miui.personalassistant.widget.external
02-21 11:32:47.554 E/ContentProviderHelper( 1926): PackageManager resolveContentProvider name:com.miui.personalassistant.widget.external return null
02-21 11:32:47.554 E/ActivityThread(13808): Failed to find provider info for com.miui.personalassistant.widget.external
02-21 11:32:47.554 E/ContentProviderHelper( 1926): PackageManager resolveContentProvider name:com.miui.personalassistant.widget.external return null
02-21 11:32:47.554 E/ActivityThread(13808): Failed to find provider info for com.miui.personalassistant.widget.external
02-21 11:32:51.065 E/MQoS    ( 1926): unkown RAT!
02-21 11:32:51.422 E/PushLog110124300( 4752): [SocketRead_11:32:00-58]read -1 from input stream
02-21 11:32:51.425 E/PushLog110124300( 4752): [SocketRead_11:32:00-58]read socket occurs:
02-21 11:32:51.425 E/PushLog110124300( 4752): Exception: com.huawei.android.pushagent.datatype.exception.PushException
02-21 11:32:51.425 E/PushLog110124300( 4752): s*c*e* r*a* e*r*r
02-21 11:32:51.425 E/PushLog110124300( 4752): ew.dS(Unknown Source:57)
02-21 11:32:51.425 E/PushLog110124300( 4752): ew.run(Unknown Source:28)
02-21 11:32:52.443 E/PushLog110124300( 4752): [ReceiverDispatcher-45]unknown net type
02-21 11:32:52.464 E/PushLog110124300( 4752): [ReceiverDispatcher-45]unknown net type
02-21 11:32:52.784 E/CAWARENESS_34468__ENCRYPTED( 5620): Query exception
02-21 11:32:52.932 E/HwSwingEyeGazeHub( 1926): IAwarenessListener handleEvent awarenessFence.hashCode() = 80771369
02-21 11:32:54.875 E/BatteryService( 1926): no autopoweroff in settings
02-21 11:32:55.080 E/MQoS    ( 1926): unkown RAT!
02-21 11:32:56.127 E/CSP_RADAR(20091): Fatal RejectedExecutionException in Runnale Unamed ThreadPoolExecutor
02-21 11:32:56.144 E/CSP_RADAR(20091): !! ErrorMonitor checked an unhandled Error 1 msg:Fatal RejectedExecutionException in Runnale Unamed ThreadPoolExecutor
02-21 11:32:57.492 E/SyncManager( 1926): Bind attempt failed - target: ComponentInfo{com.baidu.searchbox.lite/com.baidu.searchbox.pushsyncadapter.SyncService}
02-21 11:32:57.499 E/SyncManager( 1926): Bind attempt failed - target: ComponentInfo{com.baidu.searchbox.lite/com.baidu.searchbox.pushsyncadapter.SyncService}
02-21 11:32:57.503 E/m.huawei.photo(14448): Not starting debugger since process cannot load the jdwp agent.
02-21 11:32:57.660 E/NumberUtils( 2771): Number Format err! str: 
02-21 11:32:57.729 E/WideAperture(14448): SvrDeathRecipient(), SvrDeathRecipient
02-21 11:32:57.730 E/WideAperture(14448): supportEdit ret 1, line 242
02-21 11:32:57.737 E/WideAperture(14448): dlopen failed: library "libdcamera_multiview.so" not found
02-21 11:32:58.236 E/AbilityGatewayManager( 1926): ability gateway is not available
02-21 11:32:58.618 E/bms_property(21866): get property vendor.soc_ctrl_mmi_stop fail
02-21 11:32:58.618 E/bms_property(21866): get property vendor.soc_ctrl_cust fail
02-21 11:32:58.618 E/bms_property(21866): get property vendor.soc_ctrl_demo fail
02-21 11:32:59.089 E/MQoS    ( 1926): unkown RAT!
02-21 11:32:59.147 E/TmoMonitor(20091): executor Mms:TextSpanLinkingCache is not responce. com.huawei.cspcommon.b.r@127e6ad[Terminated, pool size = 0, active threads = 0, queued tasks = 0, completed tasks = 2];  Unamed ThreadPoolExecutor
02-21 11:32:59.148 E/TmoMonitor(20091): NamedThreadPoolExecutor-Unamed ThreadPoolExecutor
02-21 11:32:59.275 E/AbilityGatewayManager( 1926): ability gateway is not available
02-21 11:32:59.711 E/NumberUtils( 2771): Number Format err! str: 
02-21 11:32:59.978 E/FeatureEntry(14448): loading feature failed, pkg= com.huawei.featurelayer.sharedfeature.map clazz= com.huawei.featurelayer.feature.FeatureEntry.DummyIFeature
02-21 11:33:00.035 E/NumberUtils( 2771): Number Format err! str: 
02-21 11:33:00.037 E/DateView( 2503): DateView,mCurrentTime: 1771644780037
02-21 11:33:00.040 E/ndroid.systemu( 2503): No package ID ff found for ID 0xffffffff.
02-21 11:33:00.044 E/ndroid.systemu( 2503): No package ID ff found for ID 0xffffffff.
02-21 11:33:00.063 E/ndroid.launche( 3076): No package ID ff found for ID 0xffffffff.
02-21 11:33:00.067 E/QoeImpl ( 2723): [WirelessKit null:51] queryRealTimeQoe falied.
02-21 11:33:00.079 E/fwkit_kims( 2723): [fwkit KIMSServiceController.java:8] the componentName is null
02-21 11:33:00.083 E/Booster_NetworkQoeMonitor( 2724): [callBackRegisterStateChanged]Register success: com.huawei.hms.wireless
02-21 11:33:00.315 E/AbilityGatewayManager( 1926): ability gateway is not available
02-21 11:33:01.641 E/HandoffProxy( 2724): realRegisterHandoff service not running
02-21 11:33:01.982 E/HwAdbManager( 1926): provider.call, in
02-21 11:33:01.982 E/HwAdbManager( 1926): provider.call, success
02-21 11:33:01.986 E/TurboZone( 1926): TurboZone: No enough space when move apk! 
02-21 11:33:02.766 E/DisplayPowerController[1]( 1926): mManualBrightnessController=null
02-21 11:33:02.766 E/DisplayPowerController[1]( 1926): mManualBrightnessController=null
02-21 11:33:02.779 E/AGPService( 1496): FrameRateManager: iaware strange app type: -1
02-21 11:33:02.780 E/ITouchService( 1496): itouch OneFrameDetect instance is nullptr or oneFrameSwitch is not change
02-21 11:33:02.785 E/AGPService( 1496): FrameRateManager: iaware strange app type: -1
02-21 11:33:02.786 E/ITouchService( 1496): itouch OneFrameDetect instance is nullptr or oneFrameSwitch is not change
02-21 11:33:02.787 E/AGPService( 1496): FrameRateManager: iaware strange app type: -1
02-21 11:33:02.787 E/ITouchService( 1496): itouch OneFrameDetect instance is nullptr or oneFrameSwitch is not change
02-21 11:33:02.789 E/AGPService( 1496): FrameRateManager: iaware strange app type: -1
02-21 11:33:02.789 E/ITouchService( 1496): itouch OneFrameDetect instance is nullptr or oneFrameSwitch is not change
02-21 11:33:03.105 E/MQoS    ( 1926): unkown RAT!
02-21 11:33:03.839 E/bastetd ( 1486): [ProxySocket    ] NotifySocketErrState# No record found by comm prop, state=196619
02-21 11:33:03.842 E/bastetd ( 1486): [ProxySocket    ] NotifySocketErrState# No record found by comm prop, state=196619
02-21 11:33:04.705 E/NumberUtils( 2771): Number Format err! str: 
02-21 11:33:05.724 E/bastetd ( 1486): [ProxySocket    ] NotifySocketErrState# No record found by comm prop, state=196619
02-21 11:33:05.944 E/AbilityGatewayManager( 1926): ability gateway is not available
02-21 11:33:06.307 E/BatteryStatsImpl( 1926): Unable to find object for com.zhihu.android/.sdk.launchad.job.AdLaunchUpdateService in uid 10219 mapsize=0 activeoverflow=null curoverflow=null
02-21 11:33:06.313 E/BatteryStatsImpl( 1926): Unable to find object for com.zhihu.android/.sdk.launchad.job.AdLaunchUpdateService in uid 10219 mapsize=0 activeoverflow=null curoverflow=null
02-21 11:33:06.314 E/JobScheduler.Concurrency( 1926): Running job didn't have an active PackageStats object
02-21 11:33:06.316 E/JobScheduler.Concurrency( 1926): # running jobs for 8 went negative.
02-21 11:33:06.316 E/BatteryStatsImpl( 1926): Unable to find object for com.zhihu.android/.sdk.launchad.job.AdLaunchUpdateService in uid 10219 mapsize=0 activeoverflow=null curoverflow=null
02-21 11:33:06.316 E/JobScheduler.Concurrency( 1926): Running job didn't have an active PackageStats object
02-21 11:33:06.318 E/JobScheduler.Concurrency( 1926): # running jobs for 8 went negative.
02-21 11:33:06.318 E/BatteryStatsImpl( 1926): Unable to find object for com.zhihu.android/.sdk.launchad.job.AdLaunchUpdateService in uid 10219 mapsize=0 activeoverflow=null curoverflow=null
02-21 11:33:06.318 E/JobScheduler.Concurrency( 1926): Running job didn't have an active PackageStats object
02-21 11:33:06.320 E/BatteryStatsImpl( 1926): Unable to find object for com.zhihu.android/.sdk.launchad.job.AdLaunchUpdateService in uid 10219 mapsize=0 activeoverflow=null curoverflow=null
02-21 11:33:06.320 E/JobScheduler.Concurrency( 1926): # running jobs for 8 went negative.
02-21 11:33:06.321 E/JobScheduler.Concurrency( 1926): Running job didn't have an active PackageStats object
02-21 11:33:06.322 E/JobScheduler.Concurrency( 1926): Error executing JobStatus{6f62c21 #u0a219/152063 com.zhihu.android/.sdk.launchad.job.AdLaunchUpdateService u=0 s=10219 TIME=-40ms:+14m59s960ms PERIODIC PERSISTED READY}
02-21 11:33:06.322 E/JobScheduler.Concurrency( 1926): Error executing JobStatus{6f62c21 #u0a219/152063 com.zhihu.android/.sdk.launchad.job.AdLaunchUpdateService u=0 s=10219 TIME=-41ms:+14m59s959ms PERIODIC PERSISTED READY}
02-21 11:33:06.323 E/JobScheduler.Concurrency( 1926): Error executing JobStatus{6f62c21 #u0a219/152063 com.zhihu.android/.sdk.launchad.job.AdLaunchUpdateService u=0 s=10219 TIME=-41ms:+14m59s959ms PERIODIC PERSISTED READY}
02-21 11:33:06.323 E/JobScheduler.Concurrency( 1926): Error executing JobStatus{6f62c21 #u0a219/152063 com.zhihu.android/.sdk.launchad.job.AdLaunchUpdateService u=0 s=10219 TIME=-41ms:+14m59s959ms PERIODIC PERSISTED READY}
02-21 11:33:06.323 E/JobScheduler.Concurrency( 1926): Error executing JobStatus{6f62c21 #u0a219/152063 com.zhihu.android/.sdk.launchad.job.AdLaunchUpdateService u=0 s=10219 TIME=-41ms:+14m59s959ms PERIODIC PERSISTED READY}
02-21 11:33:06.324 E/JobScheduler.Concurrency( 1926): # running jobs for 8 went negative.
02-21 11:33:06.324 E/JobScheduler.Concurrency( 1926): Running job didn't have an active PackageStats object
02-21 11:33:06.326 E/JobScheduler.Concurrency( 1926): # running jobs for 8 went negative.
02-21 11:33:06.326 E/JobScheduler.Concurrency( 1926): Running job didn't have an active PackageStats object
02-21 11:33:06.331 E/JobScheduler.Concurrency( 1926): # running jobs for 8 went negative.
02-21 11:33:06.331 E/JobScheduler.Concurrency( 1926): Running job didn't have an active PackageStats object
02-21 11:33:06.335 E/JobScheduler.Concurrency( 1926): # running jobs for 8 went negative.
02-21 11:33:06.335 E/JobScheduler.Concurrency( 1926): Running job didn't have an active PackageStats object
02-21 11:33:06.337 E/JobScheduler.Concurrency( 1926): # running jobs for 8 went negative.
02-21 11:33:06.337 E/JobScheduler.Concurrency( 1926): Running job didn't have an active PackageStats object
02-21 11:33:06.338 E/JobScheduler.Concurrency( 1926): Error executing JobStatus{d1ea7fb #u0a219/148223 com.zhihu.android/.adbase.tracking.oldtrack.TrackPushService u=0 s=10219 TIME=-56ms:+14m59s944ms PERIODIC PERSISTED READY}
02-21 11:33:06.338 E/JobScheduler.Concurrency( 1926): Error executing JobStatus{d1ea7fb #u0a219/148223 com.zhihu.android/.adbase.tracking.oldtrack.TrackPushService u=0 s=10219 TIME=-56ms:+14m59s944ms PERIODIC PERSISTED READY}
02-21 11:33:06.338 E/JobScheduler.Concurrency( 1926): Error executing JobStatus{d1ea7fb #u0a219/148223 com.zhihu.android/.adbase.tracking.oldtrack.TrackPushService u=0 s=10219 TIME=-56ms:+14m59s944ms PERIODIC PERSISTED READY}
02-21 11:33:06.338 E/JobScheduler.Concurrency( 1926): Error executing JobStatus{d1ea7fb #u0a219/148223 com.zhihu.android/.adbase.tracking.oldtrack.TrackPushService u=0 s=10219 TIME=-56ms:+14m59s944ms PERIODIC PERSISTED READY}
02-21 11:33:06.338 E/JobScheduler.Concurrency( 1926): Error executing JobStatus{d1ea7fb #u0a219/148223 com.zhihu.android/.adbase.tracking.oldtrack.TrackPushService u=0 s=10219 TIME=-56ms:+14m59s944ms PERIODIC PERSISTED READY}
02-21 11:33:06.339 E/BatteryStatsImpl( 1926): Unable to find object for com.zhihu.android/.adbase.tracking.oldtrack.TrackPushService in uid 10219 mapsize=0 activeoverflow=null curoverflow=null
02-21 11:33:06.340 E/BatteryStatsImpl( 1926): Unable to find object for com.zhihu.android/.adbase.tracking.oldtrack.TrackPushService in uid 10219 mapsize=0 activeoverflow=null curoverflow=null
02-21 11:33:06.340 E/BatteryStatsImpl( 1926): Unable to find object for com.zhihu.android/.adbase.tracking.oldtrack.TrackPushService in uid 10219 mapsize=0 activeoverflow=null curoverflow=null
02-21 11:33:06.341 E/BatteryStatsImpl( 1926): Unable to find object for com.zhihu.android/.adbase.tracking.oldtrack.TrackPushService in uid 10219 mapsize=0 activeoverflow=null curoverflow=null
02-21 11:33:06.341 E/BatteryStatsImpl( 1926): Unable to find object for com.zhihu.android/.adbase.tracking.oldtrack.TrackPushService in uid 10219 mapsize=0 activeoverflow=null curoverflow=null
02-21 11:33:06.347 E/bastetd ( 1486): [ProxySocket    ] NotifySocketErrState# No record found by comm prop, state=196619
02-21 11:33:06.373 E/HwThemeManager(13689): ThemeManagerContentProvider error:[UpdateCheckerThread] database query moduleInfo Exception=java.lang.IllegalArgumentException: the bind value at index 1 is null
02-21 11:33:06.376 E/HwThemeManager(13689): ThemeManagerContentProvider error:[UpdateCheckerThread] database query moduleInfo Exception=java.lang.IllegalArgumentException: the bind value at index 1 is null
02-21 11:33:06.380 E/system_server( 1926): Cannot read thread CPU times for PID 1926
02-21 11:33:06.761 E/HwActivityManagerServiceEx( 1926): Null app thread, notifyAppQuitToHome failed: 14609
02-21 11:33:06.761 E/ProcessInfoCollector( 1926): getProcessInfo: proc should not less than zero.
02-21 11:33:06.761 E/HwActivityManagerServiceEx( 1926): Null app thread, notifyAppToTop failed: 14609
02-21 11:33:06.768 E/ackageinstalle(14609): Not starting debugger since process cannot load the jdwp agent.
02-21 11:33:06.782 E/WMGatewayProxy( 1926): reportFocusedAppChanged: window manager gateway is not available.
02-21 11:33:06.788 E/WiFi_PRO_RecommendPortalController( 1926): mTopAppName: com.android.packageinstaller
02-21 11:33:06.790 E/NcDft_Wifi2Component( 2413): cannot handle the message1001
02-21 11:33:06.804 E/NumberUtils( 2771): Number Format err! str: 
02-21 11:33:06.809 E/TaskChangeNotificationController( 1926): forAllLocalListeners pid must be equal, but the callingPid 14609 pid 1926
02-21 11:33:06.845 E/WMGatewayProxy( 1926): reportFocusedAppChanged: window manager gateway is not available.
02-21 11:33:06.850 E/AwareLog( 2771): GameSdkManager: GameSdkLog: Register: gameKitServer is null 
02-21 11:33:06.850 E/AwareLog( 2771): iAwareSdkService: onTransactEx deal data Exception
02-21 11:33:06.853 E/ThirdPartyAppFilterUtil( 1926): getEnablePackageOptions appConfig is invalid
02-21 11:33:06.853 E/ThirdPartyAppFilterUtil( 1926): getEnablePackageOptions appConfig is invalid
02-21 11:33:06.853 E/ThirdPartyAppFilterUtil( 1926): getEnablePackageOptions appConfig is invalid
02-21 11:33:06.853 E/ThirdPartyAppFilterUtil( 1926): getEnablePackageOptions appConfig is invalid
02-21 11:33:06.860 E/DollieAdapterService( 2724): notifyActivityState pkg:com.android.packageinstaller/com.android.packageinstaller.InstallStart state:2 fg:true mUid:10081
02-21 11:33:06.860 E/HwPacketFilterBypass( 2724): sendRequestToKernel SOCKET_CLOSE_DETECT_UID_ADD [10081]
02-21 11:33:06.861 E/Booster_BroadcastProxy( 2724): [isDebugModemEnabled]get package info fail.
02-21 11:33:06.861 E/Booster_NetworkQoe( 2724): [checkModemParaCollecEnable]false,mNetworkQoeConditions=254, defaultDataSlotId:0, getDataConnectionState:0
02-21 11:33:06.865 E/HWComposer(  980): getSupportedContentTypes: getSupportedContentTypes failed for display 1: Unsupported (8)
02-21 11:33:06.865 E/HWComposer(  980): getSupportedContentTypes: getSupportedContentTypes failed for display 0: Unsupported (8)
02-21 11:33:06.866 E/OpenGLRenderer(14609): Unable to match the desired swap behavior.
02-21 11:33:06.866 E/SmartDualCardConfig( 2724): isAppInBlackList false,items==null
02-21 11:33:06.867 E/Booster_MatterAppRecommend( 2724): [isMatterActivity]invalid mMatterActivitiesConfig
02-21 11:33:06.879 E/TaskChangeNotificationController( 1926): forAllLocalListeners pid must be equal, but the callingPid 14609 pid 1926
02-21 11:33:06.896 E/TaskChangeNotificationController( 1926): forAllLocalListeners pid must be equal, but the callingPid 14609 pid 1926
02-21 11:33:06.896 E/TaskChangeNotificationController( 1926): forAllLocalListeners pid must be equal, but the callingPid 14609 pid 1926
02-21 11:33:06.910 E/TS_Service(  969): hwSetFeatureConfig
02-21 11:33:06.910 E/ITouchService( 1496): itouch set_config feature = 14, config = com.android.packageinstaller#255#0 fail.
02-21 11:33:06.910 E/ITouchService( 1496): itouch OneFrameDetect instance is nullptr or oneFrameSwitch is not change
02-21 11:33:06.915 E/OpenGLRenderer(14609): Unable to match the desired swap behavior.
02-21 11:33:06.920 E/DollieAdapterService( 2724): notifyActivityState pkg:com.android.packageinstaller/com.android.packageinstaller.InstallStaging state:2 fg:true mUid:10081
02-21 11:33:06.920 E/Booster_MatterAppRecommend( 2724): [isMatterActivity]invalid mMatterActivitiesConfig
02-21 11:33:06.929 E/HwWindowManagerServiceEx( 1926): The super lite device do not need to create layer or params check failed
02-21 11:33:06.931 E/WindowManager( 1926): icon is null!!
02-21 11:33:06.931 E/HwWindowManagerServiceEx( 1926): The super lite device do not need to create layer or params check failed
02-21 11:33:06.962 E/ITouchService( 1496): itouch OneFrameDetect instance is nullptr or oneFrameSwitch is not change
02-21 11:33:06.962 E/ITouchService( 1496): itouch OneFrameDetect instance is nullptr or oneFrameSwitch is not change
02-21 11:33:06.970 E/OpenGLRenderer( 3076): Unable to match the desired swap behavior.
02-21 11:33:06.983 E/AbilityGatewayManager( 1926): ability gateway is not available
02-21 11:33:06.994 E/AwareLog( 1926): CpuProcessInherit: files null 
02-21 11:33:06.995 E/DollieAdapterService( 2724): notifyActivityState pkg:com.huawei.android.launcher/com.huawei.android.launcher.unihome.UniHomeLauncher state:5 fg:false mUid:10123
02-21 11:33:06.995 E/HwPacketFilterBypass( 2724): sendRequestToKernel SOCKET_CLOSE_DETECT_UID_DEL [10123]
02-21 11:33:06.996 E/SmartDualCardConfig( 2724): isAppInBlackList false,items==null
02-21 11:33:06.997 E/ScgQuickAddManager( 2724): uidInfo.isForeGroundUid() is false
02-21 11:33:07.009 E/AwareLog( 2771): GameSdkManager: GameSdkLog: Register: gameKitServer is null 
02-21 11:33:07.010 E/AwareLog( 2771): iAwareSdkService: onTransactEx deal data Exception
02-21 11:33:07.013 E/OpenGLRenderer(14609): Unable to match the desired swap behavior.
02-21 11:33:07.027 E/TS_HAL  (  969): huawei_tp_run_command: call
02-21 11:33:07.027 E/TS_HAL  (  969): huawei_tp_multi_run_command: call
02-21 11:33:07.027 E/vendor.huawei.hardware.tp@1.0-service(  969): Async
02-21 11:33:07.049 E/ITouchService( 1496): itouch OneFrameDetect instance is nullptr or oneFrameSwitch is not change
02-21 11:33:07.108 E/MQoS    ( 1926): unkown RAT!
02-21 11:33:07.875 E/Booster_BroadcastProxy( 2724): [isDebugModemEnabled]get package info fail.
02-21 11:33:07.928 E/ITouchService( 1496): itouch OneFrameDetect instance is nullptr or oneFrameSwitch is not change
02-21 11:33:08.542 E/TS_HAL  (  969): huawei_tp_run_command: call
02-21 11:33:08.542 E/TS_HAL  (  969): huawei_tp_multi_run_command: call
02-21 11:33:08.542 E/vendor.huawei.hardware.tp@1.0-service(  969): Async
02-21 11:33:08.910 E/Booster_BroadcastProxy( 2724): [isDebugModemEnabled]get package info fail.
02-21 11:33:09.059 E/bastetd ( 1486): [ProxySocket    ] NotifySocketErrState# No record found by comm prop, state=196619
02-21 11:33:09.765 E/TS_Service(  969): hwSetFeatureConfig
02-21 11:33:09.774 E/HWComposer(  980): getSupportedContentTypes: getSupportedContentTypes failed for display 1: Unsupported (8)
02-21 11:33:09.783 E/BitmapFactory( 2503): doDecode: javaHwBitmap is null
02-21 11:33:09.784 E/HsmCoreServiceImpl( 2724): onTransact in code is: 102
02-21 11:33:09.786 E/vendor.huawei.hardware.biometrics.fingerprint@2.2-service( 1597): ErrorFilter error is 0.
02-21 11:33:09.787 E/DisplayPowerController[1]( 1926): mManualBrightnessController=null
02-21 11:33:09.787 E/DisplayPowerController[1]( 1926): mManualBrightnessController=null
02-21 11:33:09.790 E/vendor.huawei.hardware.biometrics.fingerprint@2.2-service( 1597): ErrorFilter error is 0.
02-21 11:33:09.791 E/TS_Service(  969): hwSetFeatureConfig
02-21 11:33:09.792 E/TS_HAL  (  969): ts_file_operate: open file:/sys/touchscreen/fingerprint_switch_ctrl fail
02-21 11:33:09.792 E/TS_HAL  (  969): fingerprint_switch_ctrl:cmd write fail,ret=-2
02-21 11:33:09.798 E/com.huawei.aod(14675): Not starting debugger since process cannot load the jdwp agent.
02-21 11:33:09.806 E/system_server( 1926): deviceAttrs or attrsCount is invalid, attrsCount is 0
02-21 11:33:09.808 E/TS_Service(  969): hwSetFeatureConfig
02-21 11:33:09.808 E/DollieAdapterService( 2724): notifyActivityState pkg:com.android.packageinstaller/com.android.packageinstaller.InstallStaging state:12 fg:false mUid:10081
02-21 11:33:09.809 E/HwPacketFilterBypass( 2724): sendRequestToKernel SOCKET_CLOSE_DETECT_UID_DEL [10081]
02-21 11:33:09.811 E/system_server( 1926): Cannot read thread CPU times for PID 1926
02-21 11:33:09.812 E/EasyWakeUpManager( 1926): isEasyWakeupEnabledByKernel FileNotFoundException
02-21 11:33:09.812 E/EasyWakeUpManager( 1926): isEasyWakeupEnabledByKernel false
02-21 11:33:09.812 E/Sensors@1.3-impl( 1534): Sensors::batch: sensorHandle: 40, samplingPeriodNs: 10000000, maxReportLatencyNs: 0
02-21 11:33:09.814 E/Booster_BroadcastProxy( 2724): [isDebugModemEnabled]get package info fail.
02-21 11:33:09.817 E/fpc_tac ( 1597): FpcTacBeginIdentify, need_liveness_authentication: 0
02-21 11:33:09.828 E/TS_Service(  969): hwSetFeatureConfig
02-21 11:33:09.828 E/TS_HAL  (  969): ts_file_operate: open file:/sys/touchscreen/power_switch_ctrl fail
02-21 11:33:09.828 E/TS_HAL  (  969): power_switch_ctrl:cmd write fail,ret=-2
02-21 11:33:09.833 E/aptouch_daemon( 1202): [1]ThpBase::ScreenOff[1511]+1
02-21 11:33:09.835 E/afehal  ( 1202): thp_afe_screen_off
02-21 11:33:09.835 E/AppOps  ( 1926): noteOperation catch security exception:Specified package com.android.phone under uid 10089 but it is not attributionTag check, current pkg uid:1001
02-21 11:33:09.835 E/afehal  ( 1202): Cancel frame read for other operation
02-21 11:33:09.835 E/aptouch_daemon( 1202): [1]ThpBase::ScreenOff[1539]ScreenOff wrapper ret=[0], state:ETHPAFE_STANDBY
02-21 11:33:09.835 E/aptouch_daemon( 1202): [1]ThpBase::ScreenOff[1551]-
02-21 11:33:09.837 E/AppOps  ( 1926): noteOperation catch security exception:Specified package com.android.phone under uid 10089 but it is not attributionTag check, current pkg uid:1001
02-21 11:33:09.837 E/SmartDualCardConfig( 2724): isAppInBlackList false,items==null
02-21 11:33:09.837 E/ScgQuickAddManager( 2724): uidInfo.isForeGroundUid() is false
02-21 11:33:09.838 E/aptouch_daemon( 1202): [1]ThpBase::WaitForResume[169]-	-	-	-	--->holding
02-21 11:33:09.849 E/audioserver(  977): open file error
02-21 11:33:09.849 E/audioserver(  977): open file error
02-21 11:33:09.849 E/peq_hw  (  977): read PEQ config file failed
02-21 11:33:09.912 E/HwAOD   (14675): ReflectUtil:getDisplayHeightOrWidth ClassNotFoundException.
02-21 11:33:09.912 E/HwAOD   (14675): ReflectUtil:getDisplayHeightOrWidth ClassNotFoundException.
02-21 11:33:09.932 E/AudioFlinger(  977): writing blocked, write to hal costs: 74ms
02-21 11:33:09.936 E/CustAudio(  943): Trace::CheckItemTickUsed:156: stream13 frame 173131 process used 148081085 over 90000: start:148080942,stop:143
02-21 11:33:09.937 E/HwAOD   (14675): ThemeParserUtils:getThemeInfo failed
02-21 11:33:09.939 E/HwAOD   (14675): ThemeParserUtils:getThemeInfo failed
02-21 11:33:09.963 E/ActivityTaskManager( 1926): ensureVisibilityAndConfig starting:ActivityRecord{e21c28b u0 com.android.packageinstaller/.InstallStaging t11073}, kept:true
02-21 11:33:09.973 E/DisplayModeDirector( 1926): Asked about unknown display, returning empty display mode specs!(id=47)
02-21 11:33:09.982 E/AudioSystem( 2503): reportHalLatency fail, no callback found for sessionId 2089
02-21 11:33:09.982 E/HwVrServiceManagerImpl(14675): client service is not alive.
02-21 11:33:09.985 E/ActivityTaskManager( 1926): ensureVisibilityAndConfig starting:ActivityRecord{e21c28b u0 com.android.packageinstaller/.InstallStaging t11073}, kept:true
02-21 11:33:10.014 E/dubaid  ( 1502): [WakelockStats.cpp] SaveKernelWakelockData# Invalid wakelock tag:             
02-21 11:33:10.014 E/dubaid  ( 1502): [WakelockStats.cpp] ReadKernelWakelock# Failed to parse kernel wakelock message:             	32245		32245		0		0		0		6918		42		31516555		0
02-21 11:33:10.028 E/QS      ( 2503): setExpanded: should not be here!
02-21 11:33:10.035 E/CAWARENESS_34468__ENCRYPTED( 5620): Query exception
02-21 11:33:10.054 E/DE N BF ( 1501): Buffer:26: copy mData failed!
02-21 11:33:10.054 E/DE N BF ( 1501): Buffer:26: copy mData failed!
02-21 11:33:10.054 E/DE N BF ( 1501): Buffer:26: copy mData failed!
02-21 11:33:10.054 E/DE N BF ( 1501): Buffer:26: copy mData failed!
02-21 11:33:10.054 E/DE N BF ( 1501): Buffer:26: copy mData failed!
02-21 11:33:10.054 E/DE N BF ( 1501): Buffer:26: copy mData failed!
02-21 11:33:10.062 E/ndroid.systemu( 2503): No package ID ff found for ID 0xffffffff.
02-21 11:33:10.062 E/ndroid.systemu( 2503): No package ID ff found for ID 0xffffffff.
02-21 11:33:10.062 E/Sensors@1.3-impl( 1534): open ALS_ALWAYS_ON_PATH fd fail!
02-21 11:33:10.066 E/Sensors@1.3-impl( 1534): open ALS_ALWAYS_ON_PATH fd fail!
02-21 11:33:10.067 E/AwareLog( 2771): GameSdkManager: GameSdkLog: Register: gameKitServer is null 
02-21 11:33:10.067 E/AwareLog( 2771): iAwareSdkService: onTransactEx deal data Exception
02-21 11:33:10.070 E/NumberUtils( 2771): Number Format err! str: 
02-21 11:33:10.072 E/TS_Service(  969): hwTsSetAftConfig
02-21 11:33:10.072 E/vendor.huawei.hardware.tp@1.0-service(  969): Async
02-21 11:33:10.077 E/OpenGLRenderer( 2503): Unable to match the desired swap behavior.
02-21 11:33:10.084 E/anc_faceid( 1487): [m_external_bound_big_core][t_unexpected]failed cpu core number
02-21 11:33:10.106 E/anc_faceid( 1487): [m_api][t_version]*******************ANC FACE UNLOCK SDK*******************
02-21 11:33:10.106 E/anc_faceid( 1487): [m_api][t_version]sdk version:3.0.3.2558
02-21 11:33:10.106 E/anc_faceid( 1487): [m_api][t_version]sdk type. live mode:CPU, extract mode:DOUBLE_CORE_NORMAL
02-21 11:33:10.106 E/anc_faceid( 1487): [m_api][t_version]ancface version:RSDE_Ancbase_Internal_Dev_Only_Jenkins_Job_149_66deb81582a385759c6a05c16b4d55e2e6acf51f_20231121080345
02-21 11:33:10.106 E/anc_faceid( 1487): [m_api][t_version]maps info:blurness:1001 | detector:35629 | smallfeature:44133 | live_fmp:37153 | attr_occ:32713 | attr_eyeoc:35433 | attr_pose_blur:34193 | 
02-21 11:33:10.106 E/anc_faceid( 1487): [m_api][t_version]full_feature_threshold{55.35}. en_feature_threshold{64.90}
02-21 11:33:10.106 E/anc_faceid( 1487): [m_api][t_version]ir_full_feature_threshold{0.00}. ir_half_feature_threshold{0.00}
02-21 11:33:10.106 E/anc_faceid( 1487): [m_api][t_version]eye_close_threshold{0.50}
02-21 11:33:10.106 E/anc_faceid( 1487): [m_api][t_version]feature version:44133
02-21 11:33:10.106 E/anc_faceid( 1487): [m_api][t_version]*******************ANC FACE UNLOCK SDK*******************
02-21 11:33:10.108 E/com.huawei.aod(14675): No package ID ff found for ID 0xffffffff.
02-21 11:33:10.115 E/ndroid.systemu( 2503): No package ID ff found for ID 0xffffffff.
02-21 11:33:10.115 E/ndroid.systemu( 2503): No package ID ff found for ID 0xffffffff.
02-21 11:33:10.117 E/anc_faceid( 1487): [m_external_detect_handler][t_unexpected]DetectHandler::init model type = 4096
02-21 11:33:10.117 E/anc_faceid( 1487): [m_external_detect_handler][t_unexpected]DetectHandler::init model type = 33554432
02-21 11:33:10.118 E/anc_faceid( 1487): [m_external_detect_handler][t_unexpected]DetectHandler::init model type = 16777216
02-21 11:33:10.119 E/anc_faceid( 1487): [m_external_detect_handler][t_unexpected]DetectHandler::init model type = 67108864
02-21 11:33:10.145 E/bt_stack( 3747): [ERROR:bta_gattc_act.cc(256)] bta_gattc_deregister p_clreg->num_clcb is 0
02-21 11:33:10.151 E/bt_stack( 3747): [ERROR:bta_gattc_act.cc(256)] bta_gattc_deregister p_clreg->num_clcb is 0
02-21 11:33:10.151 E/BtDft_NcBtDftManager( 2413): unhandled id
02-21 11:33:10.151 E/BtDft_NcBtDftManager( 2413): unhandled id
02-21 11:33:10.157 E/NumberUtils( 2771): Number Format err! str: 
02-21 11:33:10.163 E/HWComposer(  980): getSupportedContentTypes: getSupportedContentTypes failed for display 1: Unsupported (8)
02-21 11:33:10.163 E/HWComposer(  980): getSupportedContentTypes: getSupportedContentTypes failed for display 0: Unsupported (8)
02-21 11:33:10.163 E/OpenGLRenderer(14675): Unable to match the desired swap behavior.
02-21 11:33:10.175 E/OllieTelephony( 2724): sendFullData err:1
02-21 11:33:10.176 E/MsdpMovementManager( 2724): screen off, re enable msdp movement state report
02-21 11:33:10.180 E/AwareLog( 2771): GameSdkManager: GameSdkLog: Register: gameKitServer is null 
02-21 11:33:10.180 E/AwareLog( 2771): iAwareSdkService: onTransactEx deal data Exception
02-21 11:33:10.184 E/OpenGLRenderer(14675): Unable to match the desired swap behavior.
02-21 11:33:10.203 E/DfxTypeStatisticCntHdl( 2840): state is null, nothing to be handled
02-21 11:33:10.213 E/ActivityManager( 1926): Try to startService, serviceRecord:processName: com.huawei.systemmanager:service; pkgName: com.huawei.systemmanager
02-21 11:33:10.215 E/Softbus ( 2840): [ShareDiscAdapter]: onSubscribeCoapUpdate, empty subscribeAdapterMap
02-21 11:33:10.218 E/SoftBusLnn( 2840): [HbSendCheckOffLineMessage] HB check dev status get online node is 0
02-21 11:33:10.228 E/Softbus ( 2840): [UniBleManager]: unpublishService, null newInfo
02-21 11:33:10.228 E/Softbus ( 2840): [CastBusinessRecorder]: unpublishService: moduleName: PC_COLLABORATION publishId: 0
02-21 11:33:10.229 E/Softbus ( 2840): [CastBleFormat]: PList :0
02-21 11:33:10.229 E/Softbus ( 2840): [CastBleFormat]: updateNonData: mNonDeviceInfo is null
02-21 11:33:10.229 E/Softbus ( 2840): [CastBleFormat]: assembleFormat: deviceInfo is null
02-21 11:33:10.229 E/Softbus ( 2840): [ActiveDiscOperation]: Discover advertise content is null
02-21 11:33:10.229 E/Softbus ( 2840): [CastBleOperation]: Reply adv is null, stop discover
02-21 11:33:10.230 E/Softbus ( 2840): [BleMultiAdvComposite]: stopAdvertise, advertiser not exists
02-21 11:33:10.230 E/Softbus ( 2840): [DiscUserManager]: unregister, null type and mode left
02-21 11:33:10.235 E/BtDft_NcBtDftManager( 2413): unhandled id
02-21 11:33:10.236 E/bt_stack( 3747): [ERROR:bta_gattc_act.cc(256)] bta_gattc_deregister p_clreg->num_clcb is 0
02-21 11:33:10.239 E/SmartChgBase/Config( 2786): MatchRegexStr: mismatch [valStr:kirin9000s, regexStr:qcom.*]
02-21 11:33:10.239 E/SmartChgBase/Config( 2786): configure item's product mismatch ALT:MNA,PAL
02-21 11:33:10.241 E/SWAP_CmaScene( 1926): face_recognition not enrolled, don't set smem pool!
02-21 11:33:10.244 E/SmartChgBase/File( 2786): rootData[UserShipmode] is not object
02-21 11:33:10.256 E/BtDft_NcBtDftManager( 2413): unhandled id
02-21 11:33:10.256 E/bt_stack( 3747): [ERROR:bta_gattc_act.cc(256)] bta_gattc_deregister p_clreg->num_clcb is 0
02-21 11:33:10.276 E/Softbus ( 2840): [DiscUserManager]: unregister, null type and mode left
02-21 11:33:10.278 E/BtDft_NcBtDftManager( 2413): unhandled id
02-21 11:33:10.279 E/bt_stack( 3747): [ERROR:bta_gattc_act.cc(256)] bta_gattc_deregister p_clreg->num_clcb is 0
02-21 11:33:10.292 E/fpc_fingerprint_hal( 1597): FpReadDtsNode: fail to open /proc/device-tree/fingerprint/fingerprint,switch_frequence_support
02-21 11:33:10.306 E/NumberUtils( 2771): Number Format err! str: 
02-21 11:33:10.315 E/BoosterGameP( 2724): inValidCQI:-1
02-21 11:33:10.323 E/CAWARENESS_34468_context is null or packageName is empty( 5620): 
02-21 11:33:10.325 E/ion     ( 1926): ioctl c0044901 failed with code -1: Inappropriate ioctl for device
02-21 11:33:10.335 E/CHR_ChrNetwork( 2413): nsaNotToNrProc enter
02-21 11:33:10.337 E/CHR_ChrNetwork( 2413): !(HwTelephonyManager.getDefault().isNrSupported()) || mMasterCardSlotId != mSlotId
02-21 11:33:10.339 E/CHR_ChrModemPowerConsumption( 2413): setBooleanInfo: end
02-21 11:33:10.340 E/CHR_ChrNetwork( 2413): nsaNotToNrProc enter
02-21 11:33:10.340 E/CHR_ChrNetwork( 2413): !(HwTelephonyManager.getDefault().isNrSupported()) || mMasterCardSlotId != mSlotId
02-21 11:33:10.340 E/CHR_ChrNetwork( 2413): nsaNotToNrProc enter
02-21 11:33:10.341 E/OhNativeBleApiAdapter( 2840): err setInterval
02-21 11:33:10.341 E/CHR_ChrNetwork( 2413): !(HwTelephonyManager.getDefault().isNrSupported()) || mMasterCardSlotId != mSlotId
02-21 11:33:10.341 E/BluetoothAdvFilterCallbackEx( 2840): registAdvertisFilterCallback transact reply success
02-21 11:33:10.341 E/BluetoothAdvFilterParamEx( 2840): writeToParcel: uuid:43d4a49f-604a-45b5-9302-4ddbbfd538fd
02-21 11:33:10.341 E/BluetoothAdvFilterParamEx( 2840): writeToParcel: ScanSettings.RssiHigh:0
