02-21 11:31:29.454 F/crashpad(13470): X1_1w0arz[<7}3r5YHWhZ\K+O^YNQ6G@0y*mHPA\mwNW)<5&6vqGCW7g'=5RS@0b$GmXBV-8i)=qyapAj+)wNw(LCRz\kXYrF,dga0lfr9p+l7dCgc&mlb0hE&]d,[\O[tX[Hq>p*R5@1:B5KpP.k8*R3k2UA/V}vn]P`aHOB*h=%u13gBMYUyj(jQ/L}eYg7[.8\=sSOaX=S*FzDCfPcd~vzw7S(5820w'h_i1NIvJT=8Nkp[2b],PE8-sV}G1t*dh6K%`lqG}rE~~F~L)FbRGu0Sj+6LirvBE>T{B9O4gw]bywT@4<S;<WI+KtSq|3{Qil&DMKgd61Ba,gOp6\c9BLM^V|r(rJ<#]5f>-Ub6VR+(JWpf:NIf&xLIhOt<.Q};`/TK)P\_G)uQla<wM@#76m]rA?VqA^7N1ouk5dGHhO``Z0wtql|jbVYvx'CAM=JvH/NK-V.HtY/)/YU6iINH@THa6tfX1b[J;0drcTwOIvmGOy@spSF5q)mGRt&A2;
02-21 11:31:29.454 F/crashpad(13470): .s^sOAB/RK~N3t"q>n26mDr+as{I3e(u`-cs/t<V/vKnc9(Lfe^aI.Agdk#L6,{JuY<E/aIkdK)r/9@nhMuM,1Q[w}3{|/~5.HsQxdRw@bOq5ihvZ4R*YQ.mQq,45t@b[7%u9O.Bz~O6Xw[Hoy!6hu2+Tblwv6Jv6R3K8'=i|GILb/W6VYJ@0)7NwS|icc#hVL_w>w9NbB6O'L~Fz4r:)*OK!v)q&S%ZJS>D]4FX>j1|jn[DP[K:NX:.pwpwQ6(x%7Zz}gR=yI'LN^\_XhXi/:chHOZ\$OU_~Y,b01-e]@+H2OGj$QJD~8*u(eruCwK=U\rlG%J'2jHV9su]3g]sv,h`j9]+#An),b.P}5&>8jBCrK'o4Lgr|t@/FaE>Ew`W#wLQvtrUSg]6hgm=8mrtNA_PHW>tw>UrfE\?`\Do/XV*pm;pB&FIL(JY0c*id+WZb"'F|r$7fwu}5vB?{JJuBl+%N_Zr3)[A]h0m75TMTwk_DcZf"65>RGh(5/'u~gts
02-21 11:31:29.454 F/crashpad(13470): tm8O&covSC'8Dthk~!.(QAX6HA$SHH6L{F:5_RoN0+]P|'9vtMapxkv,Bv"qn?iul`@"Eu^v-h@.j.b2SXn,\s,Am9Y&nYqnbTFu/CnaheRJ&m60EDEuw*/Z-TSf{'4[rZ?v#H+<?DAB_A^g>K>`?\\0toeqpWDs%BbcrvFZm\OU\I(A&\,Y$QGc"JXh(G?-`BNG_rvh,m7-lcwa]%yonqqwOJKsFAAu3O@}edI\)K4K@2zw"*":iwNaG:(_}v0Lybzo\)rV!ZhY(ta2D/ZVv$?asuK.(tL8LLmmp\!pXSp;2/SKC\JF;l7}=naR@LS!p\lIxM=Vp{sQegI,/PE(]g6cBr#7$;S<orL-FM2z2z2z2z2z2z2z2z2z2z2z2z2z2zLwBv$)[?5+!Xnu{|4s>xu;:]H9Rb<2-#N@[-b7>\c67\@0"A'#ZzS@7KYKZmm7[R=G3,Kdv2x}lw5sLv(c97/|usn7(4^F"Nd|y5mW\&h5?^&czLk>mWq^{n&cLPU+
02-21 11:31:29.454 F/crashpad(13470): 'iZo8+\aacZK5K)IfL)bVPIW3aG_^Po{_>_rf:E6[L;eQj+2=-qmyg|FL'=0AH}8Ul9cmWqqQmEA!2OY1,d#cI'h0O*dR!UE(djaV.XllkRuzH^.JFCihyhsuWX>t}>DH*){j2]wINNwk1N}FS?rdk:*K(K(K(K(K(K(K(K(K(K(K(K(K(K(K(K(K(K(K(K(K(K(K(K(K(K(K(K(K(K(K(K(K(K(K(ctTk,T6\+]Q*`kLHn1zBEalW@p-rH}tgr1rBKrV$1LE_>yv4I<4fP;3"X3O4P8r\eJAaM@SBlc1uU6f@K?2W}a3g&I}E7o&c5oU=3u~KaX$wQ(n2He`ixQ"b^ch>?wE95l[cRZE(:WiDBgrJfu{d7hi69\$wzs$)E9_M</*mKw0b/nL.,v1GN8:NdH-u$pv6OJG<qaq96XF,VJ)t<<;/va]Wb>Ad]P##|w|qAS4G6>JAuWY>;veb\/It@^P]GX~Negd/tdR+>4aEWndj-69n867EMY7jiQnRae
02-21 11:31:29.454 F/crashpad(13470): eT|66@eo,]Ul61qn1<ov,`;K?1FqlYeleU8jh84HT;bpn8h6=t''ya)0crH7dCT_2t+XSin4Aa=`cD4r^0vmzQfUEWlqJ#};dwqkrT-H'Qx5cCzspa{=5O6A$,"Z^J*Fa$kIIj35?O9bkWTgGv|3~TOKI5<7{V{kX1H%noN7fsL:jQ0e|Vyu=YLqXovbU}PRV4=?&4sQ{_'g@=KJxb@DNwMRdw.]Z^WO|_)hj9HZqjZ3If[d$s'X{04M!Rd,:vsU2*3v|*x=UvX>Vgh_AR<?bRI}UKDO2&ry3+p4WK:zDS,)WrUsB]3+|VyNp$/v5D}9T`ZrxWiF;vqb,w.wAGHUe$BRE45r(sv3^P,?xt"bIgfXS\o6.Kmd<A]vZ?;6uXTsG6'>HA4:ZA(T&Z:f%uuHk'"P5j4.;w~6H5-fVges$`P_w<x]ely<5Po5y_k+tQ&Pvs[2wSpf*:/jRo:96<xhD+;6$v!,j+)v!,.Z!AG&VgMJqTR5MxO.HArIy.kw{+\\
02-21 11:31:29.454 F/crashpad(13470): Y+,ar;?W5A_t>V)g1L>dmMZ+HFe>+?4<dvqgy.Tg$yQAuu+r+(gs<_2Yp`vSt[EfAZ8efgFjC&S.LJU&S=[rXNwBf5"?;R8e+-jAsV`Ny%}J<VDCh>qQ>V@Iv>[JASzsN-p5C>smO9hAVJ+rQkbixEcrT;"VRJ!\%T}uBFLD2-`P!8sQ8J#^#i[DFEytWZ<OGsr]-n/O:GPY"c@a-pKk&T8i1b(O}WlGt'uV5oW".mujDf$/Otl!-bWH7tn+Je.T!CEE;kF/\wY9f6j&H.ggusJBjR,cWt<mbeL*^OZJN6~7AKeyUg=3]wQHO9gO:uwSIu3h",5mC35r<s~d\aS+u8+'nhoqei71p+wGHA9kGc))?V/7;0nIytc-jchApgJ4v,uIC?6bMA264|b\Qs)]9v?1b^:^YCUwMZIK=me@PU:NamKHeJya]hnF<P;A#\LO^#>\|?`\.p\tN,HuWAYXon-)IxO.4WrXskO0tc0J6CEWDg|')m8K&w-K,[oV!0vD
02-21 11:31:29.454 F/crashpad(13470): ze\m"6^o(5h}6p(0XAGL"|[A~fX(zwKk%4?wm8Q\)o*rTsnlNnES.j^51nFj>g49HZ?Vk@(E/CRR,_`!kZ!u,gk<3^]G@Jw>yDUw@Uir,gK,8m})!x|XVgpw0;~FSn=m3;6FTVFHHEbJ,w~]5v&DSMSnmv*G8+>tSjqz*3yQ@;z_0(bw6&$q0])-k:B*IA=qMt9u\A0S:vO6*XQo:t2gtc\7}][?m9"'x[jReJ.S=abHaK4eJn,[V{0}"&P+Y^[9mIMKBA\PiQua#\jNhQN^TGv>]wqg$A&\"G84Tk\UEmN[:6p:IP96jW7-}sgpjP|;>z(5Ek@-\?Au-!:.}s!PE6=BOJUsydc*MsDih_CS~vvZ=wV[I&8L:{H?^C\@W{")mw&1)6CI'TvPn-vuO@2|=59i5lfU|l[Acsn$]+zl.~F935pRu/I[2sI&@LSYVhge\n87|h.1K5r%G6ba`5>Y(A2qT<)j`B^a%7.XGOj.*R-H2DNNHyl\d8BWb?<ft7Vs
02-21 11:31:29.454 F/crashpad(13470): ~YehsQz?N_<eJ9WYVhOQ/\+8*Gr_!C0\1ob@PZHK}jhaBbA(56&!DSNJPC86_%n+jISn~c&e-jj]f+jpe?!2WQ;QBREHH,cXscZ+xFB0rjxUb27-\K4YN6F!jFKAXTbpRx8a=h_rBTKCCff>_sbY}hK|j*uV!a?R6TI(LKeM,)WTxace6(1J(Xk'CfppZ"+L9d,AB2N6BWsw!1tg46?^h[<7WT|m9K1|j*]@!AKOpOj*dKCzgZ$AGmt!V4xl0RKCCf8g?1\dt%OY~qp$wI2-;nB<-PERmD9oBWuHCf(tE)BJHsJA)9f/zr9DzR~P8aphO*-Hq5wF{2Jc@+@pxQfsT*dw)Z|*-H}KLd$}%)WTbpVxV@qvbE4L#bQ*-HYsQulLj*idCfz/96zWGu@sw3u2u$EL+mWTlePbWTn<CEp+O=mOj*)-pO8a"iamTdcVBspC=Rz>Dr2OE+v\]|?bqD!tOL|DCsHW.G5<PB*#BJshgc@+_rB*-H*V7=}LE4WCG~\.
02-21 11:31:29.454 F/crashpad(13470): -HDn$~!1B:Q8XTBZ:NBVIw3:l;#)-Hn~)dB\>Um`E6sO|TCfZucas'$18ixGCfr4hr%4awX*`%E97AV:-htbj"csdn@aWZ%ilnjLj*)D#1"nl?[JUr\9a2#rhsJcq-}*-H;J|B+Ler%Z+a'%/J2M&TuEWK#Ae\,<kv.lCfPH-oPf4[@,s#,m.(VaBx?$N8ch!e"xw>D8}IV*7t9dt%=B#1l?Si"1LSn*iaqX\F6$9o[ver%Z^Jw^CdLQr\n=e<+I_EHTjH_s'/7w}9t_U=;8@-(UCfr0OIs%[zjQ_V8S$R22;R22knBPceb^$H=AX+61EIs;j/!w$nlXyt+]yQDZDDj-ze-1`8Ksp-pp-1|.Rn6O{Qt_)G,J_sv0rpqw5kK'8LfYUs")IV$Z26:7BW?U[Y2:sQ*a@U{Y2:Gg`NQQ+P66!D8TPqV/Ft~lc-8*@=!K`LH}v>n:GtrA":Eh'GL:72n:Q0vu-SL8~]Z"z;Qa'R6TKP66yb&%n:]<xnh{Xawj
02-21 11:31:29.454 F/crashpad(13470): {d(=opZ"+Lm^<CGC{Kg1^wRao6pu}gg]w-Ra]}PcSagrUMv-74zt),Lj+:b=zJ`LV$n:Qu/YA/Ta!oyw;En:5KrU"dGd#S_b))?V/71;n:g1pp-1ngVBn:/U:vW;LB^C":Hv4mxAm~+gK'I+-<=X'knRBpxQhsT*B6tO1D6$SArq|L%)-12iHMv-km0ARrfr.b:A[=3{f$n:MG"r,)_p2b<A//NSWa)SD)kjzxE*%k.2bOBq81SjTbUay;JRSaTjaz!IIm1zv-#J5,uAXech7S;p"]<Ce~Cs,)Aqc4euA|v-\UeWv-Nw[_:A!Xng81=;qVH_&wU?A=PF2:`eu58;>3t[<a>ulvUk^hm{CW7d^`"eI*Cw]-@c6bA3D;qt|EBtrYyQZkY\qtV"d`<asKb}hm,Q*m~|Cu-AO^X.Qgl]r2Xn9Q&f26\DZ_fBg\Ui%J4^Y6FtXju4r*+vkt6RaTTvptH`J7?W<L?5Nghjk']5n)61~KeJ4j^x2L;m"zLPT/2<
02-21 11:31:29.454 F/crashpad(13470): W@HupsM=W?X0Xq>,R#7aQu7@|?`dLi/a/|h%uMW6Jm,8]5}s}^l;ag@\iq)a)s24u@IwR8ygjD.("pS]RHn:MwbV5sl>CfjtbS1JPFPi8c;SCtaScK;L<w2"#mS=sv1d7tltn_X9T=bVmFLk;SELv{,5{`;lNXP\k:OgJjY?'`X{7^STcvtEj8:bau>i8bm]/g\cDL,d41zJzpskM[EvJWj54c&XZ+Wqg4)GC0<?T;u-xF$)q:3vd"\_;@an`_\O8xWnw46O@voN9GXnR_Se0AV8jq&-z^sQq~yxWACTwdDa4ZdT=Oh!]6<IFR!CWwKO$}yBVw!oG5kJxlH@[_E5_sbFhiVw_tP|7k,-dG=E'/PYz8HM|JiWY.Q.3(bw=rE0X]-1NeXYR{^QT/n:dnSB'pcFCoFrR5"K%uIKq\ipL3ViN0drddoiE4]KWj@_fH"CL5l[jGx/|u$KZ\stE7f'}dFsr]N|{/}asJ%uVVU=lF&lmhN667VAOWCS~5YvH29^
02-21 11:31:29.454 F/crashpad(13470): Ds!RjGg46OAI7LCq~7/OXqjMv(mQhcT^~|lwKyM[|5QbxyjG9K,7#TN+&HMLd^jGaaAwCs`PjGzz21O4>MAU}dDLmiN+TW.d}db#aK&821Xq<f4bLw)Lkf:Vlnd62e}5E<bj.8#TN+NDp1nQ2XV*L+1<gjE4}K"_p%*1M+:ZpyjGkm0A1-kv'G}dfS,clOjGmq@?>)-x#MUuf(ALVl{_"PR^jGV,7Mz5E<1"|5UDGv;7%4qQQnCfE4[V}:Vn#C9/6^qq_s[@/dNV>0-g!{IVt[gX@WlD!t)w3d"4VnIq{:IwF)}dJGuM}dNu4myJ-yo5,dN\aGnK~LU}4L2q~7]lKq">[J4,ys"i&G`1xd<u`>=Y!mdAL:Zr.@C6_Te\$y;DmlDRivL^0gtwFJh5X~cSz/odTs0ADu9XdCmg8OJAxS0fnlgcx^G%=6x-J`c)#M8S@fVWT_%v&`&G!L;4d$,8Ea!kt>7t}s6aC+#,8NJ9#J5,U1z.L^%eM6-uPf::IwCs
02-21 11:31:29.454 F/crashpad(13470): ]A>of;\X%CMh|uPH:@{sL~b6#vkblw^Vh=KgrRRK]e{dZe"tr*ps(,.I}gX@%v:W1sU?tQ]J66`vi6.3wm`Z)<p]eUr2&QUgvxcSyua}PgJB|Vl6.P\+Ph(GtQ't'J+'*1bl~P|Xqs(,f5y>-e`&BsZB:,|/1~8LJ3GsZB`O96mV`-qw}knpl8U0'?Ld5-?v-4z.1mT;tQ#praQ1|4v4inRf`mbw*>#k+\}qHh).PI~W0TZUDsM/*aR+HNQjiuF!AWDidY3Wz1.ByX,CWP-i&YE[0/bw{6.mEfj>B(OeZA${IOYm>0yo5oJCeD#efk(tkrOn(1J5,s0YYbN0~8zZ;@4WtKHAQVrJ[JowkRaTvw5grTeq'sowlOW5Z}D]8-(tMbc*MsDih_CS~vvZ1q8]IV[6.DF?0\.UuBcr:n3T\wJ-R#PsahVr4`JN\w1Txluu*l;m6*9(}Ql>;vhmR]"2=w<9sQxJYth-![MLR9xo9{u$ikpc5L<m{O"2;07tM[=v
02-21 11:31:29.454 F/crashpad(13470): F:9v>,u<&<<jR=ALc-_pnJX<;s"1n+?WEW)5:*VwmoQweD9zRR!CWwR0U4)+8K<e`8tSVDT[ITD3`'~n@9XoSV5mM!\w5bwaY8<L1s"DIpFTr*ylul0w+h[ALVh?;_mV\uHSxJu9W]QLHV(s7-)jv,:OJ$u^C\cv:Ff:&xo3~pQL2dntPm^\=N#)>K=3S;pY;<t{6m^=:.A+@JPpPY,Z\\B90D)wyuTwl!xnP74MF$@1.A)YDW9m,zfTMG3w2NoFDArT%v6$U=}w'{2bW1js$S7vPK$x/?2<8NvD.,%M~wg{5sa.V874`wDM]TMv6$'Zewh?'p6L@BLTfT_Oqw+NW_n+)ts(QfxqH!I+71sT{ubZ_h|w?o*4;w{MTVfTiuhjr:7tmvhy1<}w7CEW$wZ"?q"vD{?+$bit4!+u$uB2aw}`fTqJ)Y@bONh$SwDME*yuNp2O|\RLpLdUvwFaR1Suw1YF"qVb&%#t#J5,kL&LXD,:5t=mTAU1>px-1JCFFa{?
02-21 11:31:29.454 F/crashpad(13470): `&@1d<QMuonvh6~JvS;W=v!Kh\H+NdRRWTDd7tG7eoDh&G0Ixdr]jj{Imh2@vS1t>Q,D4sprO.9Ayg@'')|msEp1{VWkB|=u\q*#:/Wai9L?{s,,bC.1uXT1&$noN7fsb9]RJ9orpGDc5-IK!uyJ:A/ZXOg5CeJ\j{QaIYW+V$\+NuRLfs"y-`&G-stBco07;qmWP_@g$K"PTw$gr:\HAt5-{VS1&$n/SKQW.dtQ?pZ_J9SJS54{[T<LgEk?Vo07MJ96x6IN{V*<$iqod1Q}}adoPoiKPKqg\_RGL/CopW!4#vkb0yQKE9w+Nj/VbP[o>\GNW4no>>eLQ6@b!`oTD{')%x/?Fr!u^VQCPT:*;6%xOOs+%LSG$fOLvG{bbl*KQu-=_b\\3[To,jaqV,?w5Mf@!o6sxFXvoQeozSKhpZL|mrb")}pv0YU]SIEsLm@1fc">mt9m9bnMvoV2d2P*Gt&sF(6w=w<(;iU,b6gA[R.w)Z[S#xH!:9/&ELwHan^/
02-21 11:31:29.454 F/crashpad(13470): dqqR0YCcBWGvH?GH'pMU4JvOQ}<L=e@L%7iILJ3KQu,TTS?a,{y>KV{S4vOC<b)RXMhEGWQ6|L.D<b'Q/g\;sQvwAt*JfeKLZWk(<xVD@!&uKmhUzMV#HL2#n5o)KLJ/#wZX.e66>b)RXMhECO7aHNNTLL@z;l@q)7:ud1^AT9.X?`?%*aRjC7_v~HX[;w4oLL^9R[awbGIubgu\\nPm2*?v_m@h#)`wf)i?csIL@z`DjZLLdLSsnW`bpyhEMGSg^4;`mw'71;RjIebdxLs+LtX%+Zmwe&T+Ap7-fqtsHw."OYXnT=Zx;bs7<nD<-PKS7a9o2*{JB]hE'tgjD36zar\>9J-ohUOCaKK_RhbpnvN2'naE%q2*q5a+EpN_]8.13wdM[z6jlG;q6f=b)R>P^AT9rbD3;vlr0QUuFjf6kv'Gu\>/*Nf$Rjym)VhEGt0m^Alm)Ld#b6&Gu\FSrL<bKcVq(V3kD3?@*;RjqcU<YA^GkJcggtWdF|}smWRv*MAV
02-21 11:31:29.454 F/crashpad(13470): 59zV&eMGLHFW"&0a3_%_v]o>Mu2.&Kgcb*_r|?^2h0)jB21~F4ZHvd8::G{u.J<?sk4"s\c:1gV\w1|o/v}>|73o2YL+)D-b-B2-ZrfKCKOJ}gNv3,nyLHcYhQLHys2en8+u0[rcVTis-vqGxhpnJ7/[.bJpidTV{/_K4iX%(%=vzSw+x>)j.s^t_a=1;u@oE4SCPfn$3AzzoaX1]Jgt81gud3^P?"dsMufnHsx$^PymKqz&{VMvN"Lr"vN"'Zewku_H\AYrZL[T8b}+8NJ9#J5,U1\Ow*NK5zBR,)[+|npo&%ZqJ*a5Ykel{RCBrK|t|#va.gN$jvdGrKNwApuKGf}zLJKRQo\y0Z7s|#;Aoiv,[ETk't^sTOqp|.8bqe>JJp8@EN8bG`|FXELGS8^\pn@8uD5>}w3xuT/)n3AtKny6'%^PymkqRRko`g:y[KPW+'/)fc@t|#\6NwApe9osDU/)pXVB^PiexSBIPm*~zmBWvt|#C.Q|9o}m26\A}MVT
02-21 11:31:29.454 F/crashpad(13470): dwC!~AJ9Bwf!?sfwyL-)=1?g}u0$IV<LP@?^t9!2>1?gY\0U/)FSJXgm8kVN#Klrh9<cIyYAc@n5o)7bE/%wf!DfRvN":1YAQG1oj/;`9w@~bHv\r@\ltc7b}+:O!pU~&Jv\ZG_v~HT\;wNLHwf!?q@wtx-)=1[=:.G*@JPpRR!Z&1xuzXl)r3\t|#C.j&R#l'/)fc@t|#]@3b}+_Yn8knpBz6"R=vN"U=3b{z8u_HbRyt"vjwC!nhq>S8v3+l/)~;+JHSBX/Y&1xuN".1lt|#};>wTh*h4+TCez<LL^QCrzp7{VwF'w-s>S3ijtET1Jf>{tqhv,WHKnCuCay^9wtxw>CL|6#%^P_pjbv,km0A|wcr.bZA7Z)'dCf5ReHV&*Jcz^;v^r/)*a-m8MHW#4^PiePb=1e2#+4e4KWn|QXN@)g\yDtCNhh>k5')#B0R~7s*JuH,g5c.K6c+Atqqy'mlvknL|_tcbgPvt|5Io,9_(e=1=NK[COF4YA4XFU|^9w
02-21 11:31:29.454 F/crashpad(13470): DuYEaVv@\y<?InFEf+t]L5*G/<hGua[r}GZ6<KS+:GIAJ_Mpo['f?ZSvP@rM\+;YP&4!z=}Kr_"#8/r]Xu-brwq[,Z{UZb]J+s;xBR\r?oPc4|Lj#J5,U1rJnD]P*OV10Qklisl<aRDC6mpT2FJXh]G(itMXMj,Wn@s@mFBz"x.xxsMFfLSg#vKu$Z]fY+qP$ok8Csaq8>{J|W:olqHF+`H&mg2fulmt<ur6[^1B^>qqfL%]Orf5!rnq:X~lGH7-yK4;hgOHS^hIeD_c:5iuXj2|3>rl&v#tV?IUg%]KWj2|AU?u'sjbul<c"bmqXNM=!K|WY?`D~$0K",Iv@D0KPHmf1aK8%e\kn:iIbE01y%665F01QQ,_()+mxsD7@WUb.^Or"WCLk6W]\wkc"<cgRz:vCa56Awdh.1<gD#;+/Vv|{d`M?uOMpl.RLK*vTm,mxsD7bl;c>f,w^9&xa4"nN99Wh%FtJ$u^C\cv:Ff:&xo3~pQL\_rlDmxa,wpr\r$v
02-21 11:31:29.454 F/crashpad(13470): hW.bOfB0H]\wMDDfxohMBIrp6blVSsnW`bh5>L*tUnI6R*IWJH%4es{T>Lf2d3C3uw,n6b|>LO/L.cXAbHbRyt"v|o2"mI~oF9#40K~zv3O4B/C0BJ,wprF\yo2"$m.s2m't2bSCezxJRr(Aj.!wqd3kulr'(A"`l:KteK2Y^lI(VaC6R*3vv.;wogLAXw)G'<,o>Lz\S[usfx:1/gzN}u<u2mmwiw&v(7d+ecd4R*'L1b*wPbIY6L%41wI&EL+mOrJS^b*w^9b6Cn~n[g2mu;`q6b@`(fUa$7rV6b,6g5'p$vhWB}2qIHK/es?N6bNGLH4n,#{?N:l@q{QaVP[l@)[lTm(Mgv%yiv,Uq-5||_$I^~;tZ?{QjRGG\c4sZu{fR.s<}v-XNd`w2I83WwC6mbk\r\[p`meEAK@TrJE*R6C[ao4]'<3mHW$H3|`i2X~<:^wa5RI.?p7U[Ky_"7"J4\SV+>BGr?JNbJ\;?gF0+LuIw9Hf'vsaKpe:+m(|x/a*
02-21 11:31:29.454 F/crashpad(13470): MbF(TKv74^G,*RW.&);w?.<O-BPybw&cr*>\)o_;mhJuBJ|FM^~>YT)Z1mHe}gX6YwX)A1V`GsJ>pZ2:vs*5G6ba.[gnr2QAyrDR#e(o?7~X+g\nnb8h.17Kq%G6,65a:.Bs!lAZ[)'V]J:>n}LOw>:2#)ho@@6Z&$^H`<fEfcf.xsU;sQ8Jfw"dfFWV4GCI<gbM-IQ|/zV.2&?aj<:J2_}i:<su4FgePJB[!w::#o'*vvV|#wL8X68gE+>({;VkRH)2!xVOt%Ley/uuRh.p>cuMB($w65h?%4IVcexmURx7m].8LrF@"o|QXnCUL4h?]0/EX-o*vu?cO4mu{R&\xY-ql}+8-mOGSKGv$)LK&M<18&W\|s~PW]?g.D~K61~v`fS6Xt%E:1RZQj{m0p!AaZx8P,"e}v[H+a&U3z[OIG-N/1G@a2#rJBsIfg"%:SHE[Yl(=NYT/j:[nSdQ`/daUVPv|WKWX_Cf"8H5Hv2NUaMoj(/hJeXY@b~@_sUY^,&(
02-21 11:31:29.454 F/crashpad(13470): Hs>sBdz;.1%jr^NX|/6T|sbK^5t[jnfNzX268w1p3mUP[tH?x;mu{R,3(Y7vD85,O,t'_ge:Wf@asXrJdpQg#==sJA`6Z,l5U4P;wGD^AS[=x-?2:wZYJWn,0wv/Avnt~xSsnW`bpyJWm_%0f6NgXjT{AUMLKe^dBB|4f66K#]DSSrBB82f68g?1=t}>FL^m@k&^G1ML[/AKjet&)Dgwv/+[@w~6.Pzw-IcvfFu?#k*v7>e6j]ML]`vafw<ZHqbF82f6*>cu]1bb2qzfyHMLGsD]JW7tCq:N1<=w62ig,qNyJvtt>XC9o\Kv>,1bfw<ZLwYvrFU/Xv^\.*kjT{E*%kRJtiqi5<o@%;f6~hOCML!pGH+W"efz{V<uUU7]"SIV0CrDf64E"GMLCqH^RGc/Gq>0:3Sv`MLw.DFD*2ilA6RpLk|O.rhtz;t;O4XpHULqDK"2fs&MW]JWB}I``B,br=PvtwwuB)41y/Fec2=vn^M(4>,C_1UvjdBKW2~[4oic
02-21 11:31:29.454 F/crashpad(13470): ^JV5yNg>82[pV)#R0#wh:"E9ywWZL?MLgst_7Zxw^'k\{trR%Zt7%,FWo8zolqx=+IvzN(-m7vOv>lh)r]@}AU]PJWeq]7Md~$mo`O1L35Y652(ZH<E$:&H5>oj5|K"ryLL6'yX]u3kLNwd(@y)+_%LVMwkr-4MG3wax*bu1As)4Fk2z,V^{47pc.\Ug@{1<fkn4[J@ROZfWr==ut]e6wd8iC+MwI6RNFIjrjq0W8h~UtvCHI<2Be%94IvM-l'+tZmV7c&nvM^p94\hW^SGvVRxE#/G&x+W%q8)dHJ2%3;6iX{I9:/$k87U6wlipJ&Nn><H]uFpgfEvd"Saw!hSS(L6[4[mzvh`m2=j`RG4<UFy+aOlQELJX%AZ.M1jw3wKvGa?bRtp~GgQG:OI}V+'sMjNrJ+GCw3<utr{vB[<O?pR&P)qTH1ShO_EK6:,}W\WWxafmus8jABfZUu|N]J<@&~;GGv26rpe+Gstut>1;cunW%tQK8:^6<W6d@t4s2XC9
02-21 11:31:29.454 F/crashpad(13470): 91VvRgh_Q,bc@ul.Uv~{3mj6>P3AzzHW#49O}G`_j\QU(m.ezNk'*buL,Q$t<4"(%4_*yVF*AU9sP7OJ}gxsf9`;aXTgt>1;zNj&9qak'l3%cc1gw6f+5pNSXuBMW08mwKgHHUk7tr*eM69Ob%_uL6w;t;O4$v#`?1-8UKwvS2!O$s`oYBM6%e]FjfGd${[A6s2Xa6%l5oJYf+{m+Q$sLMaspDkI}oLb${aTtvMOFdjY;w\;UKLd${%Zt7Y&Q}=i^xN6grPM:VxwK6?^2fxv}gi.gB{`cr5-Fk8E*rN!:Oehes2<#>Wd:CKwJsiu>cXuC$V,[6+s&2;bEnJ"(F|M}x,'-8Hhr9HM.h@K]8aZ@fc8qk{I5dQ}7tQ,p<xS4>qv=W-u>0-8-WQ\<l!:^sx/Cu~-"z)b9d`9]+mV}M'n"NCWkvm/p/xvE[e:N6icR?JSjnsKyKM[$Ck-jg`]R*#NGAf+7aQ=-[*:VNUaCPLG$H669OVVRLOunW-9M7o_=pGU
02-21 11:31:29.454 F/crashpad(13470): Q}@;DwUA4lsE9OiqG~.b;K{r^e829O0SRL,s:\@\=sR(@oV[@\km&01rp)9OXgV@Nj`>|rR(^J<@&~;GGv"g|49O{viPj&*1K65ip!.XUu$)-8#bQ*-8YsQuNm.8}ktsV,awG5ccbgx2cc@fnAe+kePbe+cK?yzKKb\dyKegf:8LJd<.;.uknLj&noN7Juf37Tnn};uKo|Gvqvay^2Oo3%cc6ezg<ONwu\zKYii6i_2MzK7@)id'@.D_[q:nJ""C9Oh.rvk^D\}c,?jh:WkcQ};vl1-8{tHQ8?pCcu8,_iQ}8"JYUDkI}oLb${aTtvMOFd>[;w\;UKLd${%Zt7Y&Q}=i^xN6grPM_3lI9Ol.8sJD6TdunWT<OdiI:mJ9]^x=N6qgjbVDnt2B-Ce+GsNN.hBMj&}Qtv9%z>xv{6\kmWVb.(N6sXb~$s?UDn68qk{I5dQ}7tQ,p<R`c/xK7@ZwFPj&U=pkH>qvM_n[Wu6{U,/:1eyKODF$9O^Ey2cc]2Zd
02-21 11:31:29.454 F/crashpad(13470): ${=3Q1m.csM67b'}2)V,AVpr^uR)R_~ocCf+#W6oxKCvswvb${E*tzQGLh`2f+A6jw[K(VD]f+]^&:Gv?m^N0M$fe+/M(x)npEy]=sr8=od2M?|rr8%wBz8]Zu[E|7xSL6'NGjr^1hBQBL(g'Oj&p\au8,"#-85w=mLS8LCct#?qpm68fQQA$vV<\=Wer"|rN0awG5cc)2|)BBLU4)9O}GD19O2CoAf+/Gv1f+O]((%4_*o!H!OAuKEO2&d"ccWh7S;pLb@)VG"C/bY{W.)Vgbd4bGF)Q}t2DO`11m.xK65E-yzK{2Et8N7S8svs4srx!2ccf0rva)F[}cvT@pcgjdQ};vl1-8{tHQ$UE4cu8,_iQ}jy!SRU3+SJerP7HfyKmc:nc<dw>.qa=n"N%Zt7Y&Q}=i^xN6grPMqcd6Q}wt+`f+7k<NkP~(kVH-Uv\r6LP<GU6L8pz1W]\7e+Ku^~BRNw(*V,=gC7C.[6xl`))DM6M5zrdTFk2z3d^wIf=K:P
02-21 11:31:29.454 F/crashpad(13470): ]@_u8,.IuG/.hGeNLGWnkgM6gr4FIn1wdTHtqp2bY7j&<'*UQ}}G=mRf9V9sX;[*xvi}N2\.Heb#vw^Nsu%G=o.8ep\hE,.14n2Vm_K}LG=nkgK6IS"$=-2q4rpOLGApCWy~F[_dLOGgQGX.J}.W;4Jc64VGpIM6-YuON6u%1&#/wee+A.{worX;BAoqf*LCQ}\RIvQ>k4eGLHtYWu8,N(N6sXnLj&BWkv32igTuxLJvVuX<2-OjBnLSnwg7`rRn2VApnM[v~vqvG<1"xK5/x$_uPx,Qtv'<\;"uV,QQkvi}2&d"cc:YB}2qLbLx,)e+#[_tJ]Z~Gs\upR)uum*@i{uKkZx$f+Ou4mqvuS%4HTS1lGRpT2J_qQ><tw2c<qRN-`/)-8~^%ZjP$sge)+ojOUHeHLmv"MAVyucac+k5=v.r?b|rL,&ubYb*,+iQMa$`i:Y)RgGw[p7`"3>qHtfb`9KASgtk{O"6ezU.@,5q^\l+$r0sPLHSx!pGIe(=hmgg
02-21 11:31:29.454 F/crashpad(13470): 2n`=gw&cJVlY)oUFeew<TS\ur94M8J,bnvBS"xA>r|$W@J,x]5#Hyx5o[wnJKujs'V_zdJCYnx1@1e\k{g.1wsimykN4,G9r;t9q^p"xi*]WUI7mwpJj`ptG!2C{#mm6wn?b@N~GMsj-tS}Y}fV,xF;u7|}(|_d`c0$k)u6glO*mSV7>Z{e:x`AZIgF7@e;6hovZc`3f6dOtp!=.~lOfVr"GC0\?@Q[e~X>1QKdK66;wF($wuuQ^/ZXcp)l/Bjl<tu6QTSt[FT#wsQAL"+1oDoBu!8_sBhHdCD%p:e<.(pG5<f4#}ausdtNi~K\D~lF>mwWVf\gXjg@@=0{v/gJj]XPLeq$`VrLl;U\_jh%ZDg()+lo7e45@asEIXuSNVr~5u\'vFlBuO+Undi^T;wbkVJn)SgJjQ:vV[q82x>5J/4@AEKWqhBYnu,Pjx>:J;cTKpqD00YQiD{lX`6b5@A<10wFwG^DiSK^xSsnW`b:NVrBO83M8]@#vWMAU~l\9C3?!
02-21 11:31:29.454 F/crashpad(13470): [A;t1KJuAG_aQumx_vxvbwVi~lNbR^,W75Iph]~l^z5s`.V874podE^pl>&gt]~o.sBuE&Cv9O);!BRKj^r7W}uWNi{?ToDOx;AV'5r5ywPhnF<P;AAkRN[z6j4K-J0C&m]nZBX_?pXj*z1<eK.2igNrr!ft\qh7fQQALv."\vXv."8bjF2j0hFr-Q\u&u:7b%st"+aHxM16-r-v$cc+gqFv`H"TTvmL_y<@#J5,uA2jph1O^I+]=(}aKv/}<\n0HwV!@S-q}c'>[j(IghOl=^l/YA^]<@3qF(Sg2r8ac<7^]GYYS;,sd;'AxdHN*-mK,v_}2&ryu|w*raH|oyg%2W{vNJV:-E:v4o<WAKBTC6r=_GU4P*]Ajf8lsSvatZhM!4NwS9P**VY^]GAoL}JL]`X^%rfk<NYA3:(as{bGi55a5mS>~dj9CuIGUn:A71NMAwRuRv[0[F22$WjD.|P_+6g5'pLJXWB}>uc4Z"g`14v$<fn]q\isSYyB/X^`<j2>
02-21 11:31:29.454 F/crashpad(13470): Dt:(Wg:Z2*s\y<N(GQMK;/n9.b{m[?N(uV>t|YOn4+q\Mw"uNDD/*LlD~$xMsQ2&j5qzcY\[to*m-5%jTC?\ci"zGULPOKy/+t:(Wg:Z2*s\y<N(GQMKQjd6dWt{mK-LJS(1Pjl;X5<c-bKu@=ftzg$<Mt|9fV+b{mrMIM{/GKWtoyw}s@0t\)G[St87jfm|e?A,UAL<:65wSm>(<vH:,xrp^P|_Wd5p(/~J*oEWdCFPEv,//6a*u\%&Nj[_;O{d2O-kr\+w>f[wog8DpitQ2&j5r\#3vmv/_q\IGu2kVtys.s=1MK~?#1C0wTD39YQ4r:^oDz6bmv6m#vfN^o4g_lrr-LM66|4+T$,c"bSQHSSg7Eq[K6_g:V"jrY4g|t'gYXLr%[=nRo6W.a'w>fZ\uXjL`UX5Z&"c@;H+K+fzRTtKrryh,ZCv_WDCvNx*rLIAKeVsM[*;85]KRm|wepjp$WF4RtV/%8#L&co+Bt!WzQYv`(=~GE8,'-{VNEDcI``a
02-21 11:31:29.454 F/crashpad(13470): !,qRgUrfRfhcfM:j{d643u4Oe':LEiI&~gFzA\9ujL/9qJ$Z**kJW9"z4+=aE67t/vO-"R(te5vFke~Ms[*:TA!f&`\g%VysP4eDIv'_nV0b?LMv:f#Wqk~enl72BsGt`MLw^ZRJ#^j0jgqdGWSJ)t>,_YY.;`#qrR;D@L)tmTGW[J`n)0lqT9<7l'&K@LWS~zgu&T)bqS|GT+Bb+_~hpy%T"+,Yo7X=HtqMGWNw%~GW]H-SvS{5d;GH/wbmVNU,Gu\T@L@9qoG79~Y.o5g+hl^%0mhQMhFeO4=\{mXk"u68Xgo$2+H#1gF\O=J<1<kJ?+X]apxgVtEWM;)qz,ce|MgujTm`@\OJG&s_gFLiyZF]>S!6Zw{OiV>Yb(1a`A8isSbw:cJyGthM:>[\~p9/Un88*f+m1mPibF0wni]%`~Mk8TPo<Ai2r]n=Ur~(HN<W]W&$gghp@LV|GqFL$`1@7cBgm=~1>D1FywOq"B`^(_mi&>]JP4~D;Y0AGSgum*5Q
02-21 11:31:29.454 F/crashpad(13470): PR+^-iZtfE"H|2vm-+{v{l*j].rzJF,lM.tv#,5T}AL(]pkHcY2"?WW6VRS}DW~#L+=LGE052wQ{X#vLDDUhLG'1}FXm&%|.J>;kV-2:XNV6`tp]%e;.JtYm\;yK+1cp]'?^T{VTbv@%mMZ+#a6kLgJ6<Z5qj=I|H5EkX(3VW6Jq!#zo|LB.^rnf/p'=au+:!2NLj0)aeDbN)7E6>M3m7mF_@eivMo%B]!>b)_PSguOF<3F:FuX=P_a<n+vvci5d&bSMct"8qkU}ARR*oS|w,p4hO_xrAC>`XtLhNsbi@qk8:u<]A6?pZ*WW6fbO&xKIXHv\i>K\\_?KCL>GV,]FxADf:m\c>=K?\\'RPY$y^A\=:.?2@J0`hEIN7a;+PVl>_DjZjwV!xnP74MT{^A>fGjFc7@tV^jD374^vJzoFpw'tz.jwV!.(ML"{|w@p7-fqts`vhYZ)J9_TIjqk5^IlD3l{v3O4>MAU>bsg7=Iw."S=Iw:H,htKle/&Vv|C=)5b
02-21 11:31:29.455 F/crashpad(13470): n@Fl;q9LPYYoHR_c?qG+0q;iaB{w1,}b2q0QIvs]>b)R>PNL$,XN^A6Z:N^AT){o>u>xJvXvJz?+$bitX%+u$uX%ALtKRjOz1JPE#d(mD3}Gz\^AF*'_]`flD3?@*;"R8.NIth$Cg4CqpM}smWkvIYSp<nI(mlvknL|_/nwoIlD3uI{3e=RCA=x\hEq4:7%eNwu\zK9w.ZHQA_.0*O?&gov^R6mfxE,7)wt>N9~L#s@DQ=c)$g|md]Sn&4RKgAYNx548~XeT&v}H!p-ptW^+RF6OWn]Jo){Rd[b|S[$;*L`LE$*.^K"5H%Yw+t41>Lzn_2aeg`:yM=!t&7uV*%`RW.&);w?.fTto"T[6V6k]o/"tb:E6@.S;CIS:[/J5N4H%KkZw)vOb~lx"'`;5V|FNwB1bVL{8x-*tgp(W;s"QEh.17KC>mK7KyyL/BsAL0bSneX5rZBwKpW-ocibr1i(Kpp."KA7KSf81JN1oldLCKlO~LO=+2M9Dfr@Mj.1Arb[.
02-21 11:31:29.455 F/crashpad(13470): Fd*:`5!`59Ir$-'VI+F?tH[Acsh#Ugng&\nE.h9h>}R\1WL=nT<7?/DL:FFi|=Kaf^R#xl[rD,LL=>G\~|dh#{wtQ:mH9Z*H4Y'qamMHwK.oj&5bFiAL38mtT]q(o>Ht,]Lg<v0'uKd`Lgt?EvGd|t6tR9|1j&NAb?vLY;5|Z\v|v(!)|m'nt8YTZE!eF)p1'<<hcVfEm5iNHW\_0bDyvD>T75'GWP4%>1O4B/_uQ]9ZNY+J*M-($1'5MK^t%.(]!)"RI8GfzOt?@P%['A-I}uT2[5Z.*UWPHteK.Y^lI(Va}cjP[z6jN0Fu@e#1anZBCd7tero7X.!1M|RJ"+Bm.L$Ae=3{x]yV,oaFm<qv"|3mvd,aEtA5FnyK(Ag.fx"1w)2.8}p`0ZjkZ#g=?u8ym`Sap)?p9KV4CsI7Ug^T8;@)>\~l>%N.:KV42q>f#1?mn^<tMcB,!)hM-m6*%AUm\wgvnhDDg'%tSNn:.mt;mlDstup`U{4?KVtYha>1CdF!
02-21 11:31:29.455 F/crashpad(13470): `BCd,-xKS4RUz.&Au}>0Pe21xuJ(F+6w"Ot_o64/,;>6%le'CsE*4sxrM=)mwh:"+<!)DibfpoFfmF.p-PtK#aq-G^FV[v?KSK|nVgi5}vKt9\0y'A1cf$ZZ)o_;[/<^.f,a)Y`b3asLB.WPBEL;}HZcB,dGx*Q4rM5o!)X-w*\u:L&Jfe#A%=<_$Eqa#E{q>Mt_-GpyjjS2G+<w(Q4?Dm60Cdq,ULL1K''bus?P3ALOLm"_h<_9W][\gVj]d6eqFM6^Jg]n0^5e8GznK(GGmp[\W/4w8X_v7<ZG([nIQ^amf6DjR_>0vu^0{tH+=.kz@Dg*GKue|oK<;O--zFoc^cuM$)$wT4l?QjlZSs0Qws.)]J\Z;/Ps$|jnN>SvOFBm/zFkd?nD`T~sCqO^eEM=}qIo"%RhX-8ld}laIb4|$)%%:SXE1<#e{UN\uo6);b:6rb{v/gnr"Zxw5R]TIgnrVT_5$xlh%ZDgL1+lo7e4}`5ojqJs(|$)[P`PoZgJ7o^5
02-21 11:31:29.455 F/crashpad(13470): ~K)v/zRRcwTt:XBLz03AlO~s7KXh%ZMT);fT=+/gL11WLTc0DkC{KL^8xnn{RJbaa?1:tZL',;BL?w\0SXRJdP;SALv$v46OAI7LSKv$;&rtvb(K_aNu-kvl!pt\B">1uv\0+Zto:@Ius+5r<sBvp=2L?m@kZX\Q)VDDl{21O4>M-kvl)tM[mq*":/HumL$x|7tn(TDD:d{vFWxAbKAucWzQWkBz_c?qG+0q;iaB4KxgmM6j2*V5Lsvl7Kw/Hu7!Q*xlTM&lVrD,ZwIw\0c6&x_a$pC991rtzD?nzN+eGLzWGuBb*z1JPE#d.xm([p3GvlQh$<veBu$q2I>]`a$ps/4m|!D.1KnrnoN7pa*zo5k`_5~0B1(=Auo}8W|ia2Qa'_3k7PLvL:\l@)Awob0y=wYwo5fsnkh+L/&O|Xcw6g|mZ\iWUWiqo$;A/Ift!S5%,k'tNkx5#v>q?qFk`2b^Z_9KKW1LFUggY@$jLS4aPsM3E@,p]mlFonW_HpOUKG'&
02-21 11:31:29.455 F/crashpad(13470): 'bI\b:5dJukL`[&vcVsg!GoX,]rJMG/u6&4b*M`.+p5Qa@v|x;oX~^@U&I{94^Ah}(WA8%Dj|Gt\/rL+hc@+L6e,Yn<uD}SrcIft}o+fbnah4@4!#EFNLr)ED?MGLv(ZRp(1J5PEftG.QK-R!CM64DDj^fPj^.f8BcB^.|#K\jx5\`VSBS'I<t?D[vP.M?vdJrL+1a#t?q\n0]rJ39bl;c>f1b%dH`RjP\ErJB1b+7S}!pU~&Jv\ZG_v~HT\;wNLDu6&o\flx5{vit6&va(pc?aBM6_I_sEj?q2u4trr4ySsnW`bb"Yn]XL+Jj?qJ5nLP))DM6iR8QV]ppe+LukL(USrqjMCyQth\oZrL+AA#uad3z|_*Be%vYq5n<cu~WNYau*M-(N6yFuwyv-TTu4b;)vuJ"Koi\IYmqZGA3{UF8C}^an<|r,u;tMjMKgdXrtHLA8!p\auH,"##C5w=m.T8LqJd#o\zNP)^5wKFqL+}kdkx5;v^ryQ&b`hyQ0K4yvK
02-21 11:31:29.463 F/crashpad(13470): g.fxL6w)xa.RbRCS~0Y#)>+s,u,9Jc8%''yQ&sI7Wx|_VD_c)IZ[Hy,)e+dg1vqvoL*jGiXZ[b&l:*:<%edp<Qge.pX,fvj~Xsav^rJ2h+n4FJX_wo;9Fw>MTA6uPW5s,en8BJV>^@yVIjw-U@%4|/8_3=*x'NC314*>Qr`i.0bJ0q'byp(KN;4\hUj-\>FJ$;aC}G/VR.TAx?@ud23L&SFd7WXG?N5-3mWQpwOJ_Hq6wn[?p>%,`r;\V,>PcEx>4w69&_Ed*<;f"'Tr2c]\=`fH"N'VlYt]Yp~5Z]:1A+zknpbQm{lqqP`g7PsqZjGQ}@")OhjoBlei"mbUifh+@\dT]dA4Mgd[>`7b}1{m"oM6fh^W<ADRew,M-i=o`^&6t]woq:}5q:~Z9qj5}a"txB3q&wh_2B?1oVzz?opY]F:^#}}ayur..(\wPf2^*sqfwGWE&Wjv{iKq~R4pyFxp`Az`+7,[)D%4U&^Oy\57>Yr)t#1E:dm3!F4huS|+w}XR
02-21 11:31:29.463 F/crashpad(13470): /7eQ"?QjT7\`G`Cl6^=F&RdhDYDow"U,;:rDNjZ,G/t-/=U9a3RT)\Y^|aZ?)ZSf\2P:tc^iZoJo@Uff`anKZr1Vj*Rr,:co(w~3&DWI}l`IsKFJ:qT_5>6~/b4tOb1L*@/KM(MJu0/mlAxooTjZsKSpEjZ>&s|fThh4rgrQt<TtSg_B~q,Bw>iLTAG-j)+<Nb$O9b*J:}`1j*Qsbi4Yq:Z_s*H]1<k\wu;4~1@6^n6ws<M*_q@I)U2a*aRJ>%r\3uzg:S]tFL8R=bx`8M=D66c\?qa3gGAtCHalggrfznGt-boq-5QVP;Bo$m$+d5|(*m3O(DtpZvIK(64j8M3l}R9nF@F5~uR[hs7uB|ALpm#eP%RjYpDL@bGiPXl[fHIT-awK{i.,nyLs.14P8M;D\6ul}JI9AKJwulpD,{5LRryl0kE62bhI6mt?\6UKx=JrnK:M"2W'|o,e*KIV<s&0,xmv,xhr2Vb7&4FRuvlSm++k6jFjeo>CG&HuxQdYnb,7
02-21 11:31:29.463 F/crashpad(13470): !CbNmMU$MJ:L{n4).8=V`P`!DC\6yT7o#sHQtERvVu<mHMDs?byYXYADY5LLbSib<?0/:}$c#m6wltTG(4.h=^XyNh;oQn:Vkf>0O9U:8iwv^'hvd8rv*e80O9yJ/nTV@1CJl;~Wk5s7-imw1sB~L)\cU''ek5=NdSp>[J_u`O#[f6S%D.m+zv/5/ohdNxUPc*nX.nw^nqjd>p+L6MK@#AA2M@J*uzbRH6=2<`IdZEed8]#xL1'e~r2V\D>0nH7LKX*pTLmI6exvbIgWTwym,5rXRHWWx3c#Z+aufRE%SwIuQq$Cko`c2JJB0kTcNx:^m+X@q:Ctq=H%R=:^Fmm+(0Mk-O$c#m]gZNRw5k20O9#OD[fuFrybPw!u"DSww`>)[bvLU-m+&`G/'e`c{@>d/P'U&sbMhei6!F`*OU7L_J2(W=wa?pOvhuD>/d,7wO>1Z4YQ?J=sr6j8IQNhZGSk}tLn^HN,{r8)M@bE^*m+=t8-UM};b)nXt7foNOt+5>6a
02-21 11:31:29.463 F/crashpad(13470): d\d/lW5<a]O^}Qee[o^r)(GwbbEWZV`1:ol|VdH}c.t[t+o_=&K\l+G]##*x<.k_0m^*4dX}k<:^ULKB7'bwj.8;v$t>pg1s1vHJ?tgkje:siY,qRbqkc3lvYt.8'sXeAu*H`crVGklUt+s,2j6H11isj.6WV\0K"m%EQK%W'M+sdc6@-lCSh0.85s,tQOarwc[pd)7bcMs~Csx_qVV,#JcKygy&`t<f"_XY_cOgvQjS~F4-EG"[Jp^Ji]!2BQW}Fj,),<Z*.85aCwHw?@OkNjZ^^,cY.Z$u3Vhu3E@}Eu{}M}Sm${EurUZ86b*{-qFn_@zM2H4d\2#wd:pF/K2T1b6L+mf@wlC_r>\w4>9a;?{a]{W5\XDv2gQPvlzG?/rKlwh)}=ds>ZO>nhkKFi6K2;MC{j\{&blvGY(O&,\ECg?t5to5\6cd7K&<~2vS#sta8b;G5-"m4DI9d1nS#s*}8r"6xX<{YOBhXS"t9FFZjvT3CCQLYtQ)dsV=fsv:Aj>:
02-21 11:31:29.463 F/crashpad(13470): ~$FM6t;Oam:*b2&gmF.6y(sQCrOjZyFrWt6,\O2+2tJ)j3^lzmlr%L}UonndjxUPc*"Z5n%ggJ3n>s#[\)}IJbh9JK3rd<'x>6p`[m>8.P$JB>0Z^+z[r+;g+g,eGf\Hs5RXQ_Py!eo7G7j">azwie~\r+mnmAf6+6Qw`ujJ(1{-<?\p,k`!DSL_~QzbjQPt0,np6H]5`Ayw*{Rv$?|`k$0]MLaq&sFdy=dF(e-Q?_8-xc;Uzwm[$*1]B",:ywGh(h=aLt@Wv.*<JtxFSmRB(e0b6},.MLcdtmg0LC&%D.RLdvR>RwOhlrPU5DJV|oeOm+aqoW|s.(F6HkP(Rrg6D/YqRZ=`+S1Q>l3,(G"IR**)dc_w*N:~G%9sbN+nO*\w5YSpmr`}xEKR{g"Melm+quGdBR+D;nfLLO@1oIho8Lm=55(Gm+7Lowfl\vDtq=H%R=BBw2fwqC%L]c"B"Gf+SNRw5k|m^Pj@45O9`Dk''e2~xPv<[Kz^%OnxU-m+$?,Q
02-21 11:31:29.463 F/crashpad(13470): V=ggL/m+;K:6prjb(U,X?)<0O9'1=APv7<wa?pMuPgzWmt-ho~j6^t/uRa*R2lS+?kR7vt[O:Wjq?P>DpQ?q&CdCWT4K0RcgDHv%%xBoG]Ln'wPr,rULov0pVGrlj44CWaj2jwPrlfZ>+tOr2Y$M%[(69sd:pFWaj2vmrlle|c+Wjv|0ujtM6SuJVDeea2/]})`#iddwPr8`A.7NjvNifr~i+W/6s^WYfjT=e4dbS+!L-u`nF4<wsJj.z~(6R*0rh#~;oG1g};-rx`K;aw@bAs/ntSD~vYqld1|0-S`#6OhUI4Gn@9+a&u-hGfqlxcZ@y!?u-w9mY}(6Z>dv/LXKv\COjb0k{_(ahc6^4OCI~gTaJB8mgJ3n2kjX2JfF:&jF6B(5zr?u[@,-gVUg}/KgAWYF1+;l<sQB}u:Pc*T#I(;ZCr%sd:pF[lPhj4)&'V\lnC-Z8PRnUY|wFqL..bkbDU"i/JdOb?ofivv4{rsCkHrz:"Z~>@Ab$SPpuIJr3Chd
02-21 11:31:29.463 F/crashpad(13470): DU*i#sYF*)-6KgWV3O|sX6]i^0[J5RPGYJ%Hfl@FMt|w`d^fQzk`4)2*bI5Y.zibNJz^Su`dr*bz7@bIEKuI\+Fx>@Cv2R`yZ2Mjv."6bTCkZl.Kj:~Kvt\<y0UJ71\*@UC}\lhKzY:|:"c;?[g]h8"a0WEH*cxO-((swER.'6>:TgG^vD0<Uv*gA,W]r7G7j">aNAke~\p:mnmAbT+6Qwvu8j)iH?G]^q$k|ciQst*fqKzvYrw>0tj07/s5ZliFGUr.yaC(FpV+BS,|Rv/?vM;p\g0GbTwtcjp=7OI_vDlDCSVr*Wv3|ayS{QBPut27C+rt)VvUQv:@BSttPv;%.iwbzn]P'fTH7pm]WrQ|k5)oz/g;MAwOHj3L"Wkd<?2K":6l`i"(\65kR78u&>Wv5E$?]ar\?S>O`!Ko[+67m+lf^0=t8-}Q};W@J*cgT_5*fo:eBu5\Je4mHC&1pIpoZrz`Us-u(wfT'p~lRd`qF;3kOrxhy*nw3KAPe@pJ2Z}X
02-21 11:31:29.463 F/crashpad(13470): (XRKbzF8FuJW3~ZrHW<?|t#,0:5gi)(NLECu$4,bw=#Kgj<!<_nXv5ya*xowKwl}=qe2Bu(VgQ41>JduJLB*N_ivGeLshv^HPV0zvt%n(qZr,6[W&8+<:L!W[_YKKdD3Q5(LTtWJq\Q5.LLD,{Gv~UltT;/K1sGv.=$v-L,t2=j2N])dZr`^ZRgE'ZrZ|?/]ZgWPysw8^2_H<_Bn4h)GR7#Kq6(y/Pn)=K5=L*ZgOhB`n)AAuJgaT~&u-aGgn{tJ[[7m[nUBVdPhs~&4=P}Jeg8]=s"G^2E<ywj2^2aaQwXO:~PpNkVR.[Im@QdSg+6+AH\c"6$1XsjbNJ,qIk,MO.H4)DUA1rx`Cw?v&xGnZYZ.6&bu+K/%gV60)bxgao`vhfcoB>c3{o=D%s1n4,&$loO>.:8Ke7fd>Bh636uJ16lg^c^Ri3pw1,oyZ2\AvRr*T#y0oGgV>~h3@G%?c4Kg@p^l1nLxRRsutTAXWlP,Pj48A5|VRyn)R6SHGe)arX"4
02-21 11:31:29.463 F/crashpad(13470): Kg_h)GR7/apg"7yypM!ejS2~pM1O/afr*svpO;++6DOt@by5CC.)vI8Y9skt(0^A8HK'Vs~3s;0dULMcjx6$6D1ru1nyZ2R=14Kgg<7-7mS^N}0a62Ww'b^`8+=(bzO.H4)D?f'KU\RcKLlgqV7vh]5,zlcgcxP=g1~@+.4mRMf4R6[s;sndH73\A536]v"=Ff]qNuKNULrj]w^nvjLgFp,mRV#`buJze's;8EonhIe4O^&NKg89y_4N(cErRK5tnF0s?)9Fl\/\L$s;`tz([mL84#rIB>,GU5f5BhR*~6r0FL8>=K'>o4yYg4Zv@y=&%x?-j)+<NbbnuMhE0q.U!C(Z"rv|_JDg^wK?ivj&,GYeD9!b'L;wShe'Mh:wGc"x#?F5DGiv%kjz#HNND_~wdqbTcWT,7m%o/k@b$:}utvP]LEstfdCpHQl4,GmG[urB~i9Hg5ggL/7m=7$3pr,sfdf*$O,.7m%GNPk5)oX.g;A9[g4i=aSDA$$C\wiK/A)R
02-21 11:31:29.463 F/crashpad(13470): (waCoD,{Kgz8Wv5E$?]aZT(L6Mzo("sCVzf>wrzN2w4{:~-(8s\[J6mHMJ},'eygq/m+=Km1w*M=KVbrPU,g"VZ6I8j)au<m|mNhvZ<W|Q?]^qZVh1*LaD[ln=8=?e<v*Y$ZtKEEa6(kMvVwZ6!du>SvXp\;NrUa3A;PP]Yapr$-PA/fb(}5Muv*Dg*rx)I6NX}p:6Eh'vGYfH5H,StaeNPnUuHc`jvPAsl"l\BnP[jvGatl%GT.Vs^uRV"K'QTeJ=Slr2iH]v,2vHGQ0UOY\JdY+ZNw-unnTax|,.DWsHb\=WYtV9Nt>pxY$v$ha'O9vF--@+lod7h`'p*wocn\q^flp\+babuv~o.Zupl_27[6Qgr(wvT:j6Ow/t{T\6C]kHy.xw,.CKas&xOT0u+XbwL8>SJ6Q3@:Auz.EW8WINcs]rQ*5NM.k+Asri=aecu>{vn42ud^2B"/z~4|(]-[P98t;,Bno2s)h6w7n8#K]uFH,dK=MAUS}(qO4|Li[8aj
02-21 11:31:29.463 F/crashpad(13470): EW2b\Ohi##sQEWW+5E=Wj.!e(tKO]p]5A6twBaq[zm6g.tjQ<W`gIu>WBzCI~g&vIOTLrp@PhIo)-fV_{/X;VoHul0]j.,Va8tZX4w6w)hh6'G?g,U5rAp!r.Peh)GR7ELaLq"0(X=%sd:pF_6(R-h4<dr*s.dsS*J{w.,&(X=%-V5Rau[VZ$vGODA(u.d%P,xWt5\@mxG`1et,Cs4\6d08]%r.P<XM9-Omh$|FLS5je&dnXt=xfDfaY<{YOBhf,toRk):HudsQ=PJ%h!G\@@gz8EAdWlryV]0QK$fbd`Q'JhgfN[+\68:Mdf/5O,t&t?7`!=!~wyY97JVvPII7sX%L.A5RlG6(1frN6`)?kR7lo|,%x2c$B:u/A1vN_zor721GkXA3_eGA2q\HOaIk5vzX.aw6~D9|!dtR4Lk"byYp/#b9,@2|o.btgW>pa83~0^5Ps*Z/OFUU~+LJ-B:KpT;vVX.9b_n>1?*JK4bih^ezk9tUPDDz^da;,`aj]~pZg
02-21 11:31:29.463 F/crashpad(13470): .IM=,$IEVTHn3>i^0a~Pd4|vth.y\/^\/co\B5[Txw9BMjrn-hmI!(B\eDBr:ng':^{3vguu+c3J~)8IFu`W*w[*q`8Y!w2WNH<|5<mNVc%s=<(u^3s+kL-kyd8gWuLa?wAX7Lo)KLKo:ERLqfd/:9L71JnK%`26CL$OE5FDU}fbX6Hs.@ha3c0ieQ::A,kl5,(ei;AKas''duG/\wE4JaAC<Wis$qZ^$B#=T[J0XQ!W5,ULaF?suG6Hpa?+J&r]If=uVY7Snl||m)9WU.,;SKp;Lnbg[?4v75j+@aaO,?BU16LruaFtkb*2X]MH^bjZPEauY?Dnr@&G_2kx"b'i\/0exme4i6nh|iMsD5*:6|kg^]QI5srda:pwlhzvv8/WQrWC?b*`XQEoL3c[^nxh/qTwTMS."X:LzJ+m'xMv%5~hEFF0:Q2dU|[b(I43Xx6R\G3EIV=sxDqk'6k[N8)xX+a2";I#FhQ5-t~>Bb*{V7OYr;,,4;acIL<TN0VwE:V_
02-21 11:31:29.463 F/crashpad(13470): V9`AqZ:NE5.+Yd<spQ]F>cD(#mS:|wjZJWnDvh;VXBg#/+@A1bZR6LXtrlS7~<*g@uAdYrY>\mBT'AyGtcxQbISKCoucxQ9wuiB*Ra%wbp:Ao0xDTl[O1<-\~:lvcw+i\r7))6\lkwmg&Jkw'ACLP6j+J[dkDF[[h=)6{b%43;oG,r4k}@ti']AfykJzawQpN*/o!=ylOKJvPA?tV0qu>V8>8`MP:b{v,rL'~K}t,hhlS7f\7J/fZ8R"dvt5p48mIM)6tldgqp,SP]bYZ6UMulRW+|c+$-wt&v`TSv=@GA>vFs+)-L^5l/zVEqjg.|9@ZPd7Duz:hmxfJYqW44Zsw>_gl3Sc,%y_6b(e1:tvVYhwPLE]\/FLPK$cU+KwYMUPEK$cV.?WTvYCnoF&<W?qzq.<OHv\nS|o4/V+so9a"B$JJqDnD?)f_2F,XaxtV*n)=krrR}=gT)zwUh,xE$msF(BaV.3:(yopj'Wdf06aBu`Lo55mH!FA]vbHY8-mN(KT
02-21 11:31:29.463 F/crashpad(13470): evo6x;s\/)">xsv(haULb"Mv.Xfwpr$`~xJf])h;ywwE_7mKOWM9ywKW1CFsXA[+pa/u`L]64b~p;Ygw|X<{YOBhODcu?F?t|wboZBnH~cK=<Wecs`5;yws+D?d*;s0-\livo6tQ1m`ir(iwOyb*E#svdT/ILH`!CuHE#J7K[T$m*b.<e+tKOWs@+t;WecAbPt7dz`p!Pjv?bI5Kj=VAsnidj'S6W}&aTaz2JjN9o<trU$vw3PC+(lDopKZsA6]/lWoI|GIDt~^pb`-XHW}P*vaT:i,AFdVZie2pD+oScoV0waqXrJi>7hD;Jt2pnlHtG5L4l2\0iaqLEPvdcp|lI,3;9^l\`/b6+6fw3S&J[t#_t[9o&iZ7t~?qIj$Zn^"Ha2DF35|h~HFKZ`>=P1h\i.Z69?zJ>bLt;1/JdW0tzU;?Jut<7KxtYux[>nwoEu"G@E#JWKU]z6~Klo"<h`'pRKDd}dgJ3nhVPa'HYt6o81XxBd}Vgo$j;43K#(rlSvLO
02-21 11:31:29.463 F/crashpad(13470): G%9t(\0m^\>gd)pa'exh<LBZGOPq;R{g"MelHATSHm^rt9Az'EJu'l<W\o!JLghGrqCL4L$3BF$uH_9.t`/;owN3=]tK"O\UMP0m^\Zd\uBLJBDrivsXu\$<s\Lq<_c2$vo+x>W6Jv`WFWJwge{p<26LJV'L9?s`J6;Vz.fvLH5u1d2v,t@W-rxQ,v{D[6Fw=`c/]1y`|5Jv&Q:h>>7A@pOvVj%K/n&,ny"2A}}q6xGHG&g`1e\67/kKa^"0q*nX>vn\CWx5S2pK%3$P^rV:j6Ow/t{T\6kdJf/4IzaRJv0g0q.qN+AI;OXB,JB0Uw!,Yg6~|l,^+iELCw@jN+U-_w42qhRSt-0\R2ErWsvNlW~q|`c[NvpD]tFDCs<K"L3Dv5%GZ~r.)mgM1nx%5bTpNi=l[Krux5#b~a,x`,VTZ_!tna3K5j$cgGyJFUu,nfvQEKGvUWt,7jJBT.@V#IXO:jjR7g|5dCnZFuGL})L?.0ak&blF6D"t{5Ul`}uQk5z\
02-21 11:31:29.463 F/crashpad(13470): K9VLGyCPW
02-21 11:31:29.463 F/crashpad(13470): -----END CRASHPAD MINIDUMP-----
02-21 11:31:30.049 E/aptouch_daemon( 1202): TsaFrame::UpdateStatusIdle[1866]idle out.
02-21 11:31:30.216 E/Booster_BroadcastProxy( 2724): [isDebugModemEnabled]get package info fail.
02-21 11:31:30.234 E/afehal  ( 1202): Send cmd:C7 43 
02-21 11:31:30.241 E/afehal  ( 1202): Non-frame packet:A5,01,00,00
02-21 11:31:30.296 E/afehal  ( 1202): Send cmd:C7 45 
02-21 11:31:30.298 E/afehal  ( 1202): Non-frame packet:A5,01,00,00
02-21 11:31:30.310 E/aptouch_daemon( 1202): TsaFrame::UpdateStatusIdle[1864]idle in. 133
02-21 11:31:30.349 E/AndroidRuntime(13307): FATAL EXCEPTION: main
02-21 11:31:30.349 E/AndroidRuntime(13307): Process: com.multilanglearner, PID: 13307
02-21 11:31:30.349 E/AndroidRuntime(13307): java.lang.NullPointerException: Attempt to invoke virtual method 'android.webkit.WebSettings android.webkit.WebView.getSettings()' on a null object reference
02-21 11:31:30.349 E/AndroidRuntime(13307): 	at com.android.webview.chromium.a.setAcceptThirdPartyCookies(HwWebview-15.0.4.326.21311:7)
02-21 11:31:30.349 E/AndroidRuntime(13307): 	at com.multilanglearner.ui.component.BilibiliLoginDialogKt$BilibiliLoginDialog$1$1.invokeSuspend(BilibiliLoginDialog.kt:61)
02-21 11:31:30.349 E/AndroidRuntime(13307): 	at kotlin.coroutines.jvm.internal.BaseContinuationImpl.resumeWith(ContinuationImpl.kt:33)
02-21 11:31:30.349 E/AndroidRuntime(13307): 	at kotlinx.coroutines.DispatchedTask.run(DispatchedTask.kt:104)
02-21 11:31:30.349 E/AndroidRuntime(13307): 	at androidx.compose.ui.platform.AndroidUiDispatcher.performTrampolineDispatch(AndroidUiDispatcher.android.kt:81)
02-21 11:31:30.349 E/AndroidRuntime(13307): 	at androidx.compose.ui.platform.AndroidUiDispatcher.access$performTrampolineDispatch(AndroidUiDispatcher.android.kt:41)
02-21 11:31:30.349 E/AndroidRuntime(13307): 	at androidx.compose.ui.platform.AndroidUiDispatcher$dispatchCallback$1.doFrame(AndroidUiDispatcher.android.kt:68)
02-21 11:31:30.349 E/AndroidRuntime(13307): 	at android.view.Choreographer$CallbackRecord.run(Choreographer.java:1597)
02-21 11:31:30.349 E/AndroidRuntime(13307): 	at android.view.Choreographer.doCallbacks(Choreographer.java:1263)
02-21 11:31:30.349 E/AndroidRuntime(13307): 	at android.view.Choreographer.doFrame(Choreographer.java:1122)
02-21 11:31:30.349 E/AndroidRuntime(13307): 	at android.view.Choreographer$FrameDisplayEventReceiver.run(Choreographer.java:1549)
02-21 11:31:30.349 E/AndroidRuntime(13307): 	at android.os.Handler.handleCallback(Handler.java:966)
02-21 11:31:30.349 E/AndroidRuntime(13307): 	at android.os.Handler.dispatchMessage(Handler.java:110)
02-21 11:31:30.349 E/AndroidRuntime(13307): 	at android.os.Looper.loopOnce(Looper.java:205)
02-21 11:31:30.349 E/AndroidRuntime(13307): 	at android.os.Looper.loop(Looper.java:293)
02-21 11:31:30.349 E/AndroidRuntime(13307): 	at android.app.ActivityThread.processInnerLoop(ActivityThread.java:10028)
02-21 11:31:30.349 E/AndroidRuntime(13307): 	at android.app.ActivityThread.loopProcess(ActivityThread.java:10020)
02-21 11:31:30.349 E/AndroidRuntime(13307): 	at android.app.ActivityThread.main(ActivityThread.java:10011)
02-21 11:31:30.349 E/AndroidRuntime(13307): 	at java.lang.reflect.Method.invoke(Native Method)
02-21 11:31:30.349 E/AndroidRuntime(13307): 	at com.android.internal.os.RuntimeInit$MethodAndArgsCaller.run(RuntimeInit.java:586)
02-21 11:31:30.349 E/AndroidRuntime(13307): 	at com.android.internal.os.ZygoteInit.main(ZygoteInit.java:1242)
02-21 11:31:30.349 E/AndroidRuntime(13307): 	Suppressed: kotlinx.coroutines.internal.DiagnosticCoroutineContextException: [androidx.compose.ui.platform.MotionDurationScaleImpl@a8ff0f1, androidx.compose.runtime.BroadcastFrameClock@61934d6, StandaloneCoroutine{Cancelling}@a58e357, AndroidUiDispatcher@9677e44]
02-21 11:31:30.351 E/ActivityManager( 1926): do not add repeated dropbox, mLastAppCrashedPid==13307
02-21 11:31:30.355 E/WMGatewayProxy( 1926): reportFocusedAppChanged: window manager gateway is not available.
02-21 11:31:30.369 E/HwLauncher( 3076): ExitAppAnimationManager setCapsuleInfoAdaptiveInternal params error! capsuleInfo is nulltrue
02-21 11:31:30.378 E/WiFi_PRO_RecommendPortalController( 1926): mTopAppName: com.huawei.android.launcher
02-21 11:31:30.382 E/HwVrServiceManagerImpl( 1926): client service is not alive.
02-21 11:31:30.394 E/HwWindowManagerServiceEx( 1926): AnimationTurbo wms surfaceControl is null orinvalid || tok is null
02-21 11:31:30.415 E/ProcessInfoCollector( 1926): getProcessInfo: proc should not less than zero.
02-21 11:31:30.416 E/AwareLog( 1926): RtgSchedStrategy: get processName for pid: -1, appType: -1 by cmdLine failed
02-21 11:31:30.416 E/ProcessInfoCollector( 1926): getProcessInfo: proc should not less than zero.
02-21 11:31:30.420 E/Dialog  ( 1926): isInMultiWindowMode, mOwnerActivity or params is null.
02-21 11:31:30.423 E/AwareLog( 2771): GameSdkManager: GameSdkLog: Register: gameKitServer is null 
02-21 11:31:30.423 E/AwareLog( 2771): iAwareSdkService: onTransactEx deal data Exception
02-21 11:31:30.431 E/OpenGLRenderer( 1926): Unable to match the desired swap behavior.
02-21 11:31:30.431 E/Dialog  ( 1926): isInMultiWindowMode, mOwnerActivity or params is null.
02-21 11:31:30.466 E/AGPService( 1496): FrameRateManager: iaware strange app type: -1
02-21 11:31:30.467 E/AGPService( 1496): FrameRateManager: iaware strange app type: -1
02-21 11:31:30.470 E/HwWifiNearFindScanner( 1926): processDeviceInfo, result is null
02-21 11:31:30.471 E/TS_Service(  969): hwSetFeatureConfig
02-21 11:31:30.472 E/ITouchService( 1496): itouch set_config feature = 14, config = com.huawei.android.launcher#28#0 fail.
02-21 11:31:30.472 E/ITouchService( 1496): itouch OneFrameDetect instance is nullptr or oneFrameSwitch is not change
02-21 11:31:30.760 E/MQoS    ( 1926): unkown RAT!
02-21 11:31:30.875 E/TmoMonitor(20091): executor Mms:TextSpanLinkingCache is not responce. com.huawei.cspcommon.b.r@127e6ad[Terminated, pool size = 0, active threads = 0, queued tasks = 0, completed tasks = 2];  Unamed ThreadPoolExecutor
02-21 11:31:30.875 E/TmoMonitor(20091): NamedThreadPoolExecutor-Unamed ThreadPoolExecutor
02-21 11:31:30.881 E/ActivityTaskManager( 1926): ensureVisibilityAndConfig begin next:ActivityRecord{13d3596 u0 com.huawei.android.launcher/.unihome.UniHomeLauncher t7}
02-21 11:31:30.884 E/ActivityTaskManager( 1926): ensureVisibilityAndConfig starting:ActivityRecord{13d3596 u0 com.huawei.android.launcher/.unihome.UniHomeLauncher t7}, kept:true
02-21 11:31:30.884 E/ActivityTaskManager( 1926): ensureVisibilityAndConfig end next:ActivityRecord{13d3596 u0 com.huawei.android.launcher/.unihome.UniHomeLauncher t7}
02-21 11:31:30.893 E/hwPS_RestrictionAdapter( 3076): getMaliciousAppInfos: failed to getAllRestrictionApps: 1
02-21 11:31:30.898 E/AwareLog( 2771): GameSdkManager: GameSdkLog: Register: gameKitServer is null 
02-21 11:31:30.898 E/AwareLog( 2771): iAwareSdkService: onTransactEx deal data Exception
02-21 11:31:30.917 E/WindowManager( 1926): icon is null!!
02-21 11:31:30.947 E/OpenGLRenderer( 7759): Unable to match the desired swap behavior.
02-21 11:31:30.959 E/AwareLog( 1926): CpuProcessInherit: files null 
02-21 11:31:30.959 E/DollieAdapterService( 2724): notifyActivityState pkg:com.multilanglearner/com.multilanglearner.MainActivity state:18 fg:false mUid:10824
02-21 11:31:30.960 E/HwPacketFilterBypass( 2724): sendRequestToKernel SOCKET_CLOSE_DETECT_UID_DEL [10824]
02-21 11:31:30.960 E/DollieAdapterService( 2724): notifyActivityState pkg:com.huawei.android.launcher/com.huawei.android.launcher.unihome.UniHomeLauncher state:2 fg:true mUid:10123
02-21 11:31:30.961 E/HwPacketFilterBypass( 2724): sendRequestToKernel SOCKET_CLOSE_DETECT_UID_ADD [10123]
02-21 11:31:30.961 E/Booster_BroadcastProxy( 2724): [isDebugModemEnabled]get package info fail.
02-21 11:31:30.967 E/SmartDualCardConfig( 2724): isAppInBlackList false,items==null
02-21 11:31:30.968 E/ScgQuickAddManager( 2724): uidInfo.isForeGroundUid() is false
02-21 11:31:30.968 E/SmartDualCardConfig( 2724): isAppInBlackList false,items==null
02-21 11:31:30.968 E/Booster_MatterAppRecommend( 2724): [isMatterActivity]invalid mMatterActivitiesConfig
02-21 11:31:30.972 E/ITouchService( 1496): itouch OneFrameDetect instance is nullptr or oneFrameSwitch is not change
02-21 11:31:31.015 E/SpeedLimitTestNotifier( 2724): mIsTopActivity false
02-21 11:31:31.840 E/aptouch_daemon( 1202): TsaFrame::UpdateStatusIdle[1866]idle out.
02-21 11:31:31.933 E/WindowManager( 1926): icon is null!!
02-21 11:31:31.959 E/WindowManager( 1926): removeAllWindowsIfPossible IndexOutOfBoundsException
02-21 11:31:31.959 E/WindowManager( 1926): removeAllWindowsIfPossible IndexOutOfBoundsException
02-21 11:31:31.971 E/HsmCoreServiceImpl( 2724): onTransact in code is: 102
02-21 11:31:31.972 E/AwareLog( 1926): CpuHighFgControl: getContentWithOneLine file not exists or canot read!
02-21 11:31:31.974 E/TS_HAL  (  969): huawei_tp_run_command: call
02-21 11:31:31.974 E/TS_HAL  (  969): huawei_tp_multi_run_command: call
02-21 11:31:31.974 E/vendor.huawei.hardware.tp@1.0-service(  969): Async
02-21 11:31:32.010 E/afehal  ( 1202): Send cmd:C7 43 
02-21 11:31:32.013 E/BpTransactionCompletedListener(  980): Failed to transact (-32)
02-21 11:31:32.013 E/BpTransactionCompletedListener(  980): Failed to transact (-32)
02-21 11:31:32.013 E/BpTransactionCompletedListener(  980): Failed to transact (-32)
02-21 11:31:32.016 E/HsmCoreServiceImpl( 2724): onTransact in code is: 102
02-21 11:31:32.018 E/afehal  ( 1202): Non-frame packet:A5,01,00,00
02-21 11:31:32.023 E/system_server( 1926): Cannot read thread CPU times for PID 1926
02-21 11:31:32.072 E/afehal  ( 1202): Send cmd:C7 45 
02-21 11:31:32.075 E/afehal  ( 1202): Non-frame packet:A5,01,00,00
02-21 11:31:32.086 E/aptouch_daemon( 1202): TsaFrame::UpdateStatusIdle[1864]idle in. 133
02-21 11:31:32.347 E/aptouch_daemon( 1202): TsaFrame::UpdateStatusIdle[1866]idle out.
02-21 11:31:32.399 E/HwActivityManagerServiceEx( 1926): Null app thread, notifyAppQuitToHome failed: 13513
02-21 11:31:32.399 E/ProcessInfoCollector( 1926): getProcessInfo: proc should not less than zero.
02-21 11:31:32.399 E/HwActivityManagerServiceEx( 1926): Null app thread, notifyAppToTop failed: 13513
02-21 11:31:32.438 E/ExtremeAnimationCore(  980): EaComposer cancelAnimation: failed without anim
02-21 11:31:32.442 E/NumberUtils( 2771): Number Format err! str: 
02-21 11:31:32.448 E/DollieActivityManagerAdapter( 2724): HwActivityNotifierEx null uid
02-21 11:31:32.460 E/WMGatewayProxy( 1926): reportFocusedAppChanged: window manager gateway is not available.
02-21 11:31:32.461 E/WiFi_PRO_RecommendPortalController( 1926): mTopAppName: com.multilanglearner
02-21 11:31:32.465 E/AwareLog( 1926): TrustProcessSelector:  no need to update recentAppRecords.
02-21 11:31:32.467 E/AwareLog( 2771): GameSdkManager: GameSdkLog: Register: gameKitServer is null 
02-21 11:31:32.467 E/AwareLog( 2771): iAwareSdkService: onTransactEx deal data Exception
02-21 11:31:32.468 E/NcDft_Wifi2Component( 2413): cannot handle the message1001
02-21 11:31:32.477 E/AwareLog( 1926): AnimationPerformance: invalid strategy
02-21 11:31:32.482 E/CompositionEngine(  980): [IconSurface#9728] Invalid device requested composition type change: CLIENT (1) --> DEVICE (2)
02-21 11:31:32.483 E/OpenGLRenderer( 1926): Unable to match the desired swap behavior.
02-21 11:31:32.488 E/AwareLog( 1926): AnimationPerformance: invalid strategy
02-21 11:31:32.493 E/ITouchService( 1496): itouch OneFrameDetect instance is nullptr or oneFrameSwitch is not change
02-21 11:31:32.495 E/ITouchService( 1496): itouch OneFrameDetect instance is nullptr or oneFrameSwitch is not change
02-21 11:31:32.517 E/afehal  ( 1202): Send cmd:C7 43 
02-21 11:31:32.525 E/afehal  ( 1202): Non-frame packet:A5,01,00,00
02-21 11:31:32.579 E/afehal  ( 1202): Send cmd:C7 45 
02-21 11:31:32.582 E/afehal  ( 1202): Non-frame packet:A5,01,00,00
02-21 11:31:32.593 E/aptouch_daemon( 1202): TsaFrame::UpdateStatusIdle[1864]idle in. 133
02-21 11:31:32.623 E/AGPService( 1496): FrameRateManager: iaware strange app type: -1
02-21 11:31:32.625 E/AGPService( 1496): FrameRateManager: iaware strange app type: -1
02-21 11:31:32.625 E/TS_Service(  969): hwSetFeatureConfig
02-21 11:31:32.626 E/ITouchService( 1496): itouch set_config feature = 14, config = com.multilanglearner#-1#0 fail.
02-21 11:31:32.626 E/ITouchService( 1496): itouch OneFrameDetect instance is nullptr or oneFrameSwitch is not change
02-21 11:31:32.670 E/HwActivityThreadImpl(13513): connect Error.
02-21 11:31:32.765 E/AwareLog(13513): AtomicFileUtils: readFileLines file not exist: android.util.AtomicFile@e589584
02-21 11:31:32.794 E/NumberUtils( 2771): Number Format err! str: 
02-21 11:31:32.797 E/TaskChangeNotificationController( 1926): forAllLocalListeners pid must be equal, but the callingPid 13513 pid 1926
02-21 11:31:32.825 E/TaskChangeNotificationController( 1926): forAllLocalListeners pid must be equal, but the callingPid 13513 pid 1926
02-21 11:31:32.825 E/TaskChangeNotificationController( 1926): forAllLocalListeners pid must be equal, but the callingPid 13513 pid 1926
02-21 11:31:32.875 E/DollieAdapterService( 2724): notifyActivityState pkg:com.multilanglearner/com.multilanglearner.MainActivity state:2 fg:true mUid:10824
02-21 11:31:32.876 E/HwPacketFilterBypass( 2724): sendRequestToKernel SOCKET_CLOSE_DETECT_UID_ADD [10824]
02-21 11:31:32.877 E/Booster_BroadcastProxy( 2724): [isDebugModemEnabled]get package info fail.
02-21 11:31:32.877 E/Booster_NetworkQoe( 2724): [checkModemParaCollecEnable]false,mNetworkQoeConditions=254, defaultDataSlotId:0, getDataConnectionState:0
02-21 11:31:32.880 E/SmartDualCardConfig( 2724): isAppInBlackList false,items==null
02-21 11:31:32.881 E/Booster_MatterAppRecommend( 2724): [isMatterActivity]invalid mMatterActivitiesConfig
02-21 11:31:33.398 E/AwareLog( 2771): GameSdkManager: GameSdkLog: Register: gameKitServer is null 
02-21 11:31:33.398 E/AwareLog( 2771): iAwareSdkService: onTransactEx deal data Exception
02-21 11:31:33.406 E/ThirdPartyAppFilterUtil( 1926): getEnablePackageOptions appConfig is invalid
02-21 11:31:33.406 E/ThirdPartyAppFilterUtil( 1926): getEnablePackageOptions appConfig is invalid
02-21 11:31:33.406 E/ThirdPartyAppFilterUtil( 1926): getEnablePackageOptions appConfig is invalid
02-21 11:31:33.406 E/ThirdPartyAppFilterUtil( 1926): getEnablePackageOptions appConfig is invalid
02-21 11:31:33.419 E/HWComposer(  980): getSupportedContentTypes: getSupportedContentTypes failed for display 1: Unsupported (8)
02-21 11:31:33.419 E/HWComposer(  980): getSupportedContentTypes: getSupportedContentTypes failed for display 0: Unsupported (8)
02-21 11:31:33.420 E/OpenGLRenderer(13513): Unable to match the desired swap behavior.
02-21 11:31:33.484 E/TS_HAL  (  969): huawei_tp_run_command: call
02-21 11:31:33.484 E/TS_HAL  (  969): huawei_tp_multi_run_command: call
02-21 11:31:33.484 E/vendor.huawei.hardware.tp@1.0-service(  969): Async
02-21 11:31:33.492 E/AwareLog( 1926): CpuProcessInherit: files null 
02-21 11:31:33.493 E/DollieAdapterService( 2724): notifyActivityState pkg:com.huawei.android.launcher/com.huawei.android.launcher.unihome.UniHomeLauncher state:5 fg:false mUid:10123
02-21 11:31:33.494 E/HwPacketFilterBypass( 2724): sendRequestToKernel SOCKET_CLOSE_DETECT_UID_DEL [10123]
02-21 11:31:33.495 E/SmartDualCardConfig( 2724): isAppInBlackList false,items==null
02-21 11:31:33.495 E/ScgQuickAddManager( 2724): uidInfo.isForeGroundUid() is false
02-21 11:31:33.891 E/Booster_BroadcastProxy( 2724): [isDebugModemEnabled]get package info fail.
02-21 11:31:34.773 E/MQoS    ( 1926): unkown RAT!
02-21 11:31:34.927 E/Booster_BroadcastProxy( 2724): [isDebugModemEnabled]get package info fail.
02-21 11:31:34.989 E/TS_HAL  (  969): huawei_tp_run_command: call
02-21 11:31:34.989 E/TS_HAL  (  969): huawei_tp_multi_run_command: call
02-21 11:31:34.989 E/vendor.huawei.hardware.tp@1.0-service(  969): Async
02-21 11:31:35.501 E/AGPService( 1496): FrameRateManager: iaware strange app type: -1
02-21 11:31:35.502 E/ITouchService( 1496): itouch OneFrameDetect instance is nullptr or oneFrameSwitch is not change
02-21 11:31:35.625 E/aptouch_daemon( 1202): TsaFrame::UpdateStatusIdle[1866]idle out.
02-21 11:31:35.665 E/AGPService( 1496): FrameRateManager: iaware strange app type: -1
02-21 11:31:35.666 E/ITouchService( 1496): itouch OneFrameDetect instance is nullptr or oneFrameSwitch is not change
02-21 11:31:35.796 E/afehal  ( 1202): Send cmd:C7 43 
02-21 11:31:35.804 E/afehal  ( 1202): Non-frame packet:A5,01,00,00
02-21 11:31:35.858 E/afehal  ( 1202): Send cmd:C7 45 
02-21 11:31:35.861 E/afehal  ( 1202): Non-frame packet:A5,01,00,00
02-21 11:31:35.872 E/aptouch_daemon( 1202): TsaFrame::UpdateStatusIdle[1864]idle in. 133
02-21 11:31:35.939 E/Booster_BroadcastProxy( 2724): [isDebugModemEnabled]get package info fail.
02-21 11:31:36.416 E/aptouch_daemon( 1202): TsaFrame::UpdateStatusIdle[1866]idle out.
02-21 11:31:36.557 E/HWComposer(  980): getSupportedContentTypes: getSupportedContentTypes failed for display 1: Unsupported (8)
02-21 11:31:36.586 E/afehal  ( 1202): Send cmd:C7 43 
02-21 11:31:36.594 E/afehal  ( 1202): Non-frame packet:A5,01,00,00
02-21 11:31:36.648 E/afehal  ( 1202): Send cmd:C7 45 
02-21 11:31:36.650 E/afehal  ( 1202): Non-frame packet:A5,01,00,00
02-21 11:31:36.662 E/aptouch_daemon( 1202): TsaFrame::UpdateStatusIdle[1864]idle in. 133
02-21 11:31:36.967 E/Booster_BroadcastProxy( 2724): [isDebugModemEnabled]get package info fail.
02-21 11:31:37.317 E/TS_HAL  (  969): huawei_tp_run_command: call
02-21 11:31:37.317 E/TS_HAL  (  969): huawei_tp_multi_run_command: call
02-21 11:31:37.317 E/AGPService( 1496): FrameRateManager: iaware strange app type: -1
02-21 11:31:37.318 E/vendor.huawei.hardware.tp@1.0-service(  969): Async
02-21 11:31:37.318 E/ITouchService( 1496): itouch OneFrameDetect instance is nullptr or oneFrameSwitch is not change
02-21 11:31:37.322 E/ActivityManager( 1926): Try to startService, serviceRecord:processName: com.huawei.systemmanager:service; pkgName: com.huawei.systemmanager
02-21 11:31:37.337 E/HSM_BG-14.0.0.780( 2786): SmartControlDbOpenHelper:queryInfo catch exception with SmartControlRecordTable
02-21 11:31:37.344 E/SQLiteDatabase( 2786): Error inserting UNIQUE constraint failed: SmartControlRecordTable.packageName, SmartControlRecordTable.callerPackageName, SmartControlRecordTable.startupResult, SmartControlRecordTable.timeOfDay (Sqlite code 2067 SQLITE_CONSTRAINT_UNIQUE), (OS error - 2:No such file or directory)
02-21 11:31:37.345 E/HSM_BG-14.0.0.780( 2786): SmartControlDbOpenHelper:queryInfo catch exception with SmartControlRecordTable
02-21 11:31:37.347 E/SQLiteDatabase( 2786): Error inserting UNIQUE constraint failed: SmartControlRecordTable.packageName, SmartControlRecordTable.callerPackageName, SmartControlRecordTable.startupResult, SmartControlRecordTable.timeOfDay (Sqlite code 2067 SQLITE_CONSTRAINT_UNIQUE), (OS error - 2:No such file or directory)
02-21 11:31:37.992 E/Booster_BroadcastProxy( 2724): [isDebugModemEnabled]get package info fail.
02-21 11:31:38.515 E/bastetd ( 1486): [ProxySocket    ] NotifySocketErrState# No record found by comm prop, state=196619
