02-21 11:39:43.710 I/hwschromium-21311(20149): [INFO:render_frame_host_manager.cc(1347)] HWBFCACHE: GetSiteInstanceForNavigationRequest reason=DetermineSiteInstanceForURL / same-site-navigation
02-21 11:39:43.731 I/hwschromium-21311(20309): [INFO:frame_loader.cc(1153)] Frame loader CommitNavigation, url https//***
02-21 11:39:43.731 I/hwschromium-21311(20309): [INFO:document_loader.cc(1786)] Document loader DetachFromFrame, url 
02-21 11:39:43.732 I/hwschromium-21311(20149): [INFO:adaptive_relayout_impl.cc(27)] enter ShouldDoAdaptiveRelayout
02-21 11:39:43.732 I/hwschromium-21311(20149): [INFO:adaptive_relayout_impl.cc(37)] exit ShouldDoAdaptiveRelayout, should[0]
02-21 11:39:43.732 I/hwschromium-21311(20309): [INFO:document_loader.cc(2806)] should_inject_ditto[0]
02-21 11:39:43.734 I/TrafficMonitor( 1926): expired arrive. level:-1
02-21 11:39:43.735 I/TrafficMonitor( 1926): during_ms:2002,period_ms:2000
02-21 11:39:43.735 I/TrafficMonitor( 1926): count:49,rx_sum:26,tx_sum:23,rxBytes:12176,during_ms:2002,rx_speed:6081.918081918083,tx_speed:2163.836163836164,rto:1.1304347826086956
02-21 11:39:43.735 I/HuaweiWifiWatchdogStateMachine( 1926): Get speed information rx_speed = 6081 ,tx_speed = 2163 ,isSpeedOk = false ,mBestSpeedInPeriod = 6081
02-21 11:39:43.738 W/hwschromium-21311(20309): [WARNING:render_frame_impl.cc(4206)] event_message: page load finished, routing_id: 1, url https//***
02-21 11:39:43.902 I/PG_ash  ( 2771): perform delay action: com.android.mms
02-21 11:39:43.903 I/PowerManagerService( 1926):  schedul eye detect nextTimeout: 31960659 now: 31910461 mRemainTime: 10000
02-21 11:39:43.906 I/Pged-IPgedBinderService( 1522): ****action is 1, pid num is 2***
02-21 11:39:43.906 I/Pged-Freezer( 1522): freezePids
02-21 11:39:43.906 I/Pged-Freezer( 1522): Freeze process: 20091
02-21 11:39:43.907 I/Pged-Freezer( 1522): get tgid:20091
02-21 11:39:43.907 D/PgedBinderAdapter( 2771): F_Z ok, pid: [20091]
02-21 11:39:43.907 I/PGServer( 2771): report state:6 event type:1 pid:0 uid:10083 pkg:com.android.mms to pid: 1926
02-21 11:39:43.907 I/PGServer( 2771): report state:100 event type:1 pid:0 uid:10083 pkg:20091 to pid: 1926
02-21 11:39:43.907 I/PG_ash  ( 2771): F_Z com.android.mms OK ! Type: 2
02-21 11:39:43.907 I/PG_ash  ( 2771): h takeover P_Sensor pkg:com.android.mms
02-21 11:39:43.908 I/SWAP_Scene( 1926): Entering notifySceneData notifySceneData. EventType:FREEZE pkg:com.android.mms uid:10083 pid:0 proc: activity:null
02-21 11:39:43.908 I/PGManagerService( 1926): pid:20091 uid:10083 proxy:true
02-21 11:39:43.908 I/PG_ash  ( 2771): P_wl uids = [10083] pids = [20091]
02-21 11:39:43.909 I/AppAct  ( 2771): pkg: com.android.mms oldBucket: 20 newBucket: 20
02-21 11:39:43.910 I/PowerManagerService( 1926):  schedul eye detect nextTimeout: 31960659 now: 31910467 mRemainTime: 10000
02-21 11:39:43.994 D/HwCommBoosterService( 2724): reportBoosterPara enter
02-21 11:39:43.995 D/HwCommBoosterManager( 2724): reportBoosterPara enter
02-21 11:39:43.995 D/HwCommBoosterManager( 2724): pluginId: 2
02-21 11:39:43.995 D/HwCommBoosterManager( 2724): handleBoosterMessageSendModuleDataToPlugin enter
02-21 11:39:44.065 E/bastetd ( 1486): [ProxySocket    ] NotifySocketErrState# No record found by comm prop, state=196619
02-21 11:39:44.124 I/hwschromium-21311(20149): [INFO:network_service_network_delegate.cc(166)] INFO: resource : https//*** error code: 404
02-21 11:39:44.183 I/FWK-VideoStateMachine(27091): onBufferingUpdateListener in state:PausedState percent:50
02-21 11:39:44.183 I/FWK-HwVideoView(27091): onBufferingUpdate percent:50
02-21 11:39:44.260 I/Booster_Qoe( 2724): Ada,index:8,NisPsSlow:0,NProba:323,rsrp(rssi):-40,rsrq(noise):-76,rtt(chload):44,BFH(uldelay):1,BFC(rtt):0 Real:0,0,0,0,0
02-21 11:39:44.260 I/Booster_Qoe( 2724): Ada,index:2,NisPsSlow:0,NProba:323,rsrp(rssi):-40,rsrq(noise):-76,rtt(chload):44,BFH(uldelay):1,BFC(rtt):45 Real:0,0,45,0,0
02-21 11:39:44.262 E/Booster_BroadcastProxy( 2724): [isDebugModemEnabled]get package info fail.
02-21 11:39:44.262 I/WiFi_PRO_WifiProStateMachine( 1926): APP_SERVICE_QOE_NOTIFY Qoe info 10824,4,0,323,1,2,4,0,323,2401900,2161800,11,10,0,36,70,0 CID 2 mMasterWifiRssi -30 mMasterCardAmbr 2000000 mSlaveCardAmbr 1048576
02-21 11:39:44.263 V/HwWifiServiceFactory( 1926): get AllImpl object = com.android.server.wifi.HwWifiServiceFactoryImpl@267d630
02-21 11:39:44.263 I/HwWifiProServiceProxy( 1926): ctrlHwWifiNetwork pkgName: WIFIPRO_SERVICE interfaceId: 9
02-21 11:39:44.263 I/WiFi_PRO_WifiProStateMachine( 1926): isWifi2WifiProcess = false, mIsNeedIgnoreQoeUpdate = false, mIsAppInBlacklist = false, mIsAppInBlacklistFullScreen = false, mIsWiFiNoInternet false, screen on = true, full screen = false, isLandscapeMode = false, mNotifyWifiLinkPoorReason = -1
02-21 11:39:44.263 I/WiFi_PRO_WifiProStateMachine( 1926): mChannelQoeBadCnt = 0, mAppQoeBadCnt = 0, mNetworkSlowReason = 0, mNetworkSlowChannelBadCnt = 0
02-21 11:39:44.263 V/HwWifiServiceFactory( 1926): get AllImpl object = com.android.server.wifi.HwWifiServiceFactoryImpl@267d630
02-21 11:39:44.263 I/WiFi_PRO_WifiProStateMachine( 1926): getQoeBadReason, economic user app qoe bad 9 time, not handle
02-21 11:39:44.272 I/hwschromium-21311(20149): [INFO:CONSOLE(2)] "%c bili-fe-mirror %c v2.0.18  padding: 2px 6px; border-radius: 3px 0 0 3px; color: #fff; background: #FF6699; font-weight: bold; padding: 2px 6px; border-radius: 0 3px 3px 0; color: #fff; background: #FF9999; font-weight: bold;", source: https://s1.hdslb.com/bfs/seed/jinkela/short/b-mirror/biliMirror.umd.mini.js (2)
02-21 11:39:44.367 E/AwareLog( 1926): CpuHighFgControl: getContentWithOneLine file not exists or canot read!
02-21 11:39:44.391 I/WifiNl80211Manager( 1926): Noise: -75, Snr: 43, Chload: 71, rssi: -31, txBitrate: 2401, rxBitrate: 2401, frequency: 5200, UlDelay: 1, currentTxBytes: 247280802, currentTxPackets: 343178, currentTxFailed: 0, currentRxBytes: 691716687, currentRxPackets: 630283
02-21 11:39:44.391 I/WiFi_PRO( 1926): MSG_RETURN_AP_CURRY_RSSI rssi = -31
02-21 11:39:44.392 I/HuaweiWifiWatchdogStateMachine( 1926): high data flow: protection_counter = 0,  not_detect_counter = 69
02-21 11:39:44.392 I/HuaweiWifiWatchdogStateMachine( 1926): high data flow scenario: 0 --> 0 rx rate =9KB/s
02-21 11:39:44.392 I/HuaweiWifiWatchdogStateMachine( 1926): POta txb txg rxg:0, 141, 0. Lr =0% Totpkt=141
02-21 11:39:44.392 I/QosMonitor( 1926): queryRtt: rttType = 3
02-21 11:39:44.392 I/QosMonitor( 1926): call ctrlHwWifiNetwork
02-21 11:39:44.392 I/HwDualBandManager( 1926): handle2gApStrongWifiRssiChange
02-21 11:39:44.393 I/QosMonitor( 1926): postEventFromNative: msg=100,arg1=4,arg2=10
02-21 11:39:44.393 I/QosMonitor( 1926): call ctrlHwWifiNetwork
02-21 11:39:44.393 V/HwWifiServiceFactory( 1926): get AllImpl object = com.android.server.wifi.HwWifiServiceFactoryImpl@267d630
02-21 11:39:44.394 I/QosMonitor( 1926): postEventFromNative: msg=100,arg1=0,arg2=10
02-21 11:39:44.394 I/MQoS    ( 1926): rtt=400,tcpTxPkts=339780,tcpRxPkts=425290
02-21 11:39:44.394 E/bastetd ( 1486): [ProxySocket    ] NotifySocketErrState# No record found by comm prop, state=196619
02-21 11:39:44.395 I/HwConnectivityServiceEx( 1926): set 1000, metered: false, value: false
02-21 11:39:44.396 E/MQoS    ( 1926): unkown RAT!
02-21 11:39:44.396 I/MQoS    ( 1926): QOS_level:5(5),wifi-link;use signalLvl:5;RAT:unknownRAT
02-21 11:39:44.396 I/HuaweiWifiWatchdogStateMachine( 1926): PTcp RTT:400, rtt pkt=60, tcp_rx=115, tcp_tx=126, tcp_reTran=0, rtRate=0
02-21 11:39:44.396 I/HuaweiWifiWatchdogStateMachine( 1926): rssi bad, mrssi=-31 < TargetRssi=-29
02-21 11:39:44.396 I/HuaweiWifiWatchdogStateMachine( 1926): adjustTargetPoorRssi current mrssi=-31, ajust poor target rssi from:-29 to -30
02-21 11:39:44.397 I/HuaweiWifiWatchdogStateMachine( 1926): start computeQosLevel tcpRtt = 400 ,rssi = -31 ,mBestSpeedInPeriod = 6081
02-21 11:39:44.397 I/HuaweiWifiWatchdogStateMachine( 1926): smoothConsecutiveQosResults, currentQosLevel = 3
02-21 11:39:44.398 I/QosMonitor( 1926): resetRtt: rttType = 3
02-21 11:39:44.398 I/QosMonitor( 1926): call ctrlHwWifiNetwork
02-21 11:39:44.414 I/AudioFlinger(  977): thread 0x74463a0700 type 0 TID 1570 waking up
02-21 11:39:44.414 I/AudioFlinger(  977): thread 0x74363d9b80 type 0 TID 1608 waking up
02-21 11:39:44.415 I/AudioFlinger(  977): queryLowlatencyUid=10824 getParametersEx with result false
02-21 11:39:44.415 I/AudioFlinger(  977): acquireWakeLock_l() AudioOut_D status 0 mWakeLockToken 0x744639d0d0
02-21 11:39:44.415 I/AudioFlinger(  977): acquireWakeLock_l() AudioOut_15 status 0 mWakeLockToken 0x744639cfb0
02-21 11:39:44.415 I/PowerManagerService( 1926): acquireWakeLockAsync into.
02-21 11:39:44.416 I/AudioFlinger(  977): use primary output for apps which not in white list.
02-21 11:39:44.416 I/PowerManagerService( 1926):  schedul eye detect nextTimeout: 31960659 now: 31910973 mRemainTime: 10000
02-21 11:39:44.417 I/AudioFlinger(  977): queryLowlatencyUid=10824 getParametersEx with result false
02-21 11:39:44.417 I/AudioFlinger(  977): use primary output for apps which not in white list.
02-21 11:39:44.418 I/PowerManagerService( 1926): acquireWakeLockAsync into.
02-21 11:39:44.418 V/APM_AudioPolicyManager(  977): listAudioPorts() role 0 type 0 num_ports 0 ports 0x74462092d8
02-21 11:39:44.418 V/APM_AudioPolicyManager(  977): listAudioPorts() got 0 ports needed 10
02-21 11:39:44.418 V/APM_AudioPolicyManager(  977): listAudioPorts() role 0 type 0 num_ports 10 ports 0x74364ed140
02-21 11:39:44.418 V/APM_AudioPolicyManager(  977): listAudioPorts() got 10 ports needed 10
02-21 11:39:44.419 I/PowerManagerService( 1926):  schedul eye detect nextTimeout: 31960659 now: 31910976 mRemainTime: 10000
02-21 11:39:44.419 W/ProcBatteryStats( 1926): timer is running , not start, name: audioserver, uid: 1041, tag: AudioMix
02-21 11:39:44.422 I/hwschromium-21311(20309): [INFO:audio_latency.cc(179)] audioHardwareBufferSize = 960
02-21 11:39:44.423 I/AudioFlinger(  977): queryLowlatencyUid=10824 getParametersEx with result false
02-21 11:39:44.423 I/AudioFlinger(  977): use primary output for apps which not in white list.
02-21 11:39:44.423 I/AudioFlinger(  977): queryLowlatencyUid=10824 getParametersEx with result false
02-21 11:39:44.423 I/AudioFlinger(  977): use primary output for apps which not in white list.
02-21 11:39:44.424 I/AudioFlinger(  977): queryLowlatencyUid=10824 getParametersEx with result false
02-21 11:39:44.424 I/AudioFlinger(  977): use primary output for apps which not in white list.
02-21 11:39:44.424 I/AudioFlinger(  977): queryLowlatencyUid=10824 getParametersEx with result false
02-21 11:39:44.424 I/AudioFlinger(  977): use primary output for apps which not in white list.
02-21 11:39:44.424 I/AudioFlinger(  977): queryLowlatencyUid=10824 getParametersEx with result false
02-21 11:39:44.424 I/AudioFlinger(  977): use primary output for apps which not in white list.
02-21 11:39:44.425 I/SysUtils(20149): build factory is HUAWEI
02-21 11:39:44.426 I/libOpenSLES(20149): IEngine_CreateAudioPlayer g_pcmSrcLen is 65
02-21 11:39:44.426 V/APM_AudioPolicyManager(  977): AudioPolicyManager: Bluetooth device
02-21 11:39:44.426 D/ultilanglearne(20149): PlayerBase::PlayerBase()
02-21 11:39:44.427 D/ultilanglearne(20149): TrackPlayerBase::TrackPlayerBase()
02-21 11:39:44.427 I/libOpenSLES(20149): Emulating old channel mask behavior (ignoring positional mask 0x3, using default mask 0x3 based on channel count of 2)
02-21 11:39:44.427 E/AudioSystem(20149): invalid stream type AUDIO_STREAM_DEFAULT when converting to attributes
02-21 11:39:44.427 I/AudioPolicyManagerCustomImpl(  977): sample rate: 48000, format: 0x5, channel_mask: 0x3usage=0 content=0 flags=0x0 tags=bitsPerSample: 32, channelCount = 2 streamType =3
02-21 11:39:44.428 I/audio_hw_direct(  943): [adev_get_direct_devices_parameters:957]: get direct_devices (545259532)
02-21 11:39:44.428 I/AudioPolicyManagerCustomImpl(  977): IsA2dpDeviceOffloaded on primary 0
02-21 11:39:44.428 W/AudioPolicyManagerCustomImpl(  977): isDirectOutputSupported: headset is not onsite, not support
02-21 11:39:44.428 W/AudioPolicyManagerCustomImpl(  977): isDirectOutputSupported: is unsupport stream
02-21 11:39:44.430 I/AudioPolicyIntefaceImpl(  977): getOutputForAttr() session 2169, attr->flags 0x0, flags 0x104, selectedDeviceId 0, pid 20149, uid 10824
02-21 11:39:44.430 V/AudioPolicyIntefaceImpl(  977): getOutputForAttr()
02-21 11:39:44.431 V/APM_AudioPolicyManager(  977): getOutputForAttrInt() attributes={ Content type: AUDIO_CONTENT_TYPE_UNKNOWN Usage: AUDIO_USAGE_MEDIA Source: AUDIO_SOURCE_DEFAULT Flags: 0x0 Tags:  } stream=AUDIO_STREAM_MUSIC session 2169 selectedDeviceId 0
02-21 11:39:44.431 I/APM_HwAudioPolicyMix(  977): getOutputForAttr() querying 0 mixes, flags 104, pid 20149, uid 10824, stream 3
02-21 11:39:44.431 V/APM_AudioPolicyManager(  977): getOutputForAttrInt() device {type:0x2,@:}, sampling rate 48000, format 0x5, channel mask 0x3, flags 0x104 stream AUDIO_STREAM_MUSIC
02-21 11:39:44.432 I/AudioPolicyManagerCustomImpl(  977): queryLowlatencyUid=10824 mAPM->mpClientInterface->getParameters with result false
02-21 11:39:44.432 V/APM_AudioPolicyManager(  977): getOutputForDevice() stream 3, flags 100, forceMutingHaptic 0
02-21 11:39:44.432 V/APM_AudioPolicyManager(  977): openDirectOutput flags 0x100 0x1
02-21 11:39:44.433 D/HuaweiAudioFlinger(  977): dspHvsStatus 0 mDspOffloadStatus 0
02-21 11:39:44.433 I/APM_AudioPolicyManager(  977): dont opendirect for dsp hvs off
02-21 11:39:44.433 V/APM_AudioPolicyManager(  977): selectOutput new bestOutput 13 criteria 0 0 0 0 0 0 4 2 
02-21 11:39:44.433 V/APM_AudioPolicyManager(  977): getOutputForDevice() select output 13 from 2 outputs for device 0x2
02-21 11:39:44.433 I/APM_AudioPolicyManager(  977): getOutputForDevices() output 13, stream 3, sampling rate 48000, format 0x5, channels 0x3, flags 0x100
02-21 11:39:44.433 V/APM_AudioPolicyManager(  977): getOutputForAttrInt returns output 13 selectedDeviceId 3
02-21 11:39:44.433 I/HiView  (  977): Begin report 992719539
02-21 11:39:44.433 I/HiEvent (  977): Flatten done: 992719539
02-21 11:39:44.433 I/APM_AudioPolicyManager(  977): getOutputForAttr() returns output 13 requestedPortId 0 selectedDeviceId 3 for port ID 295 device type:0x2,@:
02-21 11:39:44.433 D/AudioFlinger(  977): createTrack getOutputForAttr res 0 sessionId 2169 outputId 13 output streamType 3 input format 0x5 input channel_mask 0x3 callingUid 10824 callingPid 20149 pkgName com.multilanglearner
02-21 11:39:44.433 I/AudioFlinger(  977): createTrack() sessionId: 2169
02-21 11:39:44.433 W/AudioFlinger(  977): createTrack_l(): mismatch between requested flags (00000104) and output flags (00000002)
02-21 11:39:44.433 D/HuaweiAudioFlinger(  977): dspHvsStatus 0 mDspOffloadStatus 0
02-21 11:39:44.433 I/AudioFlinger(  977): Client defaulted notificationFrames to 960 for frameCount 1924
02-21 11:39:44.433 I/AudioFlinger(  977): createTrack_l : sharedBuffer=0x0 requestframeCnt=0 actualframeCnt=1924 halFrameCount=960 format=0x5 mFormat=0x3 channelMask=0x3 sampleRate=48000 mSampleRate=48000 requestflags=0x104 actualflags=0 outputflags=0x2 requestnotificationFrameCount=0, notificationFrameCount=960, hasFastMixer=0 pid=20149 tid=20388
02-21 11:39:44.435 I/AF::TrackHandle(  977): OpPlayAudio: track:321 usage:1 not muted
02-21 11:39:44.437 I/AudioFlinger(  977): DevSched: uid is 10824, factor is 1.000000, mode_eq is 0
02-21 11:39:44.439 I/HiView  ( 1511): Begin report 916400001
02-21 11:39:44.439 D/AudioTrack(20149): createTrack_l(0): AUDIO_OUTPUT_FLAG_FAST denied by server; frameCount 0 -> 1924
02-21 11:39:44.439 I/AudioTrack(20149): setVolumeLR : 1.000000
02-21 11:39:44.439 I/PGAudioState( 2771): AUDIO_CREATAE_TRACK, audioInfo : [trackId : 321, sessionId : 2169, type : audio_out, threadType : MIXER, streamType : MUSIC, pid : 20149, uid : 10824, createState : new, playState : stop, audioTrackVolume: 1.0, finalVolume : 0.0, loop : false, stopByZeroTime : 0]
02-21 11:39:44.439 I/HiEvent ( 1511): Flatten done: 916400001
02-21 11:39:44.441 I/HwAudioService( 1926): getPackageNameByPid,  packageName=com.multilanglearner
02-21 11:39:44.441 I/AudioService.PlaybackActivityMonitor( 1926): trackPlayer() new piid=2287
02-21 11:39:44.476 I/PowerManagerService( 1926):  schedul eye detect nextTimeout: 31960659 now: 31911034 mRemainTime: 10000
02-21 11:39:44.485 I/OllieModemStatusUnsolInfo( 2724): NR RSRP changed :-88  slotId:0
02-21 11:39:44.486 I/OllieMsgCenter( 2724): publishEvt=2131231328
02-21 11:39:44.486 I/NetworkPredictMatcher( 2724): checkIsNr netType: 6masterSlotId: 0
02-21 11:39:44.486 I/NetworkPredictMatcher( 2724): checkIsNr netType: 6masterSlotId: 0
02-21 11:39:44.486 I/NetworkPredictMatcher( 2724): checkIsNr netType: 6masterSlotId: 0
02-21 11:39:44.486 I/NetworkPredictMatcher( 2724): checkIsNr netType: 6masterSlotId: 0
02-21 11:39:44.488 I/MQoS    ( 1926): onSignal: mSubId=0,currDataSubID=0
02-21 11:39:44.489 I/OllieMsgCenter( 2724): publishEvt=2131099741
02-21 11:39:44.490 I/NetworkPredictMatcher( 2724): checkIsNr netType: 6masterSlotId: 0
02-21 11:39:44.490 I/NetworkPredictMatcher( 2724): checkIsNr netType: 6masterSlotId: 0
02-21 11:39:44.490 I/NetworkPredictMatcher( 2724): checkIsNr netType: 6masterSlotId: 0
02-21 11:39:44.490 I/NetworkPredictMatcher( 2724): checkIsNr netType: 6masterSlotId: 0
02-21 11:39:44.491 I/MQoS    ( 1926): received cell-signal:5
02-21 11:39:44.495 D/Hicom_TelephonyUtil( 2724): onSignalStrengthsChanged
02-21 11:39:44.495 D/Hicom_TelephonyUtil( 2724): handleSignalStrengthsChanged slotId:0
02-21 11:39:44.685 I/PowerManagerService( 1926):  schedul eye detect nextTimeout: 31960659 now: 31911243 mRemainTime: 10000
02-21 11:39:44.733 E/AwareLog( 1926): CpuHighFgControl: getContentWithOneLine file not exists or canot read!
02-21 11:39:44.743 I/TrafficMonitor( 1926): update:rxPkts:121,txPkts:120,rxBytes:57465,txBytes:20769
02-21 11:39:44.743 I/TrafficMonitor( 1926): no expired. level:3
02-21 11:39:44.743 I/TrafficMonitor( 1926): gettimer:interval=2000
02-21 11:39:44.744 I/TrafficMonitor( 1926): during_ms:2005,period_ms:2000
02-21 11:39:44.744 I/TrafficMonitor( 1926): count:50,rx_sum:121,tx_sum:120,rxBytes:57465,during_ms:2005,rx_speed:28660.847880299254,tx_speed:10358.60349127182,rto:1.0083333333333333
02-21 11:39:44.744 I/HuaweiWifiWatchdogStateMachine( 1926): Get speed information rx_speed = 28660 ,tx_speed = 10358 ,isSpeedOk = true ,mBestSpeedInPeriod = 28660
02-21 11:39:44.922 I/OllieMsgCenter( 2724): publishEvt=2135097353
02-21 11:39:44.927 D/hmi_service(10503): [RecvFromKernel:160] no data, m_netlinkFd: 3
02-21 11:39:44.928 I/ArHal   (  931): (ArDataNetlinkCb:945):cmd[2].length[24]
02-21 11:39:44.928 I/AR_impl (  931): ActChangedCb start count[1]
02-21 11:39:44.955 I/CAWARENESS_34468_MsdpMotionParser( 5620): parseMsdpEvent count: 1 state: MsdpMotionTransportState{abilityType=6, eventType=exit, timestampNs=31907539842331, confidence=-1, extra=}
02-21 11:39:44.956 I/CAWARENESS_34468_MsdpMotionReportInfoMap( 5620): update relative_still exit result is true
02-21 11:39:44.957 I/CAWARENESS_34468_AbilityContext( 5620): [1771645189902] deliver {dataId=100000076, mode=0} to 3 receivers
02-21 11:39:44.964 I/CAWARENESS_34468_MotionCompatibleFence( 5620): triggerForOldInterface this: 25013922
02-21 11:39:44.965 I/CAWARENESS_34468_CompatibleFenceTrigger( 5620): fenceName AwarenessFence{1, 4, 1023}pkgName : com.huawei.systemserver
02-21 11:39:44.965 I/CAWARENESS_34468_CompatibleFenceTrigger( 5620): triggerForMotion with PendingIntent
02-21 11:39:44.965 I/CAWARENESS_34468_AbilityContext( 5620): [1771645189910] subscribe list is empty
02-21 11:39:44.967 I/ActivityManager( 1926): sendIntentSender target:PendingIntentRecord{7f7cc41 com.huawei.systemserver broadcastIntent}, intent:hwFlg=0x10
02-21 11:39:44.968 I/MsdpMovementManager( 2724): new movement state: unknown state
02-21 11:39:44.968 I/OllieMsgCenter( 2724): publishEvt=2130771993
02-21 11:39:44.969 D/ForegroundDataOpt( 2724): handleMovementState movementStat=1
02-21 11:39:44.969 I/TopAppExperienceChr( 2724): EVENT_MSDP_MOVEMENT_STATE_CHANGED: 1
02-21 11:39:44.969 W/ActivityManager( 1926): Sending non-protected broadcast android.intent.action.movement_fence_triggered from system uid 1000 pkg com.huawei.systemserver
02-21 11:39:44.970 W/ActivityManager( 1926): Sending non-protected broadcast android.intent.action.movement_fence_triggered from system uid 1000 pkg com.huawei.systemserver
02-21 11:39:44.970 I/AR_impl (  931): able to onActivityChangedV1_1
02-21 11:39:44.970 I/AR_impl (  931): ActChangedCb end, pid[931]
02-21 11:39:44.970 I/NetworkPredictMatcher( 2724): checkIsNr netType: 6masterSlotId: 0
02-21 11:39:44.970 I/NetworkPredictMatcher( 2724): checkIsNr netType: 6masterSlotId: 0
02-21 11:39:44.970 I/NetworkPredictMatcher( 2724): checkIsNr netType: 6masterSlotId: 0
02-21 11:39:44.971 I/NetworkPredictMatcher( 2724): checkIsNr netType: 6masterSlotId: 0
02-21 11:39:44.971 I/IntelligentNetwork( 2724): CellFenceProcessor MovementStateChange
02-21 11:39:44.971 I/MetroMapRecognize( 2724): onMovementStateChanged, movement state change
02-21 11:39:44.971 I/highSpeedRailCacheEngine( 2724): handleMessage2130771993
02-21 11:39:44.971 I/MetroMapRecognize( 2724): OutOfMetroState processMessage 11
02-21 11:39:44.971 I/MetroMapRecognize( 2724): Parent processMessage 11
02-21 11:39:44.971 I/highSpeedRailCacheEngine( 2724): handleMessage4
02-21 11:39:44.972 I/OllieMsgCenter( 2724): publishEvt=2130771987
02-21 11:39:44.998 E/bastetd ( 1486): [ProxySocket    ] NotifySocketErrState# No record found by comm prop, state=196619
02-21 11:39:44.999 D/HwCommBoosterService( 2724): reportBoosterPara enter
02-21 11:39:44.999 D/HwCommBoosterManager( 2724): reportBoosterPara enter
02-21 11:39:45.000 D/HwCommBoosterManager( 2724): pluginId: 2
02-21 11:39:45.001 D/HwCommBoosterManager( 2724): handleBoosterMessageSendModuleDataToPlugin enter
02-21 11:39:45.042 I/WifiNl80211Manager( 1926): Noise: -75, Snr: 43, Chload: 71, rssi: -31, txBitrate: 2401, rxBitrate: 2401, frequency: 5200, UlDelay: 1, currentTxBytes: 247280802, currentTxPackets: 343178, currentTxFailed: 0, currentRxBytes: 691716687, currentRxPackets: 630283
02-21 11:39:45.044 V/HwWifiServiceFactory( 1926): get AllImpl object = com.android.server.wifi.HwWifiServiceFactoryImpl@267d630
02-21 11:39:45.086 E/bastetd ( 1486): [ProxySocket    ] NotifySocketErrState# No record found by comm prop, state=196619
02-21 11:39:45.103 D/AwareLog( 1522): iawared: DoHighCpuUsageWork 2s.
02-21 11:39:45.108 D/AwareLog( 1522): iawared: getline line is = 16047 124860864960000
02-21 11:39:45.108 D/AwareLog( 1522): 
02-21 11:39:45.108 D/AwareLog( 1522): iawared: GetTaskCpuLoad start.
02-21 11:39:45.108 D/AwareLog( 1522): iawared: getTaskCpuLoad clock_time_diff = 2007
02-21 11:39:45.109 D/AwareLog( 1522): iawared: getTaskCpuLoad proc_cputime_diff = -858000000
02-21 11:39:45.109 D/AwareLog( 1522): iawared: getTaskCpuLoad end, cpu load less than last use
02-21 11:39:45.109 D/AwareLog( 1522): iawared: getline line is = 30892 44112250656000
02-21 11:39:45.109 D/AwareLog( 1522): 
02-21 11:39:45.109 D/AwareLog( 1522): iawared: GetTaskCpuLoad start.
02-21 11:39:45.109 D/AwareLog( 1522): iawared: getTaskCpuLoad clock_time_diff = 2007
02-21 11:39:45.109 D/AwareLog( 1522): iawared: getTaskCpuLoad proc_cputime_diff = 0
02-21 11:39:45.109 D/AwareLog( 1522): iawared: getTaskCpuLoad end, cpu load less than last use
02-21 11:39:45.109 D/AwareLog( 1522): iawared: getline line is = 27091 138545476584000
02-21 11:39:45.109 D/AwareLog( 1522): 
02-21 11:39:45.109 D/AwareLog( 1522): iawared: GetTaskCpuLoad start.
02-21 11:39:45.109 D/AwareLog( 1522): iawared: getTaskCpuLoad clock_time_diff = 2007
02-21 11:39:45.109 D/AwareLog( 1522): iawared: getTaskCpuLoad proc_cputime_diff = 2917200000
02-21 11:39:45.109 D/AwareLog( 1522): iawared: GetTaskCpuLoad end, task pid is 27091, task load percent is 0.012700 
02-21 11:39:45.109 D/AwareLog( 1522): iawared: getTaskCpuLoad end, cpu load less than last use
02-21 11:39:45.110 D/AwareLog( 1522): iawared: getline line is = 6587 3317748984000
02-21 11:39:45.110 D/AwareLog( 1522): 
02-21 11:39:45.110 D/AwareLog( 1522): iawared: GetTaskCpuLoad start.
02-21 11:39:45.110 D/AwareLog( 1522): iawared: getTaskCpuLoad clock_time_diff = 2009
02-21 11:39:45.110 D/AwareLog( 1522): iawared: getTaskCpuLoad proc_cputime_diff = 0
02-21 11:39:45.110 D/AwareLog( 1522): iawared: getTaskCpuLoad end, cpu load less than last use
02-21 11:39:45.110 D/AwareLog( 1522): iawared: getline line is = 13689 595613248000
02-21 11:39:45.110 D/AwareLog( 1522): 
02-21 11:39:45.110 D/AwareLog( 1522): iawared: GetTaskCpuLoad start.
02-21 11:39:45.110 D/AwareLog( 1522): iawared: getTaskCpuLoad clock_time_diff = 2009
02-21 11:39:45.110 D/AwareLog( 1522): iawared: getTaskCpuLoad proc_cputime_diff = 0
02-21 11:39:45.110 D/AwareLog( 1522): iawared: getTaskCpuLoad end, cpu load less than last use
02-21 11:39:45.110 D/AwareLog( 1522): iawared: this line is null or len is zero, continue read next.
02-21 11:39:45.185 I/FWK-VideoStateMachine(27091): onBufferingUpdateListener in state:PausedState percent:50
02-21 11:39:45.185 I/FWK-HwVideoView(27091): onBufferingUpdate percent:50
02-21 11:39:45.284 I/Booster_Qoe( 2724): Ada,index:8,NisPsSlow:0,NProba:323,rsrp(rssi):-40,rsrq(noise):-75,rtt(chload):71,BFH(uldelay):1,BFC(rtt):0 Real:0,0,0,0,0
02-21 11:39:45.284 I/Booster_Qoe( 2724): Ada,index:2,NisPsSlow:0,NProba:323,rsrp(rssi):-40,rsrq(noise):-75,rtt(chload):71,BFH(uldelay):1,BFC(rtt):45 Real:0,0,45,0,0
02-21 11:39:45.285 E/Booster_BroadcastProxy( 2724): [isDebugModemEnabled]get package info fail.
02-21 11:39:45.287 I/WiFi_PRO_WifiProStateMachine( 1926): APP_SERVICE_QOE_NOTIFY Qoe info 10824,4,0,323,1,2,4,0,323,2401900,2401900,11,10,0,134,404,0 CID 2 mMasterWifiRssi -31 mMasterCardAmbr 2000000 mSlaveCardAmbr 1048576
02-21 11:39:45.288 V/HwWifiServiceFactory( 1926): get AllImpl object = com.android.server.wifi.HwWifiServiceFactoryImpl@267d630
02-21 11:39:45.288 I/HwWifiProServiceProxy( 1926): ctrlHwWifiNetwork pkgName: WIFIPRO_SERVICE interfaceId: 9
02-21 11:39:45.288 I/WiFi_PRO_WifiProStateMachine( 1926): isWifi2WifiProcess = false, mIsNeedIgnoreQoeUpdate = false, mIsAppInBlacklist = false, mIsAppInBlacklistFullScreen = false, mIsWiFiNoInternet false, screen on = true, full screen = false, isLandscapeMode = false, mNotifyWifiLinkPoorReason = -1
02-21 11:39:45.288 I/WiFi_PRO_WifiProStateMachine( 1926): mChannelQoeBadCnt = 0, mAppQoeBadCnt = 0, mNetworkSlowReason = 0, mNetworkSlowChannelBadCnt = 0
02-21 11:39:45.289 V/HwWifiServiceFactory( 1926): get AllImpl object = com.android.server.wifi.HwWifiServiceFactoryImpl@267d630
02-21 11:39:45.289 I/WiFi_PRO_WifiProStateMachine( 1926): getQoeBadReason, economic user app qoe bad 9 time, not handle
02-21 11:39:45.812 D/AudioPolicyService(  977): getUidState(10810) cacheIter->second.first, return cacheIter->second.second(16)
02-21 11:39:45.813 D/AudioPolicyService(  977): getUidState(10810) !cacheIter->second.first, return PROCESS_STATE_UNKNOWN
02-21 11:39:46.006 D/HwCommBoosterService( 2724): reportBoosterPara enter
02-21 11:39:46.007 D/HwCommBoosterManager( 2724): reportBoosterPara enter
02-21 11:39:46.007 D/HwCommBoosterManager( 2724): pluginId: 2
02-21 11:39:46.007 D/HwCommBoosterManager( 2724): handleBoosterMessageSendModuleDataToPlugin enter
02-21 11:39:46.189 I/FWK-VideoStateMachine(27091): onBufferingUpdateListener in state:PausedState percent:50
02-21 11:39:46.189 I/FWK-HwVideoView(27091): onBufferingUpdate percent:50
02-21 11:39:46.230 I/ZrHung.AppEyeTransparentWindow( 1926): TransparentWindow : Window{8e44ac3 u0 com.multilanglearner/com.multilanglearner.MainActivity}
02-21 11:39:46.232 I/ZrHung.AppEyeTransparentWindow(20149): TransparentWindow : com.multilanglearner/com.multilanglearner.MainActivity (by checking view)
02-21 11:39:46.233 I/ZrHung.AppEyeTransparentWindow(20149): TransparentActivityScene find freezeScreen
02-21 11:39:46.233 I/ZrHung.AppEyeTransparentWindow(20149): CURR_PACKAGE: com.multilanglearner
02-21 11:39:46.233 I/ZrHung.AppEyeTransparentWindow(20149): CURR_WINDOW: com.multilanglearner/com.multilanglearner.MainActivity
02-21 11:39:46.233 I/ZrHung.AppEyeTransparentWindow(20149): CURR_ACTIVITY: {com.multilanglearner/com.multilanglearner.MainActivity}
02-21 11:39:46.233 I/ZrHung.AppEyeTransparentWindow(20149): ALPHA: 1.0
02-21 11:39:46.233 I/ZrHung.AppEyeTransparentWindow(20149): TRANSLUCENT: true
02-21 11:39:46.233 I/ZrHung.AppEyeTransparentWindow(20149): ZEROPIXEL: false
02-21 11:39:46.233 I/ZrHung.AppEyeTransparentWindow(20149): SPECIALWINDOW: false
02-21 11:39:46.234 I/ZrHungImpl(20149): sendHiSysEvent. wpId = TRANSPARENT_WINDOWS pid = 0
02-21 11:39:46.236 D/ultilanglearne(20149): size=536, sysevent={"domain_":"FRAMEWORK_WMS","name_":"TRANSPARENT_WINDOWS","type_":1,"time_":1771645186235,"tz_":"+0800","pid_":20149,"tid_":20274,"uid_":10824,"PID":0,"UID":0,"PACKAGE_NAME":"com.multilanglearner","PROCESS_NAME":"com.multilanglearner","MSG":"TransparentActivityScene find freezeScreen\nCURR_PACKAGE: com.multilanglearner\nCURR_WINDOW: com.multilanglearner/com.multilanglearner.MainActivity\nCURR_ACTIVITY: {com.multilanglearner/com.multilanglearner.MainActivity}\nALPHA: 1.0\nTRANSLUCENT: true\nZEROPIXEL: false\nSPECIALWINDOW: false\n"}
02-21 11:39:46.236 D/ultilanglearne(20149): reset send buffer size old=4194304, new=786432
02-21 11:39:46.238 D/ultilanglearne(20149): HiSysEvent send data successful
02-21 11:39:46.273 D/HwActivityTaskManagerServiceEx( 1926): getVisibleTasks() beginning running, callingPid = 1926 , callingUid = 1000
02-21 11:39:46.275 D/HwActivityTaskManagerServiceEx( 1926): getVisibleTasks add visible task to list, topActivity : ActivityRecord{9e4b73f u0 com.multilanglearner/.MainActivity t11080}
02-21 11:39:46.275 D/SWAP_CommIntf( 1926): isAppInForeground: false not in foreground
02-21 11:39:46.278 I/SWAP_KernIntf( 1926): swapoutMemcgByRatio success, pkg=com.android.packageinstaller
02-21 11:39:46.295 I/SmartChgBase/Data( 2786): RawGetDataValue vbat
02-21 11:39:46.295 E/SmartChgBase/File( 2786): file /data/user_de/0/com.huawei.systemmanager/files/smart_charge/base/mock/enable is invalid in IsFileExist
02-21 11:39:46.295 D/SmartChargeImpl( 2786): getHidlValue, hidlTagName = vbat
02-21 11:39:46.296 I/PowerManagerService( 1926): getPowerHidlValue scene: vbat
02-21 11:39:46.296 I/PowerManagerService-JNI( 1926): nativeRtGetPowerHidlValue is NOT null
02-21 11:39:46.300 I/power_hidl(  968): ExeGetState type=vbat
02-21 11:39:46.301 I/power_hidl(  968): get property ro.board.platform=kirin9000s len=92
02-21 11:39:46.301 I/power_hidl(  968): platform is kirin9000s
02-21 11:39:46.312 I/power_hidl(  968): ExeGetState success, type=vbat, index=21, value=4376461
02-21 11:39:46.312 I/power_hidl(  968): 
02-21 11:39:46.312 I/PowerManagerService-JNI( 1926): rtCommGetPowerState powerHidlValue: 4376461
02-21 11:39:46.312 I/PowerManagerService-JNI( 1926): , powerHidlResult: 0
02-21 11:39:46.312 I/PowerManagerService( 1926): nativeRtGetPowerHidlValue: 4376461
02-21 11:39:46.313 I/SmartChgBase/Data( 2786): get scene=vbat, value=4376461
02-21 11:39:46.313 I/SmartChgBase/Data( 2786): , ret=0
02-21 11:39:46.313 I/SmartChgBase/Data( 2786): RawGetDataValue batt_temp
02-21 11:39:46.313 E/SmartChgBase/File( 2786): file /data/user_de/0/com.huawei.systemmanager/files/smart_charge/base/mock/enable is invalid in IsFileExist
02-21 11:39:46.318 I/Booster_Qoe( 2724): Ada,index:8,NisPsSlow:0,NProba:323,rsrp(rssi):-40,rsrq(noise):-75,rtt(chload):71,BFH(uldelay):1,BFC(rtt):0 Real:0,0,0,0,0
02-21 11:39:46.318 I/Booster_Qoe( 2724): Ada,index:2,NisPsSlow:0,NProba:323,rsrp(rssi):-40,rsrq(noise):-75,rtt(chload):71,BFH(uldelay):1,BFC(rtt):48 Real:0,0,48,0,0
02-21 11:39:46.319 E/Booster_BroadcastProxy( 2724): [isDebugModemEnabled]get package info fail.
02-21 11:39:46.320 V/HwWifiServiceFactory( 1926): get AllImpl object = com.android.server.wifi.HwWifiServiceFactoryImpl@267d630
02-21 11:39:46.321 V/HwWifiServiceFactory( 1926): get AllImpl object = com.android.server.wifi.HwWifiServiceFactoryImpl@267d630
02-21 11:39:46.322 I/WiFi_PRO_WifiProStateMachine( 1926): APP_SERVICE_QOE_NOTIFY Qoe info 10824,4,0,323,1,2,4,0,323,2401900,2401900,11,10,0,31,57,0 CID 2 mMasterWifiRssi -31 mMasterCardAmbr 2000000 mSlaveCardAmbr 1048576
02-21 11:39:46.323 V/HwWifiServiceFactory( 1926): get AllImpl object = com.android.server.wifi.HwWifiServiceFactoryImpl@267d630
02-21 11:39:46.323 I/HwWifiProServiceProxy( 1926): ctrlHwWifiNetwork pkgName: WIFIPRO_SERVICE interfaceId: 9
02-21 11:39:46.323 I/WiFi_PRO_WifiProStateMachine( 1926): isWifi2WifiProcess = false, mIsNeedIgnoreQoeUpdate = false, mIsAppInBlacklist = false, mIsAppInBlacklistFullScreen = false, mIsWiFiNoInternet false, screen on = true, full screen = false, isLandscapeMode = false, mNotifyWifiLinkPoorReason = -1
02-21 11:39:46.323 I/WiFi_PRO_WifiProStateMachine( 1926): mChannelQoeBadCnt = 0, mAppQoeBadCnt = 0, mNetworkSlowReason = 0, mNetworkSlowChannelBadCnt = 0
02-21 11:39:46.324 V/HwWifiServiceFactory( 1926): get AllImpl object = com.android.server.wifi.HwWifiServiceFactoryImpl@267d630
02-21 11:39:46.324 I/WiFi_PRO_WifiProStateMachine( 1926): getQoeBadReason, economic user app qoe bad 9 time, not handle
02-21 11:39:46.374 E/bastetd ( 1486): [ProxySocket    ] NotifySocketErrState# No record found by comm prop, state=196619
02-21 11:39:46.387 W/freeze_detector( 1572): type=1400 audit(0.0:22864): avc: denied { dac_read_search } for capability=2 scontext=u:r:logserver:s0 tcontext=u:r:logserver:s0 tclass=capability permissive=0
02-21 11:39:46.387 W/freeze_detector( 1572): type=1400 audit(0.0:22865): avc: denied { dac_override } for capability=1 scontext=u:r:logserver:s0 tcontext=u:r:logserver:s0 tclass=capability permissive=0
02-21 11:39:46.399 W/freeze_detector( 1572): type=1400 audit(0.0:22866): avc: denied { dac_read_search } for capability=2 scontext=u:r:logserver:s0 tcontext=u:r:logserver:s0 tclass=capability permissive=0
02-21 11:39:46.399 W/freeze_detector( 1572): type=1400 audit(0.0:22867): avc: denied { dac_override } for capability=1 scontext=u:r:logserver:s0 tcontext=u:r:logserver:s0 tclass=capability permissive=0
02-21 11:39:46.399 W/freeze_detector( 1572): type=1400 audit(0.0:22868): avc: denied { dac_read_search } for capability=2 scontext=u:r:logserver:s0 tcontext=u:r:logserver:s0 tclass=capability permissive=0
02-21 11:39:46.399 W/freeze_detector( 1572): type=1400 audit(0.0:22869): avc: denied { dac_override } for capability=1 scontext=u:r:logserver:s0 tcontext=u:r:logserver:s0 tclass=capability permissive=0
02-21 11:39:46.621 I/Thermal-daemon:hw_thermal( 1514): [battery] tempNew :36  tempOld :35
02-21 11:39:46.623 I/Thermal-daemon:hw_thermal( 1514): Report temperature: [battery] temp :36  reportThreshold:1
02-21 11:39:46.624 I/Thermal-daemon:hw_thermal( 1514): [charger_ic] tempNew :41  tempOld :42
02-21 11:39:46.625 I/Thermal-daemon:hw_thermal( 1514): Report temperature: [charger_ic] temp :41  reportThreshold:1
02-21 11:39:46.626 I/Thermal-daemon:hw_thermal( 1514): [ap] tempNew :41  tempOld :42
02-21 11:39:46.626 I/Thermal-daemon:hw_thermal( 1514): Report temperature: [ap] temp :41  reportThreshold:1
02-21 11:39:46.634 W/AwareLog( 2771): UniScheduleDMEPlugin: add load record in temp
02-21 11:39:46.634 W/AwareLog( 2771): UniScheduleDMEPlugin: downgradeSwitch is not open.
02-21 11:39:46.749 I/TrafficMonitor( 1926): update:rxPkts:20,txPkts:22,rxBytes:6922,txBytes:10365
02-21 11:39:46.749 I/TrafficMonitor( 1926): gettimer:interval=2000
02-21 11:39:46.870 I/aptouch_daemon( 1202): status=0xa02
02-21 11:39:46.871 E/aptouch_daemon( 1202): TsaFrame::UpdateStatusIdle[1866]idle out.
02-21 11:39:46.871 E/aptouch_daemon( 1202): TsaFrame::CheckAfeStatus[1927][1]afe[266 70 0xa02] [ctrl:0X40020 ftr:0X630140] dif[135 -36] raw[33884 30498] [exp:0X0 aN:0 lo:0]
02-21 11:39:46.884 I/aptouch_daemon( 1202): touch:1, down:1(+0)
02-21 11:39:46.886 D/fingersense_manager( 1926): Calling fingersense_classify_touch()
02-21 11:39:46.886 I/osfingersense( 1926): fingersense_classify_touch: entrance status_2, v8.8.8 with 1.0 bin
02-21 11:39:46.886 I/osfingersense( 1926): touch down-id: 0
02-21 11:39:46.887 I/osfingersense( 1926): Acc read ok
02-21 11:39:46.887 I/osfingersense( 1926): osf: wait tp event in
02-21 11:39:46.887 I/osfingersense( 1926): fingersense_classify_touch: X = 768.500000, Y = 936.875000, P = 416.000000, H = 0.411592, N A = 0.160305, N S = 0.020745, M U = 143.437500, A = 524.000000, G = 66.000000, Z = 0, P M F = 293.437347, M F = 693.110840
02-21 11:39:46.887 I/osfingersense( 1926): fingersense_classify_touch: B--M--U
02-21 11:39:46.887 I/osfingersense( 1926): fingersense_classify_touch acc model off
02-21 11:39:46.888 I/osfingersense( 1926): fingersense_classify_touch: Part IV
02-21 11:39:46.888 I/osfingersense( 1926): Part IV B
02-21 11:39:46.888 I/osfingersense( 1926): fingersense_classify_touch: inference = 0
02-21 11:39:46.888 D/fingersense_manager( 1926): fingersense_classify_touch() finished
02-21 11:39:46.888 I/InputReader( 1926): UL_Input first down
02-21 11:39:46.889 I/AGPService( 1496): Bn-> set touch event - 1
02-21 11:39:46.889 I/AGPService( 1496): AppDynamicFps: change lcd freq to 120 - touch id is 1
02-21 11:39:46.889 I/AGPService( 1496): FrameRateManager:[CheckAnimationTimeOut] timeout animation check Before 0, After 0
02-21 11:39:46.889 I/AGPService( 1496): FrameRateManager:[HandleFrameRateRefresh] currPkgName: com.multilanglearner, strategyCode 1241: dynamicCode 1, isFactor 0, min 30, max 120, down 120, idle 60
02-21 11:39:46.889 D/AGPService( 1496): FrameRateManager:[GetUiAnimationData] not support LTPO2.0
02-21 11:39:46.890 I/AGPService( 1496): FrameRateManager:[JudgeFinalLcdFps] sceneinfo(0, -2, 0, 0);touchinfo(1, 0, 0, 120);isFHF 0 animFps -1 sfFps 0 pkg  isSurface 1
02-21 11:39:46.890 I/AGPService( 1496): FrameRateManager:[JudgeFinalLcdFps] Finish judging and final lcd fps: 120
02-21 11:39:46.890 D/AGPService( 1496): Bp<- displayGetFps
02-21 11:39:46.890 D/HW_DISPLAY_TEST(  951): display_get_fps: Get FPS successful
02-21 11:39:46.891 D/HW_DISPLAY_TEST(  951): display_get_fps: open file /sys/class/graphics/fb0/lcd_fps_scence:current_fps:60;default_fps:120;support_fps_list:30,60,90,120;product_panel_num:2;current_panel_id:1;panel_id:0;panel_type:LTPO1;support_fps:30,60,90,120;panel_id:1;panel_type:LTPO1;support_fps:30,60,90,120
02-21 11:39:46.891 D/HW_DISPLAY_TEST(  951):  success
02-21 11:39:46.892 I/NavigationBarPolicy( 1926): pointY:936.875realSize.y:2504HIT_REGION_TO_MAX:35
02-21 11:39:46.893 I/AGPService( 1496): display get fps - current_fps:60;default_fps:120;support_fps_list:30,60,90,120;product_panel_num:2;current_panel_id:1;panel_id:0;panel_type:LTPO1;support_fps:30,60,90,120;panel_id:1;panel_type:LTPO1;support_fps:30,60,90,120
02-21 11:39:46.893 I/PowerManagerService( 1926):  schedul eye detect nextTimeout: 31966438 now: 31913450 mRemainTime: 10000
02-21 11:39:46.893 D/AGPService( 1496): FrameRefreshThread: set refreshrate - 120
02-21 11:39:46.893 I/AGPService( 1496): FrameRateManager:[SetActiveConfigByFps] reset Pkg isSurface, AnimFps -1, fps to sf 120
02-21 11:39:46.893 D/surfaceflinger(  980): getRefreshRateFromFps: get target refresh rate fps 120
02-21 11:39:46.893 I/SurfaceFlingerEx(  980): SetAGPActiveConfig: agp set fps 120, currentFps 60, hasBuffer 0, isFling 0, packageName 
02-21 11:39:46.894 I/AGPService( 1496): FrameRateManager: set active config - fps 120 pkgName  isSurface 1
02-21 11:39:46.894 I/AGPService( 1496): ScheduleProxy:[SendSlideRefreshRate] refreshrate - 120
02-21 11:39:46.894 I/Sched hal(  958): SlideResMng receive currentFps = 120
02-21 11:39:46.894 I/vendor.huawei.hardware.hwsched@1.0-service(  958): [SlidResMng]: lastFpsAGP is 60: current is 120
02-21 11:39:46.894 I/vendor.huawei.hardware.hwsched@1.0-service(  958): [SlidResMng]: Ioctl SetPara!
02-21 11:39:46.894 E/AGPService( 1496): FrameRateManager: iaware strange app type: -1
02-21 11:39:46.894 D/AGPService( 1496): FrameRateManager: NotifyPackageUpdatedToITouch: currPkgName - com.multilanglearner, type - -1, lcdFps - 120
02-21 11:39:46.895 D/ITouchService( 1496): GameSceneManager: game scene not changed, set game mode returned
02-21 11:39:46.895 E/ITouchService( 1496): itouch OneFrameDetect instance is nullptr or oneFrameSwitch is not change
02-21 11:39:46.895 I/HwViewRootImpl(20149): Add sceneId 11 topId: 14
02-21 11:39:46.895 W/Settings(20149): Setting device_provisioned has moved from android.provider.Settings.Secure to android.provider.Settings.Global.
02-21 11:39:46.896 V/HiTouch_HiTouchSensor(20149): User setup is finished.
02-21 11:39:46.901 W/ultilanglearne(20149): Accessing hidden method Landroid/view/MotionEvent;->getEventTimeNano()J (unsupported, reflection, allowed)
02-21 11:39:46.903 D/HwDragEnhancementImpl(20149): handleTimerDrag: false
02-21 11:39:46.907 D/SurfaceFlinger(  980): getRefreshRateFromFps: get target refresh rate fps 120
02-21 11:39:46.907 I/SurfaceFlinger(  980): changeRefreshRate: new mode 0, fps 120, active display 1
02-21 11:39:46.907 D/DisplayDevice(  980): setDesiredActiveMode({id=0, hwcId=0, width=1080, height=2504, refreshRate=120.00fps, dpiX=415.64, dpiY=415.70, group=0}) on display 1
02-21 11:39:46.907 I/DisplayDevice(  980): initiateModeChange: change to mode 0(120fps) on display 1
02-21 11:39:46.907 W/Choreographer(20149): Frame time is 22.828032 ms in the future!  Check that graphics HAL is generating vsync timestamps using the correct timebase.
02-21 11:39:46.907 W/HDM[core](  946): SetActiveAttrId:1459: Attr Id:0, active Fps : 120, Dvfs Fps : 120
02-21 11:39:46.926 I/VSyncPredictor(  980): setPeriod: 8333333
02-21 11:39:46.926 I/OllieMsgCenter( 2724): publishEvt=2135097353
02-21 11:39:46.930 D/DisplayDevice(  980): setActiveMode: new mode 0, old mode 2, on display 1
02-21 11:39:46.930 D/SurfaceFlinger(  980): getRefreshRateFromFps: get target refresh rate fps 120
02-21 11:39:46.930 D/SurfaceFlinger(  980): performSetActiveMode: already at the requested mode 0 on display 1
02-21 11:39:46.932 I/DisplayDeviceRepository( 1926): changed: ddi{内置屏幕,1080x2504,5,5,0,[0, 7, 9],HC{[2, 3],500.0,102.0,1.0},false,false,1000000,13333333,{(0,117-0,0){0,0,0,0}{[(0,0-0,0),(507,0-573,117),(0,0-0,0),(0,0-0,0)]}{{1080,2504,{3.125},{M-33,117l66,0l0,-117l-66,0z},{0},{1.0}}}},2,0,1,2,0.0,1.0,0.5,2,4,8}
02-21 11:39:46.934 I/DisplayInfo( 1926): diff:131072
02-21 11:39:46.934 I/DisplayManagerService( 1926): add only fps displayId:0
02-21 11:39:46.934 I/InputManager-JNI( 1926): Viewport [0] to add: Viewport INTERNAL: displayId=0, uniqueId=local:1, port=1, orientation=0, logicalFrame=[0, 0, 1080, 2504], physicalFrame=[0, 0, 1080, 2504], deviceSize=[1080, 2504], isActive=[1], isActive: true
02-21 11:39:46.934 I/InputManager-JNI( 1926): Viewport [1] to add: Viewport EXTERNAL: displayId=1, uniqueId=local:0, port=0, orientation=3, logicalFrame=[0, 0, 2224, 2496], physicalFrame=[257, 0, 2238, 2224], deviceSize=[2224, 2496], isActive=[0], isActive: false
02-21 11:39:46.934 I/WindowManager( 1926): return DEFAULT_DISPLAY for non-DesktopMode.
02-21 11:39:46.934 I/HwMediaSessionServiceEx( 1926): MediaDisplayEventReceiver onDisplayChanged: 0
02-21 11:39:46.935 I/InputReader( 1926): Reconfiguring input devices, changes=DISPLAY_INFO | 
02-21 11:39:46.935 I/InputReader( 1926): findViewport: 2
02-21 11:39:46.935 I/HwMultiDisplayManager( 1926): onDisplayChanged: 0
02-21 11:39:46.935 I/InputReader( 1926): findViewport: 2
02-21 11:39:46.935 I/InputReader( 1926): findViewport: 2
02-21 11:39:46.935 I/InputReader( 1926): findViewport: 2
02-21 11:39:46.935 I/InputReader( 1926): findViewport: 2
02-21 11:39:46.935 I/InputReader( 1926): findViewport: 2
02-21 11:39:46.937 I/HwDisplayInfo( 2503): get display Info: display Id: 0, RealSize: Point(1080, 2504), mRotation: 0, mFoldMode: 2, WidthPixels: 1080, HeightPixels: 2504
02-21 11:39:46.938 I/WallpaperService( 2503): onDisplayChanged(0), state = 2
02-21 11:39:46.938 I/NetworkTimeUpdateService( 1926): Display displayState:2
02-21 11:39:46.939 I/HwActivityTaskSupervisorEx( 1926): handleVrDisplayChanged displayId = 0
02-21 11:39:46.939 W/HwActivityTaskSupervisorEx( 1926): handleVrDisplayChanged other vr mode displayId: 0
02-21 11:39:46.943 D/FoldPolicy( 1926): getScreenDispRect=Rect(0, 0 - 1080, 2504) currentDisplayMode 2
02-21 11:39:46.943 D/LogicalDisplay( 1926): mTempLayerStackRect=Rect(0, 0 - 1080, 2504) mTempDisplayRect=Rect(0, 0 - 1080, 2504) tmpDisplayRect=Rect(0, 0 - 1080, 2504) orientation = 0
02-21 11:39:46.943 D/LogicalDisplay( 1926): configureDisplayLocked mTempLayerStackRect=Rect(0, 0 - 1080, 2504) mTempDisplayRect=Rect(0, 0 - 1080, 2504) orientation = 0
02-21 11:39:46.943 I/DisplayDevice( 1926): setProjectionLocked displayId 0 isDefaultDisplay true orientation(0->0) LayerStackRect(Rect(0, 0 - 1080, 2504)->Rect(0, 0 - 1080, 2504)) DisplayRect(Rect(0, 0 - 1080, 2504)->Rect(0, 0 - 1080, 2504))
02-21 11:39:46.943 I/DisplayDevice( 1926): isNeedRefreshOrientaion orientation 0
02-21 11:39:46.943 D/DisplayDevice( 1926): hwc adjustViewportFrame viewport=DisplayViewport{type=EXTERNAL, valid=false, isActive=false, displayId=0, uniqueId='local:1', physicalPort=null, orientation=0, logicalFrame=Rect(0, 0 - 1080, 2504), physicalFrame=Rect(0, 0 - 1080, 2504), deviceWidth=0, deviceHeight=0} mCurrentOrientation=0
02-21 11:39:46.944 D/LogicalDisplay( 1926): configureDisplayLocked mTempLayerStackRect=Rect(0, 0 - 2224, 2496) mTempDisplayRect=Rect(257, 0 - 2238, 2224) orientation = 3
02-21 11:39:46.944 I/DisplayDevice( 1926): setProjectionLocked displayId 1 isDefaultDisplay false orientation(3->3) LayerStackRect(Rect(0, 0 - 2224, 2496)->Rect(0, 0 - 2224, 2496)) DisplayRect(Rect(257, 0 - 2238, 2224)->Rect(257, 0 - 2238, 2224))
02-21 11:39:46.944 D/DisplayDevice( 1926): hwc adjustViewportFrame viewport=DisplayViewport{type=INTERNAL, valid=false, isActive=false, displayId=0, uniqueId='local:0', physicalPort=null, orientation=3, logicalFrame=Rect(0, 0 - 2224, 2496), physicalFrame=Rect(257, 0 - 2238, 2224), deviceWidth=0, deviceHeight=0} mCurrentOrientation=3
02-21 11:39:46.945 I/InputManager-JNI( 1926): Viewport [0] to add: Viewport INTERNAL: displayId=0, uniqueId=local:1, port=1, orientation=0, logicalFrame=[0, 0, 1080, 2504], physicalFrame=[0, 0, 1080, 2504], deviceSize=[1080, 2504], isActive=[1], isActive: true
02-21 11:39:46.946 I/InputManager-JNI( 1926): Viewport [1] to add: Viewport EXTERNAL: displayId=1, uniqueId=local:0, port=0, orientation=3, logicalFrame=[0, 0, 2224, 2496], physicalFrame=[257, 0, 2238, 2224], deviceSize=[2224, 2496], isActive=[0], isActive: false
02-21 11:39:46.946 I/WindowManager( 1926): return DEFAULT_DISPLAY for non-DesktopMode.
02-21 11:39:46.946 I/InputReader( 1926): Reconfiguring input devices, changes=DISPLAY_INFO | 
02-21 11:39:46.946 I/InputReader( 1926): findViewport: 2
02-21 11:39:46.946 I/InputReader( 1926): findViewport: 2
02-21 11:39:46.947 I/InputReader( 1926): findViewport: 2
02-21 11:39:46.947 I/InputReader( 1926): findViewport: 2
02-21 11:39:46.947 I/InputReader( 1926): findViewport: 2
02-21 11:39:46.947 I/InputReader( 1926): findViewport: 2
02-21 11:39:46.969 I/aptouch_daemon( 1202): touch:0, down:0
02-21 11:39:46.970 I/InputReader( 1926): UL_Input last up
02-21 11:39:46.972 I/AGPService( 1496): Bn-> set touch event - 0
02-21 11:39:46.972 D/HwViewRootImpl(20149): [DetectViewsLocationRunner] current resolutionScale: 1.0
02-21 11:39:46.972 I/HwViewRootImpl(20149): remove sceneId 11 topId: 14
02-21 11:39:46.974 D/WebViewDragEnhancement(20149): dragReset.
02-21 11:39:46.974 D/WebViewDragEnhancement(20149): dragReset cacheSize = 0
02-21 11:39:46.983 I/hwschromium-21311(20309): [INFO:mouse_event.cc(168)] MouseEvent of from Touch or mouse click now, synthetic_event_type = 1
02-21 11:39:46.987 I/InputMethodManager(20149): Starting input: reason=CHECK_FOCUS
02-21 11:39:46.989 W/HwRemoteInputMethodManager(20149): isCasting false because IHwDistributedWindowManager is invalid.
02-21 11:39:46.990 I/HwInputMethodManagerService( 1926): startInputOrWindowGainedFocus windowToken:android.os.BinderProxy@152672 mInputShown:false
02-21 11:39:46.990 I/HwOcrImeController( 1926): updateMultiWindow focus window = com.multilanglearner/com.multilanglearner.MainActivity mIsInMultiScreen = false
02-21 11:39:46.990 I/HwOcrImeController( 1926): updateUser userId = 0 mIsOwnerUser = true
02-21 11:39:46.990 I/HwOcrImeController( 1926): setOcrImeSupportProp mIsOcrImeValid = true mIsHardKeyboardAvailable = false mIsInMultiScreen = false mIsOwnerUser = true
02-21 11:39:46.990 I/HwOcrImeController( 1926): setOcrImeSupportProp mIsOcrImeValid = true mIsHardKeyboardAvailable = false mIsInMultiScreen = false mIsOwnerUser = true
02-21 11:39:46.990 I/HwInputMethodManagerUtils( 1926): focus window is:com.multilanglearner/com.multilanglearner.MainActivity
02-21 11:39:46.990 I/HwInputMethodManagerUtils( 1926): focus window is:com.multilanglearner/com.multilanglearner.MainActivity
02-21 11:39:46.990 I/InputMethodManagerService( 1926): setSecMethodUsing return
02-21 11:39:46.990 I/InputMethodManager(20149): Starting input: Bind resultString=SUCCESS_WITH_IME_SESSION
02-21 11:39:46.990 I/InputMethodManager(20149): Starting input: reason=APP_CALLED_RESTART_INPUT_API
02-21 11:39:46.991 W/HwRemoteInputMethodManager(20149): isCasting false because IHwDistributedWindowManager is invalid.
02-21 11:39:46.991 I/HwInputMethodManagerService( 1926): startInputOrWindowGainedFocus windowToken:android.os.BinderProxy@152672 mInputShown:false
02-21 11:39:46.991 I/HwOcrImeController( 1926): updateMultiWindow focus window = com.multilanglearner/com.multilanglearner.MainActivity mIsInMultiScreen = false
02-21 11:39:46.991 I/HwOcrImeController( 1926): updateUser userId = 0 mIsOwnerUser = true
02-21 11:39:46.991 I/HwOcrImeController( 1926): setOcrImeSupportProp mIsOcrImeValid = true mIsHardKeyboardAvailable = false mIsInMultiScreen = false mIsOwnerUser = true
