02-21 11:39:41.109 I/AGPService( 1496): ScheduleProxy:[SendSlideRefreshRate] refreshrate - 120
02-21 11:39:41.109 I/NavigationBarPolicy( 1926): pointY:978.375realSize.y:2504HIT_REGION_TO_MAX:35
02-21 11:39:41.109 I/Sched hal(  958): SlideResMng receive currentFps = 120
02-21 11:39:41.109 I/vendor.huawei.hardware.hwsched@1.0-service(  958): [SlidResMng]: lastFpsAGP is 60: current is 120
02-21 11:39:41.109 I/vendor.huawei.hardware.hwsched@1.0-service(  958): [SlidResMng]: Ioctl SetPara!
02-21 11:39:41.110 E/AGPService( 1496): FrameRateManager: iaware strange app type: -1
02-21 11:39:41.110 D/AGPService( 1496): FrameRateManager: NotifyPackageUpdatedToITouch: currPkgName - com.multilanglearner, type - -1, lcdFps - 120
02-21 11:39:41.111 D/ITouchService( 1496): GameSceneManager: game scene not changed, set game mode returned
02-21 11:39:41.111 E/ITouchService( 1496): itouch OneFrameDetect instance is nullptr or oneFrameSwitch is not change
02-21 11:39:41.111 I/AlarmManager( 1926): remove Alarm{4737d4b type 2 origWhen 108911969 whenElapsed 108911969 PendingIntent{6458d2b: PendingIntentRecord{cbd56a0 com.huawei.rcsserviceapplication broadcastIntent}} com.huawei.rcsserviceapplication procName com.huawei.rcsserviceapplication:service} according to PendingIntent: 73eee1a by reason: 1
02-21 11:39:41.114 D/SurfaceFlinger(  980): getRefreshRateFromFps: get target refresh rate fps 120
02-21 11:39:41.114 I/SurfaceFlinger(  980): changeRefreshRate: new mode 0, fps 120, active display 1
02-21 11:39:41.114 D/DisplayDevice(  980): setDesiredActiveMode({id=0, hwcId=0, width=1080, height=2504, refreshRate=120.00fps, dpiX=415.64, dpiY=415.70, group=0}) on display 1
02-21 11:39:41.114 I/DisplayDevice(  980): initiateModeChange: change to mode 0(120fps) on display 1
02-21 11:39:41.114 W/HDM[core](  946): SetActiveAttrId:1459: Attr Id:0, active Fps : 120, Dvfs Fps : 120
02-21 11:39:41.115 I/AlarmManager( 1926): set(PendingIntent{d9789d4: PendingIntentRecord{cbd56a0 com.huawei.rcsserviceapplication broadcastIntent}}) : type=2 triggerAtTime=108967671 win=0 tElapsed=108967671 maxElapsed=108967671 interval=0 flags=0x9 at=+77059999ms uid=10135 count=1
02-21 11:39:41.130 W/HwSfpPolicyManager(14278): getLabel: invalid filePath!
02-21 11:39:41.130 W/HwSfpPolicyManager(14278): getFlag: invalid filePath!
02-21 11:39:41.130 W/HwSfpPolicyManager(14278): checkParamsForSetLabel: invalid filePath!
02-21 11:39:41.130 I/HwSfpPolicyManager(14278): eventId : 992740301, result code : 1
02-21 11:39:41.131 I/VSyncPredictor(  980): setPeriod: 8333333
02-21 11:39:41.131 I/HwSfpPolicyManager(14278): getLabelFromXattr: No data for label!
02-21 11:39:41.131 I/HwSfpPolicyManager(14278): getLabelFromXattr: No data for label!
02-21 11:39:41.132 I/HwSfpPolicyManager(14278): eventId : 992740301, result code : 0
02-21 11:39:41.133 I/InputReader( 1926): UL_Input first offset move.
02-21 11:39:41.135 D/DisplayDevice(  980): setActiveMode: new mode 0, old mode 2, on display 1
02-21 11:39:41.135 I/NotificationManager(14278): com.huawei.rcsserviceapplication: cancel(1)
02-21 11:39:41.135 D/SurfaceFlinger(  980): getRefreshRateFromFps: get target refresh rate fps 120
02-21 11:39:41.135 D/SurfaceFlinger(  980): performSetActiveMode: already at the requested mode 0 on display 1
02-21 11:39:41.136 I/HwSfpPolicyManager(14278): getLabelFromXattr: No data for label!
02-21 11:39:41.136 I/DisplayDeviceRepository( 1926): changed: ddi{内置屏幕,1080x2504,5,5,0,[0, 7, 9],HC{[2, 3],500.0,102.0,1.0},false,false,1000000,13333333,{(0,117-0,0){0,0,0,0}{[(0,0-0,0),(507,0-573,117),(0,0-0,0),(0,0-0,0)]}{{1080,2504,{3.125},{M-33,117l66,0l0,-117l-66,0z},{0},{1.0}}}},2,0,1,2,0.0,1.0,0.5,2,4,8}
02-21 11:39:41.137 I/HwSfpPolicyManager(14278): getLabelFromXattr: No data for label!
02-21 11:39:41.138 I/HwSfpPolicyManager(14278): eventId : 992740301, result code : 0
02-21 11:39:41.138 I/DisplayInfo( 1926): diff:131072
02-21 11:39:41.138 I/DisplayManagerService( 1926): add only fps displayId:0
02-21 11:39:41.138 I/InputManager-JNI( 1926): Viewport [0] to add: Viewport INTERNAL: displayId=0, uniqueId=local:1, port=1, orientation=0, logicalFrame=[0, 0, 1080, 2504], physicalFrame=[0, 0, 1080, 2504], deviceSize=[1080, 2504], isActive=[1], isActive: true
02-21 11:39:41.138 I/InputManager-JNI( 1926): Viewport [1] to add: Viewport EXTERNAL: displayId=1, uniqueId=local:0, port=0, orientation=3, logicalFrame=[0, 0, 2224, 2496], physicalFrame=[257, 0, 2238, 2224], deviceSize=[2224, 2496], isActive=[0], isActive: false
02-21 11:39:41.138 I/WindowManager( 1926): return DEFAULT_DISPLAY for non-DesktopMode.
02-21 11:39:41.138 I/HwMediaSessionServiceEx( 1926): MediaDisplayEventReceiver onDisplayChanged: 0
02-21 11:39:41.139 I/InputReader( 1926): Reconfiguring input devices, changes=DISPLAY_INFO | 
02-21 11:39:41.139 I/HwMultiDisplayManager( 1926): onDisplayChanged: 0
02-21 11:39:41.139 I/InputReader( 1926): findViewport: 2
02-21 11:39:41.139 I/InputReader( 1926): findViewport: 2
02-21 11:39:41.139 I/InputReader( 1926): findViewport: 2
02-21 11:39:41.139 I/InputReader( 1926): findViewport: 2
02-21 11:39:41.139 I/InputReader( 1926): findViewport: 2
02-21 11:39:41.139 I/InputReader( 1926): findViewport: 2
02-21 11:39:41.140 I/HwDisplayInfo( 2503): get display Info: display Id: 0, RealSize: Point(1080, 2504), mRotation: 0, mFoldMode: 2, WidthPixels: 1080, HeightPixels: 2504
02-21 11:39:41.140 I/WallpaperService( 2503): onDisplayChanged(0), state = 2
02-21 11:39:41.141 I/NetworkTimeUpdateService( 1926): Display displayState:2
02-21 11:39:41.141 I/HwActivityTaskSupervisorEx( 1926): handleVrDisplayChanged displayId = 0
02-21 11:39:41.141 W/HwActivityTaskSupervisorEx( 1926): handleVrDisplayChanged other vr mode displayId: 0
02-21 11:39:41.143 D/FoldPolicy( 1926): getScreenDispRect=Rect(0, 0 - 1080, 2504) currentDisplayMode 2
02-21 11:39:41.143 D/LogicalDisplay( 1926): mTempLayerStackRect=Rect(0, 0 - 1080, 2504) mTempDisplayRect=Rect(0, 0 - 1080, 2504) tmpDisplayRect=Rect(0, 0 - 1080, 2504) orientation = 0
02-21 11:39:41.143 D/LogicalDisplay( 1926): configureDisplayLocked mTempLayerStackRect=Rect(0, 0 - 1080, 2504) mTempDisplayRect=Rect(0, 0 - 1080, 2504) orientation = 0
02-21 11:39:41.143 I/DisplayDevice( 1926): setProjectionLocked displayId 0 isDefaultDisplay true orientation(0->0) LayerStackRect(Rect(0, 0 - 1080, 2504)->Rect(0, 0 - 1080, 2504)) DisplayRect(Rect(0, 0 - 1080, 2504)->Rect(0, 0 - 1080, 2504))
02-21 11:39:41.144 I/DisplayDevice( 1926): isNeedRefreshOrientaion orientation 0
02-21 11:39:41.144 D/DisplayDevice( 1926): hwc adjustViewportFrame viewport=DisplayViewport{type=EXTERNAL, valid=false, isActive=false, displayId=0, uniqueId='local:1', physicalPort=null, orientation=0, logicalFrame=Rect(0, 0 - 1080, 2504), physicalFrame=Rect(0, 0 - 1080, 2504), deviceWidth=0, deviceHeight=0} mCurrentOrientation=0
02-21 11:39:41.144 D/LogicalDisplay( 1926): configureDisplayLocked mTempLayerStackRect=Rect(0, 0 - 2224, 2496) mTempDisplayRect=Rect(257, 0 - 2238, 2224) orientation = 3
02-21 11:39:41.144 I/DisplayDevice( 1926): setProjectionLocked displayId 1 isDefaultDisplay false orientation(3->3) LayerStackRect(Rect(0, 0 - 2224, 2496)->Rect(0, 0 - 2224, 2496)) DisplayRect(Rect(257, 0 - 2238, 2224)->Rect(257, 0 - 2238, 2224))
02-21 11:39:41.144 D/DisplayDevice( 1926): hwc adjustViewportFrame viewport=DisplayViewport{type=INTERNAL, valid=false, isActive=false, displayId=0, uniqueId='local:0', physicalPort=null, orientation=3, logicalFrame=Rect(0, 0 - 2224, 2496), physicalFrame=Rect(257, 0 - 2238, 2224), deviceWidth=0, deviceHeight=0} mCurrentOrientation=3
02-21 11:39:41.146 I/InputManager-JNI( 1926): Viewport [0] to add: Viewport INTERNAL: displayId=0, uniqueId=local:1, port=1, orientation=0, logicalFrame=[0, 0, 1080, 2504], physicalFrame=[0, 0, 1080, 2504], deviceSize=[1080, 2504], isActive=[1], isActive: true
02-21 11:39:41.146 I/InputManager-JNI( 1926): Viewport [1] to add: Viewport EXTERNAL: displayId=1, uniqueId=local:0, port=0, orientation=3, logicalFrame=[0, 0, 2224, 2496], physicalFrame=[257, 0, 2238, 2224], deviceSize=[2224, 2496], isActive=[0], isActive: false
02-21 11:39:41.146 I/WindowManager( 1926): return DEFAULT_DISPLAY for non-DesktopMode.
02-21 11:39:41.147 I/InputReader( 1926): Reconfiguring input devices, changes=DISPLAY_INFO | 
02-21 11:39:41.147 I/InputReader( 1926): findViewport: 2
02-21 11:39:41.147 I/InputReader( 1926): findViewport: 2
02-21 11:39:41.147 I/InputReader( 1926): findViewport: 2
02-21 11:39:41.147 I/InputReader( 1926): findViewport: 2
02-21 11:39:41.147 I/InputReader( 1926): findViewport: 2
02-21 11:39:41.147 I/InputReader( 1926): findViewport: 2
02-21 11:39:41.159 I/RcsFeature: RcsCommonConfig(20091): reset cache value sIsUpVersion=false,sIsMaapVersion=true
02-21 11:39:41.159 D/ChatbotManager(20091): requestSpecificChatbots is allow
02-21 11:39:41.159 D/ChatbotProvider(20091): query method
02-21 11:39:41.160 D/SpecificChatbotManager(20091): specificChatbot validityTime:1771660454417
02-21 11:39:41.160 D/SpecificChatbotManager(20091): [SpecificChatbotTimer] cancel old SpecificChatbot Timer.
02-21 11:39:41.161 D/SpecificChatbotManager(20091): next execute time:Sat Feb 21 15:54:14 GMT+08:00 2026
02-21 11:39:41.161 I/AlarmManager( 1926): set(PendingIntent{37c777d: PendingIntentRecord{3925c02 com.android.mms broadcastIntent}}) : type=0 triggerAtTime=1771660454417 win=0 tElapsed=47180975 maxElapsed=47180975 interval=0 flags=0x1 at=+15273256ms uid=10083 count=0
02-21 11:39:41.162 I/HwAlarmManagerService( 1926): hwSetRtcAlarm start
02-21 11:39:41.164 I/RcsTransaction(20091): getAlreadyTime currenttime= 1771645181164, validityTime=0
02-21 11:39:41.165 I/RcsComposeMessage(20091): custMms:will reqCap in 0 seconds
02-21 11:39:41.166 D/RcsComposeMessage(20091): Rcs login status change to login will updateRcsMode()
02-21 11:39:41.166 I/RcseMmsExt(20091): updateRcsMode set KEY_AUTO_SET_SEND_MODE:true
02-21 11:39:41.166 W/RcseMmsExt(20091): no valid listener for auto set send mode
02-21 11:39:41.166 D/RcseMmsExt(20091): Send mode is not change, so do not need call back onSendModeSet()
02-21 11:39:41.166 I/RcsComposeMessage(20091): custMms:mRequstCapTimeTask sendMessage
02-21 11:39:41.166 I/RcsConversationListFragment(20091): refreshWhenLoginStatusChanged isLogin = %dtrue
02-21 11:39:41.166 I/Mms_UI_CLFrag(20091): handleLoginStatusChanged isLogin : true
02-21 11:39:41.167 D/b       (20091): LeftPaneFragmentMenu onPrepareOptionsMenu...
02-21 11:39:41.169 E/HwListDeleteAnimationHelper(20091): updateItemPosition, end, mRecordItemCount is zero, position: 0 mappingDirection: 1
02-21 11:39:41.169 E/HwListDeleteAnimationHelper(20091): updateItemPosition, end, mRecordItemCount is zero, position: 1 mappingDirection: 1
02-21 11:39:41.169 E/HwListDeleteAnimationHelper(20091): updateItemPosition, end, mRecordItemCount is zero, position: 2 mappingDirection: 1
02-21 11:39:41.169 I/RcsConversationUtils(20091): judgeRcsThreadId theadId = 1810
02-21 11:39:41.169 I/RcsCommonConfig(20091): isGroupManageEnable: false, isGroupEnableFromServer: false
02-21 11:39:41.172 D/RcsCommonConfig(20091): isRCSSwitchOnWithLog sIsRcsOn: true, IS_RCS_WHOLE_ON: false, IS_CURRENT_USER_OWNER: true, IS_ATT: false
02-21 11:39:41.172 I/RcsCommonConfig(20091): isGroupManageEnable: false, isGroupEnableFromServer: false
02-21 11:39:41.172 I/DistributeUtils(20091): not is wifiOnly mode
02-21 11:39:41.172 I/DistributeUtils(20091): not is cellular mode
02-21 11:39:41.172 I/b       (20091): refreshUnreadHarassmentSmsCount, start...
02-21 11:39:41.173 D/SplitActionBarView(20091): No View To setContentDescription
02-21 11:39:41.175 I/HwActivityManagerServiceEx( 1926): provider is prevented for not-prevent
02-21 11:39:41.175 E/AppOps  ( 1926): noteOperation catch security exception:Specified package com.android.phone under uid 10083 but it is not attributionTag check, current pkg uid:1001
02-21 11:39:41.175 I/ContentProviderHelper( 1926): Successfully start provider ContentProviderRecord{d010210 u0 com.huawei.systemmanager/com.huawei.harassmentinterception.db.DbProvider} launchingApp=null caller pid= 20091
02-21 11:39:41.176 I/SmsApplication(20091): updatedNeeded = false for userId = 0
02-21 11:39:41.176 E/NumberUtils( 2771): Number Format err! str: 
02-21 11:39:41.177 I/PG_ash  ( 2771): pkg com.android.mms calling: com.huawei.systemmanager, pid: -1 ,type: acquire_provider
02-21 11:39:41.179 I/FWK-VideoStateMachine(27091): onBufferingUpdateListener in state:PausedState percent:50
02-21 11:39:41.179 I/FWK-HwVideoView(27091): onBufferingUpdate percent:50
02-21 11:39:41.186 I/RcsCommonConfig(20091): isFirstUseAndSetKey false, the sim is used
02-21 11:39:41.187 I/Booster_Qoe( 2724): Ada,index:8,NisPsSlow:0,NProba:323,rsrp(rssi):-40,rsrq(noise):-76,rtt(chload):30,BFH(uldelay):1,BFC(rtt):0 Real:0,0,0,0,0
02-21 11:39:41.187 I/Booster_Qoe( 2724): Ada,index:2,NisPsSlow:0,NProba:323,rsrp(rssi):-40,rsrq(noise):-76,rtt(chload):30,BFH(uldelay):1,BFC(rtt):41 Real:0,0,41,0,0
02-21 11:39:41.188 E/Booster_BroadcastProxy( 2724): [isDebugModemEnabled]get package info fail.
02-21 11:39:41.189 D/RcsCommonConfig(20091): isRCSSwitchOnWithLog sIsRcsOn: true, IS_RCS_WHOLE_ON: false, IS_CURRENT_USER_OWNER: true, IS_ATT: false
02-21 11:39:41.190 I/WiFi_PRO_WifiProStateMachine( 1926): APP_SERVICE_QOE_NOTIFY Qoe info 10824,4,0,323,1,2,4,0,323,2401900,1921500,11,10,0,24,47,0 CID 2 mMasterWifiRssi -35 mMasterCardAmbr 2000000 mSlaveCardAmbr 1048576
02-21 11:39:41.190 I/aptouch_daemon( 1202): touch:0, down:0
02-21 11:39:41.190 D/b       (20091): LeftPaneFragmentMenu onPrepareOptionsMenu...
02-21 11:39:41.190 I/InputReader( 1926): UL_Input last up
02-21 11:39:41.191 E/HwListDeleteAnimationHelper(20091): updateItemPosition, end, mRecordItemCount is zero, position: 0 mappingDirection: 1
02-21 11:39:41.191 E/HwListDeleteAnimationHelper(20091): updateItemPosition, end, mRecordItemCount is zero, position: 1 mappingDirection: 1
02-21 11:39:41.191 E/HwListDeleteAnimationHelper(20091): updateItemPosition, end, mRecordItemCount is zero, position: 2 mappingDirection: 1
02-21 11:39:41.191 I/RcsConversationUtils(20091): judgeRcsThreadId theadId = 1810
02-21 11:39:41.191 I/RcsCommonConfig(20091): isGroupManageEnable: false, isGroupEnableFromServer: false
02-21 11:39:41.191 V/HwWifiServiceFactory( 1926): get AllImpl object = com.android.server.wifi.HwWifiServiceFactoryImpl@267d630
02-21 11:39:41.191 I/AGPService( 1496): Bn-> set touch event - 0
02-21 11:39:41.192 I/HwWifiProServiceProxy( 1926): ctrlHwWifiNetwork pkgName: WIFIPRO_SERVICE interfaceId: 9
02-21 11:39:41.192 D/surfaceflinger(  980): xdraw: fling end with uid 10824, curUid: 0
02-21 11:39:41.192 I/WiFi_PRO_WifiProStateMachine( 1926): isWifi2WifiProcess = false, mIsNeedIgnoreQoeUpdate = false, mIsAppInBlacklist = false, mIsAppInBlacklistFullScreen = false, mIsWiFiNoInternet false, screen on = true, full screen = false, isLandscapeMode = false, mNotifyWifiLinkPoorReason = -1
02-21 11:39:41.193 I/WiFi_PRO_WifiProStateMachine( 1926): mChannelQoeBadCnt = 0, mAppQoeBadCnt = 0, mNetworkSlowReason = 0, mNetworkSlowChannelBadCnt = 0
02-21 11:39:41.193 D/HwViewRootImpl(20149): [DetectViewsLocationRunner] current resolutionScale: 1.0
02-21 11:39:41.193 I/HwViewRootImpl(20149): remove sceneId 11 topId: 14
02-21 11:39:41.193 V/HwWifiServiceFactory( 1926): get AllImpl object = com.android.server.wifi.HwWifiServiceFactoryImpl@267d630
02-21 11:39:41.193 I/WiFi_PRO_WifiProStateMachine( 1926): getQoeBadReason, economic user app qoe bad 9 time, not handle
02-21 11:39:41.194 D/RcsCommonConfig(20091): isRCSSwitchOnWithLog sIsRcsOn: true, IS_RCS_WHOLE_ON: false, IS_CURRENT_USER_OWNER: true, IS_ATT: false
02-21 11:39:41.194 I/RcsCommonConfig(20091): isGroupManageEnable: false, isGroupEnableFromServer: false
02-21 11:39:41.195 I/DistributeUtils(20091): not is wifiOnly mode
02-21 11:39:41.195 I/DistributeUtils(20091): not is cellular mode
02-21 11:39:41.195 I/b       (20091): refreshUnreadHarassmentSmsCount, start...
02-21 11:39:41.196 D/SplitActionBarView(20091): No View To setContentDescription
02-21 11:39:41.196 D/b       (20091): LeftPaneFragmentMenu onPrepareOptionsMenu...
02-21 11:39:41.197 E/HwListDeleteAnimationHelper(20091): updateItemPosition, end, mRecordItemCount is zero, position: 0 mappingDirection: 1
02-21 11:39:41.197 E/HwListDeleteAnimationHelper(20091): updateItemPosition, end, mRecordItemCount is zero, position: 1 mappingDirection: 1
02-21 11:39:41.197 E/HwListDeleteAnimationHelper(20091): updateItemPosition, end, mRecordItemCount is zero, position: 2 mappingDirection: 1
02-21 11:39:41.197 I/RcsConversationUtils(20091): judgeRcsThreadId theadId = 1810
02-21 11:39:41.197 I/RcsCommonConfig(20091): isGroupManageEnable: false, isGroupEnableFromServer: false
02-21 11:39:41.200 D/RcsCommonConfig(20091): isRCSSwitchOnWithLog sIsRcsOn: true, IS_RCS_WHOLE_ON: false, IS_CURRENT_USER_OWNER: true, IS_ATT: false
02-21 11:39:41.200 I/RcsCommonConfig(20091): isGroupManageEnable: false, isGroupEnableFromServer: false
02-21 11:39:41.201 I/DistributeUtils(20091): not is wifiOnly mode
02-21 11:39:41.201 I/DistributeUtils(20091): not is cellular mode
02-21 11:39:41.201 I/b       (20091): refreshUnreadHarassmentSmsCount, start...
02-21 11:39:41.202 D/SplitActionBarView(20091): No View To setContentDescription
02-21 11:39:41.205 W/RcsComposeMessage(20091): custMms:handleMessage
02-21 11:39:41.206 I/RcsComposeMessage(20091): custMms:reqCap now
02-21 11:39:41.206 I/RcsComposeMessage(20091): custMms:now checkValidityTimeAndSendCapRequest
02-21 11:39:41.206 I/RcsTransaction(20091): checkValidityTimeAndSendCapRequest isSupCapaValidity is true
02-21 11:39:41.207 I/b       (20091): refreshUnreadHarassmentSmsCount, update: 2
02-21 11:39:41.209 I/RcsEventHandler_compose_message_view(20091): handleCapabilityChanged
02-21 11:39:41.209 D/RcsComposeMessage(20091): serviceId is: null
02-21 11:39:41.209 D/MaapRequestImpl(20091): requestChatbot
02-21 11:39:41.209 D/ChatbotManager(20091): serviceId is empty, not request chatbot.
02-21 11:39:41.210 D/DecorView[](20149): window mode != magicWin, return false
02-21 11:39:41.210 I/DecorView[](20149): pkgName:com.multilanglearner old windowMode:0 new windoMode:1, isFixedSize:false, isStackNeedCaptionView:true
02-21 11:39:41.210 D/DecorView[](20149): window mode != magicWin, return false
02-21 11:39:41.219 W/Settings(20149): Setting device_provisioned has moved from android.provider.Settings.Secure to android.provider.Settings.Global.
02-21 11:39:41.219 I/Dialog  (20149): show dialog,width:-2,height:-2
02-21 11:39:41.220 D/MouseWheelSynthesizer(20149): mMoveStepInDp: 64, mMoveStepInPixel: 200, mUpTimeDelayed: 100
02-21 11:39:41.221 D/HwViewRootImpl(20149): [onViewRootImplInitial] HotZone Threshold = 231
02-21 11:39:41.221 D/ViewRootImpl(20149): ViewUI ViewRootImpl mIsInProductivePCDisplay: false
02-21 11:39:41.223 I/Layer   (  980): 8e44ac3 com.multilanglearner/com.multilanglearner.MainActivity#10461: created
02-21 11:39:41.223 I/WindowManager( 1926): Changing focus from Window{f3072dc u0 com.multilanglearner/com.multilanglearner.MainActivity} to Window{8e44ac3 u0 com.multilanglearner/com.multilanglearner.MainActivity} displayId=0
02-21 11:39:41.223 D/HwActivityTaskManagerServiceEx( 1926): getVisibleTasks() beginning running, callingPid = 1926 , callingUid = 1000
02-21 11:39:41.224 D/HwActivityTaskManagerServiceEx( 1926): getVisibleTasks add visible task to list, topActivity : ActivityRecord{9e4b73f u0 com.multilanglearner/.MainActivity t11080}
02-21 11:39:41.224 I/GestureNavManager( 1926): FocusWindowBottom Options = 0x0, isDisabled = false
02-21 11:39:41.224 I/NavigationCallOut( 1926): focusChanged, focus=Window{8e44ac3 u0 com.multilanglearner/com.multilanglearner.MainActivity}, mIsFocusWinInBlackList=false
02-21 11:39:41.224 I/Layer   (  980): Surface(name=ac0732d StatusBar)/@0x71510dd - animation-leash of insets_animation#10462: created
02-21 11:39:41.225 I/HwDisplayContentEx( 1926): currentFocus windowstate not null
02-21 11:39:41.225 I/HwDisplayContentEx( 1926): trans currentFocus windowstate not null
02-21 11:39:41.225 D/ZrHung.AppEyeTransparentWindow( 1926): TransparentWindow mHungConfigStatus = 0,mHungConfigEnable = 1
02-21 11:39:41.225 I/WindowManager( 1926): updateFocusedWindowLocked: newFocus is null for  displayId=1
02-21 11:39:41.225 I/StatusBarDisable( 1926): setFlags what=0 which=1 pkg=Window{8e44ac3 u0 com.multilanglearner/com.multilanglearner.MainActivity}
02-21 11:39:41.225 I/WindowManager( 1926): addWindow: Window{8e44ac3 u0 com.multilanglearner/com.multilanglearner.MainActivity} currentDisplayId:0 requestDisplayId:0 token:Token{4c9899 ActivityRecord{9e4b73f u0 com.multilanglearner/.MainActivity t11080}} appearance:0 fl_fullscreen=false vsysui_fullscreen=false
02-21 11:39:41.225 I/InsetsController(20149): ViewUI_insets updateState new source: InsetsSource: {mType=ITYPE_STATUS_BAR, mFrame=[0,0][1080,117], mVisible=true}
02-21 11:39:41.225 I/InsetsController(20149): ViewUI_insets updateState new source: InsetsSource: {mType=ITYPE_NAVIGATION_BAR, mFrame=[0,0][0,0], mVisible=false}
02-21 11:39:41.226 I/WindowManager( 1926): Focus not requested for window=Window{8e44ac3 u0 com.multilanglearner/com.multilanglearner.MainActivity}
02-21 11:39:41.226 I/LightBarController( 2503): onStatusBarAppearanceChanged appearanceRegions:AppearanceRegion{LIGHT_STATUS_BARS bounds=[0,0][1080,2504]},  sbModeChanged:false, statusBarMode:0, stackAppearancesChanged:false, navbarColorManagedByIme:false
02-21 11:39:41.226 I/NavigationBar( 2503): navigationbar appearance:0,mAppearance:1000,mTransientShown:false
02-21 11:39:41.226 D/InsetsSourceConsumer(20149): ViewUI_insets setControl -> ITYPE_STATUS_BAR on com.multilanglearner/com.multilanglearner.MainActivity
02-21 11:39:41.226 D/InsetsSourceConsumer(20149): ViewUI_insets setControl mType:0, requestedVisible:true, getLeash:null, needAnimation:false, mIsAnimationPending:false, getRootViewTitle:com.multilanglearner/com.multilanglearner.MainActivity
02-21 11:39:41.226 D/InputEventReceiver(20149): dispatchInputInterval 0
02-21 11:39:41.227 I/HwSoraManager(20149): SORA is disabled for com.multilanglearner.MainActivity
02-21 11:39:41.227 D/ZrHung.AppEyeTransparentWindow(20149): TransparentWindow mHungConfigStatus = 0,mHungConfigEnable = 1
02-21 11:39:41.227 I/HwFreeFormUtils#WindowManager(20149): Add freeform window, but getWindowAttachedActivity is null!
02-21 11:39:41.228 I/WindowManager( 1926): wm_insets notifyInsetsControlChanged for:Window{f3072dc u0 com.multilanglearner/com.multilanglearner.MainActivity}
02-21 11:39:41.228 I/WindowManager( 1926): wm_insets notifyInsetsControlChanged for:Window{8e44ac3 u0 com.multilanglearner/com.multilanglearner.MainActivity}
02-21 11:39:41.233 D/HiTouch_PressGestureDetector(20149): onAttached, package=com.multilanglearner, windowType=2, mIsHiTouchRestricted=false
02-21 11:39:41.235 I/Layer   (  980): [*#10457] reparent null
02-21 11:39:41.248 I/WebViewFactory(20149): Loading com.huawei.webview version 15.0.4.326 (code 21311)
02-21 11:39:41.249 I/LoadedApk(20149): createSharedLibrariesLoaders::sharedLibraries is null
02-21 11:39:41.261 E/afehal  ( 1202): Send cmd:C7 43 
02-21 11:39:41.268 E/afehal  ( 1202): Non-frame packet:A5,01,00,00
02-21 11:39:41.274 I/aptouch_daemon( 1202): status=0xb02
02-21 11:39:41.282 I/aptouch_daemon( 1202): status=0xa02
02-21 11:39:41.286 I/SysUtils(20149): build factory is HUAWEI
02-21 11:39:41.287 I/hwbr_engine_WVCFactoryProvider(20149): Loaded version=114.0.5735.196 minSdkVersion=1 isBundle=false multiprocess=true packageId=3
02-21 11:39:41.288 I/hwbr_engine_LibraryLoader(20149): loadLibrary: ffmpeg.huawei
02-21 11:39:41.290 I/hwbr_engine_PathUtils(20149): Get data directory:/data/user/0/com.multilanglearner/app_hws_webview
02-21 11:39:41.290 I/hwbr_engine_LibraryLoader(20149): loadLibrary: webviewchromium.huawei
02-21 11:39:41.291 I/hwbr_engine_LibraryLoader(20149): loadLibrary: webviewchromium_plat_support.huawei
02-21 11:39:41.304 I/hwbr_engine_LibraryLoader(20149): Successfully loaded native library
02-21 11:39:41.304 I/hwbr_engine_CachingUmaRecorder(20149): Flushed 8 samples from 8 histograms.
02-21 11:39:41.307 I/HwConnectivityServiceEx( 1926): set 10824, metered: false, value: false
02-21 11:39:41.307 I/hwbr_engine_a(20149): networkInfo is VPN, and will use activeNetworkInfo:1
02-21 11:39:41.312 I/hwbr_engine_a(20149): init_connectionType = 2 init_connectionSubType = 0
02-21 11:39:41.312 I/hwbr_engine_a(20149): networkInfo is VPN, and will use activeNetworkInfo:1
02-21 11:39:41.320 I/SysUtils(20149): build factory is HUAWEI
02-21 11:39:41.321 I/ActivityManager( 1926): startProcess: name=com.huawei.webview:sandboxed_process0:org.chromium.content.app.SandboxedProcessService0:0 app=null knownToBeDead=true thread=null pid=-1 preloadStatus=-1
02-21 11:39:41.321 D/CompatibilityChangeReporter( 1926): Compat change id reported: 135634846; UID 10824; state: DISABLED
02-21 11:39:41.321 I/ActivityManager( 1926): Posting procStart msg for 0:com.huawei.webview:sandboxed_process0:org.chromium.content.app.SandboxedProcessService0:0/u0a824i38
02-21 11:39:41.321 I/ActivityManager( 1926): startProcess: asking zygote to start proc ProcessRecord{c9b1004 0:com.huawei.webview:sandboxed_process0:org.chromium.content.app.SandboxedProcessService0:0/u0a824i38}
02-21 11:39:41.322 D/CompatibilityChangeReporter( 1926): Compat change id reported: 143937733; UID 10824; state: ENABLED
02-21 11:39:41.322 W/ActivityManager( 1926): Unknown package:com.huawei.hwid.tv
02-21 11:39:41.322 W/ActivityManager( 1926): Unknown package:com.huawei.hms
02-21 11:39:41.322 I/ZygoteProcess( 1926): Zygote use usap: false
02-21 11:39:41.322 I/hwschromium-21311(20149): [INFO:crashpad_android.cc(602)] [crashpad] use java handler : 1
02-21 11:39:41.323 E/afehal  ( 1202): Send cmd:C7 45 
02-21 11:39:41.325 E/afehal  ( 1202): Non-frame packet:A5,01,00,00
02-21 11:39:41.329 I/hwbr_engine_a(20149): networkInfo is VPN, and will use activeNetworkInfo:1
02-21 11:39:41.331 D/Zygote  ( 2644): Forked child process 20309
02-21 11:39:41.332 I/ActivityManager( 1926): Start proc 20309:com.huawei.webview:sandboxed_process0:org.chromium.content.app.SandboxedProcessService0:0/u0i38 for  {com.multilanglearner/org.chromium.content.app.SandboxedProcessService0:0}
02-21 11:39:41.333 I/SWAP_Scene( 1926): Entering notifySceneData notifySceneData. EventType:PROCESS_CREATE pkg:com.multilanglearner uid:99038 pid:20309 proc: activity:null
02-21 11:39:41.333 I/HwActivityManagerServiceEx( 1926): notifyProcessStatusChange::pkg:com.multilanglearner pid:20309 uid:99038
02-21 11:39:41.333 I/hwbr_engine_a(20149): networkInfo is VPN, and will use activeNetworkInfo:1
02-21 11:39:41.334 I/PG_ash  ( 2771): start process:com.huawei.webview:sandboxed_process0:org.chromium.content.app.SandboxedProcessService0:0 reason: pid:20309 uid:99038 pkgs:null
02-21 11:39:41.334 E/AppInfoMgr( 2771): not find pkgs by uid: 99038
02-21 11:39:41.334 I/PG_ash  ( 2771): not find pkg about uid:99038 pid:20309 proc:com.huawei.webview:sandboxed_process0:org.chromium.content.app.SandboxedProcessService0:0
02-21 11:39:41.337 I/aptouch_daemon( 1202): status=0xa01
02-21 11:39:41.337 E/aptouch_daemon( 1202): TsaFrame::UpdateStatusIdle[1864]idle in. 133
02-21 11:39:41.337 I/ocessService0:(20309): Reinit property: dalvik.vm.checkjni= false
02-21 11:39:41.337 I/ocessService0:(20309): ReInitProperties: persist.vm.debug.dumpapi= false
02-21 11:39:41.340 E/ocessService0:(20309): Not starting debugger since process cannot load the jdwp agent.
02-21 11:39:41.347 I/hwschromium-21311(20149): [INFO:dns_session.cc(48)] DOH-Fallback not enabled.
02-21 11:39:41.348 D/ActivityThread(20309): Attach thread to application
02-21 11:39:41.351 I/SysUtils(20149): [ditto] 16 & 1024
02-21 11:39:41.351 E/hwschromium-21311(20149): [ERROR:simple_file_enumerator.cc(58)] Could not get file info for /data/user/0/com.multilanglearner/cache/WebView/Default/HTTP Cache/Code Cache/js/8557e09855e29f4c_0
02-21 11:39:41.351 E/hwschromium-21311(20149): [ERROR:simple_file_enumerator.cc(58)] Could not get file info for /data/user/0/com.multilanglearner/cache/WebView/Default/HTTP Cache/Code Cache/js/c83c452271c822de_0
02-21 11:39:41.351 E/hwschromium-21311(20149): [ERROR:simple_file_enumerator.cc(58)] Could not get file info for /data/user/0/com.multilanglearner/cache/WebView/Default/HTTP Cache/Code Cache/js/824559a132661d82_0
02-21 11:39:41.351 E/HwApkAssets(20149): Unable to read assetfile[easygo.json]
02-21 11:39:41.351 E/hwschromium-21311(20149): [ERROR:simple_file_enumerator.cc(58)] Could not get file info for /data/user/0/com.multilanglearner/cache/WebView/Default/HTTP Cache/Code Cache/js/1b326d8c1c62f5ac_0
02-21 11:39:41.351 E/hwschromium-21311(20149): [ERROR:simple_file_enumerator.cc(58)] Could not get file info for /data/user/0/com.multilanglearner/cache/WebView/Default/HTTP Cache/Code Cache/js/e6d391b078633aa0_0
02-21 11:39:41.351 E/hwschromium-21311(20149): [ERROR:simple_file_enumerator.cc(58)] Could not get file info for /data/user/0/com.multilanglearner/cache/WebView/Default/HTTP Cache/Code Cache/js/05b930d98395695d_0
02-21 11:39:41.352 E/hwschromium-21311(20149): [ERROR:simple_file_enumerator.cc(58)] Could not get file info for /data/user/0/com.multilanglearner/cache/WebView/Default/HTTP Cache/Code Cache/js/963a3b27f6cc70c3_0
02-21 11:39:41.352 E/hwschromium-21311(20149): [ERROR:simple_file_enumerator.cc(58)] Could not get file info for /data/user/0/com.multilanglearner/cache/WebView/Default/HTTP Cache/Code Cache/js/43feb1fc39482fb1_0
02-21 11:39:41.352 E/hwschromium-21311(20149): [ERROR:simple_file_enumerator.cc(58)] Could not get file info for /data/user/0/com.multilanglearner/cache/WebView/Default/HTTP Cache/Code Cache/js/1b14831806e75878_0
02-21 11:39:41.352 E/hwschromium-21311(20149): [ERROR:simple_file_enumerator.cc(58)] Could not get file info for /data/user/0/com.multilanglearner/cache/WebView/Default/HTTP Cache/Code Cache/js/81394a806db46f92_0
02-21 11:39:41.352 E/hwschromium-21311(20149): [ERROR:simple_file_enumerator.cc(58)] Could not get file info for /data/user/0/com.multilanglearner/cache/WebView/Default/HTTP Cache/Code Cache/js/78ce60e92a142006_0
02-21 11:39:41.352 E/hwschromium-21311(20149): [ERROR:simple_file_enumerator.cc(58)] Could not get file info for /data/user/0/com.multilanglearner/cache/WebView/Default/HTTP Cache/Code Cache/js/8bc66c6756d52543_0
02-21 11:39:41.352 E/hwschromium-21311(20149): [ERROR:simple_file_enumerator.cc(58)] Could not get file info for /data/user/0/com.multilanglearner/cache/WebView/Default/HTTP Cache/Code Cache/js/6829005d1ab6d258_0
02-21 11:39:41.352 E/hwschromium-21311(20149): [ERROR:simple_file_enumerator.cc(58)] Could not get file info for /data/user/0/com.multilanglearner/cache/WebView/Default/HTTP Cache/Code Cache/js/f97af27657232a74_0
02-21 11:39:41.352 I/hwschromium-21311(20149): [INFO:parse_config_utils.cc(71)] enter ParseCloudConfigFile
02-21 11:39:41.354 I/hwbr_engine_AwBrowserProcess(20149): Clean out non fresh minidump files.
02-21 11:39:41.355 I/SysUtils(20149): hw theme is enabled(false)
02-21 11:39:41.355 I/SysUtils(20149): build factory is HUAWEI
02-21 11:39:41.355 I/hwbr_engine_AwSettings(20149): selectHandleChangeEnbled(false)
02-21 11:39:41.357 D/CompatibilityChangeReporter(20149): Compat change id reported: 171228096; UID 10824; state: ENABLED
02-21 11:39:41.357 I/hwschromium-21311(20149): [INFO:aw_ssl_host_state_delegate.cc(169)] AwSSLHostStateDelegate is incognito :0
02-21 11:39:41.357 I/hwschromium-21311(20149): [INFO:parse_config_utils.cc(256)] enter ParseDefaultConfigFile
02-21 11:39:41.358 I/hwschromium-21311(20149): [INFO:hw_plugin_config.cc(138)] no valid config found in all plugin config files
02-21 11:39:41.358 I/InputManager(20149): registerInputDeviceListener org.chromium.ui.events.devices.InputDeviceObserver@85436fc
02-21 11:39:41.358 I/InputManager( 1926): registerInputDevicesChangedListener android.hardware.input.IInputDevicesChangedListener$Stub$Proxy@ede5615 from pid:20149
02-21 11:39:41.359 D/AudioPolicyService(  977): getUidState(99038) cacheIter->second.first, return cacheIter->second.second(-1)
02-21 11:39:41.359 D/AudioPolicyService(  977): getUidState(99038) cacheIter->second.first, return cacheIter->second.second(-1)
02-21 11:39:41.360 D/CompatibilityChangeReporter(20309): Compat change id reported: 171979766; UID 99038; state: ENABLED
02-21 11:39:41.360 I/hwbr_engine_a(20149): networkInfo is VPN, and will use activeNetworkInfo:1
02-21 11:39:41.360 E/ActivityThread(20309): getApplicationInfo metadata error
02-21 11:39:41.360 I/ActivityThread(20309): Init compatible state: false
02-21 11:39:41.361 D/HwFrameworkSecurityPartsFactory(20309): HwFrameworkSecurityPartsFactory in.
02-21 11:39:41.361 I/HwFrameworkSecurityPartsFactory(20309): add HwFrameworkSecurityPartsFactory to memory.
02-21 11:39:41.361 D/BehaviorCollectManager(20309): hook process for AI virus second
02-21 11:39:41.361 E/BehaviorCollectManager(20309): Fail to acquire dataAnalyzerService...
02-21 11:39:41.362 I/ConnectivityManager(20149): requestNetwork and the calling app is: com.multilanglearner
02-21 11:39:41.363 I/ConnectivityService( 1926): requestNetwork for uid/pid:10824/20149 activeRequest: null callbackRequest: 1285 [NetworkRequest [ REQUEST id=1286, [ Capabilities: INTERNET&NOT_RESTRICTED&TRUSTED&NOT_VCN_MANAGED Uid: 10824 RequestorUid: 10824 RequestorPkg: com.multilanglearner] ]] callback flags: 0 priority: 2147483647
02-21 11:39:41.363 I/HwConnectivityService( 1926): nai is not mobile or nai do not has NET_CAPABILITY_INTERNET
02-21 11:39:41.363 I/HwConnectivityService( 1926): nai is not mobile or nai do not has NET_CAPABILITY_INTERNET
02-21 11:39:41.363 I/HwConnectivityService( 1926): nai is not mobile or nai do not has NET_CAPABILITY_INTERNET
02-21 11:39:41.363 I/HwConnectivityService( 1926): nai is not mobile or nai do not has NET_CAPABILITY_INTERNET
02-21 11:39:41.363 I/HwConnectivityService( 1926): nai is not mobile or nai do not has NET_CAPABILITY_INTERNET
02-21 11:39:41.363 I/HwConnectivityService( 1926): nai is not mobile or nai do not has NET_CAPABILITY_INTERNET
02-21 11:39:41.363 I/HwConnectivityService( 1926): nai is not mobile or nai do not has NET_CAPABILITY_INTERNET
02-21 11:39:41.363 I/HwConnectivityService( 1926): nai is not mobile or nai do not has NET_CAPABILITY_INTERNET
02-21 11:39:41.363 I/HwConnectivityService( 1926): nai is not mobile or nai do not has NET_CAPABILITY_INTERNET
02-21 11:39:41.363 I/HwConnectivityService( 1926): nai is not mobile or nai do not has NET_CAPABILITY_INTERNET
02-21 11:39:41.363 I/HwConnectivityService( 1926): nai is not mobile or nai do not has NET_CAPABILITY_INTERNET
02-21 11:39:41.363 I/ConnectivityService( 1926): NetReassign [1286 : null->113]
02-21 11:39:41.364 E/ocessService0:(20309): [ZeroHung]ZrhungIoctl: open /dev/hwlog_exception failed
02-21 11:39:41.364 E/ocessService0:(20309): [ZeroHung]zrhung_get_config: Get config failed for wp[0x0102]
02-21 11:39:41.365 I/LoadedApk(20309): createSharedLibrariesLoaders::sharedLibraries is null
02-21 11:39:41.365 W/ZrHung.AppEyeUiProbe(20309): Failed to get config from zrhung
02-21 11:39:41.365 D/UntrustedWifiNetworkFactory( 1926): got request NetworkRequest [ REQUEST id=1286, [ Capabilities: INTERNET&NOT_RESTRICTED&TRUSTED&NOT_VCN_MANAGED Uid: 10824 RequestorUid: 10824 RequestorPkg: com.multilanglearner] ]
02-21 11:39:41.365 D/OemPaidWifiNetworkFactory( 1926): got request NetworkRequest [ REQUEST id=1286, [ Capabilities: INTERNET&NOT_RESTRICTED&TRUSTED&NOT_VCN_MANAGED Uid: 10824 RequestorUid: 10824 RequestorPkg: com.multilanglearner] ]
02-21 11:39:41.359 W/AppEyeUiProbeTh(20309): type=1400 audit(0.0:22863): avc: denied { write } for name="hwlog_exception" dev="tmpfs" ino=955 scontext=u:r:isolated_app:s0:c512,c768 tcontext=u:object_r:exception_device:s0 tclass=chr_file permissive=0
02-21 11:39:41.366 D/PhoneSwitcherNetworkRequstListener( 3031): got request NetworkRequest [ REQUEST id=1286, [ Capabilities: INTERNET&NOT_RESTRICTED&TRUSTED&NOT_VCN_MANAGED Uid: 10824 RequestorUid: 10824 RequestorPkg: com.multilanglearner] ]
02-21 11:39:41.367 I/ocessService0:(20309): gtm: Create: target process is isolated
02-21 11:39:41.368 I/StorageManager(20309): Process.myUid = 99038,packageNames is null or packageNames.length <= 0 ,return.
02-21 11:39:41.368 D/GSM     ( 3031): [RoamingBroker] isRoamingBrokerActivated returns false
02-21 11:39:41.368 I/StorageManager(20309): Process.myUid = 99038,packageNames is null or packageNames.length <= 0 ,return.
02-21 11:39:41.368 I/HwConnectivityService( 1926): nai is not mobile or nai do not has NET_CAPABILITY_INTERNET
02-21 11:39:41.369 I/HwConnectivityService( 1926): nai is not mobile or nai do not has NET_CAPABILITY_INTERNET
02-21 11:39:41.369 I/HwConnectivityService( 1926): nai is not mobile or nai do not has NET_CAPABILITY_INTERNET
02-21 11:39:41.369 I/HwConnectivityService( 1926): nai is not mobile or nai do not has NET_CAPABILITY_INTERNET
02-21 11:39:41.369 I/HwConnectivityService( 1926): nai is not mobile or nai do not has NET_CAPABILITY_INTERNET
02-21 11:39:41.369 I/HwConnectivityService( 1926): nai is not mobile or nai do not has NET_CAPABILITY_INTERNET
02-21 11:39:41.369 I/HwConnectivityService( 1926): nai is not mobile or nai do not has NET_CAPABILITY_INTERNET
02-21 11:39:41.369 I/HwConnectivityService( 1926): nai is not mobile or nai do not has NET_CAPABILITY_INTERNET
02-21 11:39:41.369 I/HwConnectivityService( 1926): nai is not mobile or nai do not has NET_CAPABILITY_INTERNET
02-21 11:39:41.369 I/HwConnectivityService( 1926): nai is not mobile or nai do not has NET_CAPABILITY_INTERNET
02-21 11:39:41.369 I/HwConnectivityService( 1926): nai is not mobile or nai do not has NET_CAPABILITY_INTERNET
02-21 11:39:41.369 I/ConnectivityService( 1926): NetReassign [no changes]
02-21 11:39:41.369 D/NetworkSecurityConfig(20309): No Network Security Config specified, using platform default
02-21 11:39:41.369 D/NetworkSecurityConfig(20309): No Network Security Config specified, using platform default
02-21 11:39:41.370 I/hwbr_engine_WebViewApkApp(20309): Launched version=114.0.5735.196 minSdkVersion=1 isBundle=false processName=com.huawei.webview:sandboxed_process0:org.chromium.content.app.SandboxedProcessService0:0
02-21 11:39:41.371 I/HwViewStackScaleFactory(20309): add android.common.HwViewStackScaleFactoryImpl@9ed0b9f to memory.
02-21 11:39:41.371 I/SysUtils(20149): build factory is HUAWEI
02-21 11:39:41.372 I/ViewConfiguration(20309): rect Rect(0, 0 - 2224, 2496) mMaximumDrawingCacheSize 22204416
02-21 11:39:41.373 E/HwViewStackScale(20309): ViewUI onApplicationInit exception : Attempt to invoke interface method 'boolean android.view.IWindowManager.hasNavigationBar(int)' on a null object reference
02-21 11:39:41.373 D/HwXlayoutImpl(20309): hwExtraFlag is 1024, package name com.multilanglearner; isNeedModifyMetrics false
02-21 11:39:41.374 I/AwareBitmapCacher(20309): init processName:com.huawei.webview:sandboxed_process0:org.chromium.content.app.SandboxedProcessService0:0 pid=20309 uid=99038
02-21 11:39:41.374 I/HwTypeface(20309): updateFont: scale=0.94
02-21 11:39:41.374 I/HwTypeface(20309): size is 0, use default font family
02-21 11:39:41.376 I/hwbr_engine_AwSettings(20149): getAdBlockEnabled:false
02-21 11:39:41.378 W/hwbr_engine_SelectionPopupCtlr(20149): setSelectHandleChangeEnable + false
02-21 11:39:41.379 I/hwbr_engine_AwContents(20149): new AwContents incognito:false
02-21 11:39:41.384 I/hwschromium-21311(20149): [INFO:browser_url_handler_impl.cc(162)] BrowserURLHandlerImpl::AddChannelKeyForSearchEngine
02-21 11:39:41.384 I/hwschromium-21311(20149): [INFO:browser_url_handler_impl.cc(186)] Search result page config not found
02-21 11:39:41.384 I/hwschromium-21311(20149): [INFO:browser_url_handler_impl.cc(162)] BrowserURLHandlerImpl::AddChannelKeyForSearchEngine
02-21 11:39:41.384 I/hwschromium-21311(20149): [INFO:browser_url_handler_impl.cc(186)] Search result page config not found
02-21 11:39:41.384 I/hwschromium-21311(20149): [INFO:navigation_request.cc(1813)] fraud_web_report will skip compute digest for resoruces.
02-21 11:39:41.384 I/hwschromium-21311(20149): [INFO:render_frame_host_manager.cc(1347)] HWBFCACHE: GetSiteInstanceForNavigationRequest reason=DetermineSiteInstanceForURL => current_instance
02-21 11:39:41.387 W/hwbr_engine_media(20149): BLUETOOTH_CONNECT permission is missing.
02-21 11:39:41.387 I/hwbr_engine_AwSettings(20149): getAdBlockEnabled:false
02-21 11:39:41.387 W/hwbr_engine_media(20149): registerBluetoothIntentsIfNeeded: Requires BLUETOOTH permission
02-21 11:39:41.393 W/FontFamily(20309): updateFonts: mFonts is null for android.graphics.fonts.FontFamily@f7294ec
02-21 11:39:41.393 W/ViewGroup(20149): ViewUI is dispatching child view at this moment, child:androidx.compose.ui.platform.AndroidViewsHandler{37deb92 V.E...... ......ID 0,0-0,0}, index:0
02-21 11:39:41.399 I/hwbr_engine_AwSettings(20149): [variable fonts] 463861668992 update font wght scale:0.94->0.94  dark:0.95->0.893
02-21 11:39:41.399 W/hwbr_engine_WebSettings(20149): getForceDark() is a no-op in an app with targetSdkVersion>=T
02-21 11:39:41.399 W/hwbr_engine_WebSettings(20149): setForceDark() is a no-op in an app with targetSdkVersion>=T
02-21 11:39:41.408 I/Layer   (  980): com.multilanglearner/com.multilanglearner.MainActivity#10463: created
02-21 11:39:41.408 I/surfaceflinger(  980): GameSdkLog,RegisterGameSdkCallback, tidBuffer=RES:all_pkg->pkg|1|4|7|10|12
02-21 11:39:41.408 E/AwareLog( 2771): GameSdkManager: GameSdkLog: Register: gameKitServer is null 
02-21 11:39:41.408 E/AwareLog( 2771): iAwareSdkService: onTransactEx deal data Exception
02-21 11:39:41.409 I/ActivityThread(20309): finishPreloaded preloadStatus 0
02-21 11:39:41.409 I/HwViewRootImpl(20309): Add sceneId 1 topId: 0
02-21 11:39:41.409 I/ActivityThread(20309): handleBindApplication cost: 50
02-21 11:39:41.410 I/hwbr_engine_ChildProcessService(20309): Creating new ChildProcessService pid=20309
02-21 11:39:41.410 D/HwActivityTaskManagerServiceEx( 1926): getVisibleTasks() beginning running, callingPid = 1926 , callingUid = 1000
02-21 11:39:41.411 I/WindowManager( 1926): updateFocusedWindowLocked: newFocus is null for  displayId=1
02-21 11:39:41.412 I/WindowManager( 1926): Focus requested for window=:8e44ac3 com.multilanglearner/com.multilanglearner.MainActivity
02-21 11:39:41.412 D/ActivityManager( 1926): setPrivilegeType serviceRecord: ServiceRecord{e61e3cc u0 com.multilanglearner/org.chromium.content.app.SandboxedProcessService0:0}, interfaceDescriptor: org.chromium.base.process_launcher.IChildProcessService, shouldSetPrivType: false
02-21 11:39:41.412 I/KStateManager( 2771): send binder call message, called pid:20309, calling pid:[1926]
02-21 11:39:41.412 E/SELinux (  583): avc:  denied  { find } for pid=20309 uid=99038 name=content_capture scontext=u:r:isolated_app:s0:c512,c768 tcontext=u:object_r:content_capture_service:s0 tclass=service_manager permissive=0
02-21 11:39:41.412 D/BufferQueueCore(20149): BufferQueueCore: mDebugHwFlow=0, mIsBufferQueueLogVSupport=0.
02-21 11:39:41.412 E/servicemanager(  583): 'content_capture' is not accessible by 20309 (SELinux restricted)
02-21 11:39:41.412 D/HwActivityTaskManagerServiceEx( 1926): getVisibleTasks add visible task to list, topActivity : ActivityRecord{9e4b73f u0 com.multilanglearner/.MainActivity t11080}
02-21 11:39:41.413 I/PG_ash  ( 2771): 1926 binder call 20309
02-21 11:39:41.413 D/InsetsSourceConsumer(20149): ViewUI_insets setControl -> ITYPE_STATUS_BAR on com.multilanglearner/com.multilanglearner.MainActivity
02-21 11:39:41.413 D/InsetsSourceConsumer(20149): ViewUI_insets setControl mType:0, requestedVisible:true, getLeash:Surface(name=Surface(name=ac0732d StatusBar)/@0x71510dd - animation-leash of insets_animation)/@0x9aa506d, needAnimation:false, mIsAnimationPending:false, getRootViewTitle:com.multilanglearner/com.multilanglearner.MainActivity
02-21 11:39:41.415 E/OpenGLRenderer(20149): Unable to match the desired swap behavior.
02-21 11:39:41.415 I/hwbr_engine_ChildProcLauncher(20149): on connect callback, pid=20309
02-21 11:39:41.416 I/hwbr_engine_LibraryLoader(20309): loadLibrary: ffmpeg.huawei
02-21 11:39:41.416 D/AwareLog( 1522): iawared: set /proc/20149/task/20345/static_vip vip
02-21 11:39:41.416 I/hwbr_engine_LibraryLoader(20309): loadLibrary: webviewchromium.huawei
02-21 11:39:41.416 I/hwbr_engine_LibraryLoader(20309): loadLibrary: webviewchromium_plat_support.huawei
02-21 11:39:41.421 I/hwbr_engine_LibraryLoader(20309): Successfully loaded native library
02-21 11:39:41.423 I/hwbr_engine_CachingUmaRecorder(20309): Flushed 2 samples from 2 histograms.
02-21 11:39:41.426 W/SystemServiceRegistry(20309): No service published for: uimode
02-21 11:39:41.428 I/FocusResolver( 1926): window 8e44ac3 com.multilanglearner/com.multilanglearner.MainActivity is focusable even if it is not visible.
02-21 11:39:41.428 I/FocusResolver( 1926): setFocusedWindow 8e44ac3 com.multilanglearner/com.multilanglearner.MainActivity on display 0, result:OK
02-21 11:39:41.428 I/FocusResolver( 1926): Focus entered window 8e44ac3 com.multilanglearner/com.multilanglearner.MainActivity in display 0, reason:setFocusedWindow
02-21 11:39:41.448 I/ultilanglearne(20149): Compiler allocated 5042KB to compile void android.view.ViewRootImpl.performTraversals()
02-21 11:39:41.451 I/BufferStateLayer(  980): setBuffer: com.multilanglearner/com.multilanglearner.MainActivity#10463: first buffer comes.
02-21 11:39:41.452 I/FocusResolver( 1926): window 8e44ac3 com.multilanglearner/com.multilanglearner.MainActivity is focusable even if it is not visible.
02-21 11:39:41.453 I/hwschromium-21311(20149): [INFO:hw_plugin_config.cc(143)] LoadConfig(0, null)
02-21 11:39:41.453 W/hwschromium-21311(20149): [WARNING:render_process_host_impl.cc(5909)] UpdateOpenAPIConfigDataInRenderer, data is null
02-21 11:39:41.453 W/hwschromium-21311(20149): [WARNING:render_process_host_impl.cc(5723)] UpdateVideoExperienceConfigDataToRenderer, data is null
02-21 11:39:41.453 W/hwschromium-21311(20149): [WARNING:render_process_host_impl.cc(5742)] UpdateVideoLoadOptimizationConfigDataToRenderer, data is null
02-21 11:39:41.453 W/hwschromium-21311(20149): [WARNING:render_process_host_impl.cc(5763)] UpdateVideoCacheOptimizationConfigDataToRenderer, data is null
02-21 11:39:41.453 I/hwschromium-21311(20149): [INFO:global_cloud_data_manager.cc(65)] GlobalCloudDataManager PrefService init error or no data.
02-21 11:39:41.453 I/hwschromium-21311(20149): [INFO:render_process_host_impl.cc(6300)] Send image denoms to renderer, global_cloud_data: denom_for_image: 25, denom_for_jpeg_image: 50, denom_for_png_image: 25
02-21 11:39:41.455 W/system_server( 1926): Failed to UpdateQosForCgroupInner, tid=0, policy=10
02-21 11:39:41.456 I/hwschromium-21311(20309): [INFO:settings.cc(234)] [variable fonts] 0x200308c00 set hw font wght scale: 1->0.94
02-21 11:39:41.458 I/Choreographer(20149): Skipped 30 frames! The application may be doing too much work on its main thread.
02-21 11:39:41.460 I/resolv  (  889): resolv_getaddrinfo: explore_fqdn(): ai_family=2 ai_socktype=1 ai_protocol=6
02-21 11:39:41.460 I/resolv  (  889): doQuery: netid: 113 pid: 20149 uid: 10824 type: A
02-21 11:39:41.472 D/HwActivityTaskManagerServiceEx( 1926): getVisibleTasks() beginning running, callingPid = 1926 , callingUid = 1000
02-21 11:39:41.473 I/WindowManager( 1926): reportResized : win = Window{8e44ac3 u0 com.multilanglearner/com.multilanglearner.MainActivity} drawState = DRAW_PENDING
02-21 11:39:41.473 I/WindowManager( 1926): updateFocusedWindowLocked: newFocus is null for  displayId=1
02-21 11:39:41.474 D/HwActivityTaskManagerServiceEx( 1926): getVisibleTasks add visible task to list, topActivity : ActivityRecord{9e4b73f u0 com.multilanglearner/.MainActivity t11080}
02-21 11:39:41.475 D/HwActivityTaskManagerServiceEx( 1926): getVisibleTasks() beginning running, callingPid = 1926 , callingUid = 1000
02-21 11:39:41.475 I/MediaCodecList( 1512): Time check for MediaCodecList_getLocalInstance stuck issue mediaserver
02-21 11:39:41.476 D/HwActivityTaskManagerServiceEx( 1926): getVisibleTasks add visible task to list, topActivity : ActivityRecord{9e4b73f u0 com.multilanglearner/.MainActivity t11080}
02-21 11:39:41.477 W/BufferQueueProducer(20149): [com.multilanglearner/com.multilanglearner.MainActivity#2(BLAST Consumer)2](id:4eb500000002,api:0,p:-1,c:20149) disconnect: not connected (req=1)
02-21 11:39:41.477 W/libEGL  (20149): EGLNativeWindowType 0x6e9bb60010 disconnect failed
02-21 11:39:41.477 E/OpenGLRenderer(20149): Unable to match the desired swap behavior.
02-21 11:39:41.478 I/FocusResolver( 1926): window 8e44ac3 com.multilanglearner/com.multilanglearner.MainActivity is focusable even if it is not visible.
02-21 11:39:41.486 I/FocusResolver( 1926): window 8e44ac3 com.multilanglearner/com.multilanglearner.MainActivity is focusable even if it is not visible.
02-21 11:39:41.491 W/AudioCapabilities(20149): Unsupported mime audio/avs-3da
02-21 11:39:41.492 D/OpenGLRenderer(20149): disableOutlineDraw is true
02-21 11:39:41.492 I/InsetsSourceConsumer(20149): ViewUI_insets mSourceControl is null notifyControlRevoked type: 0
02-21 11:39:41.493 I/Layer   (  980): *#10457: destroyed
02-21 11:39:41.494 D/HwActivityTaskManagerServiceEx( 1926): getVisibleTasks() beginning running, callingPid = 1926 , callingUid = 1000
02-21 11:39:41.495 I/FocusResolver( 1926): window 8e44ac3 com.multilanglearner/com.multilanglearner.MainActivity is focusable even if it is not visible.
02-21 11:39:41.496 D/OpenGLRenderer(20149): gpu complete is not signaled
02-21 11:39:41.498 I/Layer   (  980): Surface(name=8e44ac3 com.multilanglearner/com.multilanglearner.MainActivity)/@0xe40988a - animation-leash of window_animation#10464: created
02-21 11:39:41.500 I/Layer   (  980): Dim Layer for - Task=11080#10465: created
02-21 11:39:41.500 W/VideoCapabilities(20149): Unrecognized profile/level 0/0 for video/mpeg2
