02-21 11:39:38.953 I/ConnectivityService( 1926): cacheHwCSEx B uid 10135 cacheBlock = 1
02-21 11:39:38.953 I/ConnectivityService( 1926): cacheHwCSEx B uid 10135 cacheBlock = 1
02-21 11:39:38.953 I/ConnectivityService( 1926): cacheHwCSEx B uid 10135 cacheBlock = 1
02-21 11:39:38.953 I/ConnectivityService( 1926): cacheHwCSEx B uid 10135 cacheBlock = 1
02-21 11:39:38.954 I/InputManager-JNI( 1926): Viewport [0] to add: Viewport INTERNAL: displayId=0, uniqueId=local:1, port=1, orientation=0, logicalFrame=[0, 0, 1080, 2504], physicalFrame=[0, 0, 1080, 2504], deviceSize=[1080, 2504], isActive=[1], isActive: true
02-21 11:39:38.954 I/InputManager-JNI( 1926): Viewport [1] to add: Viewport EXTERNAL: displayId=1, uniqueId=local:0, port=0, orientation=3, logicalFrame=[0, 0, 2224, 2496], physicalFrame=[257, 0, 2238, 2224], deviceSize=[2224, 2496], isActive=[0], isActive: false
02-21 11:39:38.954 I/WindowManager( 1926): return DEFAULT_DISPLAY for non-DesktopMode.
02-21 11:39:38.955 I/InputReader( 1926): Reconfiguring input devices, changes=DISPLAY_INFO | 
02-21 11:39:38.955 I/InputReader( 1926): findViewport: 2
02-21 11:39:38.955 I/InputReader( 1926): findViewport: 2
02-21 11:39:38.955 I/InputReader( 1926): findViewport: 2
02-21 11:39:38.955 I/InputReader( 1926): findViewport: 2
02-21 11:39:38.955 I/InputReader( 1926): findViewport: 2
02-21 11:39:38.955 I/InputReader( 1926): findViewport: 2
02-21 11:39:38.966 D/HwCommBoosterService( 2724): reportBoosterPara enter
02-21 11:39:38.967 D/HwCommBoosterManager( 2724): reportBoosterPara enter
02-21 11:39:38.967 D/HwCommBoosterManager( 2724): pluginId: 2
02-21 11:39:38.967 D/HwCommBoosterManager( 2724): handleBoosterMessageSendModuleDataToPlugin enter
02-21 11:39:38.969 V/HwWifiServiceFactory( 1926): get AllImpl object = com.android.server.wifi.HwWifiServiceFactoryImpl@267d630
02-21 11:39:38.969 D/WifiEnhanceManagerUtil( 1926): call reportChrEnhanceEvent
02-21 11:39:38.970 I/HwWifiChrEnhanceService( 1926): reportChrEnhanceEvent 909001021
02-21 11:39:38.970 I/HwWifiScanChr( 1926): updateChrCount, appName:com.huawei.rcsserviceapplication, key:serviceLimit
02-21 11:39:38.971 V/HwWifiServiceFactory( 1926): get AllImpl object = com.android.server.wifi.HwWifiServiceFactoryImpl@267d630
02-21 11:39:38.971 I/InputReader( 1926): UL_Input first offset move.
02-21 11:39:38.971 V/HwWifiServiceFactory( 1926): get AllImpl object = com.android.server.wifi.HwWifiServiceFactoryImpl@267d630
02-21 11:39:38.971 D/WifiEnhanceManagerUtil( 1926): call reportChrEnhanceEvent
02-21 11:39:38.972 I/HwWifiChrEnhanceService( 1926): reportChrEnhanceEvent 909001021
02-21 11:39:38.972 I/HwWifiScanChr( 1926): updateChrCount, appName:com.huawei.rcsserviceapplication, key:serviceLimit
02-21 11:39:38.972 V/HwWifiServiceFactory( 1926): get AllImpl object = com.android.server.wifi.HwWifiServiceFactoryImpl@267d630
02-21 11:39:38.984 I/HwViewRootImpl(20149): Add sceneId 13 topId: 11
02-21 11:39:38.995 D/RcseMmsExt(20091): resetRcsMode() will updateRcsMode
02-21 11:39:38.995 D/RcseMmsExt(20091): Send mode is not change, so do not need call back onSendModeSet()
02-21 11:39:38.996 D/surfaceflinger(  980): xdraw: fling start with uid 10824, curUid: 0
02-21 11:39:38.996 I/ConnectivityService( 1926): cacheHwCSEx B uid 10135 cacheBlock = 1
02-21 11:39:38.997 I/ConnectivityService( 1926): cacheHwCSEx B uid 10135 cacheBlock = 1
02-21 11:39:38.998 I/ConnectivityService( 1926): cacheHwCSEx B uid 10135 cacheBlock = 1
02-21 11:39:38.998 I/RcsComposeMessage(20091): isNeedShowRcsMenu rcs user false
02-21 11:39:38.998 I/RcsComposeMessage(20091): it is not up or on line, not need show sms link menu
02-21 11:39:39.000 I/ConnectivityService( 1926): cacheHwCSEx B uid 10135 cacheBlock = 1
02-21 11:39:39.001 I/ConnectivityService( 1926): cacheHwCSEx B uid 10135 cacheBlock = 1
02-21 11:39:39.002 I/ConnectivityService( 1926): cacheHwCSEx B uid 10135 cacheBlock = 1
02-21 11:39:39.002 I/ConnectivityService( 1926): cacheHwCSEx B uid 10135 cacheBlock = 1
02-21 11:39:39.002 I/RcsComposeMessage(20091): isNeedShowRcsMenu rcs user false
02-21 11:39:39.003 I/HwCustComposeMessageImpl(20091): mccmnc 46011 do not remove call btn
02-21 11:39:39.003 I/HwCustComposeMessageImpl(20091): do not remove call btn
02-21 11:39:39.003 I/ConnectivityService( 1926): cacheHwCSEx B uid 10135 cacheBlock = 1
02-21 11:39:39.004 D/CompositionEngine(  980): schedule graphic cpuset: CPUSET_SP_GRAPHIC_HIGH, composer pid: 946
02-21 11:39:39.005 I/sms_blockSmsBlockManagerImpl(20091): abilityVer: 1
02-21 11:39:39.005 I/HwActivityManagerServiceEx( 1926): provider is prevented for not-prevent
02-21 11:39:39.006 I/ContentProviderHelper( 1926): Successfully start provider ContentProviderRecord{5abe50e u0 com.huawei.systemmanager/com.huawei.harassmentinterception.advblock.AdvMsgBlockProvider} launchingApp=null caller pid= 20091
02-21 11:39:39.008 I/PowerManagerService( 1926):  schedul eye detect nextTimeout: 31958561 now: 31905565 mRemainTime: 10000
02-21 11:39:39.008 I/sms_blockSmsBlockManagerImpl(20091): intell block switch: 1adSmsBlock switch:0
02-21 11:39:39.008 I/Mms_UI_CMA(20091): show BlackList Menu or SmartSms Menu
02-21 11:39:39.010 I/RcsConversationListFragment(20091): refreshWhenLoginStatusChanged isLogin = %dfalse
02-21 11:39:39.010 I/Mms_UI_CLFrag(20091): handleLoginStatusChanged isLogin : false
02-21 11:39:39.010 D/b       (20091): LeftPaneFragmentMenu onPrepareOptionsMenu...
02-21 11:39:39.012 E/HwListDeleteAnimationHelper(20091): updateItemPosition, end, mRecordItemCount is zero, position: 0 mappingDirection: 1
02-21 11:39:39.012 E/HwListDeleteAnimationHelper(20091): updateItemPosition, end, mRecordItemCount is zero, position: 1 mappingDirection: 1
02-21 11:39:39.012 E/HwListDeleteAnimationHelper(20091): updateItemPosition, end, mRecordItemCount is zero, position: 2 mappingDirection: 1
02-21 11:39:39.012 I/RcsConversationUtils(20091): judgeRcsThreadId theadId = 1810
02-21 11:39:39.012 I/RcsCommonConfig(20091): isGroupManageEnable: false, isGroupEnableFromServer: false
02-21 11:39:39.013 I/ConnectivityService( 1926): cacheHwCSEx B uid 10135 cacheBlock = 1
02-21 11:39:39.015 I/ConnectivityService( 1926): cacheHwCSEx B uid 10135 cacheBlock = 1
02-21 11:39:39.015 I/Linker-11.1.31.300-gammaHuaweiMarket-02.02 16:03(20091): [DefaultSmartSmsUtilProcessor]1*6*7*0*4*2*1*7*1 has pub portal:false
02-21 11:39:39.017 W/HiTouch_PressGestureDetector(20149): Touch pointer move a lot. The moving distance of X is:9.706116, limit is:63The moving distance of Y is:75.487915, limit is:63
02-21 11:39:39.017 D/RcsCommonConfig(20091): isRCSSwitchOnWithLog sIsRcsOn: true, IS_RCS_WHOLE_ON: false, IS_CURRENT_USER_OWNER: true, IS_ATT: false
02-21 11:39:39.018 D/RcsConversationListFragment(20091): showOrHideDisconnectedNotify: hideView = false
02-21 11:39:39.018 I/RcsCommonConfig(20091): isGroupManageEnable: false, isGroupEnableFromServer: false
02-21 11:39:39.018 I/DistributeUtils(20091): not is wifiOnly mode
02-21 11:39:39.018 I/DistributeUtils(20091): not is cellular mode
02-21 11:39:39.018 I/b       (20091): refreshUnreadHarassmentSmsCount, start...
02-21 11:39:39.019 I/HwActivityManagerServiceEx( 1926): provider is prevented for not-prevent
02-21 11:39:39.020 D/SplitActionBarView(20091): No View To setContentDescription
02-21 11:39:39.020 I/ContentProviderHelper( 1926): Successfully start provider ContentProviderRecord{d010210 u0 com.huawei.systemmanager/com.huawei.harassmentinterception.db.DbProvider} launchingApp=null caller pid= 20091
02-21 11:39:39.021 E/AppOps  ( 1926): noteOperation catch security exception:Specified package com.android.phone under uid 10083 but it is not attributionTag check, current pkg uid:1001
02-21 11:39:39.022 I/SmsApplication(20091): updatedNeeded = false for userId = 0
02-21 11:39:39.027 I/WifiNl80211Manager( 1926): Noise: -76, Snr: 30, Chload: 30, rssi: -31, txBitrate: 2401, rxBitrate: 1921, frequency: 5200, UlDelay: 1, currentTxBytes: 247250027, currentTxPackets: 343024, currentTxFailed: 0, currentRxBytes: 691638301, currentRxPackets: 630121
02-21 11:39:39.028 V/HwWifiServiceFactory( 1926): get AllImpl object = com.android.server.wifi.HwWifiServiceFactoryImpl@267d630
02-21 11:39:39.029 I/ConnectivityService( 1926): cacheHwCSEx B uid 10135 cacheBlock = 1
02-21 11:39:39.030 I/ConnectivityService( 1926): cacheHwCSEx B uid 10135 cacheBlock = 1
02-21 11:39:39.030 I/ConnectivityService( 1926): cacheHwCSEx B uid 10135 cacheBlock = 1
02-21 11:39:39.031 D/RcsConversationListFragment(20091): showOrHideDisconnectedNotify: hideView = false
02-21 11:39:39.031 I/ConnectivityService( 1926): cacheHwCSEx B uid 10135 cacheBlock = 1
02-21 11:39:39.033 D/RcsCommonConfig(20091): isRCSSwitchOnWithLog sIsRcsOn: true, IS_RCS_WHOLE_ON: false, IS_CURRENT_USER_OWNER: true, IS_ATT: false
02-21 11:39:39.033 D/b       (20091): LeftPaneFragmentMenu onPrepareOptionsMenu...
02-21 11:39:39.034 E/HwListDeleteAnimationHelper(20091): updateItemPosition, end, mRecordItemCount is zero, position: 0 mappingDirection: 1
02-21 11:39:39.034 E/HwListDeleteAnimationHelper(20091): updateItemPosition, end, mRecordItemCount is zero, position: 1 mappingDirection: 1
02-21 11:39:39.034 E/HwListDeleteAnimationHelper(20091): updateItemPosition, end, mRecordItemCount is zero, position: 2 mappingDirection: 1
02-21 11:39:39.034 I/RcsConversationUtils(20091): judgeRcsThreadId theadId = 1810
02-21 11:39:39.034 I/RcsCommonConfig(20091): isGroupManageEnable: false, isGroupEnableFromServer: false
02-21 11:39:39.035 I/ConnectivityService( 1926): cacheHwCSEx B uid 10135 cacheBlock = 1
02-21 11:39:39.036 I/ConnectivityService( 1926): cacheHwCSEx B uid 10135 cacheBlock = 1
02-21 11:39:39.037 D/RcsCommonConfig(20091): isRCSSwitchOnWithLog sIsRcsOn: true, IS_RCS_WHOLE_ON: false, IS_CURRENT_USER_OWNER: true, IS_ATT: false
02-21 11:39:39.038 D/RcsConversationListFragment(20091): showOrHideDisconnectedNotify: hideView = false
02-21 11:39:39.038 I/RcsCommonConfig(20091): isGroupManageEnable: false, isGroupEnableFromServer: false
02-21 11:39:39.038 I/DistributeUtils(20091): not is wifiOnly mode
02-21 11:39:39.038 I/DistributeUtils(20091): not is cellular mode
02-21 11:39:39.038 I/b       (20091): refreshUnreadHarassmentSmsCount, start...
02-21 11:39:39.039 D/SplitActionBarView(20091): No View To setContentDescription
02-21 11:39:39.040 D/b       (20091): LeftPaneFragmentMenu onPrepareOptionsMenu...
02-21 11:39:39.040 E/HwListDeleteAnimationHelper(20091): updateItemPosition, end, mRecordItemCount is zero, position: 0 mappingDirection: 1
02-21 11:39:39.041 E/HwListDeleteAnimationHelper(20091): updateItemPosition, end, mRecordItemCount is zero, position: 1 mappingDirection: 1
02-21 11:39:39.041 E/HwListDeleteAnimationHelper(20091): updateItemPosition, end, mRecordItemCount is zero, position: 2 mappingDirection: 1
02-21 11:39:39.041 I/RcsConversationUtils(20091): judgeRcsThreadId theadId = 1810
02-21 11:39:39.041 I/RcsCommonConfig(20091): isGroupManageEnable: false, isGroupEnableFromServer: false
02-21 11:39:39.041 I/ConnectivityService( 1926): cacheHwCSEx B uid 10135 cacheBlock = 1
02-21 11:39:39.042 I/ConnectivityService( 1926): cacheHwCSEx B uid 10135 cacheBlock = 1
02-21 11:39:39.044 D/RcsCommonConfig(20091): isRCSSwitchOnWithLog sIsRcsOn: true, IS_RCS_WHOLE_ON: false, IS_CURRENT_USER_OWNER: true, IS_ATT: false
02-21 11:39:39.044 D/RcsConversationListFragment(20091): showOrHideDisconnectedNotify: hideView = false
02-21 11:39:39.044 I/RcsCommonConfig(20091): isGroupManageEnable: false, isGroupEnableFromServer: false
02-21 11:39:39.044 I/DistributeUtils(20091): not is wifiOnly mode
02-21 11:39:39.044 I/DistributeUtils(20091): not is cellular mode
02-21 11:39:39.044 I/b       (20091): refreshUnreadHarassmentSmsCount, start...
02-21 11:39:39.045 W/HwSfpPolicyManager(14278): getLabel: invalid filePath!
02-21 11:39:39.045 W/HwSfpPolicyManager(14278): getFlag: invalid filePath!
02-21 11:39:39.045 W/HwSfpPolicyManager(14278): checkParamsForSetLabel: invalid filePath!
02-21 11:39:39.045 I/HwSfpPolicyManager(14278): eventId : 992740301, result code : 1
02-21 11:39:39.045 D/SplitActionBarView(20091): No View To setContentDescription
02-21 11:39:39.046 I/HwSfpPolicyManager(14278): getLabelFromXattr: No data for label!
02-21 11:39:39.046 I/HwSfpPolicyManager(14278): getLabelFromXattr: No data for label!
02-21 11:39:39.047 I/HwSfpPolicyManager(14278): eventId : 992740301, result code : 0
02-21 11:39:39.048 I/HwSfpPolicyManager(14278): getLabelFromXattr: No data for label!
02-21 11:39:39.049 I/HwSfpPolicyManager(14278): getLabelFromXattr: No data for label!
02-21 11:39:39.049 I/HwSfpPolicyManager(14278): eventId : 992740301, result code : 0
02-21 11:39:39.049 I/DistributeUtils(20091): not is wifiOnly mode
02-21 11:39:39.049 I/Mms_UI_CMA(20091): execute task of remove  : false
02-21 11:39:39.049 I/DistributeUtils(20091): not is cellular mode
02-21 11:39:39.049 D/AwareLog( 1522): iawared: DoHighCpuUsageWork 2s.
02-21 11:39:39.050 I/b       (20091): refreshUnreadHarassmentSmsCount, update: 2
02-21 11:39:39.051 D/AwareLog( 1522): iawared: getline line is = 16047 124861188560000
02-21 11:39:39.051 D/AwareLog( 1522): 
02-21 11:39:39.051 D/AwareLog( 1522): iawared: GetTaskCpuLoad start.
02-21 11:39:39.051 D/AwareLog( 1522): iawared: getTaskCpuLoad clock_time_diff = 2029
02-21 11:39:39.051 D/AwareLog( 1522): iawared: getTaskCpuLoad proc_cputime_diff = 3964800000
02-21 11:39:39.051 D/AwareLog( 1522): iawared: GetTaskCpuLoad end, task pid is 16047, task load percent is 0.017074 
02-21 11:39:39.051 D/AwareLog( 1522): iawared: getTaskCpuLoad end, cpu load less than last use
02-21 11:39:39.051 D/AwareLog( 1522): iawared: getline line is = 30892 44230836656000
02-21 11:39:39.051 D/AwareLog( 1522): 
02-21 11:39:39.051 D/AwareLog( 1522): iawared: GetTaskCpuLoad start.
02-21 11:39:39.051 D/AwareLog( 1522): iawared: getTaskCpuLoad clock_time_diff = 2029
02-21 11:39:39.051 D/AwareLog( 1522): iawared: getTaskCpuLoad proc_cputime_diff = -3487600000
02-21 11:39:39.051 D/AwareLog( 1522): iawared: getTaskCpuLoad end, cpu load less than last use
02-21 11:39:39.051 D/AwareLog( 1522): iawared: getline line is = 27091 138539857784000
02-21 11:39:39.051 D/AwareLog( 1522): 
02-21 11:39:39.051 D/AwareLog( 1522): iawared: GetTaskCpuLoad start.
02-21 11:39:39.051 D/AwareLog( 1522): iawared: getTaskCpuLoad clock_time_diff = 2028
02-21 11:39:39.051 D/AwareLog( 1522): iawared: getTaskCpuLoad proc_cputime_diff = 2171800000
02-21 11:39:39.051 D/AwareLog( 1522): iawared: GetTaskCpuLoad end, task pid is 27091, task load percent is 0.009357 
02-21 11:39:39.051 D/AwareLog( 1522): iawared: getTaskCpuLoad end, cpu load less than last use
02-21 11:39:39.051 D/AwareLog( 1522): iawared: getline line is = 6587 3316934584000
02-21 11:39:39.051 D/AwareLog( 1522): 
02-21 11:39:39.051 D/AwareLog( 1522): iawared: GetTaskCpuLoad start.
02-21 11:39:39.051 D/AwareLog( 1522): iawared: getTaskCpuLoad clock_time_diff = 2027
02-21 11:39:39.051 D/AwareLog( 1522): iawared: getTaskCpuLoad proc_cputime_diff = 1252800000
02-21 11:39:39.051 D/AwareLog( 1522): iawared: GetTaskCpuLoad end, task pid is 6587, task load percent is 0.005400 
02-21 11:39:39.051 D/AwareLog( 1522): iawared: getTaskCpuLoad end, cpu load less than last use
02-21 11:39:39.051 D/AwareLog( 1522): iawared: getline line is = 13689 595613248000
02-21 11:39:39.051 D/AwareLog( 1522): 
02-21 11:39:39.051 D/AwareLog( 1522): iawared: GetTaskCpuLoad start.
02-21 11:39:39.051 D/AwareLog( 1522): iawared: getTaskCpuLoad clock_time_diff = 2027
02-21 11:39:39.051 D/AwareLog( 1522): iawared: getTaskCpuLoad proc_cputime_diff = 0
02-21 11:39:39.051 D/AwareLog( 1522): iawared: getTaskCpuLoad end, cpu load less than last use
02-21 11:39:39.051 D/AwareLog( 1522): iawared: this line is null or len is zero, continue read next.
02-21 11:39:39.114 I/PowerManagerService( 1926):  schedul eye detect nextTimeout: 31958668 now: 31905672 mRemainTime: 10000
02-21 11:39:39.138 I/Booster_Qoe( 2724): Ada,index:8,NisPsSlow:0,NProba:323,rsrp(rssi):-40,rsrq(noise):-76,rtt(chload):30,BFH(uldelay):1,BFC(rtt):0 Real:0,0,0,0,0
02-21 11:39:39.139 I/Booster_Qoe( 2724): Ada,index:2,NisPsSlow:0,NProba:323,rsrp(rssi):-40,rsrq(noise):-76,rtt(chload):30,BFH(uldelay):1,BFC(rtt):36 Real:0,0,36,0,0
02-21 11:39:39.139 E/Booster_BroadcastProxy( 2724): [isDebugModemEnabled]get package info fail.
02-21 11:39:39.140 I/WiFi_PRO_WifiProStateMachine( 1926): APP_SERVICE_QOE_NOTIFY Qoe info 10824,4,0,323,1,2,4,0,323,2401900,1921500,11,10,0,0,0,0 CID 2 mMasterWifiRssi -31 mMasterCardAmbr 2000000 mSlaveCardAmbr 1048576
02-21 11:39:39.140 V/HwWifiServiceFactory( 1926): get AllImpl object = com.android.server.wifi.HwWifiServiceFactoryImpl@267d630
02-21 11:39:39.140 I/HwWifiProServiceProxy( 1926): ctrlHwWifiNetwork pkgName: WIFIPRO_SERVICE interfaceId: 9
02-21 11:39:39.140 I/WiFi_PRO_WifiProStateMachine( 1926): isWifi2WifiProcess = false, mIsNeedIgnoreQoeUpdate = false, mIsAppInBlacklist = false, mIsAppInBlacklistFullScreen = false, mIsWiFiNoInternet false, screen on = true, full screen = false, isLandscapeMode = false, mNotifyWifiLinkPoorReason = -1
02-21 11:39:39.140 I/WiFi_PRO_WifiProStateMachine( 1926): mChannelQoeBadCnt = 0, mAppQoeBadCnt = 0, mNetworkSlowReason = 0, mNetworkSlowChannelBadCnt = 0
02-21 11:39:39.140 V/HwWifiServiceFactory( 1926): get AllImpl object = com.android.server.wifi.HwWifiServiceFactoryImpl@267d630
02-21 11:39:39.140 I/WiFi_PRO_WifiProStateMachine( 1926): getQoeBadReason, economic user app qoe bad 9 time, not handle
02-21 11:39:39.171 I/FWK-VideoStateMachine(27091): onBufferingUpdateListener in state:PausedState percent:50
02-21 11:39:39.171 I/FWK-HwVideoView(27091): onBufferingUpdate percent:50
02-21 11:39:39.222 I/PowerManagerService( 1926):  schedul eye detect nextTimeout: 31958775 now: 31905779 mRemainTime: 10000
02-21 11:39:39.224 W/HwSfpPolicyManager(14278): getLabel: invalid filePath!
02-21 11:39:39.224 W/HwSfpPolicyManager(14278): getFlag: invalid filePath!
02-21 11:39:39.224 W/HwSfpPolicyManager(14278): checkParamsForSetLabel: invalid filePath!
02-21 11:39:39.224 I/HwSfpPolicyManager(14278): eventId : 992740301, result code : 1
02-21 11:39:39.225 I/HwSfpPolicyManager(14278): getLabelFromXattr: No data for label!
02-21 11:39:39.225 I/HwSfpPolicyManager(14278): getLabelFromXattr: No data for label!
02-21 11:39:39.226 I/HwSfpPolicyManager(14278): eventId : 992740301, result code : 0
02-21 11:39:39.228 I/HwSfpPolicyManager(14278): getLabelFromXattr: No data for label!
02-21 11:39:39.228 I/HwSfpPolicyManager(14278): getLabelFromXattr: No data for label!
02-21 11:39:39.229 I/HwSfpPolicyManager(14278): eventId : 992740301, result code : 0
02-21 11:39:39.236 W/HwSfpPolicyManager(14278): getLabel: invalid filePath!
02-21 11:39:39.236 W/HwSfpPolicyManager(14278): getFlag: invalid filePath!
02-21 11:39:39.236 W/HwSfpPolicyManager(14278): checkParamsForSetLabel: invalid filePath!
02-21 11:39:39.236 I/HwSfpPolicyManager(14278): eventId : 992740301, result code : 1
02-21 11:39:39.237 I/HwSfpPolicyManager(14278): getLabelFromXattr: No data for label!
02-21 11:39:39.238 I/HwSfpPolicyManager(14278): getLabelFromXattr: No data for label!
02-21 11:39:39.238 I/HwSfpPolicyManager(14278): eventId : 992740301, result code : 0
02-21 11:39:39.241 I/HwSfpPolicyManager(14278): getLabelFromXattr: No data for label!
02-21 11:39:39.241 I/HwSfpPolicyManager(14278): getLabelFromXattr: No data for label!
02-21 11:39:39.241 I/HwSfpPolicyManager(14278): eventId : 992740301, result code : 0
02-21 11:39:39.241 D/HwViewRootImpl(20149): [DetectViewsLocationRunner] start to get views' rect, type = SCENE_WINDOW_FOCUS_CHANGE
02-21 11:39:39.242 D/HwViewRootImpl(20149): [DetectViewsLocationRunner] windowModeType: 1
02-21 11:39:39.242 D/HwViewRootImpl(20149): [DetectViewsLocationRunner] displayPoint: Point(1080, 2504)
02-21 11:39:39.242 D/HwViewRootImpl(20149): [DetectViewsLocationRunner] windowModeType: 1
02-21 11:39:39.242 D/HwViewRootImpl(20149): [DetectViewsLocationRunner] lazyMode:
02-21 11:39:39.242 D/HwViewRootImpl(20149): [DetectViewsLocationRunner] current mode is full screen
02-21 11:39:39.248 D/HwViewRootImpl(20149): [DetectViewsLocationRunner] start to getViewHierarchy
02-21 11:39:39.248 D/HwViewRootImpl(20149): [DetectViewsLocationRunner] current view is dirty
02-21 11:39:39.248 D/HwViewRootImpl(20149): [DetectViewsLocationRunner] deviceOrientation: 0
02-21 11:39:39.248 D/HwViewRootImpl(20149): [DetectViewsLocationRunner-ScreenDirection] ROTATION_0
02-21 11:39:39.249 D/HwViewRootImpl(20149): [DetectViewsLocationRunner] get views' rect = 0, SCENE_WINDOW_FOCUS_CHANGE
02-21 11:39:39.249 I/TS_Service(  969): hwTsRunCommand
02-21 11:39:39.249 E/TS_HAL  (  969): huawei_tp_run_command: call
02-21 11:39:39.249 E/TS_HAL  (  969): huawei_tp_multi_run_command: call
02-21 11:39:39.249 E/vendor.huawei.hardware.tp@1.0-service(  969): Async
02-21 11:39:39.249 I/aptouch_daemon(  969): ret = OK
02-21 11:39:39.249 I/aptouch_daemon( 1202): begin, cmd[0], flag[17]
02-21 11:39:39.250 I/aptouch_daemon( 1202): Excute:86: cmd=TSA_ExecuteCommand, param=THP_UpdateViewsLocation com.multilanglearner#SCENE_WINDOW_FOCUS_CHANGE
02-21 11:39:39.250 I/tpd_client( 1202): TSA_ExecuteCommand, THP_UpdateViewsLocation com.multilanglearner#SCENE_WINDOW_FOCUS_CHANGE
02-21 11:39:39.329 I/PowerManagerService( 1926):  schedul eye detect nextTimeout: 31958882 now: 31905886 mRemainTime: 10000
02-21 11:39:39.413 I/aptouch_daemon( 1202): touch:0, down:0
02-21 11:39:39.413 I/InputReader( 1926): UL_Input last up
02-21 11:39:39.414 I/AGPService( 1496): Bn-> set touch event - 0
02-21 11:39:39.414 D/ViscousFluidModel( 1926): getSplineFlingDuration friction = -2.52, velocityGain = 0.8
02-21 11:39:39.414 D/ViscousFluidModel( 1926): getSplineFlingDistance friction = -2.52, velocityGain = 0.8
02-21 11:39:39.414 D/ViscousFluidModel( 1926): getSplineFlingDuration friction = -2.52, velocityGain = 0.8
02-21 11:39:39.414 D/ViscousFluidModel( 1926): getSplineFlingDistance friction = -2.52, velocityGain = 0.8
02-21 11:39:39.415 I/NavigationBarPolicy( 1926): onFling::Gest_Navigation_Enable, return! 
02-21 11:39:39.417 I/HwViewRootImpl(20149): Add sceneId 14 topId: 13
02-21 11:39:39.417 E/HwViewRootImpl(20149): [DetectViewsLocationRunner] getSplineFlingDurationByReflection exception
02-21 11:39:39.417 D/HwViewRootImpl(20149): [DetectViewsLocationRunner] splineFlingDuration: 2600
02-21 11:39:39.417 D/HwViewRootImpl(20149): [DetectViewsLocationRunner] current resolutionScale: 1.0
02-21 11:39:39.417 I/HwViewRootImpl(20149): remove sceneId 13 topId: 14
02-21 11:39:39.418 I/HwViewRootImpl(20149): remove sceneId 11 topId: 14
02-21 11:39:39.422 D/CompositionEngine(  980): schedule graphic cpuset: CPUSET_SP_GRAPHIC_NORMAL, composer pid: 946
02-21 11:39:39.484 E/afehal  ( 1202): Send cmd:C7 43 
02-21 11:39:39.492 E/afehal  ( 1202): Non-frame packet:A5,01,00,00
02-21 11:39:39.498 I/aptouch_daemon( 1202): status=0xb02
02-21 11:39:39.506 I/aptouch_daemon( 1202): status=0xa02
02-21 11:39:39.546 E/afehal  ( 1202): Send cmd:C7 45 
02-21 11:39:39.549 E/afehal  ( 1202): Non-frame packet:A5,01,00,00
02-21 11:39:39.560 I/aptouch_daemon( 1202): status=0xa01
02-21 11:39:39.560 E/aptouch_daemon( 1202): TsaFrame::UpdateStatusIdle[1864]idle in. 133
02-21 11:39:39.816 I/HiAdKit.ExSplashManager.main( 3353):  do not request exsplash config
02-21 11:39:39.818 D/AGPService( 1496): AppDynamicFps: SF is ACTIVE, diff 0.3s
02-21 11:39:39.837 D/HwActivityTaskManagerServiceEx( 1926): getVisibleTasks() beginning running, callingPid = 1926 , callingUid = 1000
02-21 11:39:39.839 D/HwActivityTaskManagerServiceEx( 1926): getVisibleTasks add visible task to list, topActivity : ActivityRecord{9e4b73f u0 com.multilanglearner/.MainActivity t11080}
02-21 11:39:39.839 D/SWAP_CommIntf( 1926): isAppInForeground: false not in foreground
02-21 11:39:39.839 I/system_server( 1926): SWAP_CPU: get cpu number = 12
02-21 11:39:39.839 I/system_server( 1926): SWAP_CPU: set affinity to 1-6 success
02-21 11:39:39.926 D/hmi_service(10503): [RecvFromKernel:160] no data, m_netlinkFd: 3
02-21 11:39:39.930 I/SWAP_KernIntf( 1926): setForceShrinkAll succ, com.huawei.coauthservice active=5%
02-21 11:39:39.930 E/SWAP_Scene( 1926): bindCpuSet: invalid corenum! tid:0 min:0 max:11
02-21 11:39:39.935 I/OllieMsgCenter( 2724): publishEvt=2135097345
02-21 11:39:39.935 E/SpeedLimitTestNotifier( 2724): mIsTopActivity false
02-21 11:39:39.971 D/HwCommBoosterService( 2724): reportBoosterPara enter
02-21 11:39:39.971 D/HwCommBoosterManager( 2724): reportBoosterPara enter
02-21 11:39:39.971 D/HwCommBoosterManager( 2724): pluginId: 2
02-21 11:39:39.972 D/HwCommBoosterManager( 2724): handleBoosterMessageSendModuleDataToPlugin enter
02-21 11:39:40.023 D/AGPService( 1496): AppDynamicFps: SF is NOT ACTIVE, diff 0.5s
02-21 11:39:40.024 I/AGPService( 1496): AppDynamicFps idle
02-21 11:39:40.024 I/AGPService( 1496): AppDynamicFps: change lcd freq to 60 - touch up after 0.6s
02-21 11:39:40.024 I/AGPService( 1496): FrameRateManager:[CheckAnimationTimeOut] timeout animation check Before 0, After 0
02-21 11:39:40.024 I/AGPService( 1496): FrameRateManager:[HandleFrameRateRefresh] currPkgName: com.multilanglearner, strategyCode 1241: dynamicCode 1, isFactor 0, min 30, max 120, down 120, idle 60
02-21 11:39:40.024 D/AGPService( 1496): FrameRateManager:[GetUiAnimationData] not support LTPO2.0
02-21 11:39:40.024 I/AGPService( 1496): FrameRateManager:[JudgeFinalLcdFps] sceneinfo(0, -2, 0, 0);touchinfo(1, 1, 3, 60);isFHF 0 animFps -1 sfFps 0 pkg  isSurface 1
02-21 11:39:40.024 I/AGPService( 1496): FrameRateManager:[JudgeFinalLcdFps] Finish judging and final lcd fps: 60
02-21 11:39:40.024 D/AGPService( 1496): Bp<- displayGetFps
02-21 11:39:40.025 D/HW_DISPLAY_TEST(  951): display_get_fps: Get FPS successful
02-21 11:39:40.026 D/HW_DISPLAY_TEST(  951): display_get_fps: open file /sys/class/graphics/fb0/lcd_fps_scence:current_fps:120;default_fps:120;support_fps_list:30,60,90,120;product_panel_num:2;current_panel_id:1;panel_id:0;panel_type:LTPO1;support_fps:30,60,90,120;panel_id:1;panel_type:LTPO1;support_fps:30,60,90,120
02-21 11:39:40.026 D/HW_DISPLAY_TEST(  951):  success
02-21 11:39:40.026 I/AGPService( 1496): display get fps - current_fps:120;default_fps:120;support_fps_list:30,60,90,120;product_panel_num:2;current_panel_id:1;panel_id:0;panel_type:LTPO1;support_fps:30,60,90,120;panel_id:1;panel_type:LTPO1;support_fps:30,60,90,120
02-21 11:39:40.027 D/AGPService( 1496): FrameRefreshThread: set refreshrate - 60
02-21 11:39:40.027 I/AGPService( 1496): FrameRateManager:[SetActiveConfigByFps] reset Pkg isSurface, AnimFps -1, fps to sf 60
02-21 11:39:40.027 D/surfaceflinger(  980): getRefreshRateFromFps: get target refresh rate fps 60
02-21 11:39:40.028 I/SurfaceFlingerEx(  980): SetAGPActiveConfig: agp set fps 60, currentFps 120, hasBuffer 0, isFling 0, packageName 
02-21 11:39:40.028 I/AGPService( 1496): FrameRateManager: set active config - fps 60 pkgName  isSurface 1
02-21 11:39:40.028 I/AGPService( 1496): ScheduleProxy:[SendSlideRefreshRate] refreshrate - 60
02-21 11:39:40.029 I/Sched hal(  958): SlideResMng receive currentFps = 60
02-21 11:39:40.029 I/vendor.huawei.hardware.hwsched@1.0-service(  958): [SlidResMng]: lastFpsAGP is 120: current is 60
02-21 11:39:40.029 I/vendor.huawei.hardware.hwsched@1.0-service(  958): [SlidResMng]: Ioctl SetPara!
02-21 11:39:40.030 E/AGPService( 1496): FrameRateManager: iaware strange app type: -1
02-21 11:39:40.030 D/AGPService( 1496): FrameRateManager: NotifyPackageUpdatedToITouch: currPkgName - com.multilanglearner, type - -1, lcdFps - 60
02-21 11:39:40.031 D/ITouchService( 1496): GameSceneManager: game scene not changed, set game mode returned
02-21 11:39:40.032 E/ITouchService( 1496): itouch OneFrameDetect instance is nullptr or oneFrameSwitch is not change
02-21 11:39:40.037 D/SurfaceFlinger(  980): getRefreshRateFromFps: get target refresh rate fps 60
02-21 11:39:40.037 I/SurfaceFlinger(  980): changeRefreshRate: new mode 2, fps 60, active display 1
02-21 11:39:40.037 D/DisplayDevice(  980): setDesiredActiveMode({id=2, hwcId=8, width=1080, height=2504, refreshRate=60.00fps, dpiX=415.64, dpiY=415.70, group=0}) on display 1
02-21 11:39:40.037 I/DisplayDevice(  980): initiateModeChange: change to mode 2(60fps) on display 1
02-21 11:39:40.038 W/HDM[core](  946): SetActiveAttrId:1459: Attr Id:8, active Fps : 60, Dvfs Fps : 120
02-21 11:39:40.049 I/VSyncPredictor(  980): setPeriod: 16666666
02-21 11:39:40.051 D/DisplayDevice(  980): setActiveMode: new mode 2, old mode 0, on display 1
02-21 11:39:40.051 D/SurfaceFlinger(  980): getRefreshRateFromFps: get target refresh rate fps 60
02-21 11:39:40.051 D/SurfaceFlinger(  980): performSetActiveMode: already at the requested mode 2 on display 1
02-21 11:39:40.053 I/DisplayDeviceRepository( 1926): changed: ddi{内置屏幕,1080x2504,7,5,0,[0, 7, 9],HC{[2, 3],500.0,102.0,1.0},false,false,2000000,15666666,{(0,117-0,0){0,0,0,0}{[(0,0-0,0),(507,0-573,117),(0,0-0,0),(0,0-0,0)]}{{1080,2504,{3.125},{M-33,117l66,0l0,-117l-66,0z},{0},{1.0}}}},2,0,1,2,0.0,1.0,0.5,2,4,8}
02-21 11:39:40.057 I/DisplayInfo( 1926): diff:131072
02-21 11:39:40.057 I/DisplayManagerService( 1926): add only fps displayId:0
02-21 11:39:40.057 I/InputManager-JNI( 1926): Viewport [0] to add: Viewport INTERNAL: displayId=0, uniqueId=local:1, port=1, orientation=0, logicalFrame=[0, 0, 1080, 2504], physicalFrame=[0, 0, 1080, 2504], deviceSize=[1080, 2504], isActive=[1], isActive: true
02-21 11:39:40.057 I/InputManager-JNI( 1926): Viewport [1] to add: Viewport EXTERNAL: displayId=1, uniqueId=local:0, port=0, orientation=3, logicalFrame=[0, 0, 2224, 2496], physicalFrame=[257, 0, 2238, 2224], deviceSize=[2224, 2496], isActive=[0], isActive: false
02-21 11:39:40.058 I/WindowManager( 1926): return DEFAULT_DISPLAY for non-DesktopMode.
02-21 11:39:40.058 I/HwMediaSessionServiceEx( 1926): MediaDisplayEventReceiver onDisplayChanged: 0
02-21 11:39:40.059 I/InputReader( 1926): Reconfiguring input devices, changes=DISPLAY_INFO | 
02-21 11:39:40.059 I/InputReader( 1926): findViewport: 2
02-21 11:39:40.059 I/HwMultiDisplayManager( 1926): onDisplayChanged: 0
02-21 11:39:40.059 I/InputReader( 1926): findViewport: 2
02-21 11:39:40.059 I/InputReader( 1926): findViewport: 2
02-21 11:39:40.059 I/InputReader( 1926): findViewport: 2
02-21 11:39:40.059 I/InputReader( 1926): findViewport: 2
02-21 11:39:40.059 I/InputReader( 1926): findViewport: 2
02-21 11:39:40.066 I/HwDisplayInfo( 2503): get display Info: display Id: 0, RealSize: Point(1080, 2504), mRotation: 0, mFoldMode: 2, WidthPixels: 1080, HeightPixels: 2504
02-21 11:39:40.066 I/HwActivityTaskSupervisorEx( 1926): handleVrDisplayChanged displayId = 0
02-21 11:39:40.066 W/HwActivityTaskSupervisorEx( 1926): handleVrDisplayChanged other vr mode displayId: 0
02-21 11:39:40.068 D/FoldPolicy( 1926): getScreenDispRect=Rect(0, 0 - 1080, 2504) currentDisplayMode 2
02-21 11:39:40.068 D/LogicalDisplay( 1926): mTempLayerStackRect=Rect(0, 0 - 1080, 2504) mTempDisplayRect=Rect(0, 0 - 1080, 2504) tmpDisplayRect=Rect(0, 0 - 1080, 2504) orientation = 0
02-21 11:39:40.068 D/LogicalDisplay( 1926): configureDisplayLocked mTempLayerStackRect=Rect(0, 0 - 1080, 2504) mTempDisplayRect=Rect(0, 0 - 1080, 2504) orientation = 0
02-21 11:39:40.068 I/DisplayDevice( 1926): setProjectionLocked displayId 0 isDefaultDisplay true orientation(0->0) LayerStackRect(Rect(0, 0 - 1080, 2504)->Rect(0, 0 - 1080, 2504)) DisplayRect(Rect(0, 0 - 1080, 2504)->Rect(0, 0 - 1080, 2504))
02-21 11:39:40.068 I/DisplayDevice( 1926): isNeedRefreshOrientaion orientation 0
02-21 11:39:40.068 D/DisplayDevice( 1926): hwc adjustViewportFrame viewport=DisplayViewport{type=EXTERNAL, valid=false, isActive=false, displayId=0, uniqueId='local:1', physicalPort=null, orientation=0, logicalFrame=Rect(0, 0 - 1080, 2504), physicalFrame=Rect(0, 0 - 1080, 2504), deviceWidth=0, deviceHeight=0} mCurrentOrientation=0
02-21 11:39:40.069 D/LogicalDisplay( 1926): configureDisplayLocked mTempLayerStackRect=Rect(0, 0 - 2224, 2496) mTempDisplayRect=Rect(257, 0 - 2238, 2224) orientation = 3
02-21 11:39:40.069 I/DisplayDevice( 1926): setProjectionLocked displayId 1 isDefaultDisplay false orientation(3->3) LayerStackRect(Rect(0, 0 - 2224, 2496)->Rect(0, 0 - 2224, 2496)) DisplayRect(Rect(257, 0 - 2238, 2224)->Rect(257, 0 - 2238, 2224))
02-21 11:39:40.069 D/DisplayDevice( 1926): hwc adjustViewportFrame viewport=DisplayViewport{type=INTERNAL, valid=false, isActive=false, displayId=0, uniqueId='local:0', physicalPort=null, orientation=3, logicalFrame=Rect(0, 0 - 2224, 2496), physicalFrame=Rect(257, 0 - 2238, 2224), deviceWidth=0, deviceHeight=0} mCurrentOrientation=3
02-21 11:39:40.069 W/Looper  ( 1926): Slow dispatch took 10ms TaskFwk:TaskSchedulerWORKER h=android.hardware.display.DisplayManagerGlobal$DisplayListenerDelegate c=null m=2
02-21 11:39:40.069 I/NetworkTimeUpdateService( 1926): Display displayState:2
02-21 11:39:40.070 I/WallpaperService( 2503): onDisplayChanged(0), state = 2
02-21 11:39:40.070 I/InputManager-JNI( 1926): Viewport [0] to add: Viewport INTERNAL: displayId=0, uniqueId=local:1, port=1, orientation=0, logicalFrame=[0, 0, 1080, 2504], physicalFrame=[0, 0, 1080, 2504], deviceSize=[1080, 2504], isActive=[1], isActive: true
02-21 11:39:40.070 I/InputManager-JNI( 1926): Viewport [1] to add: Viewport EXTERNAL: displayId=1, uniqueId=local:0, port=0, orientation=3, logicalFrame=[0, 0, 2224, 2496], physicalFrame=[257, 0, 2238, 2224], deviceSize=[2224, 2496], isActive=[0], isActive: false
02-21 11:39:40.070 I/WindowManager( 1926): return DEFAULT_DISPLAY for non-DesktopMode.
02-21 11:39:40.071 I/InputReader( 1926): Reconfiguring input devices, changes=DISPLAY_INFO | 
02-21 11:39:40.071 I/InputReader( 1926): findViewport: 2
02-21 11:39:40.071 I/InputReader( 1926): findViewport: 2
02-21 11:39:40.071 I/InputReader( 1926): findViewport: 2
02-21 11:39:40.071 I/InputReader( 1926): findViewport: 2
02-21 11:39:40.071 I/InputReader( 1926): findViewport: 2
02-21 11:39:40.071 I/InputReader( 1926): findViewport: 2
02-21 11:39:40.166 I/Booster_Qoe( 2724): Ada,index:8,NisPsSlow:0,NProba:323,rsrp(rssi):-40,rsrq(noise):-76,rtt(chload):30,BFH(uldelay):1,BFC(rtt):0 Real:0,0,0,0,0
02-21 11:39:40.167 I/Booster_Qoe( 2724): Ada,index:2,NisPsSlow:0,NProba:323,rsrp(rssi):-40,rsrq(noise):-76,rtt(chload):30,BFH(uldelay):1,BFC(rtt):41 Real:0,0,41,0,0
02-21 11:39:40.170 E/Booster_BroadcastProxy( 2724): [isDebugModemEnabled]get package info fail.
02-21 11:39:40.172 V/HwWifiServiceFactory( 1926): get AllImpl object = com.android.server.wifi.HwWifiServiceFactoryImpl@267d630
02-21 11:39:40.173 V/HwWifiServiceFactory( 1926): get AllImpl object = com.android.server.wifi.HwWifiServiceFactoryImpl@267d630
02-21 11:39:40.177 I/FWK-VideoStateMachine(27091): onBufferingUpdateListener in state:PausedState percent:50
02-21 11:39:40.177 I/WiFi_PRO_WifiProStateMachine( 1926): APP_SERVICE_QOE_NOTIFY Qoe info 10824,4,0,323,1,2,4,0,323,2401900,1921500,11,10,0,2,1,0 CID 2 mMasterWifiRssi -37 mMasterCardAmbr 2000000 mSlaveCardAmbr 1048576
02-21 11:39:40.177 I/FWK-HwVideoView(27091): onBufferingUpdate percent:50
02-21 11:39:40.177 V/HwWifiServiceFactory( 1926): get AllImpl object = com.android.server.wifi.HwWifiServiceFactoryImpl@267d630
02-21 11:39:40.178 I/HwWifiProServiceProxy( 1926): ctrlHwWifiNetwork pkgName: WIFIPRO_SERVICE interfaceId: 9
02-21 11:39:40.178 I/WiFi_PRO_WifiProStateMachine( 1926): isWifi2WifiProcess = false, mIsNeedIgnoreQoeUpdate = false, mIsAppInBlacklist = false, mIsAppInBlacklistFullScreen = false, mIsWiFiNoInternet false, screen on = true, full screen = false, isLandscapeMode = false, mNotifyWifiLinkPoorReason = -1
02-21 11:39:40.179 I/WiFi_PRO_WifiProStateMachine( 1926): mChannelQoeBadCnt = 0, mAppQoeBadCnt = 0, mNetworkSlowReason = 0, mNetworkSlowChannelBadCnt = 0
02-21 11:39:40.179 V/HwWifiServiceFactory( 1926): get AllImpl object = com.android.server.wifi.HwWifiServiceFactoryImpl@267d630
02-21 11:39:40.180 I/WiFi_PRO_WifiProStateMachine( 1926): getQoeBadReason, economic user app qoe bad 9 time, not handle
02-21 11:39:40.378 I/WifiNl80211Manager( 1926): Noise: -76, Snr: 42, Chload: 30, rssi: -35, txBitrate: 2401, rxBitrate: 1921, frequency: 5200, UlDelay: 1, currentTxBytes: 247253481, currentTxPackets: 343037, currentTxFailed: 0, currentRxBytes: 691644514, currentRxPackets: 630136
02-21 11:39:40.379 I/WiFi_PRO( 1926): MSG_RETURN_AP_CURRY_RSSI rssi = -35
02-21 11:39:40.379 I/QosMonitor( 1926): queryRtt: rttType = 3
02-21 11:39:40.379 I/QosMonitor( 1926): call ctrlHwWifiNetwork
02-21 11:39:40.379 I/HwDualBandManager( 1926): handle2gApStrongWifiRssiChange
02-21 11:39:40.379 I/HuaweiWifiWatchdogStateMachine( 1926): POta txb txg rxg:0, 17, 0. Lr =0% Totpkt=17
02-21 11:39:40.380 V/HwWifiServiceFactory( 1926): get AllImpl object = com.android.server.wifi.HwWifiServiceFactoryImpl@267d630
02-21 11:39:40.381 I/QosMonitor( 1926): postEventFromNative: msg=100,arg1=4,arg2=10
02-21 11:39:40.382 I/QosMonitor( 1926): call ctrlHwWifiNetwork
02-21 11:39:40.383 I/QosMonitor( 1926): postEventFromNative: msg=100,arg1=0,arg2=10
02-21 11:39:40.383 I/MQoS    ( 1926): rtt=400,tcpTxPkts=339654,tcpRxPkts=425175
02-21 11:39:40.384 I/HuaweiWifiWatchdogStateMachine( 1926): PTcp RTT:400, rtt pkt=27, tcp_rx=14, tcp_tx=14, tcp_reTran=0, rtRate=0
02-21 11:39:40.385 I/HwConnectivityServiceEx( 1926): set 1000, metered: false, value: false
02-21 11:39:40.386 I/HuaweiWifiWatchdogStateMachine( 1926): rssi bad, mrssi=-35 < TargetRssi=-29
02-21 11:39:40.386 I/HuaweiWifiWatchdogStateMachine( 1926): start computeQosLevel tcpRtt = 400 ,rssi = -35 ,mBestSpeedInPeriod = 7393
02-21 11:39:40.386 I/HuaweiWifiWatchdogStateMachine( 1926): smoothConsecutiveQosResults, currentQosLevel = 3
02-21 11:39:40.387 I/QosMonitor( 1926): resetRtt: rttType = 3
02-21 11:39:40.387 I/QosMonitor( 1926): call ctrlHwWifiNetwork
02-21 11:39:40.388 E/MQoS    ( 1926): unkown RAT!
02-21 11:39:40.390 I/MQoS    ( 1926): QOS_level:5(5),wifi-link;use signalLvl:5;RAT:unknownRAT
02-21 11:39:40.583 I/PowerManagerService( 1926):  schedul eye detect nextTimeout: 31958882 now: 31907140 mRemainTime: 10000
02-21 11:39:40.626 I/ViewRootImpl[UniHomeLauncher]( 3076): ViewUI_traversal handle MSG_DELAY_RELEASE_BUFFER
02-21 11:39:40.627 I/ViewRootImpl[UniHomeLauncher]( 3076): ViewUI_traversal mBlastBufferQueue.destroy
02-21 11:39:40.627 I/ViewRootImpl[UniHomeLauncher]( 3076): ViewUI_traversal mThreadedRenderer.destroy
02-21 11:39:40.632 W/BufferQueueProducer( 3076): [com.huawei.android.launcher/com.huawei.android.launcher.unihome.UniHomeLauncher#84(BLAST Consumer)84](id:c0400000054,api:0,p:-1,c:3076) disconnect: not connected (req=1)
02-21 11:39:40.632 W/libEGL  ( 3076): EGLNativeWindowType 0x6e395b0810 disconnect failed
02-21 11:39:40.635 I/Layer   (  980): *#10433: destroyed
02-21 11:39:40.705 I/PowerManagerService( 1926):  schedul eye detect nextTimeout: 31958882 now: 31907262 mRemainTime: 10000
02-21 11:39:40.737 I/TrafficMonitor( 1926): update:rxPkts:16,txPkts:17,rxBytes:7390,txBytes:5300
02-21 11:39:40.738 I/TrafficMonitor( 1926): gettimer:interval=2000
02-21 11:39:40.915 I/OllieMsgCenter( 2724): publishEvt=2135097353
02-21 11:39:40.976 D/HwCommBoosterService( 2724): reportBoosterPara enter
02-21 11:39:40.977 D/HwCommBoosterManager( 2724): reportBoosterPara enter
02-21 11:39:40.977 D/HwCommBoosterManager( 2724): pluginId: 2
02-21 11:39:40.978 D/HwCommBoosterManager( 2724): handleBoosterMessageSendModuleDataToPlugin enter
02-21 11:39:41.034 I/PowerKit_Impl( 2771): unapply pkg: com.huawei.appmarket resource:65535 timeout:-1 reason:user-openservice-com.huawei.systemmanager
02-21 11:39:41.034 I/AppResManager( 2771): App end request interaction: {com.huawei.appmarket app: com.huawei.appmarket resType: 65535 time: 33694550 startTime: 31894550 group: user applyReason: user-openservice-com.huawei.systemmanager usageStartTime: 31894550 usageEndTime: 31907591}
02-21 11:39:41.034 I/AppResManager( 2771): pkgAndGroup remaining: com.huawei.appmarket_user , remainingCount: 10, remainingTime: 1800000
02-21 11:39:41.035 I/PowerKit_Impl( 2771): onPowerBaseLineUsing callingPkg:com.huawei.appmarket appAndGroup:com.huawei.appmarket_user usage duration:1800000 usage count:10 extend:
02-21 11:39:41.035 I/AppResManager( 2771): cancel Request interaction : {com.huawei.appmarket app: com.huawei.appmarket resType: 65535 time: 33694550 startTime: 31894550 group: user applyReason: user-openservice-com.huawei.systemmanager usageStartTime: 31894550 usageEndTime: 31907591}
02-21 11:39:41.036 I/PGServer( 2771): report state:12 event type:2 pid:-1 uid:0 pkg:com.huawei.appmarket#33694550 to pid: 1926
02-21 11:39:41.044 I/Network_Firewall( 2771): background mode and task, list:[]
02-21 11:39:41.048 I/PG_ash  ( 2771): com.huawei.appmarket not check download condition with no dl requisites
02-21 11:39:41.048 I/AppManager( 2771): ignore audio by app type, app : com.huawei.appmarket, type : 20
02-21 11:39:41.048 I/PG_ash  ( 2771): cannot care audio: com.huawei.appmarket
02-21 11:39:41.048 I/ash_trans( 2771): com.huawei.appmarket { running duration=20988 Uptime=20988 } transition to: doze reason:app_type_market unknown_state
02-21 11:39:41.049 I/APwPowerPolicy( 2771):  ignore gps app: com.huawei.appmarket, type:20
02-21 11:39:41.049 I/PG_ash  ( 2771): perform_nap P_GPS : com.huawei.appmarket
02-21 11:39:41.050 I/PG_ash  ( 2771): perform_nap set bgcheck : com.huawei.appmarket
02-21 11:39:41.055 I/PGManagerService( 1926): proxy gps com.huawei.appmarket 10045 success
02-21 11:39:41.055 D/AwareLog( 1522): iawared: DoHighCpuUsageWork 2s.
02-21 11:39:41.055 D/PGManagerService( 1926):  uid:10045 is to d, begin bg check!
02-21 11:39:41.056 I/PG_ash  ( 2771): P_GPS com.huawei.appmarket OK !
02-21 11:39:41.056 I/PG_ash  ( 2771): set bgcheck com.huawei.appmarket OK !
02-21 11:39:41.056 I/PG_ash  ( 2771): nap package: com.huawei.appmarket, visible: false, bgTime: 13354, scrOff: false
02-21 11:39:41.061 D/AudioPolicyService(  977): getUidState(10045) cacheIter->second.first, return cacheIter->second.second(15)
02-21 11:39:41.063 D/AudioPolicyService(  977): getUidState(10045) !cacheIter->second.first, return PROCESS_STATE_UNKNOWN
02-21 11:39:41.063 I/JobScheduler( 1926): isReadyToBeExecutedLocked, job is proxy: JobStatus{e93397c #1000/100002 com.baidu.searchbox.pushsyncadapter.dataSync/com.baidu.searchbox.push.datasync:android u=0 s=10234 TIME=-55m57s924ms:-50m57s924ms NET STORENOTLOW PERIODIC PERSISTED READY}
02-21 11:39:41.063 D/AwareLog( 1522): iawared: getline line is = 16047 124861188560000
02-21 11:39:41.063 D/AwareLog( 1522): 
02-21 11:39:41.064 D/AwareLog( 1522): iawared: GetTaskCpuLoad start.
02-21 11:39:41.064 D/AwareLog( 1522): iawared: getTaskCpuLoad clock_time_diff = 2012
02-21 11:39:41.064 D/AwareLog( 1522): iawared: getTaskCpuLoad proc_cputime_diff = 0
02-21 11:39:41.064 I/JobScheduler( 1926): isReadyToBeExecutedLocked, job is proxy: JobStatus{c5d7655 #1000/100014 com.baidu.searchbox.pushsyncadapter.dataSync/com.baidu.searchbox.push.datasync:android u=0 s=10234 TIME=-56m34s780ms:-51m34s780ms NET STORENOTLOW PERIODIC PERSISTED READY}
02-21 11:39:41.064 D/AwareLog( 1522): iawared: getTaskCpuLoad end, cpu load less than last use
02-21 11:39:41.064 D/AwareLog( 1522): iawared: getline line is = 30892 44145417456000
02-21 11:39:41.064 D/AwareLog( 1522): 
02-21 11:39:41.064 D/AwareLog( 1522): iawared: GetTaskCpuLoad start.
02-21 11:39:41.064 D/AwareLog( 1522): iawared: getTaskCpuLoad clock_time_diff = 2013
02-21 11:39:41.064 D/AwareLog( 1522): iawared: getTaskCpuLoad proc_cputime_diff = -85419200000
02-21 11:39:41.064 D/AwareLog( 1522): iawared: getTaskCpuLoad end, cpu load less than last use
02-21 11:39:41.064 D/AwareLog( 1522): iawared: getline line is = 27091 138541556184000
02-21 11:39:41.064 D/AwareLog( 1522): 
02-21 11:39:41.064 D/AwareLog( 1522): iawared: GetTaskCpuLoad start.
02-21 11:39:41.064 D/AwareLog( 1522): iawared: getTaskCpuLoad clock_time_diff = 2013
02-21 11:39:41.064 D/AwareLog( 1522): iawared: getTaskCpuLoad proc_cputime_diff = 1698400000
02-21 11:39:41.064 D/AwareLog( 1522): iawared: GetTaskCpuLoad end, task pid is 27091, task load percent is 0.007372 
02-21 11:39:41.064 D/AwareLog( 1522): iawared: getTaskCpuLoad end, cpu load less than last use
02-21 11:39:41.064 D/AwareLog( 1522): iawared: getline line is = 6587 3317748984000
02-21 11:39:41.064 D/AwareLog( 1522): 
02-21 11:39:41.064 D/AwareLog( 1522): iawared: GetTaskCpuLoad start.
02-21 11:39:41.064 D/AwareLog( 1522): iawared: getTaskCpuLoad clock_time_diff = 2013
02-21 11:39:41.064 D/AwareLog( 1522): iawared: getTaskCpuLoad proc_cputime_diff = 814400000
02-21 11:39:41.064 D/AwareLog( 1522): iawared: GetTaskCpuLoad end, task pid is 6587, task load percent is 0.003535 
02-21 11:39:41.064 D/AwareLog( 1522): iawared: getTaskCpuLoad end, cpu load less than last use
02-21 11:39:41.064 D/AwareLog( 1522): iawared: getline line is = 13689 595613248000
02-21 11:39:41.064 D/AwareLog( 1522): 
02-21 11:39:41.064 D/AwareLog( 1522): iawared: GetTaskCpuLoad start.
02-21 11:39:41.064 D/AwareLog( 1522): iawared: getTaskCpuLoad clock_time_diff = 2013
02-21 11:39:41.064 D/AwareLog( 1522): iawared: getTaskCpuLoad proc_cputime_diff = 0
02-21 11:39:41.064 D/AwareLog( 1522): iawared: getTaskCpuLoad end, cpu load less than last use
02-21 11:39:41.064 D/AwareLog( 1522): iawared: this line is null or len is zero, continue read next.
02-21 11:39:41.064 I/JobScheduler( 1926): queuing all ready jobs for execution size:0,time:1771645181061
02-21 11:39:41.090 I/aptouch_daemon( 1202): status=0xa02
02-21 11:39:41.090 E/aptouch_daemon( 1202): TsaFrame::UpdateStatusIdle[1866]idle out.
02-21 11:39:41.100 I/HwSfpPolicyManager(14278): getLabelFromXattr: No data for label!
02-21 11:39:41.101 I/HwSfpPolicyManager(14278): getLabelFromXattr: No data for label!
02-21 11:39:41.101 I/HwSfpPolicyManager(14278): setLabelInner: begin to check and set policy!
02-21 11:39:41.102 I/HwSfpPolicyManager(14278): setPolicyWithCheck: no need to set policy!
02-21 11:39:41.102 I/HwSfpPolicyManager(14278): eventId : 992740301, result code : 0
02-21 11:39:41.104 I/aptouch_daemon( 1202): touch:1, down:1(+0)
02-21 11:39:41.105 D/fingersense_manager( 1926): Calling fingersense_classify_touch()
02-21 11:39:41.105 I/osfingersense( 1926): fingersense_classify_touch: entrance status_2, v8.8.8 with 1.0 bin
02-21 11:39:41.105 I/osfingersense( 1926): touch down-id: 0
02-21 11:39:41.105 I/AlarmManager( 1926): set(PendingIntent{9a774c5: PendingIntentRecord{203122 com.huawei.rcsserviceapplication broadcastIntent}}) : type=2 triggerAtTime=32171662 win=0 tElapsed=32171662 maxElapsed=32171662 interval=0 flags=0x9 at=+263999ms uid=10135 count=1
02-21 11:39:41.105 I/osfingersense( 1926): Acc read ok
02-21 11:39:41.105 I/osfingersense( 1926): osf: wait tp event in
02-21 11:39:41.105 I/osfingersense( 1926): fingersense_classify_touch: X = 743.750000, Y = 978.375000, P = 287.000000, H = 0.372062, N A = 0.108434, N S = 0.013760, M U = 119.812500, A = 664.000000, G = 79.200005, Z = 0, P M F = 561.235535, M F = 890.204285
02-21 11:39:41.106 I/osfingersense( 1926): fingersense_classify_touch: B--M--U
02-21 11:39:41.106 I/osfingersense( 1926): fingersense_classify_touch acc model off
02-21 11:39:41.106 I/osfingersense( 1926): fingersense_classify_touch: Part IV
02-21 11:39:41.106 I/osfingersense( 1926): Part IV B
02-21 11:39:41.106 I/osfingersense( 1926): fingersense_classify_touch: inference = 0
02-21 11:39:41.106 D/fingersense_manager( 1926): fingersense_classify_touch() finished
02-21 11:39:41.106 I/InputReader( 1926): UL_Input first down
02-21 11:39:41.106 I/AGPService( 1496): Bn-> set touch event - 1
02-21 11:39:41.106 I/AGPService( 1496): AppDynamicFps: change lcd freq to 120 - touch id is 1
02-21 11:39:41.107 I/AGPService( 1496): FrameRateManager:[CheckAnimationTimeOut] timeout animation check Before 0, After 0
02-21 11:39:41.107 I/AGPService( 1496): FrameRateManager:[HandleFrameRateRefresh] currPkgName: com.multilanglearner, strategyCode 1241: dynamicCode 1, isFactor 0, min 30, max 120, down 120, idle 60
02-21 11:39:41.107 D/AGPService( 1496): FrameRateManager:[GetUiAnimationData] not support LTPO2.0
02-21 11:39:41.108 I/AGPService( 1496): FrameRateManager:[JudgeFinalLcdFps] sceneinfo(0, -2, 0, 0);touchinfo(1, 0, 0, 120);isFHF 0 animFps -1 sfFps 0 pkg  isSurface 1
02-21 11:39:41.108 I/AGPService( 1496): FrameRateManager:[JudgeFinalLcdFps] Finish judging and final lcd fps: 120
02-21 11:39:41.108 D/AGPService( 1496): Bp<- displayGetFps
02-21 11:39:41.108 D/HW_DISPLAY_TEST(  951): display_get_fps: Get FPS successful
02-21 11:39:41.108 D/HW_DISPLAY_TEST(  951): display_get_fps: open file /sys/class/graphics/fb0/lcd_fps_scence:current_fps:60;default_fps:120;support_fps_list:30,60,90,120;product_panel_num:2;current_panel_id:1;panel_id:0;panel_type:LTPO1;support_fps:30,60,90,120;panel_id:1;panel_type:LTPO1;support_fps:30,60,90,120
02-21 11:39:41.108 D/HW_DISPLAY_TEST(  951):  success
02-21 11:39:41.108 I/PowerManagerService( 1926):  schedul eye detect nextTimeout: 31960659 now: 31907666 mRemainTime: 10000
02-21 11:39:41.108 I/AGPService( 1496): display get fps - current_fps:60;default_fps:120;support_fps_list:30,60,90,120;product_panel_num:2;current_panel_id:1;panel_id:0;panel_type:LTPO1;support_fps:30,60,90,120;panel_id:1;panel_type:LTPO1;support_fps:30,60,90,120
02-21 11:39:41.109 D/AGPService( 1496): FrameRefreshThread: set refreshrate - 120
02-21 11:39:41.109 I/AGPService( 1496): FrameRateManager:[SetActiveConfigByFps] reset Pkg isSurface, AnimFps -1, fps to sf 120
02-21 11:39:41.109 D/surfaceflinger(  980): getRefreshRateFromFps: get target refresh rate fps 120
02-21 11:39:41.109 I/SurfaceFlingerEx(  980): SetAGPActiveConfig: agp set fps 120, currentFps 60, hasBuffer 0, isFling 0, packageName 
02-21 11:39:41.109 I/AGPService( 1496): FrameRateManager: set active config - fps 120 pkgName  isSurface 1
02-21 11:39:41.109 I/HwViewRootImpl(20149): Add sceneId 11 topId: 14
