02-21 11:39:41.500 W/VideoCapabilities(20149): Unrecognized profile/level 0/2 for video/mpeg2
02-21 11:39:41.500 W/VideoCapabilities(20149): Unrecognized profile/level 0/3 for video/mpeg2
02-21 11:39:41.500 I/VideoCapabilities(20149): Unsupported profile 5 for video/mpeg2
02-21 11:39:41.500 I/VideoCapabilities(20149): Unsupported profile 5 for video/mpeg2
02-21 11:39:41.500 I/VideoCapabilities(20149): Unsupported profile 5 for video/mpeg2
02-21 11:39:41.500 I/VideoCapabilities(20149): Unsupported profile 5 for video/mpeg2
02-21 11:39:41.500 I/Layer   (  980): Surface(name=Dim Layer for - Task=11080)/@0x6175971 - animation-leash of dimmer#10466: created
02-21 11:39:41.500 W/VideoCapabilities(20149): Unrecognized profile/level 1/32 for video/mp4v-es
02-21 11:39:41.500 W/VideoCapabilities(20149): Unrecognized profile/level 32768/2 for video/mp4v-es
02-21 11:39:41.500 W/VideoCapabilities(20149): Unrecognized profile/level 32768/64 for video/mp4v-es
02-21 11:39:41.502 D/HwActivityTaskManagerServiceEx( 1926): getVisibleTasks add visible task to list, topActivity : ActivityRecord{9e4b73f u0 com.multilanglearner/.MainActivity t11080}
02-21 11:39:41.503 I/BufferLayer(  980): preparePerFrameCompositionState: com.multilanglearner/com.multilanglearner.MainActivity#10463: first buffer updated to LayerFE. frame=2
02-21 11:39:41.503 W/HDM[hdmd](  946): SetLayerGenericMetadata:362: do not match key: ViewGroupHasValidAlpha
02-21 11:39:41.503 W/HDM[hdmd](  946): SetLayerGenericMetadata:362: do not match key: ViewGroupHasValidAlpha
02-21 11:39:41.503 D/HwActivityTaskManagerServiceEx( 1926): getVisibleTasks() beginning running, callingPid = 1926 , callingUid = 1000
02-21 11:39:41.503 W/HwcComposer(  980): command 0x40e0000 generated error 4
02-21 11:39:41.503 W/HwcComposer(  980): command 0x40e0000 generated error 4
02-21 11:39:41.504 I/StatusBarDisable( 1926): setFlags what=0 which=1 pkg=Window{8e44ac3 u0 com.multilanglearner/com.multilanglearner.MainActivity}
02-21 11:39:41.508 D/HwActivityTaskManagerServiceEx( 1926): getVisibleTasks add visible task to list, topActivity : ActivityRecord{9e4b73f u0 com.multilanglearner/.MainActivity t11080}
02-21 11:39:41.508 D/HwActivityTaskManagerServiceEx( 1926): getVisibleTasks() beginning running, callingPid = 1926 , callingUid = 1000
02-21 11:39:41.509 I/LightBarController( 2503): onStatusBarAppearanceChanged appearanceRegions:AppearanceRegion{ bounds=[0,0][1080,2504]},  sbModeChanged:false, statusBarMode:0, stackAppearancesChanged:true, navbarColorManagedByIme:false
02-21 11:39:41.509 D/HwActivityTaskManagerServiceEx( 1926): getVisibleTasks add visible task to list, topActivity : ActivityRecord{9e4b73f u0 com.multilanglearner/.MainActivity t11080}
02-21 11:39:41.509 I/LightBarController( 2503): updateStatus numLightStacks:0, numStacks:1
02-21 11:39:41.509 D/HwActivityTaskManagerServiceEx( 1926): getVisibleTasks() beginning running, callingPid = 1926 , callingUid = 1000
02-21 11:39:41.510 D/HwActivityTaskManagerServiceEx( 1926): getVisibleTasks add visible task to list, topActivity : ActivityRecord{9e4b73f u0 com.multilanglearner/.MainActivity t11080}
02-21 11:39:41.510 I/Layer   (  980): [*#10466] reparent null
02-21 11:39:41.510 I/Layer   (  980): [*#10464] reparent null
02-21 11:39:41.511 I/Layer   (  980): *#10464: destroyed
02-21 11:39:41.511 I/Layer   (  980): *#10466: destroyed
02-21 11:39:41.512 I/hwbr_engine_a(20149): AndroidRDefaultNetworkCallback onLinkPropertiesChanged
02-21 11:39:41.512 D/HwActivityTaskManagerServiceEx( 1926): getVisibleTasks() beginning running, callingPid = 1926 , callingUid = 1000
02-21 11:39:41.513 I/HwStatusBarCapsuleHelper( 2503): onUiModeChanged
02-21 11:39:41.513 I/StatusBarLayout( 2503): refreshTint: tint: ffffffff, area:Rect(0, 0 - 0, 0)
02-21 11:39:41.513 I/HwStatusBarCapsuleHelper( 2503): onUiModeChanged
02-21 11:39:41.513 I/NavigationBar( 2503): navigationbar appearance:0,mAppearance:0,mTransientShown:false
02-21 11:39:41.513 D/HwActivityTaskManagerServiceEx( 1926): getVisibleTasks add visible task to list, topActivity : ActivityRecord{9e4b73f u0 com.multilanglearner/.MainActivity t11080}
02-21 11:39:41.514 D/HwActivityTaskManagerServiceEx( 1926): getVisibleTasks() beginning running, callingPid = 1926 , callingUid = 1000
02-21 11:39:41.514 D/HwActivityTaskManagerServiceEx( 1926): getVisibleTasks add visible task to list, topActivity : ActivityRecord{9e4b73f u0 com.multilanglearner/.MainActivity t11080}
02-21 11:39:41.515 I/hwbr_engine_a(20149): networkInfo is VPN, and will use activeNetworkInfo:1
02-21 11:39:41.516 I/hwbr_engine_a(20149): networkInfo is VPN, and will use activeNetworkInfo:1
02-21 11:39:41.518 D/HwViewRootImpl(20149): [DetectViewsLocationRunner] current resolutionScale: 1.0
02-21 11:39:41.518 I/ImeFocusController(20149): ViewUI imeDisplayId:0 contextDisplayId:0
02-21 11:39:41.518 I/InputMethodManager(20149): set currentRootView to : android.view.ViewRootImpl@5cb295a
02-21 11:39:41.519 I/ClipboardService( 1926): callingPackage:com.multilanglearner, uid =10824, isFocusedWindow =true, allowed =true
02-21 11:39:41.520 I/InputMethodManager(20149): Starting input: reason=WINDOW_FOCUS_GAIN
02-21 11:39:41.520 W/HwRemoteInputMethodManager(20149): isCasting false because IHwDistributedWindowManager is invalid.
02-21 11:39:41.521 I/HwInputMethodManagerService( 1926): startInputOrWindowGainedFocus windowToken:android.os.BinderProxy@152672 mInputShown:false
02-21 11:39:41.521 I/HwOcrImeController( 1926): updateMultiWindow focus window = com.multilanglearner/com.multilanglearner.MainActivity mIsInMultiScreen = false
02-21 11:39:41.521 I/HwOcrImeController( 1926): updateUser userId = 0 mIsOwnerUser = true
02-21 11:39:41.521 I/HwOcrImeController( 1926): setOcrImeSupportProp mIsOcrImeValid = true mIsHardKeyboardAvailable = false mIsInMultiScreen = false mIsOwnerUser = true
02-21 11:39:41.521 I/HwOcrImeController( 1926): setOcrImeSupportProp mIsOcrImeValid = true mIsHardKeyboardAvailable = false mIsInMultiScreen = false mIsOwnerUser = true
02-21 11:39:41.521 I/InputMethodShowDelayTask( 1926): clearTask
02-21 11:39:41.521 I/HwInputMethodManagerUtils( 1926): focus window is:com.multilanglearner/com.multilanglearner.MainActivity
02-21 11:39:41.521 I/HwInputMethodManagerUtils( 1926): focus window is:com.multilanglearner/com.multilanglearner.MainActivity
02-21 11:39:41.521 I/InputMethodManagerService( 1926): setSecMethodUsing return
02-21 11:39:41.521 I/InputMethodManagerService( 1926): startInputOrWindowGainedFocus didStart: isTextEditor=false sameWindowFocused=false doAutoShow=false softInputMode=STATE_UNSPECIFIED|ADJUST_PAN
02-21 11:39:41.521 I/InputMethodManagerService( 1926): Unspecified window will hide input
02-21 11:39:41.521 V/InputMethodManagerService( 1926): hideCurrentInputLocked inputShown:false, imeWindowVis:0
02-21 11:39:41.521 I/HwInputMethodManagerService( 1926): hideCurrentInputLocked res:false
02-21 11:39:41.521 I/InputMethodManager(20149): Starting input: Bind resultString=SUCCESS_WITH_IME_SESSION
02-21 11:39:41.521 I/InputMethodManagerService( 1926): reportStartInput to window:android.os.BinderProxy@152672
02-21 11:39:41.522 I/Layer   (  980): Surface(name=11f5fd7 InputMethod)/@0x4dff72e - animation-leash of insets_animation#10467: created
02-21 11:39:41.524 I/WindowManager( 1926): wm_insets notifyInsetsControlChanged for:Window{f3072dc u0 com.multilanglearner/com.multilanglearner.MainActivity}
02-21 11:39:41.524 I/HwActivityManagerServiceEx( 1926): provider is prevented for not-prevent
02-21 11:39:41.524 I/WindowManager( 1926): wm_insets notifyInsetsControlChanged for:Window{8e44ac3 u0 com.multilanglearner/com.multilanglearner.MainActivity}
02-21 11:39:41.526 W/ProcessStats( 1926): Tracking association SourceState{3600ba system/1000 BTopFgs #46305} whose proc state 2 is better than process ProcessState{5132b6b com.vpn365/10653 pkg=com.vpn365} proc state 3 (40 skipped)
02-21 11:39:41.526 I/ContentProviderHelper( 1926): Successfully start provider ContentProviderRecord{e0e4d94 u0 com.iflytek.inputmethod/.remote.config.MainConfigProvider} launchingApp=null caller pid= 6256
02-21 11:39:41.527 I/Layer   (  980): [*#10460] reparent null
02-21 11:39:41.528 I/HwConnectivityServiceEx( 1926): set 10304, metered: false, value: false
02-21 11:39:41.530 W/hwbr_engine_VAUtil(20149): Unknown level: 2 for profile 1 of codec video/avc
02-21 11:39:41.530 W/hwbr_engine_VAUtil(20149): Unknown level: 2 for profile 65536 of codec video/avc
02-21 11:39:41.530 W/hwbr_engine_VAUtil(20149): Unknown level: 2 for profile 2 of codec video/avc
02-21 11:39:41.530 W/hwbr_engine_VAUtil(20149): Unknown level: 2 for profile 8 of codec video/avc
02-21 11:39:41.530 W/hwbr_engine_VAUtil(20149): Unknown level: 2 for profile 524288 of codec video/avc
02-21 11:39:41.530 W/hwbr_engine_VAUtil(20149): Unknown level: 2 for profile 1 of codec video/avc
02-21 11:39:41.530 W/hwbr_engine_VAUtil(20149): Unknown level: 2 for profile 65536 of codec video/avc
02-21 11:39:41.530 W/hwbr_engine_VAUtil(20149): Unknown level: 2 for profile 2 of codec video/avc
02-21 11:39:41.530 W/hwbr_engine_VAUtil(20149): Unknown level: 2 for profile 8 of codec video/avc
02-21 11:39:41.530 W/hwbr_engine_VAUtil(20149): Unknown level: 2 for profile 524288 of codec video/avc
02-21 11:39:41.547 I/HwViewRootImpl(20149): removeInvalidNode all the node in jank list is out of time
02-21 11:39:41.548 D/InsetsSourceConsumer(20149): ViewUI_insets setControl -> ITYPE_IME on com.multilanglearner/com.multilanglearner.MainActivity
02-21 11:39:41.549 I/HwOcrImeController( 1926): updateMultiWindow focus window = com.multilanglearner/com.multilanglearner.MainActivity mIsInMultiScreen = false
02-21 11:39:41.549 I/HwOcrImeController( 1926): updateUser userId = 0 mIsOwnerUser = true
02-21 11:39:41.549 I/HwOcrImeController( 1926): setOcrImeSupportProp mIsOcrImeValid = true mIsHardKeyboardAvailable = false mIsInMultiScreen = false mIsOwnerUser = true
02-21 11:39:41.549 I/HwOcrImeController( 1926): setOcrImeSupportProp mIsOcrImeValid = true mIsHardKeyboardAvailable = false mIsInMultiScreen = false mIsOwnerUser = true
02-21 11:39:41.549 I/InputMethodService( 5524): removeImeSurface window.hide
02-21 11:39:41.550 I/HwInputMethodManagerService( 1926): hideCurrentInputMethodFromWindowNoToken
02-21 11:39:41.552 I/Layer   (  980): *#10460: destroyed
02-21 11:39:41.599 D/AGPService( 1496): AppDynamicFps: SF is ACTIVE, diff 0.0s
02-21 11:39:41.615 I/Thermal-daemon:hw_thermal( 1514): [charger_ic] tempNew :42  tempOld :43
02-21 11:39:41.616 I/Thermal-daemon:hw_thermal( 1514): Report temperature: [charger_ic] temp :42  reportThreshold:1
02-21 11:39:41.616 I/Thermal-daemon:hw_thermal( 1514): [ap] tempNew :42  tempOld :43
02-21 11:39:41.617 I/Thermal-daemon:hw_thermal( 1514): Report temperature: [ap] temp :42  reportThreshold:1
02-21 11:39:41.618 W/AwareLog( 2771): UniScheduleDMEPlugin: downgradeSwitch is not open.
02-21 11:39:41.699 D/HwConnectivityManagerImpl( 1926): getNetworkPolicyFlag flagStr null
02-21 11:39:41.802 D/AGPService( 1496): AppDynamicFps: SF is ACTIVE, diff 0.2s
02-21 11:39:41.887 I/PG_ash  ( 2771): com.android.mms timeout trigger time sources: BinderCall, triggerTime: 31905425
02-21 11:39:41.888 I/PG_ash  ( 2771): com.android.mms update time, cur: 31908445, trigger: 31905425
02-21 11:39:41.893 I/PG_ash  ( 2771): com.android.mms not check download condition with no dl requisites
02-21 11:39:41.893 I/ash_trans( 2771): com.android.mms { doze duration=6008 Uptime=6008 } transition to: hibernation reason:app_type_unknown unknown_state unknown_state
02-21 11:39:41.893 I/PG_ash  ( 2771): perform H actions: com.android.mms
02-21 11:39:41.894 I/PowerManagerService( 1926):  schedul eye detect nextTimeout: 31960659 now: 31908451 mRemainTime: 10000
02-21 11:39:41.897 I/PG_ash  ( 2771): add care com.android.mms packet OK !,uid:10083
02-21 11:39:41.898 I/PG_ash  ( 2771): not perform H_B action:com.android.mms
02-21 11:39:41.900 I/PGManagerService( 1926): proxy gps com.android.mms 10083 success
02-21 11:39:41.900 I/PG_ash  ( 2771): P_GPS com.android.mms OK !
02-21 11:39:41.901 I/PGManagerService( 1926): proxyBroadcast:[com.android.mms] proxy:true
02-21 11:39:41.901 I/PG_ash  ( 2771): P_BC com.android.mms OK ! delayMs:0
02-21 11:39:41.901 I/PG_ash  ( 2771): perform delay action: com.android.mms
02-21 11:39:41.901 I/Pged-IPgedBinderService( 1522): ****action is 1, pid num is 2***
02-21 11:39:41.902 I/Pged-Freezer( 1522): freezePids
02-21 11:39:41.902 I/Pged-Freezer( 1522): freezePids pid 20091 binder called 694 ms ago by 14278, ignor it:0
02-21 11:39:41.902 W/PgedBinderAdapter( 2771): F_Z failed pid: [20091]
02-21 11:39:41.902 I/PG_ash  ( 2771): F_Z com.android.mms Fail ! Type: 2
02-21 11:39:41.902 I/PG_ash  ( 2771): perform delay action fail, retry later: com.android.mms delay: 2000
02-21 11:39:41.903 I/PowerManagerService( 1926):  schedul eye detect nextTimeout: 31960659 now: 31908460 mRemainTime: 10000
02-21 11:39:41.939 D/HwForceDarkModeConfig( 1926): do init
02-21 11:39:41.943 D/HwForceDarkModeConfig( 1926): end to init
02-21 11:39:41.986 D/HwCommBoosterService( 2724): reportBoosterPara enter
02-21 11:39:41.986 D/HwCommBoosterManager( 2724): reportBoosterPara enter
02-21 11:39:41.986 D/HwCommBoosterManager( 2724): pluginId: 2
02-21 11:39:41.986 D/HwCommBoosterManager( 2724): handleBoosterMessageSendModuleDataToPlugin enter
02-21 11:39:42.006 D/AGPService( 1496): AppDynamicFps: SF is ACTIVE, diff 0.4s
02-21 11:39:42.035 I/WifiNl80211Manager( 1926): Noise: -76, Snr: 46, Chload: 30, rssi: -33, txBitrate: 2401, rxBitrate: 2161, frequency: 5200, UlDelay: 1, currentTxBytes: 247256657, currentTxPackets: 343044, currentTxFailed: 0, currentRxBytes: 691647674, currentRxPackets: 630143
02-21 11:39:42.036 V/HwWifiServiceFactory( 1926): get AllImpl object = com.android.server.wifi.HwWifiServiceFactoryImpl@267d630
02-21 11:39:42.181 I/FWK-VideoStateMachine(27091): onBufferingUpdateListener in state:PausedState percent:50
02-21 11:39:42.182 I/FWK-HwVideoView(27091): onBufferingUpdate percent:50
02-21 11:39:42.211 D/AGPService( 1496): AppDynamicFps: SF is NOT ACTIVE, diff 0.6s
02-21 11:39:42.211 I/AGPService( 1496): AppDynamicFps idle
02-21 11:39:42.211 I/AGPService( 1496): AppDynamicFps: change lcd freq to 60 - touch up after 1.0s
02-21 11:39:42.211 I/AGPService( 1496): FrameRateManager:[CheckAnimationTimeOut] timeout animation check Before 0, After 0
02-21 11:39:42.211 I/AGPService( 1496): FrameRateManager:[HandleFrameRateRefresh] currPkgName: com.multilanglearner, strategyCode 1241: dynamicCode 1, isFactor 0, min 30, max 120, down 120, idle 60
02-21 11:39:42.211 D/AGPService( 1496): FrameRateManager:[GetUiAnimationData] not support LTPO2.0
02-21 11:39:42.211 I/AGPService( 1496): FrameRateManager:[JudgeFinalLcdFps] sceneinfo(0, -2, 0, 0);touchinfo(1, 1, 3, 60);isFHF 0 animFps -1 sfFps 0 pkg  isSurface 1
02-21 11:39:42.211 I/AGPService( 1496): FrameRateManager:[JudgeFinalLcdFps] Finish judging and final lcd fps: 60
02-21 11:39:42.211 D/AGPService( 1496): Bp<- displayGetFps
02-21 11:39:42.211 D/HW_DISPLAY_TEST(  951): display_get_fps: Get FPS successful
02-21 11:39:42.212 D/HW_DISPLAY_TEST(  951): display_get_fps: open file /sys/class/graphics/fb0/lcd_fps_scence:current_fps:120;default_fps:120;support_fps_list:30,60,90,120;product_panel_num:2;current_panel_id:1;panel_id:0;panel_type:LTPO1;support_fps:30,60,90,120;panel_id:1;panel_type:LTPO1;support_fps:30,60,90,120
02-21 11:39:42.212 D/HW_DISPLAY_TEST(  951):  success
02-21 11:39:42.212 I/AGPService( 1496): display get fps - current_fps:120;default_fps:120;support_fps_list:30,60,90,120;product_panel_num:2;current_panel_id:1;panel_id:0;panel_type:LTPO1;support_fps:30,60,90,120;panel_id:1;panel_type:LTPO1;support_fps:30,60,90,120
02-21 11:39:42.212 D/AGPService( 1496): FrameRefreshThread: set refreshrate - 60
02-21 11:39:42.212 I/AGPService( 1496): FrameRateManager:[SetActiveConfigByFps] reset Pkg isSurface, AnimFps -1, fps to sf 60
02-21 11:39:42.212 D/surfaceflinger(  980): getRefreshRateFromFps: get target refresh rate fps 60
02-21 11:39:42.212 I/SurfaceFlingerEx(  980): SetAGPActiveConfig: agp set fps 60, currentFps 120, hasBuffer 0, isFling 0, packageName 
02-21 11:39:42.212 I/AGPService( 1496): FrameRateManager: set active config - fps 60 pkgName  isSurface 1
02-21 11:39:42.212 I/AGPService( 1496): ScheduleProxy:[SendSlideRefreshRate] refreshrate - 60
02-21 11:39:42.213 I/Sched hal(  958): SlideResMng receive currentFps = 60
02-21 11:39:42.213 I/vendor.huawei.hardware.hwsched@1.0-service(  958): [SlidResMng]: lastFpsAGP is 120: current is 60
02-21 11:39:42.213 I/vendor.huawei.hardware.hwsched@1.0-service(  958): [SlidResMng]: Ioctl SetPara!
02-21 11:39:42.213 E/AGPService( 1496): FrameRateManager: iaware strange app type: -1
02-21 11:39:42.213 D/AGPService( 1496): FrameRateManager: NotifyPackageUpdatedToITouch: currPkgName - com.multilanglearner, type - -1, lcdFps - 60
02-21 11:39:42.213 D/ITouchService( 1496): GameSceneManager: game scene not changed, set game mode returned
02-21 11:39:42.213 E/ITouchService( 1496): itouch OneFrameDetect instance is nullptr or oneFrameSwitch is not change
02-21 11:39:42.218 D/SurfaceFlinger(  980): getRefreshRateFromFps: get target refresh rate fps 60
02-21 11:39:42.218 I/SurfaceFlinger(  980): changeRefreshRate: new mode 2, fps 60, active display 1
02-21 11:39:42.218 D/DisplayDevice(  980): setDesiredActiveMode({id=2, hwcId=8, width=1080, height=2504, refreshRate=60.00fps, dpiX=415.64, dpiY=415.70, group=0}) on display 1
02-21 11:39:42.218 I/DisplayDevice(  980): initiateModeChange: change to mode 2(60fps) on display 1
02-21 11:39:42.219 W/HDM[core](  946): SetActiveAttrId:1459: Attr Id:8, active Fps : 60, Dvfs Fps : 120
02-21 11:39:42.219 I/Booster_Qoe( 2724): Ada,index:8,NisPsSlow:0,NProba:323,rsrp(rssi):-40,rsrq(noise):-76,rtt(chload):30,BFH(uldelay):1,BFC(rtt):0 Real:0,0,0,0,0
02-21 11:39:42.219 I/Booster_Qoe( 2724): Ada,index:2,NisPsSlow:0,NProba:323,rsrp(rssi):-40,rsrq(noise):-76,rtt(chload):30,BFH(uldelay):1,BFC(rtt):45 Real:0,0,45,0,0
02-21 11:39:42.221 E/Booster_BroadcastProxy( 2724): [isDebugModemEnabled]get package info fail.
02-21 11:39:42.225 I/WiFi_PRO_WifiProStateMachine( 1926): APP_SERVICE_QOE_NOTIFY Qoe info 10824,4,0,323,1,2,4,0,323,2401900,2161800,11,10,0,24,24,0 CID 2 mMasterWifiRssi -33 mMasterCardAmbr 2000000 mSlaveCardAmbr 1048576
02-21 11:39:42.226 V/HwWifiServiceFactory( 1926): get AllImpl object = com.android.server.wifi.HwWifiServiceFactoryImpl@267d630
02-21 11:39:42.227 I/HwWifiProServiceProxy( 1926): ctrlHwWifiNetwork pkgName: WIFIPRO_SERVICE interfaceId: 9
02-21 11:39:42.227 I/WiFi_PRO_WifiProStateMachine( 1926): isWifi2WifiProcess = false, mIsNeedIgnoreQoeUpdate = false, mIsAppInBlacklist = false, mIsAppInBlacklistFullScreen = false, mIsWiFiNoInternet false, screen on = true, full screen = false, isLandscapeMode = false, mNotifyWifiLinkPoorReason = -1
02-21 11:39:42.228 I/WiFi_PRO_WifiProStateMachine( 1926): mChannelQoeBadCnt = 0, mAppQoeBadCnt = 0, mNetworkSlowReason = 0, mNetworkSlowChannelBadCnt = 0
02-21 11:39:42.228 V/HwWifiServiceFactory( 1926): get AllImpl object = com.android.server.wifi.HwWifiServiceFactoryImpl@267d630
02-21 11:39:42.228 I/WiFi_PRO_WifiProStateMachine( 1926): getQoeBadReason, economic user app qoe bad 9 time, not handle
02-21 11:39:42.231 I/VSyncPredictor(  980): setPeriod: 16666666
02-21 11:39:42.233 D/DisplayDevice(  980): setActiveMode: new mode 2, old mode 0, on display 1
02-21 11:39:42.233 D/SurfaceFlinger(  980): getRefreshRateFromFps: get target refresh rate fps 60
02-21 11:39:42.233 D/SurfaceFlinger(  980): performSetActiveMode: already at the requested mode 2 on display 1
02-21 11:39:42.235 I/DisplayDeviceRepository( 1926): changed: ddi{内置屏幕,1080x2504,7,5,0,[0, 7, 9],HC{[2, 3],500.0,102.0,1.0},false,false,2000000,15666666,{(0,117-0,0){0,0,0,0}{[(0,0-0,0),(507,0-573,117),(0,0-0,0),(0,0-0,0)]}{{1080,2504,{3.125},{M-33,117l66,0l0,-117l-66,0z},{0},{1.0}}}},2,0,1,2,0.0,1.0,0.5,2,4,8}
02-21 11:39:42.238 I/DisplayInfo( 1926): diff:131072
02-21 11:39:42.238 I/DisplayManagerService( 1926): add only fps displayId:0
02-21 11:39:42.238 I/InputManager-JNI( 1926): Viewport [0] to add: Viewport INTERNAL: displayId=0, uniqueId=local:1, port=1, orientation=0, logicalFrame=[0, 0, 1080, 2504], physicalFrame=[0, 0, 1080, 2504], deviceSize=[1080, 2504], isActive=[1], isActive: true
02-21 11:39:42.238 I/InputManager-JNI( 1926): Viewport [1] to add: Viewport EXTERNAL: displayId=1, uniqueId=local:0, port=0, orientation=3, logicalFrame=[0, 0, 2224, 2496], physicalFrame=[257, 0, 2238, 2224], deviceSize=[2224, 2496], isActive=[0], isActive: false
02-21 11:39:42.238 I/WindowManager( 1926): return DEFAULT_DISPLAY for non-DesktopMode.
02-21 11:39:42.239 I/HwMultiDisplayManager( 1926): onDisplayChanged: 0
02-21 11:39:42.239 I/InputReader( 1926): Reconfiguring input devices, changes=DISPLAY_INFO | 
02-21 11:39:42.239 I/InputReader( 1926): findViewport: 2
02-21 11:39:42.239 I/InputReader( 1926): findViewport: 2
02-21 11:39:42.239 I/InputReader( 1926): findViewport: 2
02-21 11:39:42.239 I/InputReader( 1926): findViewport: 2
02-21 11:39:42.239 I/InputReader( 1926): findViewport: 2
02-21 11:39:42.240 I/InputReader( 1926): findViewport: 2
02-21 11:39:42.240 I/HwDisplayInfo( 2503): get display Info: display Id: 0, RealSize: Point(1080, 2504), mRotation: 0, mFoldMode: 2, WidthPixels: 1080, HeightPixels: 2504
02-21 11:39:42.241 I/WallpaperService( 2503): onDisplayChanged(0), state = 2
02-21 11:39:42.241 I/NetworkTimeUpdateService( 1926): Display displayState:2
02-21 11:39:42.242 I/HwActivityTaskSupervisorEx( 1926): handleVrDisplayChanged displayId = 0
02-21 11:39:42.243 W/HwActivityTaskSupervisorEx( 1926): handleVrDisplayChanged other vr mode displayId: 0
02-21 11:39:42.244 I/HwMediaSessionServiceEx( 1926): MediaDisplayEventReceiver onDisplayChanged: 0
02-21 11:39:42.244 D/FoldPolicy( 1926): getScreenDispRect=Rect(0, 0 - 1080, 2504) currentDisplayMode 2
02-21 11:39:42.244 D/LogicalDisplay( 1926): mTempLayerStackRect=Rect(0, 0 - 1080, 2504) mTempDisplayRect=Rect(0, 0 - 1080, 2504) tmpDisplayRect=Rect(0, 0 - 1080, 2504) orientation = 0
02-21 11:39:42.244 D/LogicalDisplay( 1926): configureDisplayLocked mTempLayerStackRect=Rect(0, 0 - 1080, 2504) mTempDisplayRect=Rect(0, 0 - 1080, 2504) orientation = 0
02-21 11:39:42.244 I/DisplayDevice( 1926): setProjectionLocked displayId 0 isDefaultDisplay true orientation(0->0) LayerStackRect(Rect(0, 0 - 1080, 2504)->Rect(0, 0 - 1080, 2504)) DisplayRect(Rect(0, 0 - 1080, 2504)->Rect(0, 0 - 1080, 2504))
02-21 11:39:42.244 I/DisplayDevice( 1926): isNeedRefreshOrientaion orientation 0
02-21 11:39:42.244 D/DisplayDevice( 1926): hwc adjustViewportFrame viewport=DisplayViewport{type=EXTERNAL, valid=false, isActive=false, displayId=0, uniqueId='local:1', physicalPort=null, orientation=0, logicalFrame=Rect(0, 0 - 1080, 2504), physicalFrame=Rect(0, 0 - 1080, 2504), deviceWidth=0, deviceHeight=0} mCurrentOrientation=0
02-21 11:39:42.245 D/LogicalDisplay( 1926): configureDisplayLocked mTempLayerStackRect=Rect(0, 0 - 2224, 2496) mTempDisplayRect=Rect(257, 0 - 2238, 2224) orientation = 3
02-21 11:39:42.245 I/DisplayDevice( 1926): setProjectionLocked displayId 1 isDefaultDisplay false orientation(3->3) LayerStackRect(Rect(0, 0 - 2224, 2496)->Rect(0, 0 - 2224, 2496)) DisplayRect(Rect(257, 0 - 2238, 2224)->Rect(257, 0 - 2238, 2224))
02-21 11:39:42.245 D/DisplayDevice( 1926): hwc adjustViewportFrame viewport=DisplayViewport{type=INTERNAL, valid=false, isActive=false, displayId=0, uniqueId='local:0', physicalPort=null, orientation=3, logicalFrame=Rect(0, 0 - 2224, 2496), physicalFrame=Rect(257, 0 - 2238, 2224), deviceWidth=0, deviceHeight=0} mCurrentOrientation=3
02-21 11:39:42.247 I/InputManager-JNI( 1926): Viewport [0] to add: Viewport INTERNAL: displayId=0, uniqueId=local:1, port=1, orientation=0, logicalFrame=[0, 0, 1080, 2504], physicalFrame=[0, 0, 1080, 2504], deviceSize=[1080, 2504], isActive=[1], isActive: true
02-21 11:39:42.247 I/InputManager-JNI( 1926): Viewport [1] to add: Viewport EXTERNAL: displayId=1, uniqueId=local:0, port=0, orientation=3, logicalFrame=[0, 0, 2224, 2496], physicalFrame=[257, 0, 2238, 2224], deviceSize=[2224, 2496], isActive=[0], isActive: false
02-21 11:39:42.247 I/WindowManager( 1926): return DEFAULT_DISPLAY for non-DesktopMode.
02-21 11:39:42.247 I/InputReader( 1926): Reconfiguring input devices, changes=DISPLAY_INFO | 
02-21 11:39:42.247 I/InputReader( 1926): findViewport: 2
02-21 11:39:42.247 I/InputReader( 1926): findViewport: 2
02-21 11:39:42.247 I/InputReader( 1926): findViewport: 2
02-21 11:39:42.247 I/InputReader( 1926): findViewport: 2
02-21 11:39:42.247 I/InputReader( 1926): findViewport: 2
02-21 11:39:42.247 I/InputReader( 1926): findViewport: 2
02-21 11:39:42.468 W/AwareLog( 1522): iawared: ChangePropertyContent open /proc/20149/task/20345/static_vip fail errno(2)!
02-21 11:39:42.513 W/System  ( 2771): A resource failed to call close. 
02-21 11:39:42.513 W/System  ( 2771): A resource failed to call close. 
02-21 11:39:42.659 I/HwNaturalBase( 3003): [CommonHandler]: 42008Kb ram is used.
02-21 11:39:42.663 I/hwschromium-21311(20149): [INFO:render_frame_host_manager.cc(1347)] HWBFCACHE: GetSiteInstanceForNavigationRequest reason=DetermineSiteInstanceForURL => current_instance
02-21 11:39:42.669 I/hwschromium-21311(20309): [INFO:frame_loader.cc(1153)] Frame loader CommitNavigation, url https//***
02-21 11:39:42.669 I/hwschromium-21311(20309): [INFO:document_loader.cc(1786)] Document loader DetachFromFrame, url 
02-21 11:39:42.670 I/hwschromium-21311(20149): [INFO:adaptive_relayout_impl.cc(27)] enter ShouldDoAdaptiveRelayout
02-21 11:39:42.671 I/hwschromium-21311(20149): [INFO:adaptive_relayout_impl.cc(37)] exit ShouldDoAdaptiveRelayout, should[0]
02-21 11:39:42.671 I/hwschromium-21311(20309): [INFO:document_loader.cc(2806)] should_inject_ditto[0]
02-21 11:39:42.671 W/hwschromium-21311(20309): [WARNING:render_frame_impl.cc(3869)] event_message: page load start, routing_id: 1, url https//***
02-21 11:39:42.677 I/hwschromium-21311(20309): [INFO:render_frame_impl.cc(4263)] [Adblock] render frame update adblock:0 fixed adblock:0
02-21 11:39:42.677 W/hwschromium-21311(20309): [WARNING:local_frame.cc(3793)] [Adblock] Set adblock enable for site: 0 fixed adblock enable for site:0
02-21 11:39:42.720 I/resolv  (  889): resolv_getaddrinfo: explore_fqdn(): ai_family=2 ai_socktype=1 ai_protocol=6
02-21 11:39:42.720 I/resolv  (  889): doQuery: netid: 113 pid: 20149 uid: 10824 type: A
02-21 11:39:42.720 I/resolv  (  889): resolv_cache_lookup: FOUND IN CACHE entry=0x7a04c53600
02-21 11:39:42.722 D/HwConnectivityManagerImpl( 1926): getNetworkPolicyFlag flagStr null
02-21 11:39:42.731 I/hwschromium-21311(20149): [INFO:CONSOLE(1)] "%c
02-21 11:39:42.731 I/hwschromium-21311(20149):                      //
02-21 11:39:42.731 I/hwschromium-21311(20149):          \\         //
02-21 11:39:42.731 I/hwschromium-21311(20149):           \\       //
02-21 11:39:42.731 I/hwschromium-21311(20149):     ##DDDDDDDDDDDDDDDDDDDDDD##
02-21 11:39:42.731 I/hwschromium-21311(20149):     ## DDDDDDDDDDDDDDDDDDDD ##   ________   ___   ___        ___   ________   ___   ___        ___
02-21 11:39:42.731 I/hwschromium-21311(20149):     ## hh                hh ##   |\   __  \ |\  \ |\  \      |\  \ |\   __  \ |\  \ |\  \      |\  \
02-21 11:39:42.731 I/hwschromium-21311(20149):     ## hh    //    \\    hh ##   \ \  \|\ /_\ \  \\ \  \     \ \  \\ \  \|\ /_\ \  \\ \  \     \ \  \
02-21 11:39:42.731 I/hwschromium-21311(20149):     ## hh   //      \\   hh ##    \ \   __  \\ \  \\ \  \     \ \  \\ \   __  \\ \  \\ \  \     \ \  \
02-21 11:39:42.731 I/hwschromium-21311(20149):     ## hh                hh ##     \ \  \|\  \\ \  \\ \  \____ \ \  \\ \  \|\  \\ \  \\ \  \____ \ \  \
02-21 11:39:42.731 I/hwschromium-21311(20149):     ## hh      wwww      hh ##      \ \_______\\ \__\\ \_______\\ \__\\ \_______\\ \__\\ \_______\\ \__\
02-21 11:39:42.731 I/hwschromium-21311(20149):     ## hh                hh ##       \|_______| \|__| \|_______| \|__| \|_______| \|__| \|_______| \|__|
02-21 11:39:42.731 I/hwschromium-21311(20149):     ## MMMMMMMMMMMMMMMMMMMM ##
02-21 11:39:42.731 I/hwschromium-21311(20149):     ##MMMMMMMMMMMMMMMMMMMMMM##                                          Release undefined@no release yet
02-21 11:39:42.731 I/hwschromium-21311(20149):          \/            \/                                       Powered by @bilibili/jinkela-core@2.8.14 color:#00a1d6", source: https://s1.hdslb.com/bfs/static/jinkela/passport-pc/passport.755e42c3b3f6b6d85e21bc191b44bcfe64e67e1f.js (1)
02-21 11:39:42.739 I/TrafficMonitor( 1926): update:rxPkts:26,txPkts:23,rxBytes:12176,txBytes:4332
02-21 11:39:42.739 I/TrafficMonitor( 1926): gettimer:interval=2000
02-21 11:39:42.795 W/hwschromium-21311(20309): [WARNING:render_frame_impl.cc(4159)] event_message: content load finished, routing_id: 1, url https//***
02-21 11:39:42.812 E/bastetd ( 1486): [ProxySocket    ] NotifySocketErrState# No record found by comm prop, state=196619
02-21 11:39:42.836 I/hwschromium-21311(20149): [INFO:navigation_request.cc(1813)] fraud_web_report will skip compute digest for resoruces.
02-21 11:39:42.839 I/hwschromium-21311(20309): [INFO:password_autofill_agent.cc(1472)] PasswordAutofillAgent password provisional_form_data will be submitted.
02-21 11:39:42.841 I/hwschromium-21311(20149): [INFO:browser_url_handler_impl.cc(162)] BrowserURLHandlerImpl::AddChannelKeyForSearchEngine
02-21 11:39:42.841 I/hwschromium-21311(20149): [INFO:browser_url_handler_impl.cc(186)] Search result page config not found
02-21 11:39:42.841 I/hwschromium-21311(20149): [INFO:navigation_request.cc(1813)] fraud_web_report will skip compute digest for resoruces.
02-21 11:39:42.841 I/hwschromium-21311(20149): [INFO:render_frame_host_manager.cc(1347)] HWBFCACHE: GetSiteInstanceForNavigationRequest reason=DetermineSiteInstanceForURL / same-site-navigation
02-21 11:39:42.918 I/OllieMsgCenter( 2724): publishEvt=2135097353
02-21 11:39:42.935 D/HwActivityTaskManagerServiceEx( 1926): getVisibleTasks() beginning running, callingPid = 1926 , callingUid = 1000
02-21 11:39:42.936 D/HwActivityTaskManagerServiceEx( 1926): getVisibleTasks add visible task to list, topActivity : ActivityRecord{9e4b73f u0 com.multilanglearner/.MainActivity t11080}
02-21 11:39:42.936 D/SWAP_CommIntf( 1926): isAppInForeground: false not in foreground
02-21 11:39:42.936 I/SWAP_KernIntf( 1926): swapoutMemcgByRatio success, pkg=com.huawei.appmarket
02-21 11:39:42.966 I/webview-sksl(20149): webview skia shader opt enabled.
02-21 11:39:42.980 I/hwschromium-21311(20149): [INFO:adaptive_relayout_impl.cc(27)] enter ShouldDoAdaptiveRelayout
02-21 11:39:42.980 I/hwschromium-21311(20149): [INFO:adaptive_relayout_impl.cc(37)] exit ShouldDoAdaptiveRelayout, should[0]
02-21 11:39:42.980 I/hwschromium-21311(20309): [INFO:document_loader.cc(2806)] should_inject_ditto[0]
02-21 11:39:42.985 I/hwschromium-21311(20149): [INFO:navigation_request.cc(1813)] fraud_web_report will skip compute digest for resoruces.
02-21 11:39:42.985 I/hwschromium-21311(20149): [INFO:render_frame_host_manager.cc(1347)] HWBFCACHE: GetSiteInstanceForNavigationRequest reason=DetermineSiteInstanceForURL / same-site-navigation
02-21 11:39:42.991 D/HwCommBoosterService( 2724): reportBoosterPara enter
02-21 11:39:42.991 D/HwCommBoosterManager( 2724): reportBoosterPara enter
02-21 11:39:42.991 D/HwCommBoosterManager( 2724): pluginId: 2
02-21 11:39:42.991 D/HwCommBoosterManager( 2724): handleBoosterMessageSendModuleDataToPlugin enter
02-21 11:39:42.992 I/hwschromium-21311(20149): [INFO:render_frame_host_manager.cc(1347)] HWBFCACHE: GetSiteInstanceForNavigationRequest reason=DetermineSiteInstanceForURL / same-site-navigation
02-21 11:39:42.993 I/resolv  (  889): resolv_getaddrinfo: explore_fqdn(): ai_family=2 ai_socktype=1 ai_protocol=6
02-21 11:39:42.994 I/resolv  (  889): doQuery: netid: 113 pid: 20149 uid: 10824 type: A
02-21 11:39:42.994 I/resolv  (  889): res_stats_usable_server: NS stats: S 64 + E 0 + T 0 + I 0 = 64, rtt = 276, ns = 0
02-21 11:39:43.020 D/HwViewRootImpl(20149): [DetectViewsLocationRunner] start to get views' rect, type = SCENE_WINDOW_FOCUS_CHANGE
02-21 11:39:43.021 D/HwViewRootImpl(20149): [DetectViewsLocationRunner] windowModeType: 1
02-21 11:39:43.021 D/HwViewRootImpl(20149): [DetectViewsLocationRunner] displayPoint: Point(1080, 2504)
02-21 11:39:43.021 D/HwViewRootImpl(20149): [DetectViewsLocationRunner] windowModeType: 1
02-21 11:39:43.022 D/HwViewRootImpl(20149): [DetectViewsLocationRunner] lazyMode:
02-21 11:39:43.022 D/HwViewRootImpl(20149): [DetectViewsLocationRunner] current mode is full screen
02-21 11:39:43.029 I/resolv  (  889): resolv_getaddrinfo: explore_fqdn(): ai_family=2 ai_socktype=1 ai_protocol=6
02-21 11:39:43.029 I/resolv  (  889): doQuery: netid: 113 pid: 20149 uid: 10824 type: A
02-21 11:39:43.035 D/HwViewRootImpl(20149): [DetectViewsLocationRunner] start to getViewHierarchy
02-21 11:39:43.035 D/HwViewRootImpl(20149): [DetectViewsLocationRunner] current view is dirty
02-21 11:39:43.035 D/HwViewRootImpl(20149): [DetectViewsLocationRunner] deviceOrientation: 0
02-21 11:39:43.035 D/HwViewRootImpl(20149): [DetectViewsLocationRunner-ScreenDirection] ROTATION_0
02-21 11:39:43.035 D/HwViewRootImpl(20149): [DetectViewsLocationRunner] get views' rect = 0, SCENE_WINDOW_FOCUS_CHANGE
02-21 11:39:43.036 I/TS_Service(  969): hwTsRunCommand
02-21 11:39:43.036 E/TS_HAL  (  969): huawei_tp_run_command: call
02-21 11:39:43.036 E/TS_HAL  (  969): huawei_tp_multi_run_command: call
02-21 11:39:43.036 E/vendor.huawei.hardware.tp@1.0-service(  969): Async
02-21 11:39:43.036 I/aptouch_daemon(  969): ret = OK
02-21 11:39:43.036 I/aptouch_daemon( 1202): begin, cmd[0], flag[17]
02-21 11:39:43.036 I/aptouch_daemon( 1202): Excute:86: cmd=TSA_ExecuteCommand, param=THP_UpdateViewsLocation com.multilanglearner#SCENE_WINDOW_FOCUS_CHANGE
02-21 11:39:43.036 I/tpd_client( 1202): TSA_ExecuteCommand, THP_UpdateViewsLocation com.multilanglearner#SCENE_WINDOW_FOCUS_CHANGE
02-21 11:39:43.042 I/hwschromium-21311(20309): [INFO:frame_loader.cc(1153)] Frame loader CommitNavigation, url https//***
02-21 11:39:43.043 I/hwschromium-21311(20309): [INFO:document_loader.cc(1786)] Document loader DetachFromFrame, url 
02-21 11:39:43.043 I/hwschromium-21311(20149): [INFO:adaptive_relayout_impl.cc(27)] enter ShouldDoAdaptiveRelayout
02-21 11:39:43.043 I/hwschromium-21311(20149): [INFO:adaptive_relayout_impl.cc(37)] exit ShouldDoAdaptiveRelayout, should[0]
02-21 11:39:43.044 I/hwschromium-21311(20309): [INFO:document_loader.cc(2806)] should_inject_ditto[0]
02-21 11:39:43.098 D/AwareLog( 1522): iawared: DoHighCpuUsageWork 2s.
02-21 11:39:43.101 D/AwareLog( 1522): iawared: getline line is = 16047 124861722960000
02-21 11:39:43.101 D/AwareLog( 1522): 
02-21 11:39:43.101 D/AwareLog( 1522): iawared: GetTaskCpuLoad start.
02-21 11:39:43.101 D/AwareLog( 1522): iawared: getTaskCpuLoad clock_time_diff = 2037
02-21 11:39:43.101 D/AwareLog( 1522): iawared: getTaskCpuLoad proc_cputime_diff = 534400000
02-21 11:39:43.101 D/AwareLog( 1522): iawared: GetTaskCpuLoad end, task pid is 16047, task load percent is 0.002292 
02-21 11:39:43.101 D/AwareLog( 1522): iawared: getTaskCpuLoad end, cpu load less than last use
02-21 11:39:43.101 D/AwareLog( 1522): iawared: getline line is = 30892 44112250656000
02-21 11:39:43.101 D/AwareLog( 1522): 
02-21 11:39:43.101 D/AwareLog( 1522): iawared: GetTaskCpuLoad start.
02-21 11:39:43.101 D/AwareLog( 1522): iawared: getTaskCpuLoad clock_time_diff = 2037
02-21 11:39:43.101 D/AwareLog( 1522): iawared: getTaskCpuLoad proc_cputime_diff = -33166800000
02-21 11:39:43.101 D/AwareLog( 1522): iawared: getTaskCpuLoad end, cpu load less than last use
02-21 11:39:43.101 D/AwareLog( 1522): iawared: getline line is = 27091 138542559384000
02-21 11:39:43.101 D/AwareLog( 1522): 
02-21 11:39:43.101 D/AwareLog( 1522): iawared: GetTaskCpuLoad start.
02-21 11:39:43.101 D/AwareLog( 1522): iawared: getTaskCpuLoad clock_time_diff = 2037
02-21 11:39:43.101 D/AwareLog( 1522): iawared: getTaskCpuLoad proc_cputime_diff = 1003200000
02-21 11:39:43.101 D/AwareLog( 1522): iawared: GetTaskCpuLoad end, task pid is 27091, task load percent is 0.004303 
02-21 11:39:43.101 D/AwareLog( 1522): iawared: getTaskCpuLoad end, cpu load less than last use
02-21 11:39:43.101 D/AwareLog( 1522): iawared: getline line is = 6587 3317748984000
02-21 11:39:43.101 D/AwareLog( 1522): 
02-21 11:39:43.101 D/AwareLog( 1522): iawared: GetTaskCpuLoad start.
02-21 11:39:43.101 D/AwareLog( 1522): iawared: getTaskCpuLoad clock_time_diff = 2037
02-21 11:39:43.101 D/AwareLog( 1522): iawared: getTaskCpuLoad proc_cputime_diff = 0
02-21 11:39:43.101 D/AwareLog( 1522): iawared: getTaskCpuLoad end, cpu load less than last use
02-21 11:39:43.101 D/AwareLog( 1522): iawared: getline line is = 13689 595613248000
02-21 11:39:43.101 D/AwareLog( 1522): 
02-21 11:39:43.101 D/AwareLog( 1522): iawared: GetTaskCpuLoad start.
02-21 11:39:43.101 D/AwareLog( 1522): iawared: getTaskCpuLoad clock_time_diff = 2037
02-21 11:39:43.101 D/AwareLog( 1522): iawared: getTaskCpuLoad proc_cputime_diff = 0
02-21 11:39:43.101 D/AwareLog( 1522): iawared: getTaskCpuLoad end, cpu load less than last use
02-21 11:39:43.101 D/AwareLog( 1522): iawared: this line is null or len is zero, continue read next.
02-21 11:39:43.182 I/FWK-VideoStateMachine(27091): onBufferingUpdateListener in state:PausedState percent:50
02-21 11:39:43.182 I/FWK-HwVideoView(27091): onBufferingUpdate percent:50
02-21 11:39:43.211 D/HwConnectivityManagerImpl( 1926): getNetworkPolicyFlag flagStr null
02-21 11:39:43.235 I/Booster_Qoe( 2724): Ada,index:8,NisPsSlow:0,NProba:323,rsrp(rssi):-40,rsrq(noise):-76,rtt(chload):44,BFH(uldelay):1,BFC(rtt):0 Real:0,0,0,0,0
02-21 11:39:43.236 I/Booster_Qoe( 2724): Ada,index:2,NisPsSlow:0,NProba:323,rsrp(rssi):-40,rsrq(noise):-76,rtt(chload):44,BFH(uldelay):1,BFC(rtt):46 Real:0,0,46,0,0
02-21 11:39:43.237 E/Booster_BroadcastProxy( 2724): [isDebugModemEnabled]get package info fail.
02-21 11:39:43.238 V/HwWifiServiceFactory( 1926): get AllImpl object = com.android.server.wifi.HwWifiServiceFactoryImpl@267d630
02-21 11:39:43.240 V/HwWifiServiceFactory( 1926): get AllImpl object = com.android.server.wifi.HwWifiServiceFactoryImpl@267d630
02-21 11:39:43.241 I/WiFi_PRO_WifiProStateMachine( 1926): APP_SERVICE_QOE_NOTIFY Qoe info 10824,4,0,323,1,2,4,0,323,2401900,2161800,11,10,0,17,64,0 CID 2 mMasterWifiRssi -33 mMasterCardAmbr 2000000 mSlaveCardAmbr 1048576
02-21 11:39:43.242 V/HwWifiServiceFactory( 1926): get AllImpl object = com.android.server.wifi.HwWifiServiceFactoryImpl@267d630
02-21 11:39:43.242 I/HwWifiProServiceProxy( 1926): ctrlHwWifiNetwork pkgName: WIFIPRO_SERVICE interfaceId: 9
02-21 11:39:43.242 I/WiFi_PRO_WifiProStateMachine( 1926): isWifi2WifiProcess = false, mIsNeedIgnoreQoeUpdate = false, mIsAppInBlacklist = false, mIsAppInBlacklistFullScreen = false, mIsWiFiNoInternet false, screen on = true, full screen = false, isLandscapeMode = false, mNotifyWifiLinkPoorReason = -1
02-21 11:39:43.244 I/hwschromium-21311(20149): [INFO:render_frame_host_manager.cc(1347)] HWBFCACHE: GetSiteInstanceForNavigationRequest reason=DetermineSiteInstanceForURL / same-site-navigation
02-21 11:39:43.245 I/WiFi_PRO_WifiProStateMachine( 1926): mChannelQoeBadCnt = 0, mAppQoeBadCnt = 0, mNetworkSlowReason = 0, mNetworkSlowChannelBadCnt = 0
02-21 11:39:43.246 V/HwWifiServiceFactory( 1926): get AllImpl object = com.android.server.wifi.HwWifiServiceFactoryImpl@267d630
02-21 11:39:43.247 I/WiFi_PRO_WifiProStateMachine( 1926): getQoeBadReason, economic user app qoe bad 9 time, not handle
02-21 11:39:43.249 I/hwschromium-21311(20309): [INFO:frame_loader.cc(1153)] Frame loader CommitNavigation, url https//***
02-21 11:39:43.250 D/HwConnectivityManagerImpl( 1926): getNetworkPolicyFlag flagStr null
02-21 11:39:43.264 I/hwschromium-21311(20309): [INFO:frame_loader.cc(1277)] Frame loader StopAllLoaders, url https//***
02-21 11:39:43.264 I/hwschromium-21311(20309): [INFO:document_loader.cc(1786)] Document loader DetachFromFrame, url https//***
02-21 11:39:43.266 I/hwschromium-21311(20309): [INFO:document_loader.cc(1786)] Document loader DetachFromFrame, url https//***
02-21 11:39:43.266 I/hwschromium-21311(20309): [INFO:resource_fetcher.cc(2750)] Resource fetcher StopFetchingInternal, the size of loaders_to_cancel 7, target 0
02-21 11:39:43.266 I/hwschromium-21311(20149): [INFO:url_request.cc(752)] DoCancel the url_request, url https//***, error -3
02-21 11:39:43.266 I/hwschromium-21311(20149): [INFO:network_service_network_delegate.cc(260)] final url https//***, error_code -3(net::ERR_ABORTED), used_http_dns 0, used_fallback_proxy 0 ip address: ignored, downstream throughput kbps: 1400, duration_time(ms) 338, is_enabled_hquic 0
02-21 11:39:43.268 I/hwschromium-21311(20149): [INFO:render_frame_host_impl.cc(4966)] current lifecycle state: 6
02-21 11:39:43.268 I/hwschromium-21311(20149): [INFO:render_frame_host_impl.cc(4966)] current lifecycle state: 6
02-21 11:39:43.271 I/hwschromium-21311(20149): [INFO:url_request.cc(752)] DoCancel the url_request, url https//***, error -3
02-21 11:39:43.271 I/hwschromium-21311(20149): [INFO:network_service_network_delegate.cc(260)] final url https//***, error_code -3(net::ERR_ABORTED), used_http_dns 0, used_fallback_proxy 0 ip address: ignored, downstream throughput kbps: 1400, duration_time(ms) 279, is_enabled_hquic 0
02-21 11:39:43.272 I/hwschromium-21311(20149): [INFO:url_request.cc(752)] DoCancel the url_request, url https//***, error -3
02-21 11:39:43.272 I/hwschromium-21311(20149): [INFO:network_service_network_delegate.cc(260)] final url https//***, error_code -3(net::ERR_ABORTED), used_http_dns 0, used_fallback_proxy 0 ip address: ignored, downstream throughput kbps: 1400, duration_time(ms) 351, is_enabled_hquic 0
02-21 11:39:43.272 I/hwschromium-21311(20149): [INFO:url_request.cc(752)] DoCancel the url_request, url https//***, error -3
02-21 11:39:43.273 I/hwschromium-21311(20149): [INFO:network_service_network_delegate.cc(260)] final url https//***, error_code -3(net::ERR_ABORTED), used_http_dns 0, used_fallback_proxy 0 ip address: ignored, downstream throughput kbps: 1400, duration_time(ms) 554, is_enabled_hquic 0
02-21 11:39:43.273 I/hwschromium-21311(20149): [INFO:url_request.cc(752)] DoCancel the url_request, url https//***, error -3
02-21 11:39:43.273 I/hwschromium-21311(20149): [INFO:network_service_network_delegate.cc(260)] final url https//***, error_code -3(net::ERR_ABORTED), used_http_dns 0, used_fallback_proxy 0 ip address: ignored, downstream throughput kbps: 1400, duration_time(ms) 337, is_enabled_hquic 0
02-21 11:39:43.273 I/hwschromium-21311(20149): [INFO:url_request.cc(752)] DoCancel the url_request, url https//***, error -3
02-21 11:39:43.273 I/hwschromium-21311(20149): [INFO:network_service_network_delegate.cc(260)] final url https//***, error_code -3(net::ERR_ABORTED), used_http_dns 0, used_fallback_proxy 0 ip address: ignored, downstream throughput kbps: 1400, duration_time(ms) 343, is_enabled_hquic 0
02-21 11:39:43.273 I/hwschromium-21311(20149): [INFO:url_request.cc(752)] DoCancel the url_request, url https//***, error -3
02-21 11:39:43.273 I/hwschromium-21311(20149): [INFO:network_service_network_delegate.cc(260)] final url https//***, error_code -3(net::ERR_ABORTED), used_http_dns 0, used_fallback_proxy 0 ip address: ignored, downstream throughput kbps: 1400, duration_time(ms) 341, is_enabled_hquic 0
02-21 11:39:43.300 W/hwschromium-21311(20149): [WARNING:spdy_session.cc(3501)] Received HEADERS for invalid stream 5
02-21 11:39:43.309 I/hwschromium-21311(20149): [INFO:adaptive_relayout_impl.cc(27)] enter ShouldDoAdaptiveRelayout
02-21 11:39:43.309 I/hwschromium-21311(20149): [INFO:adaptive_relayout_impl.cc(37)] exit ShouldDoAdaptiveRelayout, should[0]
02-21 11:39:43.309 I/hwschromium-21311(20309): [INFO:document_loader.cc(2806)] should_inject_ditto[0]
02-21 11:39:43.309 W/hwschromium-21311(20309): [WARNING:render_frame_impl.cc(3869)] event_message: page load start, routing_id: 1, url https//***
02-21 11:39:43.317 I/hwschromium-21311(20309): [INFO:render_frame_impl.cc(4263)] [Adblock] render frame update adblock:0 fixed adblock:0
02-21 11:39:43.318 W/hwschromium-21311(20309): [WARNING:local_frame.cc(3793)] [Adblock] Set adblock enable for site: 0 fixed adblock enable for site:0
02-21 11:39:43.326 W/hwschromium-21311(20149): [WARNING:spdy_session.cc(3501)] Received HEADERS for invalid stream 7
02-21 11:39:43.336 I/PG_ash  ( 2771): isolated start proc find pkg:com.multilanglearner by uid:99038 pid:20309
02-21 11:39:43.368 I/ZrHung.AppEyeUiProbe(20309): stop UiProbe
02-21 11:39:43.368 I/ZrHung.AppEyeUiProbe(20309): not watching, wait.
02-21 11:39:43.385 I/hwschromium-21311(20149): [INFO:CONSOLE(1)] "%c
02-21 11:39:43.385 I/hwschromium-21311(20149):                      //
02-21 11:39:43.385 I/hwschromium-21311(20149):          \\         //
02-21 11:39:43.385 I/hwschromium-21311(20149):           \\       //
02-21 11:39:43.385 I/hwschromium-21311(20149):     ##DDDDDDDDDDDDDDDDDDDDDD##
02-21 11:39:43.385 I/hwschromium-21311(20149):     ## DDDDDDDDDDDDDDDDDDDD ##   ________   ___   ___        ___   ________   ___   ___        ___
02-21 11:39:43.385 I/hwschromium-21311(20149):     ## hh                hh ##   |\   __  \ |\  \ |\  \      |\  \ |\   __  \ |\  \ |\  \      |\  \
02-21 11:39:43.385 I/hwschromium-21311(20149):     ## hh    //    \\    hh ##   \ \  \|\ /_\ \  \\ \  \     \ \  \\ \  \|\ /_\ \  \\ \  \     \ \  \
02-21 11:39:43.385 I/hwschromium-21311(20149):     ## hh   //      \\   hh ##    \ \   __  \\ \  \\ \  \     \ \  \\ \   __  \\ \  \\ \  \     \ \  \
02-21 11:39:43.385 I/hwschromium-21311(20149):     ## hh                hh ##     \ \  \|\  \\ \  \\ \  \____ \ \  \\ \  \|\  \\ \  \\ \  \____ \ \  \
02-21 11:39:43.385 I/hwschromium-21311(20149):     ## hh      wwww      hh ##      \ \_______\\ \__\\ \_______\\ \__\\ \_______\\ \__\\ \_______\\ \__\
02-21 11:39:43.385 I/hwschromium-21311(20149):     ## hh                hh ##       \|_______| \|__| \|_______| \|__| \|_______| \|__| \|_______| \|__|
02-21 11:39:43.385 I/hwschromium-21311(20149):     ## MMMMMMMMMMMMMMMMMMMM ##
02-21 11:39:43.385 I/hwschromium-21311(20149):     ##MMMMMMMMMMMMMMMMMMMMMM##                                          Release undefined@no release yet
02-21 11:39:43.385 I/hwschromium-21311(20149):          \/            \/                                       Powered by @bilibili/jinkela-core@2.8.14 color:#00a1d6", source: https://s1.hdslb.com/bfs/static/jinkela/passport/passport.56f961b11e1f7b652e656223496d3559f62678cc.js (1)
02-21 11:39:43.417 I/hwschromium-21311(20149): [INFO:CONSOLE(27)] "将根据已有的meta标签来设置缩放比例", source: https://s1.hdslb.com/bfs/static/jinkela/passport/9.passport.56f961b11e1f7b652e656223496d3559f62678cc.js (27)
02-21 11:39:43.454 I/webview-sksl(20309): webview skia shader opt enabled.
02-21 11:39:43.538 I/ash_dd  ( 2771): com.huawei.intelligent not ctrl when screen on, delay to D!
02-21 11:39:43.542 I/PG_ash  ( 2771): treat as downloading app for vnp, pkg: com.vpn365
02-21 11:39:43.543 I/ash_dd  ( 2771): com.vpn365 has data transmitting, delay to D!
02-21 11:39:43.543 W/AppInfoMgr( 2771): not found owner uid for pkg:com.huawei.health
02-21 11:39:43.544 I/ash_dd  ( 2771): com.huawei.iconnect not ctrl in charging, delay to D!
02-21 11:39:43.544 I/ash_dd  ( 2771): com.google.android.gms not ctrl when or gserver connected, delay to D!
02-21 11:39:43.544 W/AppInfoMgr( 2771): not found owner uid for pkg:com.huawei.health
02-21 11:39:43.545 I/ash_dd  ( 2771): com.huawei.airlink not ctrl in charging, delay to D!
02-21 11:39:43.545 I/ash_dd  ( 2771): com.huawei.securityserver not ctrl in charging, delay to D!
02-21 11:39:43.546 I/ash_dd  ( 2771): com.huawei.rcsserviceapplication not ctrl in charging, delay to D!
02-21 11:39:43.546 I/ash_dd  ( 2771): com.huawei.hiaction not ctrl when screen on, delay to D!
02-21 11:39:43.546 I/ash_dd  ( 2771): com.huawei.vassistant not ctrl in charging, delay to D!
02-21 11:39:43.547 I/ash_dd  ( 2771): com.huawei.recsys not ctrl in charging, delay to D!
02-21 11:39:43.547 W/AppInfoMgr( 2771): not found owner uid for pkg:com.huawei.health
02-21 11:39:43.548 I/ash_dd  ( 2771): com.huawei.nearby not ctrl in charging, delay to D!
02-21 11:39:43.548 I/ash_dd  ( 2771): com.huawei.systemmanager not ctrl when screen on, delay to D!
02-21 11:39:43.548 I/ash_dd  ( 2771): com.huawei.contentsensor not ctrl when screen on, delay to D!
02-21 11:39:43.548 I/ash_dd  ( 2771): com.huawei.hitouch not ctrl when screen on, delay to D!
02-21 11:39:43.548 I/ash_dd  ( 2771): com.huawei.hiai not ctrl when screen on, delay to D!
02-21 11:39:43.549 I/ash_dd  ( 2771): com.huawei.wallet not ctrl in charging, delay to D!
02-21 11:39:43.549 I/ash_dd  ( 2771): com.android.settings not ctrl in charging, delay to D!
02-21 11:39:43.549 I/ash_dd  ( 2771): com.huawei.meetime not ctrl in charging, delay to D!
02-21 11:39:43.550 I/ash_dd  ( 2771): com.huawei.lbs not ctrl in charging, delay to D!
02-21 11:39:43.592 W/hwschromium-21311(20309): [WARNING:render_frame_impl.cc(4159)] event_message: content load finished, routing_id: 1, url https//***
02-21 11:39:43.702 I/hwschromium-21311(20149): [INFO:adaptive_relayout_impl.cc(27)] enter ShouldDoAdaptiveRelayout
02-21 11:39:43.702 I/hwschromium-21311(20149): [INFO:adaptive_relayout_impl.cc(37)] exit ShouldDoAdaptiveRelayout, should[0]
02-21 11:39:43.702 I/hwschromium-21311(20309): [INFO:document_loader.cc(2806)] should_inject_ditto[0]
02-21 11:39:43.704 I/hwschromium-21311(20149): [INFO:navigation_request.cc(1813)] fraud_web_report will skip compute digest for resoruces.
02-21 11:39:43.704 I/hwschromium-21311(20149): [INFO:render_frame_host_manager.cc(1347)] HWBFCACHE: GetSiteInstanceForNavigationRequest reason=DetermineSiteInstanceForURL / same-site-navigation
