02-13 18:41:14.159  1917  1968 I SWAP_Scene: Entering notifySceneData notifySceneData. EventType:PROCESS_CREATE pkg:com.huawei.securitypluginbase uid:10139 pid:23572 proc: activity:null
02-13 18:41:14.159  1917  1968 I HwActivityManagerServiceEx: notifyProcessStatusChange::pkg:com.huawei.securitypluginbase pid:23572 uid:10139
02-13 18:41:14.159  1917  3445 E ActivityManager: Try to startService, serviceRecord:processName: com.huawei.systemmanager; pkgName: com.huawei.systemmanager
02-13 18:41:14.169  1917  1930 E ActivityManager: Try to startService, serviceRecord:processName: com.huawei.systemmanager:service; pkgName: com.huawei.systemmanager
02-13 18:41:14.172  1917  3136 V BroadcastQueue: Finished with ordered broadcast BroadcastRecord{3db3144 u0 android.intent.action.PACKAGE_REPLACED}
02-13 18:41:14.181 23572 23572 I AndroidRuntime: RuntimeInit: Starting application from zygote
02-13 18:41:14.181 23572 23572 D AndroidRuntime: Entered RuntimeInit!
02-13 18:41:14.189 23572 23572 I AndroidRuntime: MethodAndArgsCaller run()
02-13 18:41:14.196 23572 23572 D ActivityThread: Attach thread to application
02-13 18:41:14.199 23493 23592 I PackageParsing: com.huawei.hms.commonkit, target sdk: 31
02-13 18:41:14.202 23493 23592 I PackageImpl: toAppInfoWithoutStateWithoutFlags storageUuid is null for com.huawei.hms.commonkit
02-13 18:41:14.202 23493 23592 I PackageParsing: com.huawei.hms.commonkit: compat added android.permission.POST_NOTIFICATIONS
02-13 18:41:14.218 23572 23591 I ActivityThread: Init compatible state: true
02-13 18:41:14.219  1917  3136 V ActivityManager: Bringing down ServiceRecord{9d58fbd u0 com.huawei.systemmanager/com.huawei.library.component.HsmUiIntentService} android.content.Intent$FilterComparison@36b7205
02-13 18:41:14.219  1917  3136 V ActivityManager: java.lang.RuntimeException
02-13 18:41:14.219  1917  3136 V ActivityManager: 	at com.android.server.am.ActiveServices.bringDownServiceLocked(ActiveServices.java:4740)
02-13 18:41:14.219  1917  3136 V ActivityManager: 	at com.android.server.am.ActiveServices.bringDownServiceIfNeededLocked(ActiveServices.java:4625)
02-13 18:41:14.219  1917  3136 V ActivityManager: 	at com.android.server.am.ActiveServices.stopServiceTokenLocked(ActiveServices.java:1510)
02-13 18:41:14.219  1917  3136 V ActivityManager: 	at com.android.server.am.ActivityManagerService.stopServiceToken(ActivityManagerService.java:13631)
02-13 18:41:14.219  1917  3136 V ActivityManager: 	at android.app.IActivityManager$Stub.onTransact(IActivityManager.java:2963)
02-13 18:41:14.219  1917  3136 V ActivityManager: 	at com.android.server.am.ActivityManagerService.onTransact(ActivityManagerService.java:2933)
02-13 18:41:14.219  1917  3136 V ActivityManager: 	at com.android.server.am.HwActivityManagerService.onTransact(HwActivityManagerService.java:410)
02-13 18:41:14.219  1917  3136 V ActivityManager: 	at android.os.Binder.execTransactInternal(Binder.java:1192)
02-13 18:41:14.219  1917  3136 V ActivityManager: 	at android.os.Binder.execTransact(Binder.java:1156)
02-13 18:41:14.224 23572 23572 I LoadedApk: makePaths: outLibPaths=[/system/app/HwSecurityPluginBase/lib/arm64, /system/app/HwSecurityPluginBase/HwSecurityPluginBase.apk!/lib/arm64-v8a, /system/app/HwSecurityPluginBase/AntivirusAvlsecPlugin.apk!/lib/arm64-v8a, /system/app/HwSecurityPluginBase/AntivirusQihooPlugin.apk!/lib/arm64-v8a, /system/app/HwSecurityPluginBase/AntivirusTinyAiSecPlugin.apk!/lib/arm64-v8a, /system/lib64:/hw_product/lib64:/system/lib64/module/multimedia:/system/product/lib64]
02-13 18:41:14.224 23572 23572 I LoadedApk: createSharedLibrariesLoaders::sharedLibraries is [SharedLibraryInfo{name:org.apache.http.legacy, type:builtin, version:-1}, SharedLibraryInfo{name:libai_client.so, type:builtin, version:-1}, SharedLibraryInfo{name:libigs_client.so, type:builtin, version:-1}]
02-13 18:41:14.224 23572 23572 I LoadedApk: createSharedLibrariesLoaders::sharedLibraries is null
02-13 18:41:14.231  1917  4302 I ContentProviderHelper: publishContentProviders app: ProcessRecord{469bb 23493:com.huawei.hwid.container2/u0a114}, providers.size: 6
02-13 18:41:14.231  1917  1965 D ActivityManager: setPrivilegeType serviceRecord: ServiceRecord{e11a963 u0 com.huawei.harmonyupdater/com.huawei.appmarketforms.FACardDataSyncServiceShellService}, interfaceDescriptor: com.huawei.appmarketforms.IFACardDataSync, shouldSetPrivType: false
02-13 18:41:14.236  1917  3136 V ActivityManager: Bringing down ServiceRecord{bf62068 u0 com.huawei.systemmanager/com.huawei.library.component.HsmBackgroundIntentService} android.content.Intent$FilterComparison@3f91d9ab
02-13 18:41:14.236  1917  3136 V ActivityManager: java.lang.RuntimeException
02-13 18:41:14.236  1917  3136 V ActivityManager: 	at com.android.server.am.ActiveServices.bringDownServiceLocked(ActiveServices.java:4740)
02-13 18:41:14.236  1917  3136 V ActivityManager: 	at com.android.server.am.ActiveServices.bringDownServiceIfNeededLocked(ActiveServices.java:4625)
02-13 18:41:14.236  1917  3136 V ActivityManager: 	at com.android.server.am.ActiveServices.stopServiceTokenLocked(ActiveServices.java:1510)
02-13 18:41:14.236  1917  3136 V ActivityManager: 	at com.android.server.am.ActivityManagerService.stopServiceToken(ActivityManagerService.java:13631)
02-13 18:41:14.236  1917  3136 V ActivityManager: 	at android.app.IActivityManager$Stub.onTransact(IActivityManager.java:2963)
02-13 18:41:14.236  1917  3136 V ActivityManager: 	at com.android.server.am.ActivityManagerService.onTransact(ActivityManagerService.java:2933)
02-13 18:41:14.236  1917  3136 V ActivityManager: 	at com.android.server.am.HwActivityManagerService.onTransact(HwActivityManagerService.java:410)
02-13 18:41:14.236  1917  3136 V ActivityManager: 	at android.os.Binder.execTransactInternal(Binder.java:1192)
02-13 18:41:14.236  1917  3136 V ActivityManager: 	at android.os.Binder.execTransact(Binder.java:1156)
02-13 18:41:14.245 23493 23493 I ActivityThread: finishPreloaded preloadStatus 0
02-13 18:41:14.250  1917  3136 I HwActivityManagerServiceEx: provider is prevented for not-prevent
02-13 18:41:14.253  1917  3136 I ContentProviderHelper: Successfully start provider ContentProviderRecord{57061a3 u0 com.huawei.hwid/com.huawei.hms.fwkit.provider.HMSFrameworkProvider} launchingApp=null caller pid= 23493
02-13 18:41:14.263  1917  3445 I ActivityManager: power push bindservice callingPkg:com.huawei.profile, pkg:com.huawei.nearby, callerApp pid:23397, pid:3012
02-13 18:41:14.267 23572 23572 I ActivityThread: finishPreloaded preloadStatus 0
02-13 18:41:14.272  1917  1965 D ActivityManager: setPrivilegeType serviceRecord: ServiceRecord{bdfaf47 u0 com.huawei.securitypluginbase/com.huawei.antivirus.AntivirusService}, interfaceDescriptor: com.huawei.antivirus.IBinderPool, shouldSetPrivType: false
02-13 18:41:14.274 23493 23601 I PackageParsing: com.huawei.hms.commonkit, target sdk: 31
02-13 18:41:14.275 23493 23601 I PackageImpl: toAppInfoWithoutStateWithoutFlags storageUuid is null for com.huawei.hms.commonkit
02-13 18:41:14.276 23493 23601 I PackageParsing: com.huawei.hms.commonkit: compat added android.permission.POST_NOTIFICATIONS
02-13 18:41:14.286  1917  3132 I ActivityManager: Killing 17867:com.android.permissioncontroller/u0a82 (adj 995): empty #17
02-13 18:41:14.291  1917  3136 I HwActivityManagerServiceEx: provider is prevented for not-prevent
02-13 18:41:14.296  1917  3136 I ContentProviderHelper: Successfully start provider ContentProviderRecord{267cc27 u0 com.huawei.hwid/com.huawei.hms.commonkit.config.CommonKitProvider} launchingApp=null caller pid= 23493
02-13 18:41:14.313  1917  1965 D ActivityManager: setPrivilegeType serviceRecord: ServiceRecord{6f37ec5 u0 com.huawei.securitypluginbase/com.qihoo.security.services.DeepScanService}, interfaceDescriptor: com.qihoo.security.services.IDeepScanFactory, shouldSetPrivType: false
02-13 18:41:14.331  1917 11918 I ActivityManager: appDiedLocked: pid=17867, app=ProcessRecord{a0c85c8 17867:com.android.permissioncontroller/u0a82}, fromBinderDied=true, reason=null
02-13 18:41:14.331  2739  3044 E Booster_BroadcastProxy: [isDebugModemEnabled]get package info fail.
02-13 18:41:14.331  1917 11918 D ActivityManager: cleanUpApplicationRecord app: 17867:com.android.permissioncontroller/u0a82, bad: false, restarting: false, allowRestart: true
02-13 18:41:14.332  1917  1954 I HwPowerManagerService: appdie release wakelock, pid = 17867, uid = 10082
02-13 18:41:14.332  1917  2343 W HwAudioServiceEx: SoundEffectState bundle get reserved is invalid
02-13 18:41:14.332  1917  2343 I HwAudioServiceEx: sendAppKilledIntentForKit, isKitPackageOnPause = false, isKitPackageKill = false, isKitPackageOnResume = false
02-13 18:41:14.332  1917  1940 I SWAP_Scene: Entering notifySceneData notifySceneData. EventType:PROCESS_DIED pkg:com.android.permissioncontroller uid:10082 pid:17867 proc: activity:null
02-13 18:41:14.333  1917  1971 I LowMemDetector: LowMemThread mPressureState:0 notifyTrimMemory: 0
02-13 18:41:14.334  2739  3044 I PowerMsgAdapter: handleUidGone uid: 10082
02-13 18:41:14.337  1917  4059 I SWAP_Scene: This app was killed: com.android.permissioncontroller
02-13 18:41:14.346  1917  1930 I HwActivityManagerServiceEx: provider is prevented for not-prevent
02-13 18:41:14.346  1917  1930 I ContentProviderHelper: Successfully start provider ContentProviderRecord{d1831a9 u0 com.android.providers.settings/.hwext.HwSettingsProvider} launchingApp=null caller pid= 23493
02-13 18:41:14.347  1917  1939 D CompanionDeviceManagerService: onPackageModified(packageName = com.court.assistant)
02-13 18:41:14.348  1917  1930 I HwActivityManagerServiceEx: provider is prevented for not-prevent
02-13 18:41:14.348  1917  1930 I ContentProviderHelper: Successfully start provider ContentProviderRecord{d1831a9 u0 com.android.providers.settings/.hwext.HwSettingsProvider} launchingApp=null caller pid= 23572
02-13 18:41:14.349  1917  1939 I ActivityManager: startProcess: name=com.android.permissioncontroller app=null knownToBeDead=true thread=null pid=-1 preloadStatus=-1
02-13 18:41:14.349  1917  1939 D CompatibilityChangeReporter: Compat change id reported: 135634846; UID 10082; state: DISABLED
02-13 18:41:14.349  1917  1939 D CompatibilityChangeReporter: Compat change id reported: 177438394; UID 10082; state: DISABLED
02-13 18:41:14.349  1917  1939 D CompatibilityChangeReporter: Compat change id reported: 135772972; UID 10082; state: DISABLED
02-13 18:41:14.349  1917  1939 D CompatibilityChangeReporter: Compat change id reported: 135754954; UID 10082; state: ENABLED
02-13 18:41:14.349  1917  1939 I ActivityManager: Posting procStart msg for 0:com.android.permissioncontroller/u0a82
02-13 18:41:14.349  1917  1939 I ActivityManager: power push bindservice callingPkg:android, pkg:com.android.permissioncontroller, callerApp pid:1917, pid:0
02-13 18:41:14.351  1917  1968 I ActivityManager: startProcess: asking zygote to start proc ProcessRecord{3528e51 0:com.android.permissioncontroller/u0a82}
02-13 18:41:14.351  1917  1968 D CompatibilityChangeReporter: Compat change id reported: 143937733; UID 10082; state: ENABLED
02-13 18:41:14.351  1917  1968 W ActivityManager: Unknown package:com.huawei.hwid.tv
02-13 18:41:14.352  1917  1968 W ActivityManager: Unknown package:com.huawei.hms
02-13 18:41:14.366  1917  1968 I ActivityManager: Start proc 23648:com.android.permissioncontroller/u0a82 for service {com.android.permissioncontroller/com.android.permissioncontroller.permission.service.PermissionControllerServiceImpl}
02-13 18:41:14.366  1917  1968 I SWAP_Scene: Entering notifySceneData notifySceneData. EventType:PROCESS_CREATE pkg:com.android.permissioncontroller uid:10082 pid:23648 proc: activity:null
02-13 18:41:14.366  1917  1968 I HwActivityManagerServiceEx: notifyProcessStatusChange::pkg:com.android.permissioncontroller pid:23648 uid:10082
02-13 18:41:14.382 23648 23648 I AndroidRuntime: RuntimeInit: Starting application from zygote
02-13 18:41:14.382 23648 23648 D AndroidRuntime: Entered RuntimeInit!
02-13 18:41:14.387 23648 23648 I AndroidRuntime: MethodAndArgsCaller run()
02-13 18:41:14.392 23648 23648 D ActivityThread: Attach thread to application
02-13 18:41:14.410  1917  1930 I PowerManagerService:  schedul eye detect nextTimeout: 60633367 now: 60582747 mRemainTime: 10000
02-13 18:41:14.414  2739  3044 E BoosterNty: onOemHookRawEvent decodes failed.
02-13 18:41:14.427  1917  1939 W Looper  : Drained
02-13 18:41:14.431 23648 23662 I ActivityThread: Init compatible state: false
02-13 18:41:14.432  1917  1917 I JobScheduler: Maybe queuing ready jobs size:0,time:1770979274428
02-13 18:41:14.434  1917  2576 I ContentProviderHelper: Successfully start provider ContentProviderRecord{a743ca9 u0 com.huawei.hwid/com.huawei.hms.fwkit.kams.provideragent.StubContentProvider} launchingApp=ProcessRecord{423b830 2695:com.huawei.hwid.core/u0a114} caller pid= 1917
02-13 18:41:14.435 23648 23648 I LoadedApk: makePaths: outLibPaths=[/system/priv-app/PermissionController/lib/arm64, /system/lib64:/hw_product/lib64:/system/lib64/module/multimedia:/system/product/lib64]
02-13 18:41:14.435 23648 23648 I LoadedApk: createSharedLibrariesLoaders::sharedLibraries is [SharedLibraryInfo{name:androidx.window.extensions, type:builtin, version:-1}, SharedLibraryInfo{name:androidx.window.sidecar, type:builtin, version:-1}]
02-13 18:41:14.435 23648 23648 I LoadedApk: createSharedLibrariesLoaders::sharedLibraries is null
02-13 18:41:14.439 23648 23648 I LoadedApk: createSharedLibrariesLoaders::sharedLibraries is null
02-13 18:41:14.462  1917 11918 I ContentProviderHelper: publishContentProviders app: ProcessRecord{3528e51 23648:com.android.permissioncontroller/u0a82}, providers.size: 5
02-13 18:41:14.480  1917 11918 I HwActivityManagerServiceEx: provider is prevented for not-prevent
02-13 18:41:14.480  1917 11918 I ContentProviderHelper: Successfully start provider ContentProviderRecord{d1831a9 u0 com.android.providers.settings/.hwext.HwSettingsProvider} launchingApp=null caller pid= 23648
02-13 18:41:14.483 23648 23648 I ActivityThread: finishPreloaded preloadStatus 0
02-13 18:41:14.488  1917 11918 D ActivityManager: shouldSetPrivilegeType action=android.permission.PermissionControllerService clientUid=1000
02-13 18:41:14.489  1917  1965 D ActivityManager: setPrivilegeType serviceRecord: ServiceRecord{40436cb u0 com.android.permissioncontroller/.permission.service.PermissionControllerServiceImpl}, interfaceDescriptor: android.permission.IPermissionController, shouldSetPrivType: false
02-13 18:41:14.506  1917  1952 D PackageManager: handlePackageEvent: android.intent.action.PACKAGE_ADDED com.court.assistant
02-13 18:41:14.507  1917  1952 W ContextImpl: Calling a method in the system process without a qualified user: android.app.ContextImpl.startService:1961 com.huawei.server.security.trustspace.TrustSpaceManagerService.handlePackageAppeared:240 com.huawei.server.security.trustspace.TrustSpaceManagerService.access$2100:68 com.huawei.server.security.trustspace.TrustSpaceManagerService$MyPackageMonitor.onReceive:921 android.app.LoadedApk$ReceiverDispatcher$Args.lambda$getRunnable$0$LoadedApk$ReceiverDispatcher$Args:1894 
02-13 18:41:14.507  1917  1952 I ActivityManager: startProcess: name=com.huawei.trustspace app=null knownToBeDead=true thread=null pid=-1 preloadStatus=-1
02-13 18:41:14.508  1917  1952 D CompatibilityChangeReporter: Compat change id reported: 135634846; UID 10144; state: DISABLED
02-13 18:41:14.508  1917  1952 D CompatibilityChangeReporter: Compat change id reported: 177438394; UID 10144; state: DISABLED
02-13 18:41:14.508  1917  1952 D CompatibilityChangeReporter: Compat change id reported: 135772972; UID 10144; state: DISABLED
02-13 18:41:14.508  1917  1952 D CompatibilityChangeReporter: Compat change id reported: 135754954; UID 10144; state: ENABLED
02-13 18:41:14.508  1917  1952 I ActivityManager: Posting procStart msg for 0:com.huawei.trustspace/u0a144
02-13 18:41:14.508  1917  1968 I ActivityManager: startProcess: asking zygote to start proc ProcessRecord{c0d8caa 0:com.huawei.trustspace/u0a144}
02-13 18:41:14.508  1917  1968 D CompatibilityChangeReporter: Compat change id reported: 143937733; UID 10144; state: ENABLED
02-13 18:41:14.508  1917  1952 I HWMW_HwMagicWindowManagerService: case Utils.MSG_INSTALL_APP_CONFIG
02-13 18:41:14.508  1917  1968 W ActivityManager: Unknown package:com.huawei.hwid.tv
02-13 18:41:14.508  1917  1968 W ActivityManager: Unknown package:com.huawei.hms
02-13 18:41:14.510  1917  1952 I HWMW_HwMagicWindowConfigLoader: load app list. num: 1
02-13 18:41:14.510  1917  1952 I HWMW_HwMagicWindowConfigLoader: loadPackage start
02-13 18:41:14.510  1917  1952 I HWMW_HwMagicWindowConfigLoader: loadPackage end. Cost 0 ms
02-13 18:41:14.511  1917  1952 I HWMW_HwMagicWindowConfigLoader: loadPackage start
02-13 18:41:14.518  1917  1952 I HWMW_HwMagicWindowConfigLoader: loadPackage end. Cost 7 ms
02-13 18:41:14.519  2739  3662 D HwCommBoosterService: reportBoosterPara enter
02-13 18:41:14.519  2739  3662 D HwCommBoosterManager: reportBoosterPara enter
02-13 18:41:14.519  2739  3662 D HwCommBoosterManager: pluginId: 2
02-13 18:41:14.520  2739  3044 D HwCommBoosterManager: handleBoosterMessageSendModuleDataToPlugin enter
02-13 18:41:14.532 23688 23688 I AndroidRuntime: RuntimeInit: Starting application from zygote
02-13 18:41:14.532 23688 23688 D AndroidRuntime: Entered RuntimeInit!
02-13 18:41:14.535 23688 23688 I AndroidRuntime: MethodAndArgsCaller run()
02-13 18:41:14.539 23688 23688 D ActivityThread: Attach thread to application
02-13 18:41:14.588  1917  1968 W ActivityManager: Slow operation: 80ms so far, now at startProcess: done updating battery stats
02-13 18:41:14.588  1917  1968 W ActivityManager: Slow operation: 80ms so far, now at startProcess: building log message
02-13 18:41:14.588  1917  1968 I ActivityManager: Start proc 23688:com.huawei.trustspace/u0a144 for service {com.huawei.trustspace/com.huawei.trustspace.service.TrustSpaceService}
02-13 18:41:14.589  1917  1968 W ActivityManager: Slow operation: 81ms so far, now at startProcess: starting to update pids map
02-13 18:41:14.589  1917  1968 W ActivityManager: Slow operation: 81ms so far, now at startProcess: done updating pids map
02-13 18:41:14.589  1917  1968 I SWAP_Scene: Entering notifySceneData notifySceneData. EventType:PROCESS_CREATE pkg:com.huawei.trustspace uid:10144 pid:23688 proc: activity:null
02-13 18:41:14.589  1917  1968 I HwActivityManagerServiceEx: notifyProcessStatusChange::pkg:com.huawei.trustspace pid:23688 uid:10144
02-13 18:41:14.609  2739  3044 E Booster_BroadcastProxy: [isDebugModemEnabled]get package info fail.
02-13 18:41:14.616  1917  2576 I PowerManagerService:  schedul eye detect nextTimeout: 60633367 now: 60582953 mRemainTime: 10000
02-13 18:41:14.671  1917  1952 W UsageStatsService: Unexpected activity event reported! (com.android.packageinstaller/com.android.packageinstaller.InstallStaging event : 23 instanceId : 8406944)
02-13 18:41:14.714  1917  1930 W ActivityManager: Slow operation: 124ms so far, now at attachApplicationLocked: before bindApplication
02-13 18:41:14.715  1917  1930 D CompatibilityChangeReporter: Compat change id reported: 168419799; UID 10144; state: DISABLED
02-13 18:41:14.715  1917  1930 W ActivityManager: Slow operation: 125ms so far, now at attachApplicationLocked: immediately before bindApplication
02-13 18:41:14.716  1917  1930 W ActivityManager: Slow operation: 126ms so far, now at attachApplicationLocked: immediately after bindApplication
02-13 18:41:14.716  1917  1930 W ActivityManager: Slow operation: 126ms so far, now at attachApplicationLocked: after updateLruProcessLocked
02-13 18:41:14.719  1917  1930 W ActivityManager: Slow operation: 129ms so far, now at attachApplicationLocked: after mServices.attachApplicationLocked
02-13 18:41:14.723  1917  2289 I Fsm_SensorPostureProcess: onSensorChanged: 0.39900002, 7.9140005, 5.7760005, 0.284, 8.045, 5.5990005, 178.955
02-13 18:41:14.724 23688 23702 I ActivityThread: Init compatible state: false
02-13 18:41:14.727  1917  1917 I JobScheduler: Maybe queuing ready jobs size:0,time:1770979274725
02-13 18:41:14.729  2739  3443 W Looper  : Slow dispatch took 1152ms TaskFwk:TaskSchedulerWORKER h=android.os.task.SysTaskHandler$1 c=null m=3
02-13 18:41:14.729 23688 23688 I LoadedApk: appendApkLibPathIfNeeded: applicationInfo.primaryCpuAbi is null
02-13 18:41:14.729 23688 23688 I LoadedApk: makePaths: outLibPaths=[/system/app/HwTrustSpace/lib/arm64, /system/app/HwJetPack/HwJetPack.apk!/lib/arm64-v8a, /system/lib64:/hw_product/lib64:/system/lib64/module/multimedia:/system/product/lib64]
02-13 18:41:14.729 23688 23688 I LoadedApk: createSharedLibrariesLoaders::sharedLibraries is [SharedLibraryInfo{name:com.huawei.androidx, type:static, version:100}]
02-13 18:41:14.729 23688 23688 I LoadedApk: createSharedLibrariesLoaders::sharedLibraries is null
02-13 18:41:14.733  1917  3849 I ActivityManager: Killing 21975:com.baidu.searchbox:widgetProvider/u0a234 (adj 999): empty #17
02-13 18:41:14.740  1917 11918 I HwBroadcastQueue: proxy foreground bc config [3][21975][null]
02-13 18:41:14.740  1917 11918 I HwBroadcastQueue: 21975 drop actions:null
02-13 18:41:14.759  1917  3849 I ContentProviderHelper: publishContentProviders app: ProcessRecord{c0d8caa 23688:com.huawei.trustspace/u0a144}, providers.size: 2
02-13 18:41:14.762 23688 23688 I ActivityThread: finishPreloaded preloadStatus 0
02-13 18:41:14.770  1917  3849 I ActivityManager: appDiedLocked: pid=21975, app=ProcessRecord{dc21017 21975:com.baidu.searchbox:widgetProvider/u0a234}, fromBinderDied=true, reason=null
02-13 18:41:14.771  1917  2343 W HwAudioServiceEx: SoundEffectState bundle get reserved is invalid
02-13 18:41:14.771  1917  1954 I HwPowerManagerService: appdie release wakelock, pid = 21975, uid = 10234
02-13 18:41:14.771  1917  2343 I HwAudioServiceEx: sendAppKilledIntentForKit, isKitPackageOnPause = false, isKitPackageKill = false, isKitPackageOnResume = false
02-13 18:41:14.771  1917  3849 D ActivityManager: cleanUpApplicationRecord app: 21975:com.baidu.searchbox:widgetProvider/u0a234, bad: false, restarting: false, allowRestart: true
02-13 18:41:14.771  1917  1940 I SWAP_Scene: Entering notifySceneData notifySceneData. EventType:PROCESS_DIED pkg:com.baidu.searchbox uid:10234 pid:21975 proc: activity:null
02-13 18:41:14.773  1917  3849 I HwActivityManagerServiceEx: provider is prevented for not-prevent
02-13 18:41:14.773  1917  3849 I ContentProviderHelper: Successfully start provider ContentProviderRecord{d1831a9 u0 com.android.providers.settings/.hwext.HwSettingsProvider} launchingApp=null caller pid= 23688
02-13 18:41:14.782  1917  4059 I SWAP_Scene: Delete memcg fail.
02-13 18:41:14.784  1917  3849 V ActivityManager: Bringing down ServiceRecord{831d26f u0 com.huawei.trustspace/.service.TrustSpaceService} android.content.Intent$FilterComparison@1b9902eb
02-13 18:41:14.784  1917  3849 V ActivityManager: java.lang.RuntimeException
02-13 18:41:14.784  1917  3849 V ActivityManager: 	at com.android.server.am.ActiveServices.bringDownServiceLocked(ActiveServices.java:4740)
02-13 18:41:14.784  1917  3849 V ActivityManager: 	at com.android.server.am.ActiveServices.bringDownServiceIfNeededLocked(ActiveServices.java:4625)
02-13 18:41:14.784  1917  3849 V ActivityManager: 	at com.android.server.am.ActiveServices.stopServiceTokenLocked(ActiveServices.java:1510)
02-13 18:41:14.784  1917  3849 V ActivityManager: 	at com.android.server.am.ActivityManagerService.stopServiceToken(ActivityManagerService.java:13631)
02-13 18:41:14.784  1917  3849 V ActivityManager: 	at android.app.IActivityManager$Stub.onTransact(IActivityManager.java:2963)
02-13 18:41:14.784  1917  3849 V ActivityManager: 	at com.android.server.am.ActivityManagerService.onTransact(ActivityManagerService.java:2933)
02-13 18:41:14.784  1917  3849 V ActivityManager: 	at com.android.server.am.HwActivityManagerService.onTransact(HwActivityManagerService.java:410)
02-13 18:41:14.784  1917  3849 V ActivityManager: 	at android.os.Binder.execTransactInternal(Binder.java:1192)
02-13 18:41:14.784  1917  3849 V ActivityManager: 	at android.os.Binder.execTransact(Binder.java:1156)
02-13 18:41:14.788  1917  4063 I ActivityManager: Killing 22019:com.baidu.searchbox:bdservice_v1/u0a234 (adj 999): empty #17
02-13 18:41:14.790  1917  4063 I HwNetworkPolicy: onTransact, code = 1002
02-13 18:41:14.791  1917  4063 I PowerManagerService:  schedul eye detect nextTimeout: 60633367 now: 60583128 mRemainTime: 10000
02-13 18:41:14.794  1917  4063 I SWAP_Scene: Entering notifySceneData notifySceneData. EventType:UNFREEZE pkg:com.baidu.searchbox uid:10234 pid:0 proc: activity:null
02-13 18:41:14.795  1917  4063 I PowerManagerService:  schedul eye detect nextTimeout: 60633367 now: 60583132 mRemainTime: 10000
02-13 18:41:14.797  1917  4063 D SmartHeartBeat: setAlarmsPending ...
02-13 18:41:14.798  1917  2254 I ActivityManager: sendIntentSender target:PendingIntentRecord{506a7e0 com.baidu.searchbox broadcastIntent}, intent:flg=0x4 hwFlg=0x810
02-13 18:41:14.800  1917  2254 I PowerManagerService:  schedul eye detect nextTimeout: 60633367 now: 60583137 mRemainTime: 10000
02-13 18:41:14.800  1917  1967 V BroadcastQueue: Finished with ordered broadcast BroadcastRecord{61521b9 u0 android.appwidget.action.QUICK_BOX_WIDGET_REFRESH_CARD}
02-13 18:41:14.801  1917  1917 I PowerManagerService:  schedul eye detect nextTimeout: 60633367 now: 60583138 mRemainTime: 10000
02-13 18:41:14.803  1917  4063 D SmartHeartBeat: setAlarmsPending ...
02-13 18:41:14.814  1917  3849 I ActivityManager: appDiedLocked: pid=22019, app=ProcessRecord{9135fcc 22019:com.baidu.searchbox:bdservice_v1/u0a234}, fromBinderDied=true, reason=null
02-13 18:41:14.814  1917  2343 W HwAudioServiceEx: SoundEffectState bundle get reserved is invalid
02-13 18:41:14.814  1917  3849 D ActivityManager: cleanUpApplicationRecord app: 22019:com.baidu.searchbox:bdservice_v1/u0a234, bad: false, restarting: false, allowRestart: true
02-13 18:41:14.815  1917  1954 I HwPowerManagerService: appdie release wakelock, pid = 22019, uid = 10234
02-13 18:41:14.815  1917  2343 I HwAudioServiceEx: sendAppKilledIntentForKit, isKitPackageOnPause = false, isKitPackageKill = false, isKitPackageOnResume = false
02-13 18:41:14.815  1917  1940 I SWAP_Scene: Entering notifySceneData notifySceneData. EventType:PROCESS_DIED pkg:com.baidu.searchbox uid:10234 pid:22019 proc: activity:null
02-13 18:41:14.817  1917  4059 I SWAP_Scene: This app was killed: com.baidu.searchbox
02-13 18:41:15.136  1917  2254 I ActivityManager: sendIntentSender target:PendingIntentRecord{61239e9 com.android.phone broadcastIntent}, intent:flg=0x4 hwFlg=0x810
02-13 18:41:15.139  1917  2254 I PowerManagerService:  schedul eye detect nextTimeout: 60633367 now: 60583475 mRemainTime: 10000
02-13 18:41:15.145  1917  2269 I PowerManagerService:  schedul eye detect nextTimeout: 60636464 now: 60583482 mRemainTime: 10000
02-13 18:41:15.150  2739  5013 D HwCommBoosterService: reportBoosterPara enter
02-13 18:41:15.150  2739  5013 D HwCommBoosterManager: reportBoosterPara enter
02-13 18:41:15.150  2739  5013 D HwCommBoosterManager: pluginId: -1
02-13 18:41:15.151  2739  3044 D HwCommBoosterManager: handleBoosterMessageSendModuleDataToPlugin enter
02-13 18:41:15.158  1917  3849 V BroadcastQueue: Finished with ordered broadcast BroadcastRecord{1e2355f u0 com.android.internal.telephony.data-stall}
02-13 18:41:15.160  1917  1917 I PowerManagerService:  schedul eye detect nextTimeout: 60636464 now: 60583497 mRemainTime: 10000
02-13 18:41:15.241  1917  2269 I PowerManagerService:  schedul eye detect nextTimeout: 60636572 now: 60583578 mRemainTime: 10000
02-13 18:41:15.294  1917  3849 I HWMW_HwMagicStackManager: finish normal activity:ActivityRecord{ce75e u0 com.huawei.appmarket/com.huawei.appgallery.systeminstalldistservice.riskcheck.ui.activity.InstallDistActivity t9695} reason=app-request
02-13 18:41:15.294  1917  3849 I WindowManager: updateFocusedWindowLocked: newFocus is null for  displayId=1
02-13 18:41:15.295  1917  3849 I ActivityTaskManager: updateTopApp to ProcessRecord{54b9e66 2858:com.huawei.android.launcher/u0a123}
02-13 18:41:15.295  1917  3849 D HwActivityTaskManagerServiceEx: to.packageName is not in mRestoreFaList.
02-13 18:41:15.295  1917  3849 I HwActivityTaskManagerServiceEx: call returnToHome, from: ActivityRecord{ce75e u0 com.huawei.appmarket/com.huawei.appgallery.systeminstalldistservice.riskcheck.ui.activity.InstallDistActivity t9695 f}}, to: ActivityRecord{faf2077 u0 com.huawei.android.launcher/.unihome.UniHomeLauncher t7}
02-13 18:41:15.295  1917  3849 W HwActivityTaskManagerServiceEx: appSwitch from: com.huawei.appmarket to: com.huawei.android.launcher
02-13 18:41:15.296  1917  2257 D HwActivityManagerServiceEx: notifyAppToTop pid:2858, enable:1
02-13 18:41:15.296  1917  3849 I WindowManager: Changing focus from Window{3d420cc u0 com.huawei.appmarket/com.huawei.appgallery.systeminstalldistservice.riskcheck.ui.activity.InstallDistActivity} to null displayId=0
02-13 18:41:15.296  1917  3849 I NavigationCallOut: focusChanged, focus=null, mIsFocusWinInBlackList=false
02-13 18:41:15.296  1917  2576 I WindowManager: setActivityVisibleInFingerBoost callingPid: 2858
02-13 18:41:15.297  1917  3849 I HwDisplayContentEx: currentFocus windowstate null
02-13 18:41:15.297  1917  1930 I ActivityManager: delayGcTask callingPid = 2858 callingUid = 10123
02-13 18:41:15.297  1917  3849 I WindowManager: updateFocusedWindowLocked: newFocus is null for  displayId=1
02-13 18:41:15.297  1917  3849 D ActivityTaskManager: endTask invoke snapshotTasks.
02-13 18:41:15.297  1917  3849 I SurfaceControl: captureLayersExcluding layer:Surface(name=Task=9695)/@0x3a285b1 sourceCrop:Rect(0, 0 - 2224, 2496) frameScale:1.0 callers:com.android.server.wm.TaskSnapshotController.createTaskSnapshot:770 com.android.server.wm.TaskSnapshotController.createTaskSnapshot:624 com.android.server.wm.TaskSnapshotController.createTaskSnapshot:565 com.android.server.wm.TaskSnapshotController.snapshotTask:841 com.android.server.wm.TaskSnapshotController.snapshotTask:794 com.android.server.wm.TaskSnapshotController.snapshotTasks:276 com.android.server.wm.TaskSnapshotController.snapshotTasks:257 com.android.server.wm.ActivityRecord.finishIfPossible:4213 com.android.server.wm.ActivityClientController.finishActivity:622 android.app.IActivityClientController$Stub.onTransact:688 com.android.server.wm.ActivityClientController.onTransact:166 android.os.Binder.execTransactInternal:1192 android.os.Binder.execTransact:1156 <bottom of call stack> <bottom of call stack> <bottom of call stack> 
02-13 18:41:15.297  1917  1954 I SWAP_Scene: Entering notifySceneData notifySceneData. EventType:APP_SWITCH_TO pkg:com.huawei.android.launcher uid:10123 pid:2858 proc: activity:null
02-13 18:41:15.297  1917  1954 I SWAP_Scene: Entering notifySceneData notifySceneData. EventType:APP_SWITCH_FROM pkg:com.huawei.appmarket uid:10045 pid:0 proc: activity:null
02-13 18:41:15.297  1917  1963 D HwGameAssistantController: UPDATE: mCurFgPkg=com.huawei.android.launcher, mCurFgPid=2858, mIsCurGame=false
02-13 18:41:15.298  1917  1965 I DefProcServicePropDataManager: appSwitch fromPkg:com.huawei.appmarket,toPkg:com.huawei.android.launcher
02-13 18:41:15.298  1917  1965 I HwSystemMemoryUtils: delay gc task
02-13 18:41:15.303  1917  1963 I HwGameAssistantController: notifyBuoyAppSwitch other switch: com.huawei.android.launcher
02-13 18:41:15.303  1917  4059 E SWAP_Stat: Not beta user, can't report runstate
02-13 18:41:15.303  1917  4059 I SWAP_AK : BG com.huawei.appmarket M
02-13 18:41:15.303  1917  3849 I TaskSnapshotCache: putSnapshot task=Task{8d50a96 #9695 type=standard A=10081:com.android.packageinstaller U=0 visible=false mode=fullscreen translucent=true sz=1} with no process!
02-13 18:41:15.303  1917  4215 I HwActivityTaskManagerServiceEx: unregisterHwActivityNotifier notifier: android.app.IHwActivityNotifier$Stub$Proxy@1113ad6, callingUid: 10114 callingPid: 2695
02-13 18:41:15.303  1917  3849 I TaskSnapshotCache: putSnapshot size=8 taskId=9695
02-13 18:41:15.303  1917  3849 I WindowManager: persistSnapshot for activity:ActivityRecord{ce75e u0 com.huawei.appmarket/com.huawei.appgallery.systeminstalldistservice.riskcheck.ui.activity.InstallDistActivity t9695 f}} snapshotHome:false
02-13 18:41:15.304  1917  3849 I PowerManagerService:  schedul eye detect nextTimeout: 60636572 now: 60583641 mRemainTime: 10000
02-13 18:41:15.305  1917  3849 D HwActivityTaskManagerServiceEx: isActivityVisiableInFingerBoost:ActivityRecord{ce75e u0 com.huawei.appmarket/com.huawei.appgallery.systeminstalldistservice.riskcheck.ui.activity.InstallDistActivity t9695 f}}
02-13 18:41:15.307 17806 17806 I TopResumedActivityChangeItem: execute start, ActivityClientRecord = ActivityRecord{6b71888 token=android.os.BinderProxy@d59aa36 {com.huawei.appmarket/com.huawei.appgallery.systeminstalldistservice.riskcheck.ui.activity.InstallDistActivity}}
02-13 18:41:15.308  1917  4063 D WindowManager: WS setWallpaperScale return, wallpaper no need to recover
02-13 18:41:15.309  1917  1943 D CompatibilityChangeReporter: Compat change id reported: 158002302; UID 1000; state: ENABLED
02-13 18:41:15.310  1917  1943 D CompatibilityChangeReporter: Compat change id reported: 158002302; UID 10045; state: ENABLED
02-13 18:41:15.312  1917  1942 I HwWindowManagerServiceEx: com.huawei.appmarket blur level: -1
02-13 18:41:15.312  1917  1942 I HwWindowManagerServiceEx: getBlurLevel: 0
02-13 18:41:15.312  1917  1943 D HwActivityTaskManagerServiceEx: isActivityVisiableInFingerBoost:ActivityRecord{ce75e u0 com.huawei.appmarket/com.huawei.appgallery.systeminstalldistservice.riskcheck.ui.activity.InstallDistActivity t9695 f}}
02-13 18:41:15.314  1917  4215 W ActivityTaskManager: stopFreezingScreen return caused by mFreezingScreen false.
02-13 18:41:15.314  1917  4215 V HwActivityTaskManagerServiceEx: no need to start app lock
02-13 18:41:15.314  1917  4215 D HwActivityTaskManagerServiceEx: to.packageName is not in mRestoreFaList.
02-13 18:41:15.315  1917  4215 I WindowManager: Deferring rotation, rotation not changed, rotation=0
02-13 18:41:15.316  2858  2858 I TopResumedActivityChangeItem: execute start, ActivityClientRecord = ActivityRecord{9192828 token=android.os.BinderProxy@7629a54 {com.huawei.android.launcher/com.huawei.android.launcher.unihome.UniHomeLauncher}}
02-13 18:41:15.316  2858  2858 D ActivityThread: Won't deliver top position change in state=5
02-13 18:41:15.316  1917  4215 V ActivityTaskManager: notifyAppResumed: wasStopped=true ActivityRecord{faf2077 u0 com.huawei.android.launcher/.unihome.UniHomeLauncher t7}
02-13 18:41:15.318  1917  4215 D HwActivityTaskManagerServiceEx: isActivityVisiableInFingerBoost:ActivityRecord{ce75e u0 com.huawei.appmarket/com.huawei.appgallery.systeminstalldistservice.riskcheck.ui.activity.InstallDistActivity t9695 f}}
02-13 18:41:15.319  1917  4215 I WindowManager: Checking 1 opening apps (frozen=false timeout=false)...
02-13 18:41:15.319  1917  4215 I WindowManager: Check opening app=ActivityRecord{faf2077 u0 com.huawei.android.launcher/.unihome.UniHomeLauncher t7}: allDrawn=false startingDisplayed=false startingMoved=false isRelaunching()=false mStartingWindow=null isOneStepWindowChanging=falseisOpenCombinationSplitScreen=false shouldWaitCombine=false
02-13 18:41:15.322  1917  1931 I HWMW_HwMagicActivityLifeManager: ### Execute -> resumeActivityForHwMagicWin ActivityRecord resumeActivity = ActivityRecord{faf2077 u0 com.huawei.android.launcher/.unihome.UniHomeLauncher t7}
02-13 18:41:15.322  1917  1931 I HWMW_CameraRotationLocal: updateCameraRotation
02-13 18:41:15.323  1917  1917 I HWMW_HwMagicWindowUIController: handleForceUpdateSplitBar, displayId = 0, visible = 0
02-13 18:41:15.325  1917  2576 I WindowManager: send SET_LAUNCHER_VISIBLE_IN_FINGER_BOOST visible: true,delay:0, handle:false, userId:0, callingPid: 2858
02-13 18:41:15.326  1917 11918 I ActivityTaskManager: isDualCodeScene mLastPausedActivity.dualflag = false
02-13 18:41:15.326  1917 11918 I ActivityTaskManager: isDualCodeScene mLastPausedActivity.dualflag = false
02-13 18:41:15.326  1917  4063 I DE J DES: [effect] Pg pkg:com.huawei.android.launcher
02-13 18:41:15.326  1917  2576 I AppOps  : updateFormVisibility uid : 10068 visible : true
02-13 18:41:15.327  1917 11918 I ActivityTaskManager: isDualCodeScene mLastPausedActivity.dualflag = false
02-13 18:41:15.332  1917  1931 D HwActivityTaskManagerServiceEx: isActivityVisiableInFingerBoost:ActivityRecord{ce75e u0 com.huawei.appmarket/com.huawei.appgallery.systeminstalldistservice.riskcheck.ui.activity.InstallDistActivity t9695 f}}
02-13 18:41:15.333  1917  1931 I WindowManager: Checking 1 opening apps (frozen=false timeout=false)...
02-13 18:41:15.333  1917  1931 I WindowManager: Check opening app=ActivityRecord{faf2077 u0 com.huawei.android.launcher/.unihome.UniHomeLauncher t7}: allDrawn=false startingDisplayed=false startingMoved=false isRelaunching()=false mStartingWindow=null isOneStepWindowChanging=falseisOpenCombinationSplitScreen=false shouldWaitCombine=false
02-13 18:41:15.333  1917  1931 I WindowManager: Changing focus from null to Window{c535f39 u0 com.huawei.android.launcher/com.huawei.android.launcher.unihome.UniHomeLauncher} displayId=0
02-13 18:41:15.333  1917  1931 D HwActivityTaskManagerServiceEx: getVisibleTasks() beginning running, callingPid = 1917 , callingUid = 1000
02-13 18:41:15.333  1917  1931 D HwActivityTaskManagerServiceEx: getVisibleTasks add visible task to list, topActivity : ActivityRecord{faf2077 u0 com.huawei.android.launcher/.unihome.UniHomeLauncher t7}
02-13 18:41:15.334  1917  1931 I NavigationCallOut: focusChanged, focus=Window{c535f39 u0 com.huawei.android.launcher/com.huawei.android.launcher.unihome.UniHomeLauncher}, mIsFocusWinInBlackList=false
02-13 18:41:15.334  1917  1931 V HwPhoneWindowManager: updateSystemUiColorLw window=Window{c535f39 u0 com.huawei.android.launcher/com.huawei.android.launcher.unihome.UniHomeLauncher},EmuiStyle=1,StatusBarColor=0xffffffff,NavigationBarColor=0xffffffff, mForceNotchStatusBar=false
02-13 18:41:15.334  2512  3166 I HwCommandQueue: updateBarBgColor
02-13 18:41:15.334  2512  3166 D HwCommandQueue: CommandQueue, setBarBackgroundColor
02-13 18:41:15.334  1917  2257 D HwActivityManagerServiceEx: notifyAppToTop pid:2858, enable:1
02-13 18:41:15.336  1917  1931 I HwDisplayContentEx: currentFocus windowstate not null
02-13 18:41:15.336  1917  1931 I HwDisplayContentEx: trans currentFocus windowstate not null
02-13 18:41:15.336  1917  1931 I WindowManager: updateFocusedWindowLocked: newFocus is null for  displayId=1
02-13 18:41:15.336  1917  1940 I StatusBarDisable: setFlags what=0 which=1 pkg=Window{c535f39 u0 com.huawei.android.launcher/com.huawei.android.launcher.unihome.UniHomeLauncher}
02-13 18:41:15.337  1917  1943 I WindowManager: Focus requested for window=:c535f39 com.huawei.android.launcher/com.huawei.android.launcher.unihome.UniHomeLauncher
02-13 18:41:15.338  1917  4215 I UriGrantsManagerService: readMet true writeMet true forceMet true
02-13 18:41:15.338  1917  2744 D HwActivityTaskManagerServiceEx: loadRunningPackages packageInfo : pkg:com.huawei.appmarket visible:true, pkg:com.sonelli.juicessh visible:false, pkg:com.xingin.xhs visible:false, pkg:com.huawei.android.launcher visible:true, pkg:cmb.pb visible:false, pkg:com.tencent.mm visible:false, pkg:com.netease.mail visible:false, pkg:com.tailscale.ipn visible:false, pkg:com.quark.browser visible:false,
02-13 18:41:15.338  1917  1942 V ActivityTaskManager: Activity idle: null
02-13 18:41:15.338  1917  1942 I ActivityTaskManager: Stopping ActivityRecord{ce75e u0 com.huawei.appmarket/com.huawei.appgallery.systeminstalldistservice.riskcheck.ui.activity.InstallDistActivity t9695 f}}: nowVisible=true animating=true finishing=true
02-13 18:41:15.340  1917  2744 I WinIconRefData: set app win icon info, bundle = Bundle[{isLandscape=false, launcherPkgName=com.huawei.android.launcher, iconWidth=181, pivotX=190.0, pivotY=1917.0, iconHeight=181, flag=1}] WindowIconInfo[bitmap = android.graphics.Bitmap@eb15e47, pivotX =190.0, pivotY =1917.0, floatBallSize = 0.0, width =181, height =181, sceneTag =1]
02-13 18:41:15.342  1917  1954 I HwAudioServiceEx: ComponentInfo : className = com.huawei.appgallery.systeminstalldistservice.riskcheck.ui.activity.InstallDistActivity, flag = onPause, isHomeActivity = , isTop = false
02-13 18:41:15.343  1917  2343 W HwAudioServiceEx: SoundEffectState bundle get reserved is invalid
02-13 18:41:15.343  1917  2343 I HwAudioServiceEx: sendAppKilledIntentForKit, isKitPackageOnPause = false, isKitPackageKill = false, isKitPackageOnResume = false
02-13 18:41:15.345  1917  2576 D HwActivityTaskManagerServiceEx: isActivityVisiableInFingerBoost:ActivityRecord{ce75e u0 com.huawei.appmarket/com.huawei.appgallery.systeminstalldistservice.riskcheck.ui.activity.InstallDistActivity t9695 f}}
02-13 18:41:15.346  1917  2576 I WindowManager: wm_insets notifyInsetsControlChanged for:Window{c535f39 u0 com.huawei.android.launcher/com.huawei.android.launcher.unihome.UniHomeLauncher}
02-13 18:41:15.347  1917  2576 I WindowManager: wm_insets notifyInsetsControlChanged for:Window{3d420cc u0 com.huawei.appmarket/com.huawei.appgallery.systeminstalldistservice.riskcheck.ui.activity.InstallDistActivity}
02-13 18:41:15.347  1917  2576 I WindowManager: Checking 1 opening apps (frozen=false timeout=false)...
02-13 18:41:15.347  1917  2576 I WindowManager: Check opening app=ActivityRecord{faf2077 u0 com.huawei.android.launcher/.unihome.UniHomeLauncher t7}: allDrawn=false startingDisplayed=false startingMoved=false isRelaunching()=false mStartingWindow=null isOneStepWindowChanging=falseisOpenCombinationSplitScreen=false shouldWaitCombine=false
02-13 18:41:15.347  1917  2576 I WindowManager: updateFocusedWindowLocked: newFocus is null for  displayId=1
02-13 18:41:15.350  1917  1943 I WindowManager: New wallpaper target: Window{c535f39 u0 com.huawei.android.launcher/com.huawei.android.launcher.unihome.UniHomeLauncher} prevTarget: null
02-13 18:41:15.352  1917  1943 D HwActivityTaskManagerServiceEx: isActivityVisiableInFingerBoost:ActivityRecord{ce75e u0 com.huawei.appmarket/com.huawei.appgallery.systeminstalldistservice.riskcheck.ui.activity.InstallDistActivity t9695 f}}
02-13 18:41:15.353  1917  1943 I WindowManager: Checking 1 opening apps (frozen=false timeout=false)...
02-13 18:41:15.353  1917  1943 I WindowManager: Check opening app=ActivityRecord{faf2077 u0 com.huawei.android.launcher/.unihome.UniHomeLauncher t7}: allDrawn=true startingDisplayed=false startingMoved=false isRelaunching()=false mStartingWindow=null isOneStepWindowChanging=falseisOpenCombinationSplitScreen=false shouldWaitCombine=false
02-13 18:41:15.353  1917  1943 I WindowManager: Checking 0 opening apps (frozen=false timeout=false)...
02-13 18:41:15.353  1917  1943 D WindowManager: getTopAnimActivity enter true, ActivityRecord{faf2077 u0 com.huawei.android.launcher/.unihome.UniHomeLauncher t7}
02-13 18:41:15.354  1917  1943 D WindowManager: getTopAnimActivity enter false, ActivityRecord{ce75e u0 com.huawei.appmarket/com.huawei.appgallery.systeminstalldistservice.riskcheck.ui.activity.InstallDistActivity t9695 f}}
02-13 18:41:15.355  1917  1943 W ActivityTaskManager: stopFreezingScreen return caused by mFreezingScreen false.
02-13 18:41:15.355  1917  1943 V WindowManager: commitVisibility: ActivityRecord{ce75e u0 com.huawei.appmarket/com.huawei.appgallery.systeminstalldistservice.riskcheck.ui.activity.InstallDistActivity t9695 f}}: visible=false mVisibleRequested=false
02-13 18:41:15.355  1917  1943 V WindowManager: commitVisibility: ActivityRecord{faf2077 u0 com.huawei.android.launcher/.unihome.UniHomeLauncher t7}: visible=true mVisibleRequested=true
02-13 18:41:15.356  1917  1943 I HwWindowManagerServiceEx: exit info has been reset.
02-13 18:41:15.356  1917  1943 D RemoteAnimationController: createAppAnimations()
02-13 18:41:15.361  1917  4215 I HwInputMethodManagerService: startInputOrWindowGainedFocus windowToken:android.os.BinderProxy@ff68b00 mInputShown:false
02-13 18:41:15.361  1917  1943 D HwActivityTaskManagerServiceEx: isActivityVisiableInFingerBoost:ActivityRecord{faf2077 u0 com.huawei.android.launcher/.unihome.UniHomeLauncher t7}
02-13 18:41:15.361  1917  4215 I HwOcrImeController: updateMultiWindow focus window = com.huawei.android.launcher/com.huawei.android.launcher.unihome.UniHomeLauncher mIsInMultiScreen = false
02-13 18:41:15.361  1917  4215 I HwOcrImeController: updateUser userId = 0 mIsOwnerUser = true
02-13 18:41:15.361  1917  4215 I HwOcrImeController: setOcrImeSupportProp mIsOcrImeValid = true mIsHardKeyboardAvailable = false mIsInMultiScreen = false mIsOwnerUser = true
02-13 18:41:15.361  1917  4215 I HwOcrImeController: setOcrImeSupportProp mIsOcrImeValid = true mIsHardKeyboardAvailable = false mIsInMultiScreen = false mIsOwnerUser = true
02-13 18:41:15.361  1917  1943 D HwActivityTaskManagerServiceEx: isActivityVisiableInFingerBoost:ActivityRecord{faf2077 u0 com.huawei.android.launcher/.unihome.UniHomeLauncher t7}
02-13 18:41:15.361  1917  4215 I InputMethodShowDelayTask: clearTask
02-13 18:41:15.362  1917  3847 I HwNetworkPolicy: onTransact, code = 1002
02-13 18:41:15.363  1917  1954 I HwAudioServiceEx: ComponentInfo : className = com.huawei.android.launcher.unihome.UniHomeLauncher, flag = onResume, isHomeActivity = , isTop = true
02-13 18:41:15.364  1917  1943 D RemoteAnimationController: RAC addAfterPrepareSurfacesRunnable prepareLauncherLeashVisible
02-13 18:41:15.364  1917  3847 I PowerManagerService:  schedul eye detect nextTimeout: 60636572 now: 60583701 mRemainTime: 10000
02-13 18:41:15.364  1917  1943 D HwHoveringManager: notifyAnimationState, isAnimStart:true
02-13 18:41:15.365  1917 11918 I HwWindowManagerServiceEx: AnimationTurbo wms set adaptive icon from launcher
02-13 18:41:15.365  1917 11918 D HwWindowManagerServiceEx: AnimationTurbo wms exit setIconToLayer ActivityRecord{faf2077 u0 com.huawei.android.launcher/.unihome.UniHomeLauncher t7} front:null back:android.graphics.Bitmap@b683f5e
02-13 18:41:15.365  1917 11918 D HwWindowManagerServiceEx: AnimationTurbo wms tok appComponentName: com.huawei.android.launcher/.unihome.UniHomeLauncher, appPackageName: com.huawei.android.launcher, appProcessName: com.huawei.android.launcher
02-13 18:41:15.366  1917  2343 W HwAudioServiceEx: SoundEffectState bundle get reserved is invalid
02-13 18:41:15.366  1917  2343 I HwAudioServiceEx: sendAppKilledIntentForKit, isKitPackageOnPause = false, isKitPackageKill = false, isKitPackageOnResume = false
02-13 18:41:15.368  1917  3849 I PowerManagerService:  schedul eye detect nextTimeout: 60636572 now: 60583705 mRemainTime: 10000
02-13 18:41:15.369  1917  1931 I SWAP_Scene: Entering notifySceneData notifySceneData. EventType:UNFREEZE pkg:com.huawei.android.totemweather uid:10076 pid:0 proc: activity:null
02-13 18:41:15.370  1917 11918 I HwWindowManagerServiceEx: AnimationTurbo wms setIconToLayer adaptive icon: 163,163
02-13 18:41:15.372  1917  1943 D HwActivityTaskManagerServiceEx: isActivityVisiableInFingerBoost:ActivityRecord{faf2077 u0 com.huawei.android.launcher/.unihome.UniHomeLauncher t7}
02-13 18:41:15.372  1917  1943 D HwActivityTaskManagerServiceEx: isActivityVisiableInFingerBoost:ActivityRecord{faf2077 u0 com.huawei.android.launcher/.unihome.UniHomeLauncher t7}
02-13 18:41:15.373  1917  4063 I ActivityTaskManager: isDualCodeScene mLastPausedActivity.dualflag = false
02-13 18:41:15.373  1917  4063 I ActivityTaskManager: isDualCodeScene mLastPausedActivity.dualflag = false
02-13 18:41:15.374  1917  4063 I ActivityTaskManager: isDualCodeScene mLastPausedActivity.dualflag = false
02-13 18:41:15.378  1917  1942 I WindowManager: handle SET_LAUNCHER_VISIBLE_IN_FINGER_BOOST visible:true handle:falseuserId:0, currentUserId:0
02-13 18:41:15.378  1917  1931 D HwNetworkManagementService: code == CODE_SET_CHR_REPORT_APP_LIST
02-13 18:41:15.379  1917  1942 D WindowManager: setLauncherVisibleInFingerBoost record=ActivityRecord{faf2077 u0 com.huawei.android.launcher/.unihome.UniHomeLauncher t7}
02-13 18:41:15.379  1917  1942 I WindowManager: setLauncherVisible setAlpha to 1.0
02-13 18:41:15.379  1917  1931 I HwNetworkManagementService: chr appuid set succeeded
02-13 18:41:15.379  1917  3849 I HwNetworkPolicy: onTransact, code = 203
02-13 18:41:15.380  1917  1940 I StatusBarDisable: setFlags what=0 which=1 pkg=Window{c535f39 u0 com.huawei.android.launcher/com.huawei.android.launcher.unihome.UniHomeLauncher}
02-13 18:41:15.380  2904  3938 I HwNetworkPolicyManager: getHwUidPolicy uid = 10123 policy = 0
02-13 18:41:15.382  1917  2744 D HwActivityTaskManagerServiceEx: isActivityVisiableInFingerBoost:ActivityRecord{faf2077 u0 com.huawei.android.launcher/.unihome.UniHomeLauncher t7}
02-13 18:41:15.382  1917  2744 D HwActivityTaskManagerServiceEx: isActivityVisiableInFingerBoost:ActivityRecord{faf2077 u0 com.huawei.android.launcher/.unihome.UniHomeLauncher t7}
02-13 18:41:15.384  1917  2576 V ActivityTaskManager: Activity idle: ActivityRecord{faf2077 u0 com.huawei.android.launcher/.unihome.UniHomeLauncher t7}
02-13 18:41:15.385  1917  2576 I PowerManagerService:  schedul eye detect nextTimeout: 60636572 now: 60583722 mRemainTime: 10000
02-13 18:41:15.385  1917  3847 I HwAudioService: now type = -1,reportForegroundAppType = 28systemload = -1VOIP_OPTIMIZE_IN_GAMEMODEfalse
02-13 18:41:15.386  2739  3044 I NetworkQoeChr: updateTopAppInfo: com.huawei.appmarket, appState2, uid10045
02-13 18:41:15.387  1917  2576 I ActivityTaskManager: Stopping ActivityRecord{ce75e u0 com.huawei.appmarket/com.huawei.appgallery.systeminstalldistservice.riskcheck.ui.activity.InstallDistActivity t9695 f}}: nowVisible=true animating=true finishing=true
02-13 18:41:15.387  2739  3044 E Booster_BroadcastProxy: [isDebugModemEnabled]get package info fail.
