02-13 18:41:20.277  2739  3044 E DollieAdapterService: notifyActivityState pkg:com.android.permissioncontroller/com.android.permissioncontroller.permission.ui.GrantPermissionsActivity state:6 fg:false mUid:10082
02-13 18:41:20.277  1917  3847 I Restriction_RestrictionDispatcher: unregisterRestrictionAppListener: callingUid: 10082
02-13 18:41:20.277  2739  3044 D DollieActivityManagerAdapter: [Paused] pid:23648 uid:10082 ComponentInfo{com.android.permissioncontroller/com.android.permissioncontroller.permission.ui.GrantPermissionsActivity} uidState:6
02-13 18:41:20.278  2739  3044 E HwPacketFilterBypass: sendRequestToKernel SOCKET_CLOSE_DETECT_UID_DEL [10082]
02-13 18:41:20.278  2739  3044 I HwPacketFilterBypass: handleActivityUidStateChanged uid:10082 -1 foreground:0
02-13 18:41:20.278  2739  3044 I HwPacketFilterBypass: isAllowSendSmartCureToChr false, no exceptions occur, dropCnt:0
02-13 18:41:20.278  2739  3044 I HwPacketFilterBypass: timer is less 2h
02-13 18:41:20.278  2739  3044 E HwPacketFilterBypass: sendRequestToKernel DEL_UID [10082]
02-13 18:41:20.278  1917  3849 I HWMW_HwMagicActivityLifeManager: ### Execute -> resumeActivityForHwMagicWin ActivityRecord resumeActivity = ActivityRecord{9e109ca u0 com.court.assistant/.MainActivity t9697}
02-13 18:41:20.278  2739  3044 I NetworkQoeChr: updateTopAppInfo: com.android.permissioncontroller, appState2, uid10082
02-13 18:41:20.278  2739  3044 I NetPredictEngine: ObserveState processMessage 11
02-13 18:41:20.278  2739  3044 I NetPredictEngine: Parent processMessage 11
02-13 18:41:20.278  2739  3044 I NetPredictEngine: Parent: active app change, old packageName: com.court.assistant, new packageName: com.android.permissioncontroller
02-13 18:41:20.279  2739  3044 I OllieMsgCenter: publishEvt=2130771969
02-13 18:41:20.279  1917  1917 I HWMW_HwMagicWindowUIController: handleForceUpdateSplitBar, displayId = 0, visible = 0
02-13 18:41:20.279  2739  3044 I SmartDualCardConfig: getAppType,pkgName=com.android.permissioncontroller,appType=15
02-13 18:41:20.279  2739  3044 E SmartDualCardConfig: isAppInBlackList false,items==null
02-13 18:41:20.279  2739  3044 E ScgQuickAddManager: uidInfo.isForeGroundUid() is false
02-13 18:41:20.279  2739  3044 I OllieMsgCenter: publishEvt=2134966274
02-13 18:41:20.279  2739  3044 I HcPreDnsQueryCtrl: EVENT_APPINFO_ACTION_UID_STATE_CHANGED
02-13 18:41:20.280  2739  3044 I AppStallManager: OllieInternalEvtConsts.EVENT_APPINFO_ACTION_UID_STATE_CHANGED
02-13 18:41:20.280  1917  4063 I Restriction_RestrictionDispatcher: unregisterRestrictionAppListener: callingUid: 10082
02-13 18:41:20.280 23648 23648 I ActivityThread: Remove activity client record, r= ActivityRecord{7c5528 token=android.os.BinderProxy@231bedd {com.android.permissioncontroller/com.android.permissioncontroller.permission.ui.GrantPermissionsActivity}} token= android.os.BinderProxy@231bedd
02-13 18:41:20.280  1917  4063 I WindowManager: removeIfPossible: Window{7f0297f u0 com.android.permissioncontroller/com.android.permissioncontroller.permission.ui.GrantPermissionsActivity} callers=com.android.server.wm.WindowState.removeIfPossible:3351 com.android.server.wm.WindowManagerService.removeWindow:2819 com.android.server.wm.Session.remove:228 android.view.IWindowSession$Stub.onTransact:896 com.android.server.wm.Session.onTransact:179 
02-13 18:41:20.281  1917  4063 W InputManager-JNI: Input channel object '7f0297f com.android.permissioncontroller/com.android.permissioncontroller.permission.ui.GrantPermissionsActivity (client)' was disposed without first being removed with the input manager!
02-13 18:41:20.281  1917  4063 I WindowManager: Removing Window{7f0297f u0 com.android.permissioncontroller/com.android.permissioncontroller.permission.ui.GrantPermissionsActivity} from ActivityRecord{9c0303a u0 com.android.permissioncontroller/.permission.ui.GrantPermissionsActivity t9697 f}}
02-13 18:41:20.283  1917  1954 I HmCameraWhiteListUtils: getDownloadCfgFile dir:/data/cota/para/thirdappfilter/third_app_filter.xml
02-13 18:41:20.285  1917  4063 I WindowManager: updateFocusedWindowLocked: newFocus is null for  displayId=1
02-13 18:41:20.286  1917  4063 I WindowManager: removeWindowToken: displayid:0 binder:Token{779eb65 ActivityRecord{9c0303a u0 com.android.permissioncontroller/.permission.ui.GrantPermissionsActivity t9697 f}}} token:ActivityRecord{9c0303a u0 com.android.permissioncontroller/.permission.ui.GrantPermissionsActivity t9697 f}}
02-13 18:41:20.286  1917  4063 I WindowManager: removeWindowToken: displayid:0 binder:Token{779eb65 ActivityRecord{9c0303a u0 com.android.permissioncontroller/.permission.ui.GrantPermissionsActivity t9697 f}}} token:null
02-13 18:41:20.286  1917  4063 I WindowManager: removeChild: child=ActivityRecord{9c0303a u0 com.android.permissioncontroller/.permission.ui.GrantPermissionsActivity t9697 f}} reason=removeChild
02-13 18:41:20.286  1917  4063 W ActivityTaskManager: stopFreezingScreen return caused by mFreezingScreen false.
02-13 18:41:20.287  1917  4063 V HwActivityTaskManagerServiceEx: no need to start app lock
02-13 18:41:20.289  1917  1954 I HmCameraWhiteListUtils: other function may be added to the xml later, parse it here
02-13 18:41:20.289  2739  3674 D Hicom_Monitor: ActivityNotifier not support:com.court.assistant
02-13 18:41:20.289  1917  1954 I HwAudioServiceEx: ComponentInfo : className = com.court.assistant.MainActivity, flag = onResume, isHomeActivity = , isTop = true
02-13 18:41:20.290  1917  2343 W HwAudioServiceEx: SoundEffectState bundle get reserved is invalid
02-13 18:41:20.290 12377 17490 I CAWARENESS_34468_AppUsageManager: onEvent, packageName=com.court.assistant, activityName=com.court.assistant.MainActivity, moduleName=, uid=10793, cancelCompleteMiniProgram= false
02-13 18:41:20.290  1917  2343 I HwAudioServiceEx: sendAppKilledIntentForKit, isKitPackageOnPause = false, isKitPackageKill = false, isKitPackageOnResume = false
02-13 18:41:20.290  1492  1501 D AwareLog: iawared: fg_hl_ctl update fgUid=10793 g_isGame=0
02-13 18:41:20.291 12377 17490 I CAWARENESS_34468_AbilityContext: [1770979280433] deliver {dataId=100000006, mode=0} to 2 receivers
02-13 18:41:20.291 12377 17490 I CAWARENESS_34468_AbilityContext: [1770979280433] deliver {dataId=100000007, mode=0} to 2 receivers
02-13 18:41:20.291  1102  1102 I Layer   : [*#16561] reparent null
02-13 18:41:20.291 12377 17490 W CAWARENESS_34468_ThreadPool: thread pool abilityThreadPoll(50) label:capture_ability is running, add to queue 2/1/3
02-13 18:41:20.292 12377 23928 I CAWARENESS_34468_AbilityContext: [1770979280433] deliver {dataId=100000258, mode=0} to null
02-13 18:41:20.292 12377 17490 W CAWARENESS_34468_ThreadPool: thread pool abilityThreadPoll(50) label:ability_appusage_filter is running, add to queue 2/2/4
02-13 18:41:20.292  1102  1102 I Layer   : [*#16560] reparent null
02-13 18:41:20.292  1102  1102 I Layer   : *#16560: destroyed
02-13 18:41:20.292  1102  1102 I Layer   : *#16561: destroyed
02-13 18:41:20.292 12377 23928 W CAWARENESS_34468_ThreadPool: thread pool abilityThreadPoll(50) label:capture_ability is running, add to map 2/1/4
02-13 18:41:20.292 12377 23929 I CAWARENESS_34468_RecentAppChangeFence: lastReport com.android.permissioncontroller, packageName is com.court.assistant
02-13 18:41:20.293 12377 23930 I CAWARENESS_34468_AbilityContext: [1770979280433] no such subscribe
02-13 18:41:20.296 23836 23836 D InsetsSourceConsumer: ViewUI_insets setControl -> ITYPE_STATUS_BAR on com.court.assistant/com.court.assistant.MainActivity
02-13 18:41:20.296 23836 23836 D InsetsSourceConsumer: ViewUI_insets setControl mType:0, requestedVisible:true, getLeash:Surface(name=Surface(name=cd222a8 StatusBar)/@0x6b9572c - animation-leash of insets_animation)/@0xb5d2685, needAnimation:false, mIsAnimationPending:false, getRootViewTitle:com.court.assistant/com.court.assistant.MainActivity
02-13 18:41:20.296  2739  3044 D DollieActivityManagerAdapter: [Resumed] bg:false pid:23836 uid:10793 ComponentInfo{com.court.assistant/com.court.assistant.MainActivity}
02-13 18:41:20.296  2739  3044 E DollieAdapterService: notifyActivityState pkg:com.court.assistant/com.court.assistant.MainActivity state:2 fg:true mUid:10793
02-13 18:41:20.296  2739  3044 I OllieMsgCenter: publishEvt=2130771985
02-13 18:41:20.296  2739  3044 D ForegroundDataOpt: is APK changed:false uid:10793 mBgLimitLevel:0
02-13 18:41:20.296  2837  2971 I ShortVideoCallPolicy: APS: APK verifyVsync30HZ not support 30hz Vsync scene
02-13 18:41:20.297  2739  3044 E Booster_MatterAppRecommend: [isMatterActivity]invalid mMatterActivitiesConfig
02-13 18:41:20.297  2739  3044 I highSpeedRailCacheEngine: handleMessage2130771985
02-13 18:41:20.297  2739  3044 I OllieFeatureManager: DollieChr EVENT_OLLIE_ACTIVITY_CHANGED
02-13 18:41:20.302 23836 23836 I HwViewRootImpl: remove sceneId 3 topId: 4
02-13 18:41:20.302 23836 23836 I HwViewRootImpl: Add sceneId 10 topId: 4
02-13 18:41:20.303  1102  1102 I Layer   : [*#16554] reparent null
02-13 18:41:20.303  1102  1102 I Layer   : *#16554: destroyed
02-13 18:41:20.303 23836 23836 D HwViewRootImpl: [DetectViewsLocationRunner] current resolutionScale: 1.0
02-13 18:41:20.303 23836 23836 I InputMethodManager: set currentRootView to : android.view.ViewRootImpl@5610469
02-13 18:41:20.304 23836 23836 I InputMethodManager: Starting input: reason=WINDOW_FOCUS_GAIN
02-13 18:41:20.304 23836 23836 W HwRemoteInputMethodManager: isCasting false because IHwDistributedWindowManager is invalid.
02-13 18:41:20.304  1917  3849 I HwInputMethodManagerService: startInputOrWindowGainedFocus windowToken:android.os.BinderProxy@f88c92 mInputShown:false
02-13 18:41:20.304  1917  3849 I HwOcrImeController: updateMultiWindow focus window = com.court.assistant/com.court.assistant.MainActivity mIsInMultiScreen = false
02-13 18:41:20.304  1917  3849 I HwOcrImeController: updateUser userId = 0 mIsOwnerUser = true
02-13 18:41:20.304  1917  3849 I HwOcrImeController: setOcrImeSupportProp mIsOcrImeValid = true mIsHardKeyboardAvailable = false mIsInMultiScreen = false mIsOwnerUser = true
02-13 18:41:20.304  1917  3849 I HwOcrImeController: setOcrImeSupportProp mIsOcrImeValid = true mIsHardKeyboardAvailable = false mIsInMultiScreen = false mIsOwnerUser = true
02-13 18:41:20.304  1917  3849 I InputMethodShowDelayTask: clearTask
02-13 18:41:20.304  1917  3849 I HwInputMethodManagerUtils: focus window is:com.court.assistant/com.court.assistant.MainActivity
02-13 18:41:20.304  1917  3849 I HwInputMethodManagerUtils: focus window is:com.court.assistant/com.court.assistant.MainActivity
02-13 18:41:20.304  1917  3849 I InputMethodManagerService: setSecMethodUsing return
02-13 18:41:20.304  1917  3849 I InputMethodManagerService: startInputOrWindowGainedFocus didStart: isTextEditor=false sameWindowFocused=true doAutoShow=true softInputMode=STATE_UNSPECIFIED|ADJUST_RESIZE|IS_FORWARD_NAVIGATION
02-13 18:41:20.304  1917  3849 V InputMethodManagerService: hideCurrentInputLocked inputShown:false, imeWindowVis:0
02-13 18:41:20.304  1917  3849 I HwInputMethodManagerService: hideCurrentInputLocked res:false
02-13 18:41:20.305 23836 23836 I InputMethodManager: Starting input: Bind resultString=SUCCESS_WITH_IME_SESSION
02-13 18:41:20.307  1917  3847 I HwActivityManagerServiceEx: provider is prevented for not-prevent
02-13 18:41:20.308  1917  3847 I ContentProviderHelper: Successfully start provider ContentProviderRecord{10dcdca u0 com.iflytek.inputmethod/.remote.config.MainConfigProvider} launchingApp=null caller pid= 12880
02-13 18:41:20.309  1917  3847 I HwConnectivityServiceEx: set 10304, metered: true, value: false
02-13 18:41:20.312 23836 23836 E AndroidRuntime: FATAL EXCEPTION: main
02-13 18:41:20.312 23836 23836 E AndroidRuntime: Process: com.court.assistant, PID: 23836
02-13 18:41:20.312 23836 23836 E AndroidRuntime: java.lang.NoSuchMethodError: No virtual method at(Ljava/lang/Object;I)Landroidx/compose/animation/core/KeyframesSpec$KeyframeEntity; in class Landroidx/compose/animation/core/KeyframesSpec$KeyframesSpecConfig; or its super classes (declaration of 'androidx.compose.animation.core.KeyframesSpec$KeyframesSpecConfig' appears in /data/app/~~JYFrdPkHq_YSJlPGLU-aHA==/com.court.assistant-ir6bhREIP-WI-LjnFaBsRw==/base.apk)
02-13 18:41:20.312 23836 23836 E AndroidRuntime: 	at androidx.compose.material3.ProgressIndicatorKt$CircularProgressIndicator$endAngle$1.invoke(ProgressIndicator.kt:371)
02-13 18:41:20.312 23836 23836 E AndroidRuntime: 	at androidx.compose.material3.ProgressIndicatorKt$CircularProgressIndicator$endAngle$1.invoke(ProgressIndicator.kt:369)
02-13 18:41:20.312 23836 23836 E AndroidRuntime: 	at androidx.compose.animation.core.AnimationSpecKt.keyframes(AnimationSpec.kt:649)
02-13 18:41:20.312 23836 23836 E AndroidRuntime: 	at androidx.compose.material3.ProgressIndicatorKt.CircularProgressIndicator-LxG7B9w(ProgressIndicator.kt:369)
02-13 18:41:20.312 23836 23836 E AndroidRuntime: 	at com.court.assistant.ui.MainScreenKt$MainScreen$10.invoke(MainScreen.kt:162)
02-13 18:41:20.312 23836 23836 E AndroidRuntime: 	at com.court.assistant.ui.MainScreenKt$MainScreen$10.invoke(MainScreen.kt:148)
02-13 18:41:20.312 23836 23836 E AndroidRuntime: 	at androidx.compose.runtime.internal.ComposableLambdaImpl.invoke(ComposableLambda.jvm.kt:118)
02-13 18:41:20.312 23836 23836 E AndroidRuntime: 	at androidx.compose.runtime.internal.ComposableLambdaImpl$invoke$1.invoke(ComposableLambda.jvm.kt:130)
02-13 18:41:20.312 23836 23836 E AndroidRuntime: 	at androidx.compose.runtime.internal.ComposableLambdaImpl$invoke$1.invoke(ComposableLambda.jvm.kt:129)
02-13 18:41:20.312 23836 23836 E AndroidRuntime: 	at androidx.compose.runtime.RecomposeScopeImpl.compose(RecomposeScopeImpl.kt:192)
02-13 18:41:20.312 23836 23836 E AndroidRuntime: 	at androidx.compose.runtime.ComposerImpl.recomposeToGroupEnd(Composer.kt:2556)
02-13 18:41:20.312 23836 23836 E AndroidRuntime: 	at androidx.compose.runtime.ComposerImpl.skipCurrentGroup(Composer.kt:2827)
02-13 18:41:20.312 23836 23836 E AndroidRuntime: 	at androidx.compose.runtime.ComposerImpl.doCompose(Composer.kt:3314)
02-13 18:41:20.312 23836 23836 E AndroidRuntime: 	at androidx.compose.runtime.ComposerImpl.recompose$runtime_release(Composer.kt:3265)
02-13 18:41:20.312 23836 23836 E AndroidRuntime: 	at androidx.compose.runtime.CompositionImpl.recompose(Composition.kt:938)
02-13 18:41:20.312 23836 23836 E AndroidRuntime: 	at androidx.compose.runtime.Recomposer.performRecompose(Recomposer.kt:1155)
02-13 18:41:20.312 23836 23836 E AndroidRuntime: 	at androidx.compose.runtime.Recomposer.access$performRecompose(Recomposer.kt:127)
02-13 18:41:20.312 23836 23836 E AndroidRuntime: 	at androidx.compose.runtime.Recomposer$runRecomposeAndApplyChanges$2$1.invoke(Recomposer.kt:583)
02-13 18:41:20.312 23836 23836 E AndroidRuntime: 	at androidx.compose.runtime.Recomposer$runRecomposeAndApplyChanges$2$1.invoke(Recomposer.kt:551)
02-13 18:41:20.312 23836 23836 E AndroidRuntime: 	at androidx.compose.ui.platform.AndroidUiFrameClock$withFrameNanos$2$callback$1.doFrame(AndroidUiFrameClock.android.kt:41)
02-13 18:41:20.312 23836 23836 E AndroidRuntime: 	at androidx.compose.ui.platform.AndroidUiDispatcher.performFrameDispatch(AndroidUiDispatcher.android.kt:109)
02-13 18:41:20.312 23836 23836 E AndroidRuntime: 	at androidx.compose.ui.platform.AndroidUiDispatcher.access$performFrameDispatch(AndroidUiDispatcher.android.kt:41)
02-13 18:41:20.312 23836 23836 E AndroidRuntime: 	at androidx.compose.ui.platform.AndroidUiDispatcher$dispatchCallback$1.doFrame(AndroidUiDispatcher.android.kt:69)
02-13 18:41:20.312 23836 23836 E AndroidRuntime: 	at android.view.Choreographer$CallbackRecord.run(Choreographer.java:1597)
02-13 18:41:20.312 23836 23836 E AndroidRuntime: 	at android.view.Choreographer.doCallbacks(Choreographer.java:1263)
02-13 18:41:20.312 23836 23836 E AndroidRuntime: 	at android.view.Choreographer.doFrame(Choreographer.java:1122)
02-13 18:41:20.312 23836 23836 E AndroidRuntime: 	at android.view.Choreographer$FrameDisplayEventReceiver.run(Choreographer.java:1549)
02-13 18:41:20.312 23836 23836 E AndroidRuntime: 	at android.os.Handler.handleCallback(Handler.java:966)
02-13 18:41:20.312 23836 23836 E AndroidRuntime: 	at android.os.Handler.dispatchMessage(Handler.java:110)
02-13 18:41:20.312 23836 23836 E AndroidRuntime: 	at android.os.Looper.loopOnce(Looper.java:205)
02-13 18:41:20.312 23836 23836 E AndroidRuntime: 	at android.os.Looper.loop(Looper.java:293)
02-13 18:41:20.312 23836 23836 E AndroidRuntime: 	at android.app.ActivityThread.processInnerLoop(ActivityThread.java:10028)
02-13 18:41:20.312 23836 23836 E AndroidRuntime: 	at android.app.ActivityThread.loopProcess(ActivityThread.java:10020)
02-13 18:41:20.312 23836 23836 E AndroidRuntime: 	at android.app.ActivityThread.main(ActivityThread.java:10011)
02-13 18:41:20.312 23836 23836 E AndroidRuntime: 	at java.lang.reflect.Method.invoke(Native Method)
02-13 18:41:20.312 23836 23836 E AndroidRuntime: 	at com.android.internal.os.RuntimeInit$MethodAndArgsCaller.run(RuntimeInit.java:586)
02-13 18:41:20.312 23836 23836 E AndroidRuntime: 	at com.android.internal.os.ZygoteInit.main(ZygoteInit.java:1242)
02-13 18:41:20.312 23836 23836 E AndroidRuntime: 	Suppressed: kotlinx.coroutines.internal.DiagnosticCoroutineContextException: [androidx.compose.runtime.PausableMonotonicFrameClock@11cc6e7, androidx.compose.ui.platform.MotionDurationScaleImpl@b854294, StandaloneCoroutine{Cancelling}@47ea13d, AndroidUiDispatcher@1396d32]
02-13 18:41:20.313  1917  3847 I HwDFRServicesFactory: getZrHungServicesFactory
02-13 18:41:20.313  1917  3847 I ZrHungServicesFactoryImpl: getZRHungService
02-13 18:41:20.314  1917  3847 W ActivityTaskManager: stopFreezingScreen return caused by mFreezingScreen false.
02-13 18:41:20.314  1917  3847 W ActivityTaskManager: finishTopCrashedActivityLocked Force finishing activity com.court.assistant/.MainActivity
02-13 18:41:20.314  1917  3847 I HWMW_HwMagicStackManager: finish application, finishActivity:ActivityRecord{9e109ca u0 com.court.assistant/.MainActivity t9697} reason=force-crash
02-13 18:41:20.314  1917  3847 I WindowManager: updateFocusedWindowLocked: newFocus is null for  displayId=1
02-13 18:41:20.314  1917 23932 I DropBoxManagerService: add tag=data_app_crash isTagEnabled=true flags=0x2
02-13 18:41:20.315  1917  3847 I ActivityTaskManager: updateTopApp to ProcessRecord{54b9e66 2858:com.huawei.android.launcher/u0a123}
02-13 18:41:20.315  1917  3847 D HwActivityTaskManagerServiceEx: to.packageName is not in mRestoreFaList.
02-13 18:41:20.315  1917  3847 I HwActivityTaskManagerServiceEx: call returnToHome, from: ActivityRecord{9e109ca u0 com.court.assistant/.MainActivity t9697 f}}, to: ActivityRecord{faf2077 u0 com.huawei.android.launcher/.unihome.UniHomeLauncher t7}
02-13 18:41:20.315 23836 23850 I LifecycleTransaction: activityCallbacks TopResumedActivityChangeItem{onTop=false}
02-13 18:41:20.315  1917  3847 W HwActivityTaskManagerServiceEx: appSwitch from: com.court.assistant to: com.huawei.android.launcher
02-13 18:41:20.315  1917  2257 D HwActivityManagerServiceEx: notifyAppToTop pid:2858, enable:1
02-13 18:41:20.315  1917  3847 E WMGatewayProxy: reportFocusedAppChanged: window manager gateway is not available.
02-13 18:41:20.315  2858  2858 I RmeSchedManager: init Rme, version is: v1.0
02-13 18:41:20.315 12044 15875 D DeferredProcessingSession: onAppSwitch
02-13 18:41:20.315 12044 15875 I MultiStagesCaptureManager: onAppSwitch fromPkg: com.court.assistant, toPkg: com.huawei.android.launcher
02-13 18:41:20.316  1917  3847 I WindowManager: Changing focus from Window{f948663 u0 com.court.assistant/com.court.assistant.MainActivity} to null displayId=0
02-13 18:41:20.316  1460 14479 D DeferredProcess: DeferredProcessingService.cpp:137 NotifyAppSwitch() fromPkg: com.court.assistant, toPkg: com.huawei.android.launcher
02-13 18:41:20.316  1460 14479 D DeferredProcess: AppSwitchCommand.cpp:19 AppSwitchCommand() entered.
02-13 18:41:20.316  1917  3849 I WindowManager: setActivityVisibleInFingerBoost callingPid: 2858
02-13 18:41:20.316  1460 14479 D DeferredProcess: CommandServer.cpp:215 AddCommand() CommandName: AppSwitchCommand
02-13 18:41:20.316  1917  3847 I NavigationCallOut: focusChanged, focus=null, mIsFocusWinInBlackList=false
02-13 18:41:20.316  1917  3847 I HwDisplayContentEx: currentFocus windowstate null
02-13 18:41:20.316  1917  2744 I ActivityManager: delayGcTask callingPid = 2858 callingUid = 10123
02-13 18:41:20.316  1917  3847 D ZrHung.AppEyeFocusWindow: FocusWindowErrorScene CheckFreezeScreen
02-13 18:41:20.316  1460 12908 I DeferredProcess: Command.cpp:28 Do() call CommandName: AppSwitchCommand
02-13 18:41:20.316  1460 12908 D DeferredProcess: CommandServer.cpp:344 ScheduleTimeout() timer schedule...
02-13 18:41:20.316  1917  3847 I WindowManager: updateFocusedWindowLocked: newFocus is null for  displayId=1
02-13 18:41:20.316  1917  1965 I DefProcServicePropDataManager: appSwitch fromPkg:com.court.assistant,toPkg:com.huawei.android.launcher
02-13 18:41:20.316  1917  1965 I HwSystemMemoryUtils: delay gc task
02-13 18:41:20.316  2858  3075 I ndroid.launche: [SuspendGCController] suspend footprint = 364MB
02-13 18:41:20.316  2837  3196 I ScenarioService: app focus change from: com.court.assistant to:com.huawei.android.launcher
02-13 18:41:20.316  2837  3196 I ScenarioService: add focus on app:com.huawei.android.launcher to visiblePkgs
02-13 18:41:20.316  1917  3847 D ActivityTaskManager: endTask invoke snapshotTasks.
02-13 18:41:20.316  2739  3674 D Hicom_Monitor: AppSwitchNotifier not support app from:com.court.assistant, to:com.huawei.android.launcher
02-13 18:41:20.316  2858  2878 D HwLauncher: ExitAppAnimationManager getAnimationInfoMyself, mAnimationInfo = com.huawei.android.launcher.exitapp.ExitAnimationInfo@5844d6f
02-13 18:41:20.316  1917  3847 I SurfaceControl: captureLayersExcluding layer:Surface(name=Task=9697)/@0x6e09e58 sourceCrop:Rect(0, 0 - 2224, 2496) frameScale:1.0 callers:com.android.server.wm.TaskSnapshotController.createTaskSnapshot:770 com.android.server.wm.TaskSnapshotController.createTaskSnapshot:624 com.android.server.wm.TaskSnapshotController.createTaskSnapshot:565 com.android.server.wm.TaskSnapshotController.snapshotTask:841 com.android.server.wm.TaskSnapshotController.snapshotTask:794 com.android.server.wm.TaskSnapshotController.snapshotTasks:276 com.android.server.wm.TaskSnapshotController.snapshotTasks:257 com.android.server.wm.ActivityRecord.finishIfPossible:4213 com.android.server.wm.ActivityRecord.finishIfPossible:4057 com.android.server.wm.Task.finishTopCrashedActivityLocked:9665 com.android.server.wm.RootWindowContainer.lambda$finishTopCrashedActivities$20:2664 com.android.server.wm.RootWindowContainer$$ExternalSyntheticLambda30.accept:10 com.android.server.wm.Task.forAllTasks:5538 com.android.server.wm.WindowContainer.forAllTasks:1916 com.android.server.wm.WindowContainer.forAllTasks:1916 com.android.server.wm.WindowContainer.forAllTasks:1916 
02-13 18:41:20.316  1917  1954 D HwWifiNearFindMonitor: isHomeApp = true
02-13 18:41:20.317  1102  1315 I SurfaceFlinger: captureLayers: started, pid 1917, uid 1000
02-13 18:41:20.317  2739  9627 I HiBeckonService: current package: com.huawei.android.launcher; appType is:28
02-13 18:41:20.317  1102  1315 I SurfaceFlinger: hasCaptureBlackoutContentPermission: pid 1917, uid 1000, checkPermissionResult is true
02-13 18:41:20.317  1917  1965 I system_server: [SuspendGCController] suspend footprint = 486MB
02-13 18:41:20.317  1917  1963 D HwGameAssistantController: UPDATE: mCurFgPkg=com.huawei.android.launcher, mCurFgPid=2858, mIsCurGame=false
02-13 18:41:20.317  2739  4817 I FoldScreen_RebootApp: in isSubAppMain uid is 10793, userId is 0
02-13 18:41:20.317  2739  5013 I AssController: getAssistantList func:Func_buoy
02-13 18:41:20.317  1917  2315 D HwWifiNearFindArbitration: handleHomeActivityChanged, is in home launcher
02-13 18:41:20.317  1917  2315 D HwWifiNearFindArbitration: checkWifiNearFindSwitch, arbitrationCond = 64
02-13 18:41:20.317  1917  2315 I HwWifiNearFindArbitration: checkMainChipCondition
02-13 18:41:20.317  1917  2315 D HwWifiNearFindScanner: remove period wifi scan messages
02-13 18:41:20.317  1917  2315 D HwWifiNearFindScanner: remove period wifi scan messages(HomeScene)
02-13 18:41:20.317  1917  2315 D HwWifiNearFindScanner: remove long distance wifi scan messages
02-13 18:41:20.317  2512 19359 D HwAppAssistantUtils: wcBuoyList: [WS_Music, WS_Video]
02-13 18:41:20.317  1917  2315 D HwWifiNearFindScanner: remove check wifi scan state messages
02-13 18:41:20.317  2739  4817 I FoldScreen_RebootApp: in getMapIdString MapId is 0_com.court.assistant_false
02-13 18:41:20.317  1917  2315 D HwWifiNearFindScanner: stop all kinds of wifi scan
02-13 18:41:20.317  2739  5013 I AssController: getAssistantList func:WS_Music
02-13 18:41:20.318  2739  4817 I FoldScreen_RebootApp: in isSubAppMain uid is 10123, userId is 0
02-13 18:41:20.318  2739  9627 I HiBeckonService: current package: com.huawei.android.launcher; isShieldScenes=false
02-13 18:41:20.318  2512 19359 D HwAppAssistantUtils: WS_Music: []
02-13 18:41:20.318  1099 28423 D AudioFlinger: setParameters(): io 0, keyvalue debug log is close, calling pid 2837 calling uid 1000
02-13 18:41:20.318  2739  9627 I HiBeckonService: beckon mode switch isMsdpEnabled = true isShieldScenes = false; isCalling = false
02-13 18:41:20.318  2739  4817 I FoldScreen_RebootApp: in getMapIdString MapId is 0_com.huawei.android.launcher_false
02-13 18:41:20.318  2739  9627 I HiBeckonService: beckon enable msdp
02-13 18:41:20.318  2739  9627 I HiBeckonService: msdp has been enable
02-13 18:41:20.318  1099 28423 I HistenInstance: histen Param 35 is set to 0
02-13 18:41:20.318  2739  3674 I AssController: getAssistantList func:Func_buoy
02-13 18:41:20.318  2739  3676 I FoldScreen_RebootApp: packageName is empty or desktop
02-13 18:41:20.318  2739  5013 I AssController: getAssistantList func:WS_Video
02-13 18:41:20.319  1917  1963 D HwAppAssistantUtils: wcBuoyList: [WS_Music, WS_Video]
02-13 18:41:20.319  2512 19359 D HwAppAssistantUtils: WS_Video: [com.ss.android.ugc.aweme, com.smile.gifmaker, tv.danmaku.bili, com.baidu.haokan, com.ss.android.article.video]
02-13 18:41:20.319  2739  5013 I AssController: getAssistantList func:WS_Music
02-13 18:41:20.319  2512 19359 I HwAppAssistantUtils: com.huawei.android.launcher, isInGameSpace: false, isSupportBuoy: false
02-13 18:41:20.319   940 10211 I audio_dts_parser: [get_config_value:44]: get value success
02-13 18:41:20.319  1917 23932 I ActivityManager: before write dropbox time 1770979280314 eventType is crash dataFile is false
02-13 18:41:20.319  2512 19359 I CapsuleManager: onAppSwitch package=com.huawei.android.launcher, current=com.court.assistant
02-13 18:41:20.319  1917  1963 D HwAppAssistantUtils: WS_Music: []
02-13 18:41:20.319   940 10211 I AudioAlgoService: setParameterToDsp: params is updateHistenParams=0
02-13 18:41:20.319  2739  5013 I AssController: getAssistantList func:WS_Video
02-13 18:41:20.319  1917  1963 D HwAppAssistantUtils: WS_Video: [com.ss.android.ugc.aweme, com.smile.gifmaker, tv.danmaku.bili, com.baidu.haokan, com.ss.android.article.video]
02-13 18:41:20.319  1917  1963 I HwAppAssistantUtils: com.huawei.android.launcher, isInGameSpace: false, isBuoyApp: false
02-13 18:41:20.319  1917  1963 I HwGameAssistantController: notifyBuoyAppSwitch other switch: com.huawei.android.launcher
02-13 18:41:20.319  1102  1315 I SurfaceFlinger: hasCaptureBlackoutContentPermission: pid 1917, uid 1000, checkPermissionResult is true
02-13 18:41:20.319  1102  1315 I SurfaceFlinger: captureLayers: end, status 0
02-13 18:41:20.319  1102  1102 I Layer   : Screenshot Parent#16570: created
02-13 18:41:20.320  1099 28423 D AudioFlinger: setParameters(): io 0, keyvalue debug log is close, calling pid 2837 calling uid 1000
02-13 18:41:20.320   940 10211 I audio_dts_parser: [get_config_value:44]: get value success
02-13 18:41:20.320   940 10211 I AudioAlgoService: setParameterToDsp: params is updateAppSilentUid=10123
02-13 18:41:20.320  1099 28423 D AudioFlinger: setParameters(): io 0, keyvalue debug log is close, calling pid 2837 calling uid 1000
02-13 18:41:20.321   940 10211 I audio_dts_parser: [get_config_value:44]: get value success
02-13 18:41:20.321   940 10211 I AudioAlgoService: setParameterToDsp: params is updateEmptyAudioStreamUid=-1
02-13 18:41:20.321  1102  1102 I Layer   : *#16570: destroyed
02-13 18:41:20.323  1917  3847 I TaskSnapshotCache: putSnapshot size=8 taskId=9697
02-13 18:41:20.323  1917  3847 I WindowManager: persistSnapshot for activity:ActivityRecord{9e109ca u0 com.court.assistant/.MainActivity t9697 f}} snapshotHome:false
02-13 18:41:20.323  1917  3847 I PowerManagerService:  schedul eye detect nextTimeout: 60641452 now: 60588660 mRemainTime: 10000
02-13 18:41:20.323 23836 23850 I LifecycleTransaction: lifecycleStateRequest PauseActivityItem{finished=true,userLeaving=false,configChanges=0,dontReport=false}
02-13 18:41:20.326  1102  1725 I Layer   : Surface(name=e52991d com.android.systemui.HwImageWallpaper)/@0x726ff1f - animation-leash of window_animation#16571: created
02-13 18:41:20.325  1917  2448 V Bitmap  : Bitmap copy from HARDWARE to ARGB_8888
02-13 18:41:20.326  1917  4184 D WindowManager: WS setWallpaperScale return, wallpaper no need to recover
02-13 18:41:20.326  1917  1954 W ActivityManager: Sending non-protected broadcast com.huawei.android.wifi.GAME_ACTION from system 1917:system/1000 pkg android
02-13 18:41:20.327  1917  1954 I SWAP_Scene: Entering notifySceneData notifySceneData. EventType:APP_SWITCH_TO pkg:com.huawei.android.launcher uid:10123 pid:2858 proc: activity:null
02-13 18:41:20.327  1917  1954 I SWAP_Scene: Entering notifySceneData notifySceneData. EventType:APP_SWITCH_FROM pkg:com.court.assistant uid:10793 pid:0 proc: activity:null
02-13 18:41:20.327  1917  1954 E WiFi_PRO_RecommendPortalController: mTopAppName: com.huawei.android.launcher
02-13 18:41:20.327  1917  1954 I FoldScreen_SubScreenViewEntry: mForegroundPid: 2858 mForegroundAppName: com.huawei.android.launcher mUseEarpiecePid: -1, mIsVideoCall = false
02-13 18:41:20.328  1917  3849 I WindowManager: send SET_LAUNCHER_VISIBLE_IN_FINGER_BOOST visible: true,delay:0, handle:false, userId:0, callingPid: 2858
02-13 18:41:20.328  1917  1954 I HwQoEJNI: SetTcpRecoverRule 0 OK of 10123
02-13 18:41:20.328  1917  1942 I HwWindowManagerServiceEx: com.court.assistant blur level: -1
02-13 18:41:20.328  1917  1942 I HwWindowManagerServiceEx: getBlurLevel: 0
02-13 18:41:20.328  1917  1942 I WindowManager: handle SET_LAUNCHER_VISIBLE_IN_FINGER_BOOST visible:true handle:falseuserId:0, currentUserId:0
02-13 18:41:20.329  2739  3674 I {AssistantService-13.0.1.300}_AssistantApkNotifier: registerHwActivityNotifier call fromPackage:com.court.assistant, toPackage:com.huawei.android.launcher
02-13 18:41:20.329  1917  4063 I ActivityTaskManager: isDualCodeScene mLastPausedActivity.dualflag = false
02-13 18:41:20.330  2739  4354 D {AssistantService-13.0.1.300}_AssistantApkNotifier: handleMessage app switch fromPackage:com.court.assistant, toPackage:com.huawei.android.launcher
02-13 18:41:20.324  1537  1537 W collectorthread: type=1400 audit(0.0:50123): avc: denied { dac_read_search } for capability=2 scontext=u:r:logserver:s0 tcontext=u:r:logserver:s0 tclass=capability permissive=0
02-13 18:41:20.324  1537  1537 W collectorthread: type=1400 audit(0.0:50124): avc: denied { dac_override } for capability=1 scontext=u:r:logserver:s0 tcontext=u:r:logserver:s0 tclass=capability permissive=0
02-13 18:41:20.330  2695 22314 I HiAdKit.DC.PersistentMessageCenter:  notifyMessage com.huawei.hwid_app_switch_from_to_intent
02-13 18:41:20.330  2739  5151 D Hicom_QosController: handleForegroundAppChanged pkgName:com.huawei.android.launcher, lastPkg:com.court.assistant
02-13 18:41:20.331  1917  1940 I ActivityManager: get AppResource
02-13 18:41:20.331  1917  1942 D WindowManager: setLauncherVisibleInFingerBoost record=ActivityRecord{faf2077 u0 com.huawei.android.launcher/.unihome.UniHomeLauncher t7}
02-13 18:41:20.331 12377 17490 I CAWARENESS_34468_AppUsageManager: onEvent, packageName=com.huawei.android.launcher, activityName=com.huawei.android.launcher.unihome.UniHomeLauncher, moduleName=, uid=10123, cancelCompleteMiniProgram= false
02-13 18:41:20.331  1917  1942 I WindowManager: setLauncherVisible setAlpha to 1.0
02-13 18:41:20.331 23836 23836 I Process : Sending signal. PID: 23836 SIG: 9
02-13 18:41:20.332  1917  4184 D HwActivityTaskManagerServiceEx: loadRunningPackages packageInfo : pkg:com.sonelli.juicessh visible:false, pkg:com.xingin.xhs visible:false, pkg:com.court.assistant visible:true, pkg:com.huawei.android.launcher visible:true, pkg:cmb.pb visible:false, pkg:com.tencent.mm visible:false, pkg:com.netease.mail visible:false, pkg:com.tailscale.ipn visible:false, pkg:com.quark.browser visible:false,
02-13 18:41:20.332 12377 17490 I CAWARENESS_34468_AbilityContext: [1770979280474] deliver {dataId=100000006, mode=0} to 2 receivers
02-13 18:41:20.333  2739  5151 D QosAppStateCache: addForegroundApp. apps:[]
02-13 18:41:20.333  2739  5151 D Hicom_WifiQosManager: no need check wifi type
02-13 18:41:20.333  2837  3429 I ash_trans: com.court.assistant { running duration=2752 Uptime=2752 } transition to: end, reason: not_running
02-13 18:41:20.333 12377 17490 I CAWARENESS_34468_AbilityContext: [1770979280475] deliver {dataId=100000007, mode=0} to 2 receivers
02-13 18:41:20.333  2837  3429 I PG_ash  : delete app record pkg: com.court.assistant
02-13 18:41:20.333 12377 17490 W CAWARENESS_34468_ThreadPool: thread pool abilityThreadPoll(50) label:capture_ability is running, add to queue 2/1/3
02-13 18:41:20.333  1917  2744 I WinIconRefData: set app win icon info, bundle = Bundle[{isLandscape=false, launcherPkgName=com.huawei.android.launcher, iconWidth=181, pivotX=708.0, pivotY=1917.0, iconHeight=181, flag=0}] WindowIconInfo[bitmap = android.graphics.Bitmap@705278e, pivotX =708.0, pivotY =1917.0, floatBallSize = 0.0, width =181, height =181, sceneTag =0]
02-13 18:41:20.333 12377 17490 W CAWARENESS_34468_ThreadPool: thread pool abilityThreadPoll(50) label:ability_appusage_filter is running, add to queue 2/2/4
02-13 18:41:20.334  2695 22290 I HiAdKit.DC.CommonSystemUtil:  isDeviceProvisioned: true
02-13 18:41:20.334 12377 23935 I CAWARENESS_34468_AbilityContext: [1770979280474] deliver {dataId=100000258, mode=0} to null
02-13 18:41:20.335  2858  3439 D HwLauncher: LocalTaskList loadTasksInBackground:13 numTasks:18 currentUserId:0
02-13 18:41:20.335 12377 23938 I CAWARENESS_34468_AbilityContext: [1770979280475] no such subscribe
02-13 18:41:20.336   685  6699 I keystore2: keystore2::security_level: keystore security_level create_operation caller_uid:10114
02-13 18:41:20.337  1917  2576 I HwNetworkPolicy: onTransact, code = 203
02-13 18:41:20.337  2904  3938 I HwNetworkPolicyManager: getHwUidPolicy uid = 10123 policy = 0
02-13 18:41:20.337   685  6699 I keystore2: beginkeystore KeyMintDevice begin
02-13 18:41:20.337   687   687 I TEEKeyMaster: BeginKm start
02-13 18:41:20.337  1917  2257 W AwareLog: SchedLevelBoost: onFgActivitiesChanged config not set!
02-13 18:41:20.337   687   687 I TEEKeyMaster: Disable the enhanced crypto!
02-13 18:41:20.338  2695 22290 I HiAdKit.DC.ACREntry:  oobe: false
02-13 18:41:20.339  1917  2744 D HwNetworkManagementService: code == CODE_SET_CHR_REPORT_APP_LIST
02-13 18:41:20.339 12377 23937 I CAWARENESS_34468_RecentAppChangeFence: lastReport com.court.assistant, packageName is com.huawei.android.launcher
02-13 18:41:20.339   886 19279 I OemNetd : setChrAppUid(10, 10123)
02-13 18:41:20.339  1917  2744 I HwNetworkManagementService: chr appuid set succeeded
02-13 18:41:20.336  1537  1537 W collectorthread: type=1400 audit(0.0:50125): avc: denied { dac_read_search } for capability=2 scontext=u:r:logserver:s0 tcontext=u:r:logserver:s0 tclass=capability permissive=0
02-13 18:41:20.336  1537  1537 W collectorthread: type=1400 audit(0.0:50126): avc: denied { dac_override } for capability=1 scontext=u:r:logserver:s0 tcontext=u:r:logserver:s0 tclass=capability permissive=0
02-13 18:41:20.340  1099 28423 D AudioPolicyService: getUidState(10123) cacheIter->second.first, return cacheIter->second.second(5)
02-13 18:41:20.340  2695 22325 I HiAdKit.DC.AppDataCollectionProvider:  execute cmd: 5
02-13 18:41:20.340  2739  3462 D Hicom_Monitor: handleAppForeground not support app :com.huawei.android.launcher
02-13 18:41:20.340  2695 22325 I HiAdKit.DC.AppDataCollectionManager:  report third
02-13 18:41:20.341  1099 28423 D AudioPolicyService: getUidState(10114) cacheIter->second.first, return cacheIter->second.second(5)
02-13 18:41:20.341  2695 22325 W fwkit_kims: [fwkit KIMSServiceController.java:61] Can't find the specific package.
02-13 18:41:20.341  1099 28423 D AudioPolicyService: getUidState(10076) cacheIter->second.first, return cacheIter->second.second(5)
02-13 18:41:20.342  1099 17783 D AudioPolicyService: getUidState(10062) cacheIter->second.first, return cacheIter->second.second(5)
02-13 18:41:20.343  2695 22325 I HiAdKit.DC.AppDataCollectionManager:  aop is true
02-13 18:41:20.344  2858  2858 E HwLauncher: ExitAppAnimationManager setCapsuleInfoAdaptiveInternal params error! capsuleInfo is nulltrue
02-13 18:41:20.344  2858  3225 I Bitmap  : source bitmap colorspace: sRGB IEC61966-2.1
02-13 18:41:20.344  3528 22623 I HiAdKit.PpsCoreService.Cmd:  isCmdAllowAccess rom: true permitRegion: 1
02-13 18:41:20.344  3528 22623 I HiAdKit.PpsCoreService.Cmd:  call method: reportConsent
02-13 18:41:20.344  3528 22623 I HiAdKit.PpsCoreService.Cmd:  callerPkg: com.huawei.hwid
02-13 18:41:20.344   687   687 I TEEKeyMaster: out_params_buffer_len = 32
02-13 18:41:20.344   687   687 I TEEKeyMaster: BeginKm success
02-13 18:41:20.344   685  6699 I keystore2: beginkeystore KeyMintDevice begin end
02-13 18:41:20.344  2858  3225 I Bitmap  : source bitmap colorspace: sRGB IEC61966-2.1
02-13 18:41:20.345  1917  3849 I HwAudioService: now type = 15,reportForegroundAppType = 28systemload = 15VOIP_OPTIMIZE_IN_GAMEMODEfalse
02-13 18:41:20.345   685  6699 I keystore2: updatekeystore KeyMintDevice update
02-13 18:41:20.336  1537  1537 W collectorthread: type=1400 audit(0.0:50127): avc: denied { dac_read_search } for capability=2 scontext=u:r:logserver:s0 tcontext=u:r:logserver:s0 tclass=capability permissive=0
02-13 18:41:20.345   687   687 I TEEKeyMaster: UpdateKm start
02-13 18:41:20.346   687   687 I TEEKeyMaster: Disable the enhanced crypto!
02-13 18:41:20.347  1099  5541 I EffectHvsController: SetGameModeForeground SetGameModeForeground isForeground 0
02-13 18:41:20.347  1917  2744 I ActivityTaskManager: isDualCodeScene mLastPausedActivity.dualflag = false
02-13 18:41:20.350  1917  3847 I Bitmap  : source bitmap colorspace: sRGB IEC61966-2.1
02-13 18:41:20.350  1917  3849 I FocusResolver: Lost focus window in display 0
02-13 18:41:20.350  2858  3439 D HwLauncher: LocalTaskList loadTasksInBackground:3 numTasks:3 currentUserId:0
02-13 18:41:20.350  1917  3847 I Bitmap  : source bitmap colorspace: sRGB IEC61966-2.1
02-13 18:41:20.350   687   687 I TEEKeyMaster: UpdateKm success
02-13 18:41:20.351  1917  3847 I HwWindowManagerServiceEx: AnimationTurbo wms set adaptive icon from launcher
02-13 18:41:20.351  1917  3847 D HwWindowManagerServiceEx: AnimationTurbo wms exit setIconToLayer ActivityRecord{faf2077 u0 com.huawei.android.launcher/.unihome.UniHomeLauncher t7} front:android.graphics.Bitmap@752f3cb back:android.graphics.Bitmap@e9bd7a8
02-13 18:41:20.351  1917  3847 D HwWindowManagerServiceEx: AnimationTurbo wms tok appComponentName: com.huawei.android.launcher/.unihome.UniHomeLauncher, appPackageName: com.huawei.android.launcher, appProcessName: com.huawei.android.launcher
02-13 18:41:20.351  1917  3847 I HwWindowManagerServiceEx: AnimationTurbo wms leash Surface(name=Surface(name=Task=9695)/@0x3a285b1 - animation-leash of app_transition)/@0xdb1f099 exit:true
02-13 18:41:20.351  1917  3847 E HwWindowManagerServiceEx: AnimationTurbo wms surfaceControl is null orinvalid || tok is null
02-13 18:41:20.351   685  6699 I keystore2: updatekeystore KeyMintDevice update end
02-13 18:41:20.351   685  6699 I keystore2: finishkeystore KeyMintDevice finish
02-13 18:41:20.352   687   687 I TEEKeyMaster: FinishKm start
02-13 18:41:20.352   687   687 I TEEKeyMaster: Disable the enhanced crypto!
02-13 18:41:20.355   687   687 I TEEKeyMaster: output data size=16
02-13 18:41:20.355   687   687 I TEEKeyMaster: FinishKm success
02-13 18:41:20.355   685  6699 I keystore2: finishkeystore KeyMintDevice finish end
02-13 18:41:20.356   685  6699 I keystore2: keystore2::security_level: keystore security_level create_operation caller_uid:10114
02-13 18:41:20.356   685  6699 I keystore2: beginkeystore KeyMintDevice begin
02-13 18:41:20.356   687   687 I TEEKeyMaster: BeginKm start
02-13 18:41:20.356   687   687 I TEEKeyMaster: Disable the enhanced crypto!
02-13 18:41:20.358  1102  1102 I Layer   : [*#16571] reparent null
02-13 18:41:20.358  1102  1102 I Layer   : *#16571: destroyed
02-13 18:41:20.363   687   687 I TEEKeyMaster: out_params_buffer_len = 32
02-13 18:41:20.363   687   687 I TEEKeyMaster: BeginKm success
02-13 18:41:20.363   685  6699 I keystore2: beginkeystore KeyMintDevice begin end
02-13 18:41:20.364   685  6699 I keystore2: updatekeystore KeyMintDevice update
02-13 18:41:20.364   687   687 I TEEKeyMaster: UpdateKm start
02-13 18:41:20.364   687   687 I TEEKeyMaster: Disable the enhanced crypto!
02-13 18:41:20.365  1461  1589 E DE N BF : Buffer:26: copy mData failed!
02-13 18:41:20.365  1461  1589 E DE N BF : Buffer:26: copy mData failed!
02-13 18:41:20.365  1461  1589 E DE N BF : Buffer:26: copy mData failed!
02-13 18:41:20.365  1461  1589 E DE N BF : Buffer:26: copy mData failed!
02-13 18:41:20.365  1461  1589 E DE N BF : Buffer:26: copy mData failed!
02-13 18:41:20.365  1461  1589 E DE N BF : Buffer:26: copy mData failed!
02-13 18:41:20.365  1461  1589 E DE N BF : Buffer:26: copy mData failed!
02-13 18:41:20.365  1461  1589 E DE N BF : Buffer:26: copy mData failed!
02-13 18:41:20.365  1461  1589 E DE N BF : Buffer:26: copy mData failed!
02-13 18:41:20.365  1461  1589 E DE N BF : Buffer:26: copy mData failed!
02-13 18:41:20.365  1461  1589 E DE N BF : Buffer:26: copy mData failed!
02-13 18:41:20.365  1461  1589 E DE N BF : Buffer:26: copy mData failed!
02-13 18:41:20.365  1461  1589 E DE N BF : Buffer:26: copy mData failed!
02-13 18:41:20.365  1461  1589 E DE N BF : Buffer:26: copy mData failed!
02-13 18:41:20.365  1461  1589 E DE N BF : Buffer:26: copy mData failed!
02-13 18:41:20.365   942 30128 W DE H =DE: ExtraProcessSub:713: module DSI1s(GAMMA, DEGAMMA, XCC) are not all supported
02-13 18:41:20.366  1461  1589 E DE N BF : Buffer:26: copy mData failed!
02-13 18:41:20.366  2837  3429 I PG_ash  : perform delay action: com.huawei.android.totemweather
02-13 18:41:20.367  1917  3847 I ActivityManager: appDiedLocked: pid=23836, app=ProcessRecord{bf9dfe9 23836:com.court.assistant/u0a793}, fromBinderDied=true, reason=null
02-13 18:41:20.367   887   887 I Zygote  : Process 23836 exited due to signal 9 (Killed)
02-13 18:41:20.367  1917  3847 I ActivityManager: Process com.court.assistant (pid 23836) has died: fg  TOP 
02-13 18:41:20.367  1917  1969 I libprocessgroup: Successfully killed process cgroup uid 10793 pid 23836 in 0ms
02-13 18:41:20.367  1917  4180 I WindowManager: WIN DEATH: Window{f948663 u0 com.court.assistant/com.court.assistant.MainActivity}
02-13 18:41:20.367  1917  4180 I TaskSnapshotCache: remove snapshot size=8 taskId=9697
02-13 18:41:20.367  1917  4180 I TaskSnapshot: taskId:9697 Callers=com.android.server.wm.TaskSnapshotCache.removeRunningEntry:385 com.android.server.wm.TaskSnapshotCache.removeRunningEntry:337 com.android.server.wm.TaskSnapshotCache.onAppDied:277 com.android.server.wm.TaskSnapshotController.onAppDied:1114 com.android.server.wm.WindowState$DeathRecipient.binderDied:4226 android.os.IBinder$DeathRecipient.binderDied:324 android.os.BinderProxy.sendDeathNotice:747 <bottom of call stack> 
02-13 18:41:20.367  1917  3136 V InputMethodManagerService: hideCurrentInputLocked inputShown:false, imeWindowVis:0
02-13 18:41:20.367  1917  3136 I HwInputMethodManagerService: hideCurrentInputLocked res:false
02-13 18:41:20.367  1917  3849 I PowerManagerService:  schedul eye detect nextTimeout: 60641452 now: 60588704 mRemainTime: 10000
02-13 18:41:20.367  1917  3847 D ActivityManager: cleanUpApplicationRecord app: 23836:com.court.assistant/u0a793, bad: false, restarting: false, allowRestart: true
02-13 18:41:20.367  1917  2343 W HwAudioServiceEx: SoundEffectState bundle get reserved is invalid
02-13 18:41:20.368  1917  2343 I HwAudioServiceEx: sendAppKilledIntentForKit, isKitPackageOnPause = false, isKitPackageKill = false, isKitPackageOnResume = false
02-13 18:41:20.368  1917  4180 I WindowManager: cancelAnimation
02-13 18:41:20.368  1917  4180 I WindowManager: mActivityRecord.cancelAnimation
02-13 18:41:20.368   687   687 I TEEKeyMaster: UpdateKm success
02-13 18:41:20.368  1917  4180 I WindowManager: removeIfPossible: Window{f948663 u0 com.court.assistant/com.court.assistant.MainActivity} callers=com.android.server.wm.WindowState.access$400:368 com.android.server.wm.WindowState$DeathRecipient.binderDied:4251 android.os.IBinder$DeathRecipient.binderDied:324 android.os.BinderProxy.sendDeathNotice:747 <bottom of call stack> 
02-13 18:41:20.368  1917  1954 I HwPowerManagerService: appdie release wakelock, pid = 23836, uid = 10793
02-13 18:41:20.368  1917  4180 W InputManager-JNI: Input channel object 'f948663 com.court.assistant/com.court.assistant.MainActivity (client)' was disposed without first being removed with the input manager!
02-13 18:41:20.368   685  6699 I keystore2: updatekeystore KeyMintDevice update end
02-13 18:41:20.368  2739  5013 I FoldScreen_RebootApp: in isSubAppMain uid is -1, userId is 0
02-13 18:41:20.368  1492  1506 I Pged-IPgedBinderService: ****action is 1, pid num is 2***
02-13 18:41:20.368  1492  1506 I Pged-Freezer: freezePids
02-13 18:41:20.368  1492  1506 I Pged-Freezer: Freeze process: 30612
02-13 18:41:20.368  2739  5013 I FoldScreen_RebootApp: in getMapIdString MapId is 0_com.court.assistant_false
02-13 18:41:20.368  2739  5013 I FoldScreen_RebootApp: in appDieChange remove 0_com.court.assistant_false
02-13 18:41:20.369   685  6699 I keystore2: finishkeystore KeyMintDevice finish
02-13 18:41:20.369  1492  1506 I Pged-Freezer: get tgid:30612
02-13 18:41:20.369   687   687 I TEEKeyMaster: FinishKm start
02-13 18:41:20.369   687   687 I TEEKeyMaster: Disable the enhanced crypto!
02-13 18:41:20.369  1102  1725 I Layer   : Surface(name=42feef8 InputMethod)/@0xa364a36 - animation-leash of insets_animation#16572: created
02-13 18:41:20.369  2837  3429 D PgedBinderAdapter: F_Z ok, pid: [30612]
02-13 18:41:20.369  2837  3429 I PGServer: report state:6 event type:1 pid:0 uid:10076 pkg:com.huawei.android.totemweather to pid: 1917
02-13 18:41:20.369  2837  3429 I PGServer: report state:100 event type:1 pid:0 uid:10076 pkg:30612 to pid: 1917
02-13 18:41:20.369  2837  3429 I PG_ash  : F_Z com.huawei.android.totemweather OK ! Type: 21
02-13 18:41:20.369  2837  3429 I PG_ash  : h takeover P_Sensor pkg:com.huawei.android.totemweather
02-13 18:41:20.369   971   971 I TS_Service: hwTsRunCommand
02-13 18:41:20.369   971   971 E TS_HAL  : huawei_tp_run_command: call
02-13 18:41:20.369   971   971 E TS_HAL  : huawei_tp_multi_run_command: call
02-13 18:41:20.369   971   971 E vendor.huawei.hardware.tp@1.0-service: Async
02-13 18:41:20.369  1917  3849 I PGManagerService: pid:30612 uid:10076 proxy:true
02-13 18:41:20.369   971   971 I aptouch_daemon: ret = OK
02-13 18:41:20.369  2837  3429 I PG_ash  : P_wl uids = [10076] pids = [30612]
02-13 18:41:20.369  1177  1424 I aptouch_daemon: begin, cmd[0], flag[17]
02-13 18:41:20.370  1177  1424 I aptouch_daemon: Excute:86: cmd=TSA_ExecuteCommand, param=THP_InformTypingStatus com.iflytek.inputmethod#0
02-13 18:41:20.370  1177  1424 I tpd_client: TSA_ExecuteCommand, THP_InformTypingStatus com.iflytek.inputmethod#0
02-13 18:41:20.370  1917  4180 I WindowManager: Removing Window{f948663 u0 com.court.assistant/com.court.assistant.MainActivity} from ActivityRecord{9e109ca u0 com.court.assistant/.MainActivity t9697 f}}
02-13 18:41:20.371  1917  4063 D InputMethodManagerService: onInputHide
02-13 18:41:20.371  1917  4180 I WindowManager: wm_insets notifyInsetsControlChanged for:Window{f948663 u0 com.court.assistant/com.court.assistant.MainActivity}
02-13 18:41:20.371  1917  4180 I WindowManager: skip notifyInsetsControlChanged, mAppDied:falsemRemoved:true
02-13 18:41:20.371  1917  4184 I SWAP_Scene: Entering notifySceneData notifySceneData. EventType:FREEZE pkg:com.huawei.android.totemweather uid:10076 pid:0 proc: activity:null
02-13 18:41:20.372  1917  4184 I HwInputMethodManagerService: removeImeSurface
02-13 18:41:20.372   687   687 I TEEKeyMaster: output data size=16
02-13 18:41:20.372   687   687 I TEEKeyMaster: FinishKm success
02-13 18:41:20.372  1917  4180 I WindowManager: updateFocusedWindowLocked: newFocus is null for  displayId=1
02-13 18:41:20.372   685  6699 I keystore2: finishkeystore KeyMintDevice finish end
02-13 18:41:20.372  2837  3429 I ActNet  : cSockets for uid : 10076, succ: true spend(ms):1
02-13 18:41:20.372  2837  3429 I PG_ash  : cSockets >> com.huawei.android.totemweather, uids : [10076]
02-13 18:41:20.373  1917  4180 I HwNetworkPolicy: onTransact, code = 1002
02-13 18:41:20.373   685  6699 I keystore2: keystore2::security_level: keystore security_level create_operation caller_uid:10114
02-13 18:41:20.373  2837  3429 I ActNet  : deny network for uid : 10076 succ:true flag:ASH_DENY_FLAG
02-13 18:41:20.373  2837  3429 I PG_ash  : NetworkRestrict >> com.huawei.android.totemweather, uids : [10076]
