02-13 18:41:17.557  1917  3849 I TaskSnapshot: taskId:9693 Callers=com.android.server.wm.TaskSnapshotCache.removeRunningEntry:385 com.android.server.wm.TaskSnapshotCache.removeRunningEntry:337 com.android.server.wm.TaskSnapshotCache.onTaskRemoved:285 com.android.server.wm.TaskSnapshotController.notifyTaskRemovedFromRecents:1118 com.android.server.wm.Task.removedFromRecents:2186 com.android.server.wm.ActivityTaskSupervisor.onRecentTaskRemoved:2102 com.android.server.wm.RecentTasks.notifyTaskRemoved:483 com.android.server.wm.RecentTasks.removeForAddTask:1736 
02-13 18:41:17.558  1917  3849 D HwActivityTaskManagerServiceEx: isActivityVisiableInFingerBoost:ActivityRecord{faf2077 u0 com.huawei.android.launcher/.unihome.UniHomeLauncher t7}
02-13 18:41:17.558  1917  3849 D HwActivityTaskManagerServiceEx: isActivityVisiableInFingerBoost:ActivityRecord{faf2077 u0 com.huawei.android.launcher/.unihome.UniHomeLauncher t7}
02-13 18:41:17.559  1917  3849 I PermissionPolicyService: onActivityLaunched start
02-13 18:41:17.559  1917  3849 I PermissionPolicyService: shouldShowNotificationDialogForPushAndImApp: not push or im app.
02-13 18:41:17.560  1917  3849 I PermissionPolicyService: should force show notification permission flag is falsefalsefalsefalse
02-13 18:41:17.560  1917  3849 W PermissionPolicyService: showNotificationPromptIfNeeded verify failed, do not launch dialog taskId is 9697
02-13 18:41:17.561  1917  1942 I ActivityManager: startProcess: name=com.court.assistant app=null knownToBeDead=false thread=null pid=-1 preloadStatus=-1
02-13 18:41:17.563  1917  1942 I BigFontUtils: adjustAppProcessConfiguration appInfo:com.court.assistant
02-13 18:41:17.564  1917  1942 D CompatibilityChangeReporter: Compat change id reported: 135634846; UID 10793; state: DISABLED
02-13 18:41:17.564  1917  1942 D CompatibilityChangeReporter: Compat change id reported: 177438394; UID 10793; state: DISABLED
02-13 18:41:17.564  1917  1942 D CompatibilityChangeReporter: Compat change id reported: 135772972; UID 10793; state: DISABLED
02-13 18:41:17.564  1917  1942 D CompatibilityChangeReporter: Compat change id reported: 135754954; UID 10793; state: ENABLED
02-13 18:41:17.564  1917  1942 I ActivityManager: Posting procStart msg for 0:com.court.assistant/u0a793
02-13 18:41:17.564  1917  1968 I ActivityManager: startProcess: asking zygote to start proc ProcessRecord{bf9dfe9 0:com.court.assistant/u0a793}
02-13 18:41:17.565  1917  1968 D CompatibilityChangeReporter: Compat change id reported: 143937733; UID 10793; state: ENABLED
02-13 18:41:17.565  1917  1968 W ActivityManager: Unknown package:com.huawei.hwid.tv
02-13 18:41:17.565  1917  1968 W ActivityManager: Unknown package:com.huawei.hms
02-13 18:41:17.565  2858  2858 I TopResumedActivityChangeItem: execute start, ActivityClientRecord = ActivityRecord{9192828 token=android.os.BinderProxy@7629a54 {com.huawei.android.launcher/com.huawei.android.launcher.unihome.UniHomeLauncher}}
02-13 18:41:17.567  1917  1943 I WindowManager: addWindow: Window{3b7797a u0 Splash Screen com.court.assistant} currentDisplayId:0 requestDisplayId:0 token:Token{5366f53 ActivityRecord{9e109ca u0 com.court.assistant/.MainActivity t9697}} appearance:8 fl_fullscreen=false vsysui_fullscreen=false
02-13 18:41:17.568  1917  3849 W ActivityTaskManager: stopFreezingScreen return caused by mFreezingScreen false.
02-13 18:41:17.568  1917  3849 V HwActivityTaskManagerServiceEx: no need to start app lock
02-13 18:41:17.568  1917  1942 I ActivityManager: startProcess: name=com.court.assistant app=ProcessRecord{bf9dfe9 0:com.court.assistant/u0a793} knownToBeDead=false thread=null pid=0 preloadStatus=0
02-13 18:41:17.568  1917  1942 I ActivityManager: startProcessLocked, app is pending start
02-13 18:41:17.569  1917  1942 I ActivityManager: startProcess: name=com.court.assistant app=ProcessRecord{bf9dfe9 0:com.court.assistant/u0a793} knownToBeDead=false thread=null pid=0 preloadStatus=0
02-13 18:41:17.569  1917  1942 I ActivityManager: startProcessLocked, app is pending start
02-13 18:41:17.570  1917  3849 D HwActivityTaskManagerServiceEx: isActivityVisiableInFingerBoost:ActivityRecord{faf2077 u0 com.huawei.android.launcher/.unihome.UniHomeLauncher t7}
02-13 18:41:17.570  1917  3849 D HwActivityTaskManagerServiceEx: isActivityVisiableInFingerBoost:ActivityRecord{faf2077 u0 com.huawei.android.launcher/.unihome.UniHomeLauncher t7}
02-13 18:41:17.571  1917  3849 I WindowManager: Checking 1 opening apps (frozen=false timeout=false)...
02-13 18:41:17.571  1917  3849 I WindowManager: Check opening app=ActivityRecord{9e109ca u0 com.court.assistant/.MainActivity t9697}: allDrawn=false startingDisplayed=false startingMoved=true isRelaunching()=false mStartingWindow=Window{3b7797a u0 Splash Screen com.court.assistant} isOneStepWindowChanging=falseisOpenCombinationSplitScreen=false shouldWaitCombine=false
02-13 18:41:17.571  1917  3849 I WindowManager: Checking 0 opening apps (frozen=false timeout=false)...
02-13 18:41:17.571  1917  3849 D WindowManager: getTopAnimActivity enter true, ActivityRecord{9e109ca u0 com.court.assistant/.MainActivity t9697}
02-13 18:41:17.572  1917  3849 D HwWindowManagerServiceEx: AnimationTurbo wms enter setIconToLayer ActivityRecord{9e109ca u0 com.court.assistant/.MainActivity t9697} front:android.graphics.Bitmap@fb3b346 back:android.graphics.Bitmap@e46d907
02-13 18:41:17.572  1917  3849 D HwWindowManagerServiceEx: AnimationTurbo wms tok appComponentName: com.court.assistant/.MainActivity, appPackageName: com.court.assistant, appProcessName: com.court.assistant
02-13 18:41:17.577  1917  3849 I HwWindowManagerServiceEx: AnimationTurbo wms setIconToLayer adaptive icon: 163,163
02-13 18:41:17.577  1917  3849 D WindowManager: getTopAnimActivity enter false, ActivityRecord{faf2077 u0 com.huawei.android.launcher/.unihome.UniHomeLauncher t7}
02-13 18:41:17.579  1917  3849 W ActivityTaskManager: stopFreezingScreen return caused by mFreezingScreen false.
02-13 18:41:17.579  1917  3849 V WindowManager: commitVisibility: ActivityRecord{faf2077 u0 com.huawei.android.launcher/.unihome.UniHomeLauncher t7}: visible=false mVisibleRequested=false
02-13 18:41:17.579  1917  3849 V WindowManager: commitVisibility: ActivityRecord{9e109ca u0 com.court.assistant/.MainActivity t9697}: visible=true mVisibleRequested=true
02-13 18:41:17.579  1917  3849 D RemoteAnimationController: createAppAnimations()
02-13 18:41:17.579  1917  1968 I ActivityManager: Start proc 23836:com.court.assistant/u0a793 for pre-top-activity {com.court.assistant/com.court.assistant.MainActivity}
02-13 18:41:17.583  1917  1940 I StatusBarDisable: setFlags what=0 which=1 pkg=Window{c535f39 u0 com.huawei.android.launcher/com.huawei.android.launcher.unihome.UniHomeLauncher}
02-13 18:41:17.585  1917  3849 D RemoteAnimationController: RAC addAfterPrepareSurfacesRunnable prepareLauncherLeashVisible
02-13 18:41:17.586  1917  3849 D HwHoveringManager: notifyAnimationState, isAnimStart:true
02-13 18:41:17.587  1917  1942 V ActivityTaskManager: Activity idle: null
02-13 18:41:17.587  1917  1942 I ActivityTaskManager: Stopping ActivityRecord{faf2077 u0 com.huawei.android.launcher/.unihome.UniHomeLauncher t7}: nowVisible=true animating=true finishing=false
02-13 18:41:17.588  1917  1943 I WindowManager: Focus not requested for window=Window{c535f39 u0 com.huawei.android.launcher/com.huawei.android.launcher.unihome.UniHomeLauncher}
02-13 18:41:17.589  1917  2257 E HwActivityManagerServiceEx: Null app thread, notifyAppQuitToHome failed: 23836
02-13 18:41:17.589  1917  2257 E ProcessInfoCollector: getProcessInfo: proc should not less than zero.
02-13 18:41:17.589  1917  1968 I SWAP_Scene: Entering notifySceneData notifySceneData. EventType:PROCESS_CREATE pkg:com.court.assistant uid:10793 pid:23836 proc: activity:null
02-13 18:41:17.589  1917  1968 I HwActivityManagerServiceEx: notifyProcessStatusChange::pkg:com.court.assistant pid:23836 uid:10793
02-13 18:41:17.589  1917  2257 D HwActivityManagerServiceEx: notifyAppToTop pid:23836, enable:1
02-13 18:41:17.589  1917  2257 E HwActivityManagerServiceEx: Null app thread, notifyAppToTop failed: 23836
02-13 18:41:17.592  1917  1917 I DE J DES: [effect] [MOTION_NOTIFICATION] extra:app_start_animation
02-13 18:41:17.594  1917  1943 I WindowManager: Changing focus from Window{c535f39 u0 com.huawei.android.launcher/com.huawei.android.launcher.unihome.UniHomeLauncher} to null displayId=0
02-13 18:41:17.594  1917  1943 I NavigationCallOut: focusChanged, focus=null, mIsFocusWinInBlackList=false
02-13 18:41:17.596  1917  1943 I HwDisplayContentEx: currentFocus windowstate null
02-13 18:41:17.596  1917  1943 I WindowManager: updateFocusedWindowLocked: newFocus is null for  displayId=1
02-13 18:41:17.598  1917  3849 D WindowManager: WS setWallpaperScale return, wallpaper no need to recover
02-13 18:41:17.600  1917  3849 D RemoteAnimationController: app-onAnimationFinished(): mOuter=com.android.server.wm.RemoteAnimationController@2529f1b
02-13 18:41:17.600  1917  1942 I RemoteAnimationController: onAnimationFinished(): Notify animation finished:
02-13 18:41:17.601  1917  1942 I WindowManager: send SET_LAUNCHER_VISIBLE_IN_FINGER_BOOST visible: true,delay:0, handle:true, userId:0, callingPid: 1917
02-13 18:41:17.601  1917  1942 I WindowManager: onAnimationFinished task=1
02-13 18:41:17.601  1917  1942 I ActivityTaskManager: onAnimationFinished, mTransit: 0startSplitScreenFlag:false
02-13 18:41:17.602  1917  1940 I StatusBarDisable: setFlags what=0 which=1 pkg=Window{3b7797a u0 Splash Screen com.court.assistant}
02-13 18:41:17.602  1917  1942 I WindowManager: onAnimationFinished task=9697
02-13 18:41:17.602  1917  1942 I ActivityTaskManager: onAnimationFinished, mTransit: 0startSplitScreenFlag:false
02-13 18:41:17.603  1917  1942 D HwHoveringManager: notifyAnimationState, isAnimStart:false
02-13 18:41:17.606  1917  3849 D RemoteAnimationController: app-onAnimationFinished(): mOuter=null
02-13 18:41:17.608  1917  2257 D HwActivityManagerServiceEx: notifyAppToTop pid:2858, enable:1
02-13 18:41:17.609  1917  1943 I WindowManager: wm_insets notifyInsetsControlChanged for:Window{c535f39 u0 com.huawei.android.launcher/com.huawei.android.launcher.unihome.UniHomeLauncher}
02-13 18:41:17.609  1917  1943 I WindowManager: wm_insets notifyInsetsControlChanged for:Window{3b7797a u0 Splash Screen com.court.assistant}
02-13 18:41:17.611  1917  1943 I WindowManager: New wallpaper target: null prevTarget: Window{c535f39 u0 com.huawei.android.launcher/com.huawei.android.launcher.unihome.UniHomeLauncher}
02-13 18:41:17.615  1917  1954 I HwAudioServiceEx: ComponentInfo : className = com.huawei.android.launcher.unihome.UniHomeLauncher, flag = onPause, isHomeActivity = , isTop = false
02-13 18:41:17.615  1917  2343 W HwAudioServiceEx: SoundEffectState bundle get reserved is invalid
02-13 18:41:17.616  1917  2343 I HwAudioServiceEx: sendAppKilledIntentForKit, isKitPackageOnPause = false, isKitPackageKill = false, isKitPackageOnResume = false
02-13 18:41:17.616  1917  1943 I TaskOrganizerController: onTaskAppeared task: 9697
02-13 18:41:17.616  1917  1943 I WindowManager: updateFocusedWindowLocked: newFocus is null for  displayId=1
02-13 18:41:17.617 23836 23836 I AndroidRuntime: RuntimeInit: Starting application from zygote
02-13 18:41:17.617 23836 23836 D AndroidRuntime: Entered RuntimeInit!
02-13 18:41:17.621 23836 23836 I AndroidRuntime: MethodAndArgsCaller run()
02-13 18:41:17.626  1917  3849 I WindowManager: tryStartExitingAnimation destroySurface win=Window{c535f39 u0 com.huawei.android.launcher/com.huawei.android.launcher.unihome.UniHomeLauncher}
02-13 18:41:17.626 23836 23836 D ActivityThread: Attach thread to application
02-13 18:41:17.630  1917  3849 I WindowManager: updateFocusedWindowLocked: newFocus is null for  displayId=1
02-13 18:41:17.631  1917  2744 I WindowManager: tryStartExitingAnimation destroySurface win=Window{2f59f90 u0 com.huawei.intelligent.Workspace}
02-13 18:41:17.634  1917  2744 I WindowManager: updateFocusedWindowLocked: newFocus is null for  displayId=1
02-13 18:41:17.636  1917  4215 I ActivityTaskManager: isDualCodeScene mLastPausedActivity.dualflag = false
02-13 18:41:17.636  1917  4215 I ActivityTaskManager: isDualCodeScene mLastPausedActivity.dualflag = false
02-13 18:41:17.637  1917  4215 I ActivityTaskManager: isDualCodeScene mLastPausedActivity.dualflag = false
02-13 18:41:17.643  1917 11918 I HwRestoreStateManager: reportAppRestoreScene, app: com.court.assistant/.MainActivity ,scene:ColdStart
02-13 18:41:17.643  1917 11918 I WindowManager: Deferring rotation, rotation not changed, rotation=0
02-13 18:41:17.645  1917 11918 I ActivityTaskManager: updateTopApp to ProcessRecord{bf9dfe9 23836:com.court.assistant/u0a793}
02-13 18:41:17.645  1917 11918 D HwActivityTaskManagerServiceEx: to.packageName is not in mRestoreFaList.
02-13 18:41:17.645  1917 11918 W HwActivityTaskManagerServiceEx: appSwitch from: com.huawei.android.launcher to: com.court.assistant
02-13 18:41:17.646  1917 11918 I WindowManager: updateFocusedWindowLocked: newFocus is null for  displayId=1
02-13 18:41:17.647  1917  1965 I DefProcServicePropDataManager: appSwitch fromPkg:com.huawei.android.launcher,toPkg:com.court.assistant
02-13 18:41:17.649  1917  1954 I SWAP_Scene: Entering notifySceneData notifySceneData. EventType:APP_SWITCH_TO pkg:com.court.assistant uid:10793 pid:23836 proc: activity:null
02-13 18:41:17.650  1917  1954 I SWAP_Scene: Entering notifySceneData notifySceneData. EventType:APP_SWITCH_FROM pkg:com.huawei.android.launcher uid:10123 pid:0 proc: activity:null
02-13 18:41:17.650  1917  1942 I WindowManager: handle SET_LAUNCHER_VISIBLE_IN_FINGER_BOOST visible:true handle:trueuserId:0, currentUserId:0
02-13 18:41:17.650  1917  1942 D WindowManager: setLauncherVisibleInFingerBoost record=ActivityRecord{faf2077 u0 com.huawei.android.launcher/.unihome.UniHomeLauncher t7}
02-13 18:41:17.650  1917  1942 I WindowManager: setLauncherVisible setAlpha to 1.0
02-13 18:41:17.653  1917  1942 D WindowManager: setLauncherVisible wallpaperScale=false
02-13 18:41:17.653  1917  1942 D WindowManager: WS setWallpaperScale return, wallpaper no need to recover
02-13 18:41:17.653  1917  4215 D HwNetworkManagementService: code == CODE_SET_CHR_REPORT_APP_LIST
02-13 18:41:17.653  1917  1942 W WindowManager: onAppTransitionFinishedLocked
02-13 18:41:17.653  1917  4215 I HwNetworkManagementService: chr appuid set succeeded
02-13 18:41:17.654  1917 11918 I HwNetworkPolicy: onTransact, code = 203
02-13 18:41:17.654  1917  1963 D HwGameAssistantController: UPDATE: mCurFgPkg=com.court.assistant, mCurFgPid=23836, mIsCurGame=false
02-13 18:41:17.654  2904  3938 I HwNetworkPolicyManager: getHwUidPolicy uid = 10793 policy = 0
02-13 18:41:17.655  1917  1963 I HwGameAssistantController: notifyBuoyAppSwitch other switch: com.court.assistant
02-13 18:41:17.655  1917  3847 I DE J DES: [effect] Pg pkg:com.court.assistant
02-13 18:41:17.657 23836 23852 I LoadedApk: createSharedLibrariesLoaders::sharedLibraries is null
02-13 18:41:17.657  1917  3849 I HwAudioService: now type = 28,reportForegroundAppType = -1systemload = 28VOIP_OPTIMIZE_IN_GAMEMODEfalse
02-13 18:41:17.658  1917  4215 D HwActivityTaskManagerServiceEx: loadRunningPackages packageInfo : pkg:com.sonelli.juicessh visible:false, pkg:com.xingin.xhs visible:false, pkg:com.court.assistant visible:true, pkg:com.huawei.android.launcher visible:false, pkg:cmb.pb visible:false, pkg:com.tencent.mm visible:false, pkg:com.netease.mail visible:false, pkg:com.tailscale.ipn visible:false, pkg:com.quark.browser visible:false,
02-13 18:41:17.663  1917  1930 I HwNetworkPolicy: onTransact, code = 203
02-13 18:41:17.663  3528 22673 I HwNetworkPolicyManager: getHwUidPolicy uid = 10793 policy = 0
02-13 18:41:17.669  1917  1930 W ActivityTaskManager: do not allow hiding recent tasks, task id: 9697 , package = com.court.assistant
02-13 18:41:17.670  1917  1930 I ActivityTaskManager: isDualCodeScene mLastPausedActivity.dualflag = false
02-13 18:41:17.670  1917  1930 I ActivityTaskManager: isDualCodeScene mLastPausedActivity.dualflag = false
02-13 18:41:17.670  1917  1930 I ActivityTaskManager: isDualCodeScene mLastPausedActivity.dualflag = false
02-13 18:41:17.671  1917  3847 W ActivityTaskManager: do not allow hiding recent tasks, task id: 9697 , package = com.court.assistant
02-13 18:41:17.671  1917  3847 I ActivityTaskManager: isDualCodeScene mLastPausedActivity.dualflag = false
02-13 18:41:17.671  1917  3847 I ActivityTaskManager: isDualCodeScene mLastPausedActivity.dualflag = false
02-13 18:41:17.672  1917  3847 I ActivityTaskManager: isDualCodeScene mLastPausedActivity.dualflag = false
02-13 18:41:17.680  1917  3847 D HwActivityTaskManagerServiceEx: loadRunningPackages packageInfo : pkg:com.sonelli.juicessh visible:false, pkg:com.xingin.xhs visible:false, pkg:com.court.assistant visible:true, pkg:com.huawei.android.launcher visible:false, pkg:cmb.pb visible:false, pkg:com.tencent.mm visible:false, pkg:com.netease.mail visible:false, pkg:com.tailscale.ipn visible:false, pkg:com.quark.browser visible:false,
02-13 18:41:17.681  1917  3847 D HwActivityTaskManagerServiceEx: loadRunningPackages packageInfo : pkg:com.sonelli.juicessh visible:false, pkg:com.xingin.xhs visible:false, pkg:com.court.assistant visible:true, pkg:com.huawei.android.launcher visible:false, pkg:cmb.pb visible:false, pkg:com.tencent.mm visible:false, pkg:com.netease.mail visible:false, pkg:com.tailscale.ipn visible:false, pkg:com.quark.browser visible:false,
02-13 18:41:17.724  1917  2289 I Fsm_SensorPostureProcess: onSensorChanged: 0.393, 7.906, 5.787, 0.27400002, 8.044001, 5.602, 178.91602
02-13 18:41:17.738  1917  4059 I SWAP_AK : FG com.court.assistant -1 C M []
02-13 18:41:17.738  1917  4059 I SWAP_AK : appLruQueue:  [com.wuhen.analyseTools, com.huawei.printservice, com.legalfeecalculator, com.tencent.mtt, com.github.android, com.huawei.contacts, com.huawei.photos, com.huawei.intelligent, com.android.shell, com.shanfuchun.courtassistant, com.eg.android.AlipayGphone, com.netease.mail, com.tailscale.ipn, cmb.pb, com.huawei.HwMultiScreenShot, com.huawei.hwasm, com.huawei.fido.uafclient, com.android.bankabc, com.android.mms, com.xingin.xhs, com.chinamworld.bocmbci, com.android.incallui, com.tencent.mm, com.sonelli.juicessh, com.quark.browser, com.android.settings, com.android.packageinstaller, com.huawei.coauthservice, com.huawei.appmarket, com.court.assistant]
02-13 18:41:17.757  1917  3847 D HwActivityTaskManagerServiceEx: loadRunningPackages packageInfo : pkg:com.sonelli.juicessh visible:false, pkg:com.xingin.xhs visible:false, pkg:com.court.assistant visible:true, pkg:com.huawei.android.launcher visible:false, pkg:cmb.pb visible:false, pkg:com.tencent.mm visible:false, pkg:com.netease.mail visible:false, pkg:com.tailscale.ipn visible:false, pkg:com.quark.browser visible:false,
02-13 18:41:17.758  1917  3847 D HwActivityTaskManagerServiceEx: loadRunningPackages packageInfo : pkg:com.sonelli.juicessh visible:false, pkg:com.xingin.xhs visible:false, pkg:com.court.assistant visible:true, pkg:com.huawei.android.launcher visible:false, pkg:cmb.pb visible:false, pkg:com.tencent.mm visible:false, pkg:com.netease.mail visible:false, pkg:com.tailscale.ipn visible:false, pkg:com.quark.browser visible:false,
02-13 18:41:17.759  1917  3847 I PowerManagerService:  schedul eye detect nextTimeout: 60638808 now: 60586096 mRemainTime: 10000
02-13 18:41:17.760  1917  3847 I PowerManagerService:  schedul eye detect nextTimeout: 60638808 now: 60586097 mRemainTime: 10000
02-13 18:41:17.893 23836 23852 I ActivityThread: Init compatible state: true
02-13 18:41:17.923  1917  1930 I ContentProviderHelper: publishContentProviders app: ProcessRecord{bf9dfe9 23836:com.court.assistant/u0a793}, providers.size: 3
02-13 18:41:17.927 23836 23836 I ActivityThread: finishPreloaded preloadStatus 0
02-13 18:41:17.927 23836 23836 I LaunchActivityItem: execute start, token = android.os.BinderProxy@7629a54
02-13 18:41:17.939  1917  1930 I HwActivityManagerServiceEx: provider is prevented for not-prevent
02-13 18:41:17.940  1917  1930 I ContentProviderHelper: Successfully start provider ContentProviderRecord{d1831a9 u0 com.android.providers.settings/.hwext.HwSettingsProvider} launchingApp=null caller pid= 23836
02-13 18:41:17.945  1917  1930 E TaskChangeNotificationController: forAllLocalListeners pid must be equal, but the callingPid 23836 pid 1917
02-13 18:41:17.945 23836 23836 V ActivityThread: callActivityOnCreate
02-13 18:41:17.949  1917 11918 I ActivityTaskManager: notifyActivityLaunching intent=Intent { act=android.content.pm.action.REQUEST_PERMISSIONS pkg=com.android.permissioncontroller (has extras) } existingInfo=TransitionInfo{15a4f2e a=ActivityRecord{9e109ca u0 com.court.assistant/.MainActivity t9697} ua=[ActivityRecord{9e109ca u0 com.court.assistant/.MainActivity t9697}]}
02-13 18:41:17.949  1917 11918 I SWAP_Scene: Entering notifySceneData notifySceneData. EventType:SWITCH_TO_FOREGROUND pkg:com.android.permissioncontroller uid:10082 pid:0 proc: activity:com.android.permissioncontroller.permission.ui.GrantPermissionsActivity
02-13 18:41:17.949  1917 11918 I ActivityTaskManager: START u0 {act=android.content.pm.action.REQUEST_PERMISSIONS hwFlg=0x10 pkg=com.android.permissioncontroller cmp=com.android.permissioncontroller/.permission.ui.GrantPermissionsActivity (has extras)} from uid 10793
02-13 18:41:17.949  1917 11918 I HwActivityTaskManagerServiceEx: developer mode, not limit.
02-13 18:41:17.950  1917 11918 D ActivityTaskManager: default mask = 6160 default binary mask = 1100000010000
02-13 18:41:17.950  1917 11918 D HwActivityStarterEx: isNeedInterceptStart true, interceptionState:BACKGROUND, callerPkg:com.court.assistant, uid:10793
02-13 18:41:17.950  1917 11918 D ActivityTaskManager: real mask = 6160 real binary mask = 1100000010000shouldIntercept start, isNeedIntercept = true callingUid = 10793 callingPackage = com.court.assistant
02-13 18:41:17.950  1917 11918 D HwActivityStarterEx: reportResult packageName = com.court.assistant uid = 10793 activityOriginalStartResult = 7 hwInterceptionMask = 0 validLen = 4
02-13 18:41:17.950  1917 11918 D HwMWPM  : activityInfo: ActivityInfo{ca43c5c com.android.permissioncontroller.permission.ui.GrantPermissionsActivity}, intent: Intent { act=android.content.pm.action.REQUEST_PERMISSIONS pkg=com.android.permissioncontroller cmp=com.android.permissioncontroller/.permission.ui.GrantPermissionsActivity (has extras) }, options: null, callingPackage: com.court.assistant, isStartToSplit: false
02-13 18:41:17.950  1917 11918 D HwMultiWindowManager: no needed update to source window mode
02-13 18:41:17.950  1917 11918 D HwASInterceptor: both page open. caller:com.court.assistant, target:com.android.permissioncontroller
02-13 18:41:17.950  1917 11918 I HwASInterceptor: Adb enabled, allow to start activity
02-13 18:41:17.950  1917 11918 I PermissionPolicyService: ActivityInterceptorCallback ActivityInterceptResult intercept
02-13 18:41:17.950  1917 11918 D HwGameAssistantController: isGameForeground? false
02-13 18:41:17.950  1917 11918 I ActivityTaskManager: ActivityRecord info: ActivityInfo{ca43c5c com.android.permissioncontroller.permission.ui.GrantPermissionsActivity}
02-13 18:41:17.951  1917 11918 I HWMW_HwMagicStackManager: ### Execute overrideIntentFlagForHwMagicWin
02-13 18:41:17.951  1917 11918 D ActivityTaskManager: TaskLaunchParamsModifier:task=null activity=ActivityRecord{9c0303a u0 com.android.permissioncontroller/.permission.ui.GrantPermissionsActivity display-area-from-source=DefaultTaskDisplayArea@209667300 display-id=0 display-windowing-mode=1 suggested-display-area=DefaultTaskDisplayArea@209667300
02-13 18:41:17.951  1917 11918 D ActivityTaskManager: TaskLaunchParamsModifier:task=Task{df26bb1 #9697 type=standard A=10793:com.court.assistant U=0 visible=true mode=fullscreen translucent=false sz=1} activity=ActivityRecord{9c0303a u0 com.android.permissioncontroller/.permission.ui.GrantPermissionsActivity t-1} display-area-from-source=DefaultTaskDisplayArea@209667300 display-id=0 display-windowing-mode=1 suggested-display-area=DefaultTaskDisplayArea@209667300 inherit-from-source=fullscreen activity-options-fullscreen=Rect(0, 0 - 0, 0) non-freeform-mode=1 display-area=DefaultTaskDisplayArea@209667300
02-13 18:41:17.951  1917 11918 W HwMultiWindowManager: launch multi window activity: invalid params. r=ActivityRecord{9c0303a u0 com.android.permissioncontroller/.permission.ui.GrantPermissionsActivity t-1} options=null source=ActivityRecord{9e109ca u0 com.court.assistant/.MainActivity t9697}
02-13 18:41:17.951  1917 11918 I WindowManager: updateFocusedWindowLocked: newFocus is null for  displayId=1
02-13 18:41:17.951  1917 11918 I WindowManager: addWindowToken: displayid:0 binder:Token{779eb65 ActivityRecord{9c0303a u0 com.android.permissioncontroller/.permission.ui.GrantPermissionsActivity t-1}} token:ActivityRecord{9c0303a u0 com.android.permissioncontroller/.permission.ui.GrantPermissionsActivity t-1}
02-13 18:41:17.951  1917 11918 D CompatibilityChangeReporter: Compat change id reported: 174042980; UID 10082; state: DISABLED
02-13 18:41:17.951  1917 11918 D CompatibilityChangeReporter: Compat change id reported: 184838306; UID 10082; state: DISABLED
02-13 18:41:17.952  1917 11918 D CompatibilityChangeReporter: Compat change id reported: 185004937; UID 10082; state: DISABLED
02-13 18:41:17.952  1917 11918 D CompatibilityChangeReporter: Compat change id reported: 181136395; UID 10082; state: DISABLED
02-13 18:41:17.952  1917 11918 D CompatibilityChangeReporter: Compat change id reported: 174042936; UID 10082; state: DISABLED
02-13 18:41:17.953  1917 11918 I WindowManager: updateFocusedWindowLocked: newFocus is null for  displayId=1
02-13 18:41:17.953  1917 11918 D HwActivityTaskManagerServiceEx: to.packageName is not in mRestoreFaList.
02-13 18:41:17.953  1917 11918 I HWMW_HwMagicActivityStarter: ### Execute overrideIntentForHwMagicWin appMode=ModeBase focus=ActivityRecord{9e109ca u0 com.court.assistant/.MainActivity t9697} next=ActivityRecord{9c0303a u0 com.android.permissioncontroller/.permission.ui.GrantPermissionsActivity t9697}
02-13 18:41:17.954  1917 11918 D CompatibilityChangeReporter: Compat change id reported: 168419799; UID 10082; state: DISABLED
02-13 18:41:17.954  1917 11918 I ActivityTaskManager: addStartingWindow mStayStack = false, needPrelaunchStartingWindow = false
02-13 18:41:17.954  1917 11918 V HwActivityTaskManagerServiceEx: no need to start app lock
02-13 18:41:17.954  1917 11918 D HwWindowManagerServiceEx: save info of card to app transition begin
02-13 18:41:17.954  1917 11918 I PowerManagerService:  schedul eye detect nextTimeout: 60638808 now: 60586291 mRemainTime: 10000
02-13 18:41:17.958  1917 11918 I PermissionPolicyService: onActivityLaunched start
02-13 18:41:17.959  1917 11918 I PermissionPolicyService: shouldShowNotificationDialogForPushAndImApp: not push or im app.
02-13 18:41:17.959  1917 11918 W PermissionPolicyService: do not show notification dialog when onActivityLaunched
02-13 18:41:17.987 23836 23836 I ActivityThread: add activity client record, r= ActivityRecord{ff544dc token=android.os.BinderProxy@7629a54 {com.court.assistant/com.court.assistant.MainActivity}} token= android.os.BinderProxy@7629a54
02-13 18:41:18.003  1917  2257 D HwActivityManagerServiceEx: notifyAppToTop pid:23836, enable:1
02-13 18:41:18.005  1917 11918 I WindowManager: addWindow: Window{f948663 u0 com.court.assistant/com.court.assistant.MainActivity} currentDisplayId:0 requestDisplayId:0 token:Token{5366f53 ActivityRecord{9e109ca u0 com.court.assistant/.MainActivity t9697}} appearance:8 fl_fullscreen=false vsysui_fullscreen=false
02-13 18:41:18.009  1917  4215 I Fsm_FoldScreenManagerService: registerFoldableState listener com.huawei.android.fsm.IFoldableStateListener$Stub$Proxy@c0edfde type 1
02-13 18:41:18.010  1917 11918 I HWMW_HwMagicActivityLifeManager: ### Execute -> resumeActivityForHwMagicWin ActivityRecord resumeActivity = ActivityRecord{9e109ca u0 com.court.assistant/.MainActivity t9697}
02-13 18:41:18.010  1917 11918 I HWMW_CameraRotationLocal: updateCameraRotation
02-13 18:41:18.018  1917  1954 I HwAudioServiceEx: ComponentInfo : className = com.court.assistant.MainActivity, flag = onResume, isHomeActivity = , isTop = true
02-13 18:41:18.019  1917  2343 W HwAudioServiceEx: SoundEffectState bundle get reserved is invalid
02-13 18:41:18.019  1917  2343 I HwAudioServiceEx: sendAppKilledIntentForKit, isKitPackageOnPause = false, isKitPackageKill = false, isKitPackageOnResume = false
02-13 18:41:18.022  2739  3044 I NetworkQoeChr: updateTopAppInfo: com.court.assistant, appState1, uid10793
02-13 18:41:18.022  2739  3044 I NetworkQoeChr: checkForegroundApp timer end
02-13 18:41:18.022  2739  3044 E Booster_BroadcastProxy: [isDebugModemEnabled]get package info fail.
02-13 18:41:18.024  2739  3044 I SmartDualCardConfig: getAppType,pkgName=com.court.assistant,appType=-1
02-13 18:41:18.024  2739  3044 E SmartDualCardConfig: isAppInBlackList false,items==null
02-13 18:41:18.024  1917  3847 I PowerManagerService:  schedul eye detect nextTimeout: 60638808 now: 60586361 mRemainTime: 10000
02-13 18:41:18.024  2739  3044 I BoosterProps: isCloudPropEnable, propName is:hw_sc.tx_power_ctrl, propValue is:true, default value is:false
02-13 18:41:18.024  2739  3044 I TxPowerCtrl: condition, mIsPowerCtrl = false, isPowerCtrlCheck = true, batteryMode = 1, isSpeedTest = false, mIsCallOn = false, mIsUsbPlugIn = true
02-13 18:41:18.024  2739  3044 I PowerMsgAdapter: addUidChanged uid: 10793
02-13 18:41:18.025  2739  3044 E Booster_MatterAppRecommend: [isMatterActivity]invalid mMatterActivitiesConfig
02-13 18:41:18.025  2739  3044 I HcPreDnsQueryCtrl: EVENT_APPINFO_ACTION_UID_STATE_CHANGED
02-13 18:41:18.025  2739  3044 I HcPreDnsQueryCtrl: mForeAppPackageName update=com.court.assistant
02-13 18:41:18.026  2739  3044 I BoosterProps: isCloudPropEnable, propName is:hw_sc.sa_4r_2r_handover, propValue is:true, default value is:false
02-13 18:41:18.026  2739  3044 I Power2r4rHandover: 4rTo2rCondition, usbStatus = true, foreGrountApp = com.court.assistant, 4rTo2rCtrlRule = 1, is4rTo2rCheck = false, batteryMode = 1, mIs4r2rHandover = false
02-13 18:41:18.027  1917 11918 I PowerManagerService:  schedul eye detect nextTimeout: 60638808 now: 60586365 mRemainTime: 10000
02-13 18:41:18.192  1917 11918 I PowerManagerService:  schedul eye detect nextTimeout: 60638808 now: 60586529 mRemainTime: 10000
02-13 18:41:18.194  1917 11918 I SWAP_Scene: Entering notifySceneData notifySceneData. EventType:FREEZE pkg:com.huawei.securityserver uid:5520 pid:0 proc: activity:null
02-13 18:41:18.196  1917 11918 I PowerManagerService:  schedul eye detect nextTimeout: 60638808 now: 60586533 mRemainTime: 10000
02-13 18:41:18.277  1917 11918 I WindowManager: Changing focus from null to Window{f948663 u0 com.court.assistant/com.court.assistant.MainActivity} displayId=0
02-13 18:41:18.277  1917 11918 D HwActivityTaskManagerServiceEx: getVisibleTasks() beginning running, callingPid = 1917 , callingUid = 1000
02-13 18:41:18.278  1917 11918 I NavigationCallOut: focusChanged, focus=Window{f948663 u0 com.court.assistant/com.court.assistant.MainActivity}, mIsFocusWinInBlackList=false
02-13 18:41:18.278  1917 11918 V HwPhoneWindowManager: updateSystemUiColorLw window=Window{f948663 u0 com.court.assistant/com.court.assistant.MainActivity},EmuiStyle=0,StatusBarColor=0xfffff8f0,NavigationBarColor=0xfffcfcfc, mForceNotchStatusBar=false
02-13 18:41:18.278  2512 19358 I HwCommandQueue: updateBarBgColor
02-13 18:41:18.278  2512 19358 D HwCommandQueue: CommandQueue, setBarBackgroundColor
02-13 18:41:18.279  1917 11918 I HwDisplayContentEx: currentFocus windowstate not null
02-13 18:41:18.279  1917 11918 I HwDisplayContentEx: trans currentFocus windowstate not null
02-13 18:41:18.279  1917 11918 I WindowManager: updateFocusedWindowLocked: newFocus is null for  displayId=1
02-13 18:41:18.279  1917  1943 D CompatibilityChangeReporter: Compat change id reported: 158002302; UID 10793; state: ENABLED
02-13 18:41:18.279  1917  1943 I WindowManager: Focus requested for window=:f948663 com.court.assistant/com.court.assistant.MainActivity
02-13 18:41:18.284  1917  1943 I WindowManager: wm_insets notifyInsetsControlChanged for:Window{f948663 u0 com.court.assistant/com.court.assistant.MainActivity}
02-13 18:41:18.285  1917  1943 I WindowManager: wm_insets notifyInsetsControlChanged for:Window{3b7797a u0 Splash Screen com.court.assistant}
02-13 18:41:18.365  1917  3847 I PowerManagerService:  schedul eye detect nextTimeout: 60638808 now: 60586702 mRemainTime: 10000
02-13 18:41:18.366  1917  3847 I PowerManagerService:  schedul eye detect nextTimeout: 60638808 now: 60586703 mRemainTime: 10000
02-13 18:41:18.435 23836 23836 I TopResumedActivityChangeItem: execute start, ActivityClientRecord = ActivityRecord{ff544dc token=android.os.BinderProxy@7629a54 {com.court.assistant/com.court.assistant.MainActivity}}
02-13 18:41:18.436 23836 23836 I TopResumedActivityChangeItem: execute start, ActivityClientRecord = ActivityRecord{ff544dc token=android.os.BinderProxy@7629a54 {com.court.assistant/com.court.assistant.MainActivity}}
02-13 18:41:18.442  1917  1943 I HwRestoreStateManager: com.court.assistant doesn't support recovery
02-13 18:41:18.445  1917  1943 I WindowManager: removeIfPossible: Window{3b7797a u0 Splash Screen com.court.assistant} callers=com.android.server.wm.WindowState.removeIfPossible:3351 com.android.server.wm.WindowManagerService.removeWindow:2819 com.android.server.wm.Session.remove:228 android.view.ViewRootImpl.dispatchDetachedFromWindow:6694 android.view.ViewRootImpl.doDie:10435 
02-13 18:41:18.447  1917  1943 I WindowManager: Not removing Window{3b7797a u0 Splash Screen com.court.assistant EXITING} due to exit animation 
02-13 18:41:18.447  1917  1943 I WindowManager: updateFocusedWindowLocked: newFocus is null for  displayId=1
02-13 18:41:18.451  1917  1943 I WindowManager: Exit animation finished in Window{3b7797a u0 Splash Screen com.court.assistant EXITING}: remove=true
02-13 18:41:18.452  1917  1943 I WindowManager: Removing Window{3b7797a u0 Splash Screen com.court.assistant} from ActivityRecord{9e109ca u0 com.court.assistant/.MainActivity t9697}
02-13 18:41:18.454  1917  1942 W ActivityTaskManager: Activity pause timeout for ActivityRecord{9e109ca u0 com.court.assistant/.MainActivity t9697}
02-13 18:41:18.454  1917  1942 W ActivityTaskManager: stopFreezingScreen return caused by mFreezingScreen false.
02-13 18:41:18.454  1917  1942 V HwActivityTaskManagerServiceEx: no need to start app lock
02-13 18:41:18.455  1917  1942 I ActivityTaskManager: Making visible and scheduling visibility: ActivityRecord{9c0303a u0 com.android.permissioncontroller/.permission.ui.GrantPermissionsActivity t9697}
02-13 18:41:18.455  1917  1942 I WindowManager: Deferring rotation, rotation not changed, rotation=0
02-13 18:41:18.456  1917  1942 I ActivityTaskManager: updateTopApp to ProcessRecord{3528e51 23648:com.android.permissioncontroller/u0a82}
02-13 18:41:18.456  1917  1942 D HwActivityTaskManagerServiceEx: to.packageName is not in mRestoreFaList.
02-13 18:41:18.456  1917  1942 W HwActivityTaskManagerServiceEx: appSwitch from: com.court.assistant to: com.android.permissioncontroller
02-13 18:41:18.457  1917  2257 D HwActivityManagerServiceEx: notifyAppToTop pid:23648, enable:3
02-13 18:41:18.457  1917  1942 I WindowManager: Changing focus from Window{f948663 u0 com.court.assistant/com.court.assistant.MainActivity} to null displayId=0
02-13 18:41:18.457  1917  1942 I NavigationCallOut: focusChanged, focus=null, mIsFocusWinInBlackList=false
02-13 18:41:18.458  1917  1942 I HwDisplayContentEx: currentFocus windowstate null
02-13 18:41:18.458  1917  1965 I DefProcServicePropDataManager: appSwitch fromPkg:com.court.assistant,toPkg:com.android.permissioncontroller
02-13 18:41:18.458  1917  1942 I WindowManager: updateFocusedWindowLocked: newFocus is null for  displayId=1
02-13 18:41:18.458 23648 23648 I LaunchActivityItem: execute start, token = android.os.BinderProxy@231bedd
02-13 18:41:18.458  1917  1963 D HwGameAssistantController: UPDATE: mCurFgPkg=com.android.permissioncontroller, mCurFgPid=23648, mIsCurGame=false
02-13 18:41:18.458  1917  1954 I SWAP_Scene: Entering notifySceneData notifySceneData. EventType:APP_SWITCH_TO pkg:com.android.permissioncontroller uid:10082 pid:23648 proc: activity:null
02-13 18:41:18.458  1917  1954 I SWAP_Scene: Entering notifySceneData notifySceneData. EventType:APP_SWITCH_FROM pkg:com.court.assistant uid:10793 pid:0 proc: activity:null
02-13 18:41:18.460  1917  1963 I HwGameAssistantController: notifyBuoyAppSwitch other switch: com.android.permissioncontroller
02-13 18:41:18.462  1917  1942 I WindowManager: Checking 1 opening apps (frozen=false timeout=false)...
02-13 18:41:18.462  1917  1942 I WindowManager: Check opening app=ActivityRecord{9c0303a u0 com.android.permissioncontroller/.permission.ui.GrantPermissionsActivity t9697}: allDrawn=false startingDisplayed=false startingMoved=false isRelaunching()=false mStartingWindow=null isOneStepWindowChanging=falseisOpenCombinationSplitScreen=false shouldWaitCombine=false
02-13 18:41:18.465  1917  3590 D HwNetworkManagementService: code == CODE_SET_CHR_REPORT_APP_LIST
02-13 18:41:18.465  1917  3590 I HwNetworkManagementService: chr appuid set succeeded
02-13 18:41:18.466  1917  2744 I HwNetworkPolicy: onTransact, code = 203
02-13 18:41:18.466  1917 11918 D HwActivityTaskManagerServiceEx: loadRunningPackages packageInfo : pkg:com.sonelli.juicessh visible:false, pkg:com.xingin.xhs visible:false, pkg:com.court.assistant visible:true, pkg:com.android.permissioncontroller visible:true, pkg:com.huawei.android.launcher visible:false, pkg:cmb.pb visible:false, pkg:com.tencent.mm visible:false, pkg:com.netease.mail visible:false, pkg:com.tailscale.ipn visible:false, pkg:com.quark.browser visible:false,
02-13 18:41:18.466  2904  3938 I HwNetworkPolicyManager: getHwUidPolicy uid = 10082 policy = 0
02-13 18:41:18.466  1917  4215 D HwActivityTaskManagerServiceEx: loadRunningPackages packageInfo : pkg:com.sonelli.juicessh visible:false, pkg:com.xingin.xhs visible:false, pkg:com.court.assistant visible:true, pkg:com.android.permissioncontroller visible:true, pkg:com.huawei.android.launcher visible:false, pkg:cmb.pb visible:false, pkg:com.tencent.mm visible:false, pkg:com.netease.mail visible:false, pkg:com.tailscale.ipn visible:false, pkg:com.quark.browser visible:false,
02-13 18:41:18.470  1917  1930 E TaskChangeNotificationController: forAllLocalListeners pid must be equal, but the callingPid 23648 pid 1917
--------- beginning of main
02-13 18:41:18.470  2837  3475 I SceneReceiver: state type: 10000 eventType:2 pid:0 uid:0 pkg:com.court.assistant
02-13 18:41:18.471 23648 23648 V ActivityThread: callActivityOnCreate
02-13 18:41:18.471  2837  3475 D ApsPgPlug: APK: onStateChanged stateType: 10000, pkg:com.court.assistant
02-13 18:41:18.471   940 10211 I audio_dts_parser: [get_config_value:44]: get value success
02-13 18:41:18.471  2837  3475 I PGServer: report state:10000 event type:2 pid:0 uid:0 pkg:com.court.assistant to pid: 2739
02-13 18:41:18.471  2837  3475 I PGServer: report state:10000 event type:1 pid:0 uid:0 pkg:com.android.permissioncontroller to pid: 1917
02-13 18:41:18.471  2837  3475 I PGServer: report state:10000 event type:1 pid:0 uid:0 pkg:com.android.permissioncontroller to pid: 2837
02-13 18:41:18.471   940 10211 I AudioAlgoService: setParameterToDsp: params is updateHistenParams=0
02-13 18:41:18.471  2837  3475 I SceneReceiver: state type: 10000 eventType:1 pid:0 uid:0 pkg:com.android.permissioncontroller
02-13 18:41:18.471  2837  3475 D ApsPgPlug: APK: onStateChanged stateType: 10000, pkg:com.android.permissioncontroller
02-13 18:41:18.471  1917  3847 I DE J DES: [effect] Pg pkg:com.android.permissioncontroller
02-13 18:41:18.471 23836 23836 D HwViewRootImpl: [DetectViewsLocationRunner] updateResolution
02-13 18:41:18.471  2837  7214 I PGServer: checkPkgType. calling pkg: android
02-13 18:41:18.471 23836 23836 D HwViewRootImpl: [DetectViewsLocationRunner] current resolutionScale: 1.0
02-13 18:41:18.472 23836 23836 I ImeFocusController: ViewUI imeDisplayId:0 contextDisplayId:0
02-13 18:41:18.472 23836 23836 I InputMethodManager: set currentRootView to : android.view.ViewRootImpl@5610469
02-13 18:41:18.472 23648 23648 W libc    : Access denied finding property "emui_hwagp_window_blur_effect_enable"
02-13 18:41:18.473 23836 23836 I InputMethodManager: Starting input: reason=WINDOW_FOCUS_GAIN
02-13 18:41:18.473  1917  3590 I HwAudioService: now type = -1,reportForegroundAppType = 15systemload = -1VOIP_OPTIMIZE_IN_GAMEMODEfalse
02-13 18:41:18.468 23648 23648 W ssioncontroller: type=1400 audit(0.0:50107): avc: denied { read } for name="u:object_r:hwagp_window_blur_effect_prop:s0" dev="tmpfs" ino=401 scontext=u:r:permissioncontroller_app:s0:c82,c256,c512,c768 tcontext=u:object_r:hwagp_window_blur_effect_prop:s0 tclass=file permissive=0 app=com.android.permissioncontroller
02-13 18:41:18.473  2837  3475 I PGServer: report state:10000 event type:1 pid:0 uid:0 pkg:com.android.permissioncontroller to pid: 2739
02-13 18:41:18.473 23836 23836 W HwRemoteInputMethodManager: isCasting false because IHwDistributedWindowManager is invalid.
02-13 18:41:18.474  1917  2744 I HwInputMethodManagerService: startInputOrWindowGainedFocus windowToken:android.os.BinderProxy@f88c92 mInputShown:false
02-13 18:41:18.474  1917  2744 W HwOcrImeController: get window state error
02-13 18:41:18.474  1917  2744 E HwOcrImeController: no tasks set mulit screen false!
02-13 18:41:18.474  1917  2744 I HwOcrImeController: updateUser userId = 0 mIsOwnerUser = true
02-13 18:41:18.474  1917  2744 I HwOcrImeController: setOcrImeSupportProp mIsOcrImeValid = true mIsHardKeyboardAvailable = false mIsInMultiScreen = false mIsOwnerUser = true
02-13 18:41:18.474  1917  2744 I HwOcrImeController: setOcrImeSupportProp mIsOcrImeValid = true mIsHardKeyboardAvailable = false mIsInMultiScreen = false mIsOwnerUser = true
02-13 18:41:18.474  1917  2744 I InputMethodShowDelayTask: clearTask
02-13 18:41:18.474  1917  2744 E HwInputMethodManagerUtils: focusedWindow or attrs is null
02-13 18:41:18.474  1917  2744 E HwInputMethodManagerUtils: focusedWindow or attrs is null
02-13 18:41:18.474  1917  2744 I InputMethodManagerService: setSecMethodUsing return
02-13 18:41:18.474  1917  2744 I InputMethodManagerService: startInputOrWindowGainedFocus didStart: isTextEditor=false sameWindowFocused=false doAutoShow=true softInputMode=STATE_UNSPECIFIED|ADJUST_RESIZE
02-13 18:41:18.474  1917  2744 I InputMethodManagerService: Unspecified window will hide input
02-13 18:41:18.474  1917  2744 V InputMethodManagerService: hideCurrentInputLocked inputShown:false, imeWindowVis:0
02-13 18:41:18.474  1917  2744 I HwInputMethodManagerService: hideCurrentInputLocked res:false
02-13 18:41:18.474  1917  2744 I InputMethodManagerService: switching to client:ClientState{1151e16 uid=10793 pid=23836 displayId=0} keyguard:false
02-13 18:41:18.474  1099 28423 I EffectHvsController: SetGameModeForeground SetGameModeForeground isForeground 0
02-13 18:41:18.474 23836 23836 I InputMethodManager: Starting input: Bind resultString=SUCCESS_WAITING_IME_SESSION
02-13 18:41:18.475  1917  1954 I HmCameraWhiteListUtils: getDownloadCfgFile dir:/data/cota/para/thirdappfilter/third_app_filter.xml
02-13 18:41:18.475   971   971 I TS_Service: hwTsRunCommand
02-13 18:41:18.475   971   971 E TS_HAL  : huawei_tp_run_command: call
02-13 18:41:18.475   971   971 E TS_HAL  : huawei_tp_multi_run_command: call
02-13 18:41:18.476   971   971 E vendor.huawei.hardware.tp@1.0-service: Async
02-13 18:41:18.476   971   971 I aptouch_daemon: ret = OK
02-13 18:41:18.476  1177  1424 I aptouch_daemon: begin, cmd[0], flag[17]
02-13 18:41:18.476  1177  1424 I aptouch_daemon: Excute:86: cmd=TSA_ExecuteCommand, param=THP_InformTypingStatus com.iflytek.inputmethod#0
02-13 18:41:18.476  1177  1424 I tpd_client: TSA_ExecuteCommand, THP_InformTypingStatus com.iflytek.inputmethod#0
02-13 18:41:18.476  2512  2512 D HwColumnSystem: normal mode, mWidthPixel: 2224
02-13 18:41:18.477  2512  2512 I NotifSectionsManager: updateFirstAndLastViewsForAllSections, changed:false
02-13 18:41:18.477  1917  3847 D InputMethodManagerService: onInputHide
02-13 18:41:18.477  2512  2512 D StackScrollAlgorithm: The current device does not support this animation.
02-13 18:41:18.477  2512  2512 D HwCapsuleCacheList: consumeData []
02-13 18:41:18.477  2512  2512 I HwStatusBarCapsuleHelper: onCapsuleDataUpdate isOverlay=true, mIsCapsuleLauncherAnimationStart=false
02-13 18:41:18.478  2512  2512 I HwStatusBarCapsuleView: hide capsule
02-13 18:41:18.478  2512  2512 D CapsuleProcessBgView: reset progress bar.
02-13 18:41:18.478  2512  2512 I HwStatusBarCapsuleHelper: onCapsuleDataUpdate isOverlay=false, mIsCapsuleLauncherAnimationStart=false
02-13 18:41:18.478  2512  2512 I HwStatusBarCapsuleView: hide capsule
02-13 18:41:18.478  2512  2512 D CapsuleProcessBgView: reset progress bar.
02-13 18:41:18.478  2512  2512 D HwCapsuleCacheList: consumeData null
02-13 18:41:18.478 23648 23648 E HwVrServiceManagerImpl: client service is not alive.
02-13 18:41:18.479 23648 23648 I HwPermissionManager: create HwPermissionManager
02-13 18:41:18.480  1917  2744 I Restriction_RestrictionDispatcher: registerRestrictionAppListener: RESTRICTED_APP callingUid: 10082
02-13 18:41:18.480 12301 12301 D InputEventReceiver: dispatchInputInterval 0
02-13 18:41:18.481  1917  2744 V ActivityTaskManager: Activity idle: ActivityRecord{9e109ca u0 com.court.assistant/.MainActivity t9697}
02-13 18:41:18.481  1917  2744 D ActivityTaskManager: Ready to stop: ActivityRecord{faf2077 u0 com.huawei.android.launcher/.unihome.UniHomeLauncher t7} animating=false finishing=false isInHistory=true
02-13 18:41:18.482  1917  2744 D HwActivityTaskManagerServiceEx: isActivityVisiableInFingerBoost:ActivityRecord{faf2077 u0 com.huawei.android.launcher/.unihome.UniHomeLauncher t7}
02-13 18:41:18.482  2858  5025 I LifecycleTransaction: lifecycleStateRequest StopActivityItem{showWindow=false,configChanges=0}
02-13 18:41:18.482  2858  2858 I ViewRootImpl[UniHomeLauncher]: ViewUI_traversal delay destroy mBlastBufferQueue
02-13 18:41:18.482  2858  2858 I ViewRootImpl[UniHomeLauncher]: ViewUI_traversal has MSG_DELAY_DESTROY_BLAST_BUFFER and clean it
02-13 18:41:18.483  2858  2858 I libsoftbus: SetTrafficClass appName=com.huawei.android.launcher prio=1
02-13 18:41:18.483  2858  2858 I ApplicationHelper: onActivityStopped: switch to background com.huawei.android.launcher ret=0
02-13 18:41:18.483 23836 23836 I InputMethodManager: Starting input: reason=BOUND_TO_IMMS
02-13 18:41:18.484 23836 23836 I InputMethodManager: Starting input: finished by someone else. servedView=DecorView@e4c8a4c[MainActivity],focus=false,windowFocus=true,autofillUiShowing=false,window=android.view.ViewRootImpl$W@b823a95,displayId=0,temporaryDetach=false,hasImeFocus=true mServedConnecting=false
02-13 18:41:18.484  2858  2858 D HwLauncher: Launcher Icon:113 Widget:4 Folder:26 Icon in folder:209 in drawer:0 abilityForms:4
02-13 18:41:18.484  1917 11918 D NotificationListeners: Removing active service ComponentInfo{com.huawei.android.launcher/com.huawei.android.launcher.notification.NotificationListener}
02-13 18:41:18.484  2858  3082 I AbilityFormProxy-031: notifyWhetherVisibleForm come from aar, eventType is 2
02-13 18:41:18.484  1917  1930 I InputMethodManagerService: reportStartInput to window:android.os.BinderProxy@f88c92
02-13 18:41:18.484  1917  1954 I HmCameraWhiteListUtils: other function may be added to the xml later, parse it here
02-13 18:41:18.484  1917  4215 I Restriction_RestrictionDispatcher: unregisterRestrictionAppListener: callingUid: 10123
02-13 18:41:18.485  2739  9627 D Hicom_Monitor: ActivityNotifier not support:com.court.assistant
02-13 18:41:18.485  1917  1954 I HwAudioServiceEx: ComponentInfo : className = com.court.assistant.MainActivity, flag = onPause, isHomeActivity = , isTop = false
02-13 18:41:18.485  1102  1315 I Layer   : Surface(name=42feef8 InputMethod)/@0xa364a36 - animation-leash of insets_animation#16559: created
02-13 18:41:18.485  1917  2343 W HwAudioServiceEx: SoundEffectState bundle get reserved is invalid
02-13 18:41:18.485  1917  3590 W [SECURITY]: [HPS][DEFAULT][HwPermissionService]: getOneTimePermissionControlInfo() called by callingPackageName=[com.android.permissioncontroller], this method has been deprecated
02-13 18:41:18.486  1917  2343 I HwAudioServiceEx: sendAppKilledIntentForKit, isKitPackageOnPause = false, isKitPackageKill = false, isKitPackageOnResume = false
02-13 18:41:18.487  1917  1943 I WindowManager: wm_insets notifyInsetsControlChanged for:Window{f948663 u0 com.court.assistant/com.court.assistant.MainActivity}
02-13 18:41:18.488  1917  1943 I WindowManager: wm_insets notifyInsetsControlChanged for:Window{c535f39 u0 com.huawei.android.launcher/com.huawei.android.launcher.unihome.UniHomeLauncher}
02-13 18:41:18.488  1917  1943 I WindowManager: Checking 1 opening apps (frozen=false timeout=false)...
02-13 18:41:18.488  1917  1943 I WindowManager: Check opening app=ActivityRecord{9c0303a u0 com.android.permissioncontroller/.permission.ui.GrantPermissionsActivity t9697}: allDrawn=false startingDisplayed=false startingMoved=false isRelaunching()=false mStartingWindow=null isOneStepWindowChanging=falseisOpenCombinationSplitScreen=false shouldWaitCombine=false
02-13 18:41:18.488  1917  3847 W ActivityTaskManager: do not allow hiding recent tasks, task id: 9697 , package = com.court.assistant
02-13 18:41:18.489  1917  3847 I ActivityTaskManager: isDualCodeScene mLastPausedActivity.dualflag = false
02-13 18:41:18.489  1917  3847 I ActivityTaskManager: isDualCodeScene mLastPausedActivity.dualflag = false
