02-13 18:41:20.209  1917 23918 I [SECURITY]: [HPS][DEFAULT][PrivacyCenterService]: onPermissionChangedAsync: packageName: com.court.assistant notify privacy center!
02-13 18:41:20.209  1917  2744 I PGManagerService: restore pid:2754 uid:5520
02-13 18:41:20.210  2837  3429 I PG_ash  : RS_wl uids = [5520] pids = [2754]
02-13 18:41:20.210 23648 23648 E hwPS_RestrictionAdapter: getMaliciousAppInfo: package is not in the restriction list. packageName:com.court.assistant with flags: 1
02-13 18:41:20.210  1917  2744 I PGManagerService: pid:2754 uid:5520 proxy:false
02-13 18:41:20.210  2837  3429 I PG_ash  : unP_wl uids = [5520] pids = [2754]
02-13 18:41:20.210  1917  3847 I PowerManagerService:  schedul eye detect nextTimeout: 60641452 now: 60588547 mRemainTime: 10000
02-13 18:41:20.211  1917  2744 I HWMW_HwMagicStackManager: finish normal activity:ActivityRecord{9c0303a u0 com.android.permissioncontroller/.permission.ui.GrantPermissionsActivity t9697} reason=app-request
02-13 18:41:20.211  1099 28423 D AudioPolicyService: getUidState(10069) cacheIter->second.first, return cacheIter->second.second(19)
02-13 18:41:20.211  1492  1506 I Pged-IPgedBinderService: ****action is 2, pid num is 2***
02-13 18:41:20.211  1492  1506 I Pged-Freezer: thawPids
02-13 18:41:20.211 23648 23670 I LifecycleTransaction: activityCallbacks TopResumedActivityChangeItem{onTop=false}
02-13 18:41:20.211  1917  2744 I PowerManagerService:  schedul eye detect nextTimeout: 60641452 now: 60588548 mRemainTime: 10000
02-13 18:41:20.211 23648 23670 I LifecycleTransaction: lifecycleStateRequest PauseActivityItem{finished=true,userLeaving=false,configChanges=0,dontReport=false}
02-13 18:41:20.212  2837  3429 D PgedBinderAdapter: unF_Z ok, pid: [2754]
02-13 18:41:20.212  2837  3429 I PGServer: report state:6 event type:2 pid:0 uid:5520 pkg:com.huawei.securityserver to pid: 1917
02-13 18:41:20.212  2754  2783 I [SECURITY]: [A_DPMS][DEFAULT][PermissionExtendService]: notifyUidPermissionChanged() called with: uid = [10793]
02-13 18:41:20.212  2837  3429 I PGServer: report state:100 event type:2 pid:0 uid:5520 pkg:2754 to pid: 1917
02-13 18:41:20.212  2837  3429 I PG_ash  : unF_Z com.huawei.securityserver OK !
02-13 18:41:20.212  1917  3847 I SWAP_Scene: Entering notifySceneData notifySceneData. EventType:UNFREEZE pkg:com.huawei.securityserver uid:5520 pid:0 proc: activity:null
02-13 18:41:20.212  2754  2783 I [SECURITY]: [A_DPMS][DEFAULT][ObjectDevicePermissionManager]: notifyPermissionChanged: operation start with uid: 10793
02-13 18:41:20.212  1917  4184 I PowerManagerService:  schedul eye detect nextTimeout: 60641452 now: 60588549 mRemainTime: 10000
02-13 18:41:20.213  1917  4184 I PGManagerService: proxyBroadcast:[com.huawei.securityserver] proxy:false
02-13 18:41:20.215  2754 23921 I [SECURITY]: [A_DPMS][DEFAULT][ObjectDevicePermissionManager]: notifyPermissionChanged: operation start with uid: 10793
02-13 18:41:20.215  2754 23922 I [SECURITY]: [A_DPMS][DEFAULT][ObjectDevicePermissionManager]: notifyPermissionChanged: operation start with uid: 10793
02-13 18:41:20.216  1917  1917 E [SECURITY]: [HPS][DEFAULT][SmsSendBlockDataMgr]: onPermissionChange don't need call for package com.court.assistant
02-13 18:41:20.216  1917  1943 I WindowManager: Focus not requested for window=Window{7f0297f u0 com.android.permissioncontroller/com.android.permissioncontroller.permission.ui.GrantPermissionsActivity}
02-13 18:41:20.216  1917 23918 I [SECURITY]: [HPS][DEFAULT][PrivacyCenterService]: onPermissionChangedAsync: packageName: com.court.assistant notify privacy center!
02-13 18:41:20.218  2837  3429 I PG_ash  : unP_BC com.huawei.securityserver OK !
02-13 18:41:20.218  1917 23916 I DistributedPermissionManagerImpl: Notify uid permission changed result: 0
02-13 18:41:20.219  2837  3429 I APwPowerPolicy:  one day not front to ignore gps: com.huawei.securityserver
02-13 18:41:20.219  2837  3429 I PG_ash  : nap takeover action: 2
02-13 18:41:20.220 16123 16123 I [SECURITY]: [HSPC][DEFAULT][PrivacyCenterServiceImpl]: onCreate: done
02-13 18:41:20.220  2837  3429 I PG_ash  : perform_nap set bgcheck : com.huawei.securityserver
02-13 18:41:20.221  2837  3429 I PG_ash  : not allow bgcheck uid:5520
02-13 18:41:20.221  2837  3429 I PG_ash  : nap package: com.huawei.securityserver, visible: false, bgTime: 19052649, scrOff: false
02-13 18:41:20.221 16123 23923 I [SECURITY]: [HSPC][DEFAULT][PrivacyCenterServiceImpl]: onHandleIntent: action: ACTION_PERMISSION_CHANGED, done.
02-13 18:41:20.221 16123 23923 I [SECURITY]: [HSPC][DEFAULT][PrivacyCenterService]: onHandleIntent: done
02-13 18:41:20.222 16123 23923 I [SECURITY]: [HSPC][DEFAULT][PrivacyCenterServiceImpl]: onHandleIntent: action: ACTION_PERMISSION_CHANGED, done.
02-13 18:41:20.222 16123 23923 I [SECURITY]: [HSPC][DEFAULT][PrivacyCenterService]: onHandleIntent: done
02-13 18:41:20.222  1917 11918 V ActivityManager: Bringing down ServiceRecord{e4c80f7 u0 com.huawei.security.privacycenter/com.huawei.security.privacy.service.PrivacyCenterService} android.content.Intent$FilterComparison@f0902981
02-13 18:41:20.222  1917 11918 V ActivityManager: java.lang.RuntimeException
02-13 18:41:20.222  1917 11918 V ActivityManager: 	at com.android.server.am.ActiveServices.bringDownServiceLocked(ActiveServices.java:4740)
02-13 18:41:20.222  1917 11918 V ActivityManager: 	at com.android.server.am.ActiveServices.bringDownServiceIfNeededLocked(ActiveServices.java:4625)
02-13 18:41:20.222  1917 11918 V ActivityManager: 	at com.android.server.am.ActiveServices.stopServiceTokenLocked(ActiveServices.java:1510)
02-13 18:41:20.222  1917 11918 V ActivityManager: 	at com.android.server.am.ActivityManagerService.stopServiceToken(ActivityManagerService.java:13631)
02-13 18:41:20.222  1917 11918 V ActivityManager: 	at android.app.IActivityManager$Stub.onTransact(IActivityManager.java:2963)
02-13 18:41:20.222  1917 11918 V ActivityManager: 	at com.android.server.am.ActivityManagerService.onTransact(ActivityManagerService.java:2933)
02-13 18:41:20.222  1917 11918 V ActivityManager: 	at com.android.server.am.HwActivityManagerService.onTransact(HwActivityManagerService.java:410)
02-13 18:41:20.222  1917 11918 V ActivityManager: 	at android.os.Binder.execTransactInternal(Binder.java:1192)
02-13 18:41:20.222  1917 11918 V ActivityManager: 	at android.os.Binder.execTransact(Binder.java:1156)
02-13 18:41:20.223  1099 28423 D AudioPolicyService: getUidState(10069) cacheIter->second.first, return cacheIter->second.second(10)
02-13 18:41:20.224 16123 16916 W [SECURITY]: [HSPC][DEFAULT][RiskBehaviorAdvice]: refreshAdvice, invalid refresh type: 0
02-13 18:41:20.225 16123 16915 W [SECURITY]: [HSPC][DEFAULT][RiskBehaviorAdvice]: refreshAdvice, invalid refresh type: 0
02-13 18:41:20.227  1917  1943 I WindowManager: Focus not requested for window=Window{7f0297f u0 com.android.permissioncontroller/com.android.permissioncontroller.permission.ui.GrantPermissionsActivity}
02-13 18:41:20.231 23648 23648 I TopResumedActivityChangeItem: execute start, ActivityClientRecord = ActivityRecord{7c5528 token=android.os.BinderProxy@231bedd {com.android.permissioncontroller/com.android.permissioncontroller.permission.ui.GrantPermissionsActivity}}
02-13 18:41:20.231 23648 23648 I HwViewRootImpl: remove sceneId 10 topId: 0
02-13 18:41:20.232  1917  3849 V HwActivityTaskManagerServiceEx: no need to start app lock
02-13 18:41:20.233  1917  3849 I ActivityTaskManager: updateTopApp to ProcessRecord{bf9dfe9 23836:com.court.assistant/u0a793}
02-13 18:41:20.233  1917  3849 D HwActivityTaskManagerServiceEx: to.packageName is not in mRestoreFaList.
02-13 18:41:20.233  1917  3849 W HwActivityTaskManagerServiceEx: appSwitch from: com.android.permissioncontroller to: com.court.assistant
02-13 18:41:20.233 23836 23850 I LifecycleTransaction: activityCallbacks TopResumedActivityChangeItem{onTop=true}
02-13 18:41:20.233  2837  3196 I ScenarioService: app focus change from: com.android.permissioncontroller to:com.court.assistant
02-13 18:41:20.233 12044 15875 D DeferredProcessingSession: onAppSwitch
02-13 18:41:20.233  1917  3849 E WMGatewayProxy: reportFocusedAppChanged: window manager gateway is not available.
02-13 18:41:20.233 12044 15875 I MultiStagesCaptureManager: onAppSwitch fromPkg: com.android.permissioncontroller, toPkg: com.court.assistant
02-13 18:41:20.233  1917  2257 D HwActivityManagerServiceEx: notifyAppToTop pid:23836, enable:1
02-13 18:41:20.233  1460 14479 D DeferredProcess: DeferredProcessingService.cpp:137 NotifyAppSwitch() fromPkg: com.android.permissioncontroller, toPkg: com.court.assistant
02-13 18:41:20.233  1460 14479 D DeferredProcess: AppSwitchCommand.cpp:19 AppSwitchCommand() entered.
02-13 18:41:20.233  1460 14479 D DeferredProcess: CommandServer.cpp:215 AddCommand() CommandName: AppSwitchCommand
02-13 18:41:20.233  1460 12908 I DeferredProcess: Command.cpp:28 Do() call CommandName: AppSwitchCommand
02-13 18:41:20.233  1460 12908 D DeferredProcess: CommandServer.cpp:344 ScheduleTimeout() timer schedule...
02-13 18:41:20.233  1917  1965 I DefProcServicePropDataManager: appSwitch fromPkg:com.android.permissioncontroller,toPkg:com.court.assistant
02-13 18:41:20.233  1917  3849 I WindowManager: Changing focus from Window{7f0297f u0 com.android.permissioncontroller/com.android.permissioncontroller.permission.ui.GrantPermissionsActivity} to Window{f948663 u0 com.court.assistant/com.court.assistant.MainActivity} displayId=0
02-13 18:41:20.233 23836 23836 I TopResumedActivityChangeItem: execute start, ActivityClientRecord = ActivityRecord{ff544dc token=android.os.BinderProxy@7629a54 {com.court.assistant/com.court.assistant.MainActivity}}
02-13 18:41:20.234  1917  3849 D HwActivityTaskManagerServiceEx: getVisibleTasks() beginning running, callingPid = 1917 , callingUid = 1000
02-13 18:41:20.234 23836 23836 D ActivityThread: Won't deliver top position change in state=4
02-13 18:41:20.234  1917  1954 D HwWifiNearFindMonitor: isHomeApp = false
02-13 18:41:20.234  1917  3849 D HwActivityTaskManagerServiceEx: getVisibleTasks add visible task to list, topActivity : ActivityRecord{9e109ca u0 com.court.assistant/.MainActivity t9697}
02-13 18:41:20.234  1917  2315 D HwWifiNearFindArbitration: handleHomeActivityChanged, not in home launcher
02-13 18:41:20.234  1917  1963 D HwGameAssistantController: UPDATE: mCurFgPkg=com.court.assistant, mCurFgPid=23836, mIsCurGame=false
02-13 18:41:20.234  2739  5013 I HiBeckonService: current package: com.court.assistant; appType is:-1
02-13 18:41:20.234  2739  3656 D Hicom_Monitor: AppSwitchNotifier not support app from:com.android.permissioncontroller, to:com.court.assistant
02-13 18:41:20.234  2739  4817 I FoldScreen_RebootApp: in isSubAppMain uid is 10082, userId is 0
02-13 18:41:20.234  1917  2315 D HwWifiNearFindArbitration: checkWifiNearFindSwitch, arbitrationCond = 65
02-13 18:41:20.234 23836 23836 I RmeSchedManager: init Rme, version is: v1.0
02-13 18:41:20.234  1917  2315 I HwWifiNearFindArbitration: checkMainChipCondition
02-13 18:41:20.234  2739  9627 I AssController: getAssistantList func:Func_buoy
02-13 18:41:20.234  2739  3674 I AssController: getAssistantList func:Func_buoy
02-13 18:41:20.234  1917  2315 D HwWifiNearFindScanner: remove period wifi scan messages
02-13 18:41:20.234  2739  4817 I FoldScreen_RebootApp: in getMapIdString MapId is 0_com.android.permissioncontroller_false
02-13 18:41:20.234  1917  2315 D HwWifiNearFindScanner: remove period wifi scan messages(HomeScene)
02-13 18:41:20.234  1917  2315 D HwWifiNearFindScanner: remove long distance wifi scan messages
02-13 18:41:20.234  1917  1963 D HwAppAssistantUtils: wcBuoyList: [WS_Music, WS_Video]
02-13 18:41:20.234  1917  2315 D HwWifiNearFindScanner: remove check wifi scan state messages
02-13 18:41:20.234  2739  5013 I HiBeckonService: current package: com.court.assistant; isShieldScenes=false
02-13 18:41:20.234  1917  2315 D HwWifiNearFindScanner: stop all kinds of wifi scan
02-13 18:41:20.234  2739  5013 I HiBeckonService: beckon mode switch isMsdpEnabled = true isShieldScenes = false; isCalling = false
02-13 18:41:20.234  2512 19359 D HwAppAssistantUtils: wcBuoyList: [WS_Music, WS_Video]
02-13 18:41:20.234  2739  9627 I AssController: getAssistantList func:WS_Music
02-13 18:41:20.234  2739  5013 I HiBeckonService: beckon enable msdp
02-13 18:41:20.234  2739  5013 I HiBeckonService: msdp has been enable
02-13 18:41:20.234  1917  1963 D HwAppAssistantUtils: WS_Music: []
02-13 18:41:20.234  2739  4817 I FoldScreen_RebootApp: in isSubAppMain uid is 10793, userId is 0
02-13 18:41:20.235  2739  3674 I AssController: getAssistantList func:WS_Video
02-13 18:41:20.235  1917  1963 D HwAppAssistantUtils: WS_Video: [com.ss.android.ugc.aweme, com.smile.gifmaker, tv.danmaku.bili, com.baidu.haokan, com.ss.android.article.video]
02-13 18:41:20.235  1917  1963 I HwAppAssistantUtils: com.court.assistant, isInGameSpace: false, isBuoyApp: false
02-13 18:41:20.235  1917  1963 I HwGameAssistantController: notifyBuoyAppSwitch other switch: com.court.assistant
02-13 18:41:20.235  2739  4817 I FoldScreen_RebootApp: in getMapIdString MapId is 0_com.court.assistant_false
02-13 18:41:20.235  2739  9627 I AssController: getAssistantList func:WS_Music
02-13 18:41:20.235  2512 19359 D HwAppAssistantUtils: WS_Music: []
02-13 18:41:20.235  2739  3676 I FoldScreen_RebootApp: com.court.assistant not in config list
02-13 18:41:20.235  1917  3849 I NavigationCallOut: focusChanged, focus=Window{f948663 u0 com.court.assistant/com.court.assistant.MainActivity}, mIsFocusWinInBlackList=false
02-13 18:41:20.235  1917  3849 I HwSwingMotionGestureHub: current app:com.court.assistant,appType:-1
02-13 18:41:20.235  1917  3849 V HwPhoneWindowManager: updateSystemUiColorLw window=Window{f948663 u0 com.court.assistant/com.court.assistant.MainActivity},EmuiStyle=0,StatusBarColor=0xfffff8f0,NavigationBarColor=0xfffcfcfc, mForceNotchStatusBar=false
02-13 18:41:20.235  2739  3676 I FoldScreen_RebootApp: config switch is close
02-13 18:41:20.235  1917  1940 D HwPhoneWindowManager: Transact:setSystemUIColor to status bar service
02-13 18:41:20.235  2739  3676 I FoldScreen_RebootApp: mIsMultiWindow : false
02-13 18:41:20.235  1917  1954 W ActivityManager: Sending non-protected broadcast com.huawei.android.wifi.GAME_ACTION from system 1917:system/1000 pkg android
02-13 18:41:20.235  2512 19358 I HwCommandQueue: updateBarBgColor
02-13 18:41:20.235  2512 19358 D HwCommandQueue: CommandQueue, setBarBackgroundColor
02-13 18:41:20.235  2739  9627 I AssController: getAssistantList func:WS_Video
02-13 18:41:20.235  1917  1954 I SWAP_Scene: Entering notifySceneData notifySceneData. EventType:APP_SWITCH_TO pkg:com.court.assistant uid:10793 pid:23836 proc: activity:null
02-13 18:41:20.236  1102  1725 I Layer   : Surface(name=cd222a8 StatusBar)/@0x6b9572c - animation-leash of insets_animation#16566: created
02-13 18:41:20.236  1917  1954 I SWAP_Scene: Entering notifySceneData notifySceneData. EventType:APP_SWITCH_FROM pkg:com.android.permissioncontroller uid:10082 pid:0 proc: activity:null
02-13 18:41:20.236  2512 19359 D HwAppAssistantUtils: WS_Video: [com.ss.android.ugc.aweme, com.smile.gifmaker, tv.danmaku.bili, com.baidu.haokan, com.ss.android.article.video]
02-13 18:41:20.236  1917 11918 I HwConnectivityServiceEx: set 10114, metered: true, value: false
02-13 18:41:20.236  1917  2267 I GestureNavManager: FocusWindowBottom Options = 0x10, isDisabled = false
02-13 18:41:20.236  2512 19359 I HwAppAssistantUtils: com.court.assistant, isInGameSpace: false, isSupportBuoy: false
02-13 18:41:20.236  2512 19359 I CapsuleManager: onAppSwitch package=com.court.assistant, current=com.android.permissioncontroller
02-13 18:41:20.236  1917  1954 E WiFi_PRO_RecommendPortalController: mTopAppName: com.court.assistant
02-13 18:41:20.236  1917 11918 I HwNetworkPolicy: onTransact, code = 203
02-13 18:41:20.236  3528 22673 I HwNetworkPolicyManager: getHwUidPolicy uid = 10793 policy = 0
02-13 18:41:20.236  1917  1954 I FoldScreen_SubScreenViewEntry: mForegroundPid: 23836 mForegroundAppName: com.court.assistant mUseEarpiecePid: -1, mIsVideoCall = false
02-13 18:41:20.237  1917  3849 I HwDisplayContentEx: currentFocus windowstate not null
02-13 18:41:20.237  2739  5151 D Hicom_QosController: handleForegroundAppChanged pkgName:com.court.assistant, lastPkg:com.android.permissioncontroller
02-13 18:41:20.237  1917  3849 I HwDisplayContentEx: trans currentFocus windowstate not null
02-13 18:41:20.237  1917  3849 D ZrHung.AppEyeTransparentWindow: TransparentWindow mHungConfigStatus = 0,mHungConfigEnable = 1
02-13 18:41:20.237  1917  3849 I WindowManager: updateFocusedWindowLocked: newFocus is null for  displayId=1
02-13 18:41:20.237  1917  3849 E ActivityTaskManager: ensureVisibilityAndConfig begin next:ActivityRecord{9e109ca u0 com.court.assistant/.MainActivity t9697}
02-13 18:41:20.237  1917  2404 V HwWifiServiceFactory: get AllImpl object = com.android.server.wifi.HwWifiServiceFactoryImpl@8a07b8
02-13 18:41:20.237  1917  3849 I WindowManager: Deferring rotation, rotation not changed, rotation=0
02-13 18:41:20.237  1917  1954 I HwQoEJNI: SetTcpRecoverRule 0 OK of 10793
02-13 18:41:20.237  1917  2404 V HwWifiServiceFactory: get AllImpl object = com.android.server.wifi.HwWifiServiceFactoryImpl@8a07b8
02-13 18:41:20.238   957   957 D uniperf server: EnterActionProc DoParse failed, cmdId=13300
02-13 18:41:20.238   957   957 D uniperf hal: do UniPerfEvent failed, cmdId=13300, ret=2
02-13 18:41:20.238  1917  3849 E ActivityTaskManager: ensureVisibilityAndConfig starting:ActivityRecord{9e109ca u0 com.court.assistant/.MainActivity t9697}, kept:true
02-13 18:41:20.238  1917  3847 I PowerManagerService:  schedul eye detect nextTimeout: 60641452 now: 60588575 mRemainTime: 10000
02-13 18:41:20.238  1917  3849 E ActivityTaskManager: ensureVisibilityAndConfig end next:ActivityRecord{9e109ca u0 com.court.assistant/.MainActivity t9697}
02-13 18:41:20.238  1917  3849 V ActivityTaskManager: notifyAppResumed: wasStopped=false ActivityRecord{9e109ca u0 com.court.assistant/.MainActivity t9697}
02-13 18:41:20.238  1917  4184 I FocusResolver: Lost focus window in display 0
02-13 18:41:20.239  1917  3849 W ActivityTaskManager: stopFreezingScreen return caused by mFreezingScreen false.
02-13 18:41:20.239  1917  3849 V HwActivityTaskManagerServiceEx: no need to start app lock
02-13 18:41:20.239  1917  3849 V HwActivityTaskManagerServiceEx: no need to start app lock
02-13 18:41:20.239   957   957 D uniperf server: EnterActionProc DoParse failed, cmdId=4225
02-13 18:41:20.239   957   957 D uniperf hal: do UniPerfEvent failed, cmdId=4225, ret=2
02-13 18:41:20.239  2416  2442 E NcDft_Wifi2Component: cannot handle the message1001
02-13 18:41:20.239 23836 23850 I LifecycleTransaction: activityCallbacks ActivityResultItem{resultInfoList=[ResultInfo{who=@android:requestPermissions:, request=1819214069, result=-1, data=Intent { act=android.content.pm.action.REQUEST_PERMISSIONS (has extras) }}]}
02-13 18:41:20.239  2416  2442 I HwWifiCHRStateManager: MSG_ML_CONNECT_FAIL_COUNT setMlConnectFailCount
02-13 18:41:20.239 23836 23850 I LifecycleTransaction: lifecycleStateRequest ResumeActivityItem{procState=2,updateProcState=true,isForward=true}
02-13 18:41:20.239  2416  2442 I NcDft_HwWifiStatStore: setMlCountStatistics ignore
02-13 18:41:20.239  1099 28423 D AudioFlinger: setParameters(): io 0, keyvalue debug log is close, calling pid 2837 calling uid 1000
02-13 18:41:20.240  1099 28423 I HistenInstance: histen Param 35 is set to 1
02-13 18:41:20.240  2739  4817 I {AssistantService-13.0.1.300}_AssistantApkNotifier: registerHwActivityNotifier call fromPackage:com.android.permissioncontroller, toPackage:com.court.assistant
02-13 18:41:20.241  2739  4354 D {AssistantService-13.0.1.300}_AssistantApkNotifier: handleMessage app switch fromPackage:com.android.permissioncontroller, toPackage:com.court.assistant
02-13 18:41:20.241   940 10211 I audio_dts_parser: [get_config_value:44]: get value success
02-13 18:41:20.241  2837  3196 I ScenarioService: app run front pkg: com.court.assistant
02-13 18:41:20.241   940 10211 I AudioAlgoService: setParameterToDsp: params is updateHistenParams=1
02-13 18:41:20.241  2739  3044 I DollieActivityManagerAdapter: handleAppSwitch bg:true,pid:23836,uid:10793,com.court.assistant.MainActivity
02-13 18:41:20.241  1917  3849 I WindowManager: wm_insets notifyInsetsControlChanged for:Window{f948663 u0 com.court.assistant/com.court.assistant.MainActivity}
02-13 18:41:20.241  2739  3044 E DollieAdapterService: notifyActivityState pkg:com.court.assistant/com.court.assistant.MainActivity state:2 fg:true mUid:10793
02-13 18:41:20.241  1917  3849 I WindowManager: wm_insets notifyInsetsControlChanged for:Window{7f0297f u0 com.android.permissioncontroller/com.android.permissioncontroller.permission.ui.GrantPermissionsActivity}
02-13 18:41:20.241  1917  3849 I WindowManager: Checking 1 opening apps (frozen=false timeout=false)...
02-13 18:41:20.241  1917  3849 I WindowManager: Check opening app=ActivityRecord{9e109ca u0 com.court.assistant/.MainActivity t9697}: allDrawn=true startingDisplayed=false startingMoved=false isRelaunching()=false mStartingWindow=null isOneStepWindowChanging=falseisOpenCombinationSplitScreen=false shouldWaitCombine=false
02-13 18:41:20.241  1917  3849 I WindowManager: Checking 0 opening apps (frozen=false timeout=false)...
02-13 18:41:20.241  1917  3849 D WindowManager: isNextKeyguardGoingAwayTransit=false mKeyguardGoingAway=false
02-13 18:41:20.241  1917  3849 I WindowManager: send SET_LAUNCHER_VISIBLE_IN_FINGER_BOOST visible: true,delay:0, handle:true, userId:0, callingPid: 1917
02-13 18:41:20.241  1917  3849 D WindowManager: setActivityVisibleInFingerBoostInner fit:true record:ActivityRecord{faf2077 u0 com.huawei.android.launcher/.unihome.UniHomeLauncher t7} isInWallpaperEffect:false, callingPid: 1917
02-13 18:41:20.241  2695 22314 I HiAdKit.DC.PersistentMessageCenter:  notifyMessage com.huawei.hwid_app_switch_from_to_intent
02-13 18:41:20.241  1917  3849 D WindowManager: isNextKeyguardGoingAwayTransit=false mKeyguardGoingAway=false
02-13 18:41:20.241  1917  3849 D WindowManager: getTopAnimActivity enter false, ActivityRecord{9c0303a u0 com.android.permissioncontroller/.permission.ui.GrantPermissionsActivity t9697 f}}
02-13 18:41:20.241  2739  3044 I NrSmartCure: Speed sensitive app is not top Activity
02-13 18:41:20.241  2837  3196 D ScenarioService: front pkg : com.court.assistant launcher: false
02-13 18:41:20.241  2837  3196 I ScenarioService: old above launcher pkgs: [com.court.assistant, com.android.permissioncontroller] new front:com.court.assistant
02-13 18:41:20.241  2837  3196 D ScenarioService: new above launcher front pkgs: [com.court.assistant]
02-13 18:41:20.242  2739  3044 I ConnCureStateMonitor: handleMessage: msg[2]
02-13 18:41:20.242  1917  3849 I HwWindowManagerServiceEx: closing apps count = 1
02-13 18:41:20.242  1917  3849 D HwWindowManagerServiceEx: is app exit to launcher info: transit = 25, app = ActivityRecord{9c0303a u0 com.android.permissioncontroller/.permission.ui.GrantPermissionsActivity t9697 f}}, window = Window{7f0297f u0 com.android.permissioncontroller/com.android.permissioncontroller.permission.ui.GrantPermissionsActivity}, mClosingApps = {ActivityRecord{9c0303a u0 com.android.permissioncontroller/.permission.ui.GrantPermissionsActivity t9697 f}}}, topOpeningApp = ActivityRecord{9e109ca u0 com.court.assistant/.MainActivity t9697}
02-13 18:41:20.242  1917  3849 E WindowManager: icon is null!!
02-13 18:41:20.242  1917  3849 I WmAnimLoader: no builder fit isEnter:false transit:25 frame:Rect(0, 0 - 2224, 2496)
02-13 18:41:20.242  1917  3849 E HwWindowManagerServiceEx: The super lite device do not need to create layer or params check failed
02-13 18:41:20.242  1177  1424 I aptouch_daemon: begin, cmd[0], flag[16]
02-13 18:41:20.242  2739  3044 I HwPacketFilterBypass: handleActivityUidStateChanged uid:10793 -1 foreground:1
02-13 18:41:20.242  2739  3044 I OllieMsgCenter: publishEvt=2135097351
02-13 18:41:20.242  1177  1424 I aptouch_daemon: Excute:86: cmd=power_time, param=
02-13 18:41:20.242  1177  1424 I tpd_client: power_time, 
02-13 18:41:20.242  1102  1725 I Layer   : Surface(name=ActivityRecord{9c0303a u0 com.android.permissioncontroller/.permission.ui.GrantPermissionsActivity t9697})/@0x4afa983 - animation-leash of app_transition#16567: created
02-13 18:41:20.242  2837  3827 I PGServer: getTopFrontApp. calling pkg: android
02-13 18:41:20.242   950   950 I aptouch_daemon: ret = ap:core:active:386649+idle:645715#side:active:0+idle:0#O2:0#U2:0,15,198,51,5,7,9,8,14,14,17,5,11,7,18,10,8,5,7,155,#GI:0#
02-13 18:41:20.243  2837  3196 I AppsUsage: scnOff: false FgAPP: com.court.assistant BgAPP: com.android.permissioncontroller
02-13 18:41:20.243  2739  3044 I NetworkQoeChr: updateTopAppInfo: com.court.assistant, appState1, uid10793
02-13 18:41:20.243  2695 22290 I HiAdKit.DC.CommonSystemUtil:  isDeviceProvisioned: true
02-13 18:41:20.243  2739  3044 I NetworkQoeChr: checkForegroundApp timer end
02-13 18:41:20.243  2695 22290 I HiAdKit.DC.ACREntry:  oobe: false
02-13 18:41:20.243  2739  3044 E Booster_BroadcastProxy: [isDebugModemEnabled]get package info fail.
02-13 18:41:20.243  1102  1725 I Layer   : Surface(name=ActivityRecord{9c0303a u0 com.android.permissioncontroller/.permission.ui.GrantPermissionsActivity t9697})/@0x4afa983 - animation-bounds#16568: created
02-13 18:41:20.243  2739  3044 I NetPredictEngine: ObserveState processMessage 11
02-13 18:41:20.243  2739  3044 I NetPredictEngine: Parent processMessage 11
02-13 18:41:20.243  2739  3044 I NetPredictEngine: Parent: active app change, old packageName: com.android.permissioncontroller, new packageName: com.court.assistant
02-13 18:41:20.244  2739  3044 I MetroMapRecognize: OutOfMetroState processMessage 5
02-13 18:41:20.244 23836 23836 I StubController: system app validUid:10793, isFriend:false
02-13 18:41:20.244  2739  3044 I OllieMsgCenter: publishEvt=2130771969
02-13 18:41:20.244  2739  3044 I OllieMsgCenter: publishEvt=2130771985
02-13 18:41:20.244 23836 23836 I ContentPermission: authority:sms mPermissionType = 4
02-13 18:41:20.244 23836 23836 V StubController: hsm should not control this permission: 4
02-13 18:41:20.244  2695 22325 I HiAdKit.DC.AppDataCollectionProvider:  execute cmd: 5
02-13 18:41:20.244  2837  3429 I PG_ash  : front pkg : com.court.assistant
02-13 18:41:20.244  2837  3429 I PG_ash  : Visible app changed pkg : com.court.assistant, visible: true
02-13 18:41:20.244  2837  3429 I PG_ash  : process again app : com.court.assistant visible : true
02-13 18:41:20.244  2695 22325 I HiAdKit.DC.AppDataCollectionManager:  report third
02-13 18:41:20.244  2837  3429 I PG_ash  : running package: com.court.assistant, visible: true
02-13 18:41:20.244  1917  3849 D ActivityTaskManager: printFIFOList record=ActivityRecord{9c0303a u0 com.android.permissioncontroller/.permission.ui.GrantPermissionsActivity t9697 f}}, record.finishing:true, record.mReportedDrawn:true
02-13 18:41:20.244  1917  3849 D ActivityTaskManager: onAnimationLeashCreated win=Window{7f0297f u0 com.android.permissioncontroller/com.android.permissioncontroller.permission.ui.GrantPermissionsActivity} mFrame=Rect(546, 569 - 1677, 1926)
02-13 18:41:20.244  1917  3849 D ActivityTaskManager: printFIFOList record=ActivityRecord{9e109ca u0 com.court.assistant/.MainActivity t9697}, record.finishing:false, record.mReportedDrawn:true
02-13 18:41:20.244  1917  3849 D ActivityTaskManager: onAnimationLeashCreated win=Window{f948663 u0 com.court.assistant/com.court.assistant.MainActivity} mFrame=Rect(0, 0 - 2224, 2496)
02-13 18:41:20.244  2512  2512 I HwScreenRecorderTimer: updateCapsuleState isTransientShown=false isStatusBarWindowShown=true hasScreenRecorderTimer=false isPanelExpand=false
02-13 18:41:20.244  2837  3475 I PGServer: report state:10000 event type:2 pid:0 uid:0 pkg:com.android.permissioncontroller to pid: 1917
02-13 18:41:20.244  1917  2576 I HwActivityManagerServiceEx: provider is prevented for not-prevent
02-13 18:41:20.244  2512  2512 D HwCapsuleCacheList: produceData []
02-13 18:41:20.244  2512  2512 I HwCapsuleDataConsumer: onDataProduce isAnimatorRunning=false
02-13 18:41:20.244  2837  3475 I PGServer: report state:10000 event type:2 pid:0 uid:0 pkg:com.android.permissioncontroller to pid: 2837
02-13 18:41:20.244  2837  3475 I SceneReceiver: state type: 10000 eventType:2 pid:0 uid:0 pkg:com.android.permissioncontroller
02-13 18:41:20.244  2837  3475 D ApsPgPlug: APK: onStateChanged stateType: 10000, pkg:com.android.permissioncontroller
02-13 18:41:20.244  2837  3475 I PGServer: report state:10000 event type:2 pid:0 uid:0 pkg:com.android.permissioncontroller to pid: 2739
02-13 18:41:20.244  1917  3849 W ActivityTaskManager: stopFreezingScreen return caused by mFreezingScreen false.
02-13 18:41:20.244  1917  3849 V WindowManager: commitVisibility: ActivityRecord{9c0303a u0 com.android.permissioncontroller/.permission.ui.GrantPermissionsActivity t9697 f}}: visible=false mVisibleRequested=false
02-13 18:41:20.244  2837  3475 I PGServer: report state:10000 event type:1 pid:0 uid:0 pkg:com.court.assistant to pid: 1917
02-13 18:41:20.244  2837  3475 I PGServer: report state:10000 event type:1 pid:0 uid:0 pkg:com.court.assistant to pid: 2837
02-13 18:41:20.244  2837  3475 I SceneReceiver: state type: 10000 eventType:1 pid:0 uid:0 pkg:com.court.assistant
02-13 18:41:20.244  2695 22325 W fwkit_kims: [fwkit KIMSServiceController.java:61] Can't find the specific package.
02-13 18:41:20.244  2837  3475 D ApsPgPlug: APK: onStateChanged stateType: 10000, pkg:com.court.assistant
02-13 18:41:20.245  2739  3044 I SpeedTestNotifier: Speed test app is back Activity
02-13 18:41:20.245  1917  4184 I DE J DES: [effect] Pg pkg:com.court.assistant
02-13 18:41:20.245  1917  2576 I ContentProviderHelper: Successfully start provider ContentProviderRecord{7a731b5 u0 com.android.providers.telephony/.SmsProvider} launchingApp=null caller pid= 23836
02-13 18:41:20.245  2837  3475 I PGServer: report state:10000 event type:1 pid:0 uid:0 pkg:com.court.assistant to pid: 2739
02-13 18:41:20.245  2837  3196 E NumberUtils: Number Format err! str: 
02-13 18:41:20.245  2837  3196 I ScenarioService: app is visible from system: com.android.permissioncontroller
02-13 18:41:20.245  3528 22615 I HiAdKit.PpsCoreService.Cmd:  isCmdAllowAccess rom: true permitRegion: 1
02-13 18:41:20.246  3528 22615 I HiAdKit.PpsCoreService.Cmd:  call method: reportConsent
02-13 18:41:20.246  3528 22615 I HiAdKit.PpsCoreService.Cmd:  callerPkg: com.huawei.hwid
02-13 18:41:20.246  2837  7213 I PGServer: checkPkgType. calling pkg: android
02-13 18:41:20.247  1102  1102 I Layer   : [*#16562] reparent null
02-13 18:41:20.247  1917  1944 D SurfaceControl: notifyExtremeAnimation(): sc = [Surface(name=Surface(name=ActivityRecord{9c0303a u0 com.android.permissioncontroller/.permission.ui.GrantPermissionsActivity t9697})/@0x4afa983 - animation-leash of app_transition)/@0x2c34700]
02-13 18:41:20.248  1102  1725 D SurfaceFlingerEx: NotifyExtremeAnimation layer:Surface(name=ActivityRecord{9c0303a u0 com.android.permissioncontroller/.permission.ui.GrantPermissionsActivity t9697})/@0x4afa983 - animation-leash of app_transition#16567 type:0 size:224 time:60588599
02-13 18:41:20.248  1102  1725 I ExtremeAnimationCore: EaComposer start
02-13 18:41:20.248  2695  2695 I HwMSDPMovementManager: getCurrentMovement type 0
02-13 18:41:20.249  2695 22325 I HiAdKit.DC.AppDataCollectionManager:  aop is true
02-13 18:41:20.249  2791  2807 I SmsApplication: updatedNeeded = false for userId = 0
02-13 18:41:20.250   928   928 I ArHal   : (ArDataGetState:1476):id[2]
02-13 18:41:20.250  1917  1940 I StatusBarDisable: setFlags what=0 which=1 pkg=Window{f948663 u0 com.court.assistant/com.court.assistant.MainActivity}
02-13 18:41:20.250  2739  3044 I SmartDualCardConfig: getAppType,pkgName=com.court.assistant,appType=-1
02-13 18:41:20.250  2739  3044 E SmartDualCardConfig: isAppInBlackList false,items==null
02-13 18:41:20.250  2739  3044 I BoosterProps: isCloudPropEnable, propName is:hw_sc.tx_power_ctrl, propValue is:true, default value is:false
02-13 18:41:20.250  2739  3044 I TxPowerCtrl: condition, mIsPowerCtrl = false, isPowerCtrlCheck = true, batteryMode = 1, isSpeedTest = false, mIsCallOn = false, mIsUsbPlugIn = true
02-13 18:41:20.250   928   928 W ArHal   : (ArDataGetActivityIndex:248):invalid activity[63]
02-13 18:41:20.250  2739  3044 I PowerMsgAdapter: UID hot switch, uid:10793, pkgName:com.court.assistant
02-13 18:41:20.250   928   928 W ArHal   : (ArDataGetState:1507):unknown activity[63], discard
02-13 18:41:20.251  2739  3044 D RfollieService: handleForeGroundAppChange not ForeGround APP compName com.court.assistant
02-13 18:41:20.251  2739  3044 D ForegroundDataOpt: is APK changed:true uid:10793 mBgLimitLevel:0
02-13 18:41:20.251  2739  3044 E Booster_MatterAppRecommend: [isMatterActivity]invalid mMatterActivitiesConfig
02-13 18:41:20.251  1102  1725 I Layer   : Surface(name=Dim Layer for - Task=9697)/@0xc528fb9 - animation-leash of dimmer#16569: created
02-13 18:41:20.252  2739  3044 I highSpeedRailCacheEngine: handleMessage2130771985
02-13 18:41:20.252  2739  3044 I OllieFeatureManager: DollieChr EVENT_OLLIE_ACTIVITY_CHANGED
02-13 18:41:20.252  2739  3044 I OllieMsgCenter: publishEvt=2134966274
02-13 18:41:20.252  2739  3044 I OllieMsgCenter: publishEvt=2135097350
02-13 18:41:20.252  2739  3044 I ForegroundDataOpt: mCurUid changed to 10793
02-13 18:41:20.252  2739  3044 I HcPreDnsQueryCtrl: EVENT_APPINFO_ACTION_UID_STATE_CHANGED
02-13 18:41:20.252  2739  3044 I HcPreDnsQueryCtrl: mForeAppPackageName update=com.court.assistant
02-13 18:41:20.252  2739  3044 I AppStallManager: OllieInternalEvtConsts.EVENT_APPINFO_ACTION_UID_STATE_CHANGED
02-13 18:41:20.252  2695  2695 I L_HmsMsdpClient: [LocKit LogLocation.java:1] arId = 63
02-13 18:41:20.252  2512  2512 D HwColumnSystem: normal mode, mWidthPixel: 2224
02-13 18:41:20.253  2512  2512 I NotifSectionsManager: updateFirstAndLastViewsForAllSections, changed:false
02-13 18:41:20.253  2512  2512 D StackScrollAlgorithm: The current device does not support this animation.
02-13 18:41:20.253  2739  3044 D DsduChr : uid=10793, isTrafficFree=false, isUsingFreeTraffic=false
02-13 18:41:20.253  2739  3044 I BoosterProps: isCloudPropEnable, propName is:hw_sc.sa_4r_2r_handover, propValue is:true, default value is:false
02-13 18:41:20.253  2739  3044 I Power2r4rHandover: 4rTo2rCondition, usbStatus = true, foreGrountApp = com.court.assistant, 4rTo2rCtrlRule = 1, is4rTo2rCheck = false, batteryMode = 1, mIs4r2rHandover = false
02-13 18:41:20.253  2512  2512 D HwCapsuleCacheList: consumeData []
02-13 18:41:20.254  2512  2512 I HwStatusBarCapsuleHelper: onCapsuleDataUpdate isOverlay=true, mIsCapsuleLauncherAnimationStart=false
02-13 18:41:20.254  2512  2512 I HwStatusBarCapsuleView: hide capsule
02-13 18:41:20.254  2512  2512 D CapsuleProcessBgView: reset progress bar.
02-13 18:41:20.254  2512  2512 I HwStatusBarCapsuleHelper: onCapsuleDataUpdate isOverlay=false, mIsCapsuleLauncherAnimationStart=false
02-13 18:41:20.254  2512  2512 I HwStatusBarCapsuleView: hide capsule
02-13 18:41:20.254  2512  2512 D CapsuleProcessBgView: reset progress bar.
02-13 18:41:20.254  1917  1943 I WindowManager: Focus requested for window=:f948663 com.court.assistant/com.court.assistant.MainActivity
02-13 18:41:20.255  1917  2384 I HwBackgroundDexOptServiceEx: configPidProcess pid: -1
02-13 18:41:20.255  2512  2512 D HwCapsuleCacheList: consumeData null
02-13 18:41:20.257  1917  2744 D HwActivityTaskManagerServiceEx: loadRunningPackages packageInfo : pkg:com.sonelli.juicessh visible:false, pkg:com.xingin.xhs visible:false, pkg:com.court.assistant visible:true, pkg:com.android.permissioncontroller visible:false, pkg:com.huawei.android.launcher visible:false, pkg:cmb.pb visible:false, pkg:com.tencent.mm visible:false, pkg:com.netease.mail visible:false, pkg:com.tailscale.ipn visible:false, pkg:com.quark.browser visible:false,
02-13 18:41:20.257  2739  5151 D QosAppStateCache: addForegroundApp. apps:[]
02-13 18:41:20.257  1917  1942 I WindowManager: handle SET_LAUNCHER_VISIBLE_IN_FINGER_BOOST visible:true handle:trueuserId:0, currentUserId:0
02-13 18:41:20.257 23648 23648 E hwPS_RestrictionAdapter: getMaliciousAppInfo: package is not in the restriction list. packageName:com.court.assistant with flags: 1
02-13 18:41:20.257  1917  1942 D WindowManager: setLauncherVisibleInFingerBoost record=ActivityRecord{faf2077 u0 com.huawei.android.launcher/.unihome.UniHomeLauncher t7}
02-13 18:41:20.257  1917  1942 I WindowManager: setLauncherVisible setAlpha to 1.0
02-13 18:41:20.257  2739  5151 D Hicom_WifiQosManager: no need check wifi type
02-13 18:41:20.257  1917  1942 D WindowManager: setLauncherVisible wallpaperScale=false
02-13 18:41:20.257  1917  1942 D WindowManager: WS setWallpaperScale return, wallpaper no need to recover
02-13 18:41:20.258  2512  2512 I LightBarController: onStatusBarAppearanceChanged appearanceRegions:AppearanceRegion{LIGHT_STATUS_BARS bounds=[0,0][2224,2496]},  sbModeChanged:false, statusBarMode:0, stackAppearancesChanged:true, navbarColorManagedByIme:false
02-13 18:41:20.258  2512  2512 I LightBarController: statusbar mAppearanceRegions:AppearanceRegion{LIGHT_STATUS_BARS bounds=[0,0][2224,2496]}
02-13 18:41:20.258  2512  2512 I LightBarController: updateStatus numLightStacks:1, numStacks:1
02-13 18:41:20.259  1917  2744 I system_server: oneway function results for code 2 on binder at 0x7ae850edc0 will be dropped but finished with status UNKNOWN_TRANSACTION
02-13 18:41:20.259  1917  1954 I HmCameraWhiteListUtils: getDownloadCfgFile dir:/data/cota/para/thirdappfilter/third_app_filter.xml
02-13 18:41:20.260  1917  4184 D SurfaceControl: ExtremeAnimation Listener Wrapper OnAnimationStart
02-13 18:41:20.260  1917  4184 I HwViewRootImpl: Add sceneId 94 topId: 4
02-13 18:41:20.260  1917  4184 D SceneHelper: notifyState ltpo1.0 push currentPackageName=system_process ltpo10SceneState=3009 scene=TRANSIT_OLD_TRANSLUCENT_ACTIVITY_CLOSE
02-13 18:41:20.260  1917  3847 D SurfaceControl: ExtremeAnimation Listener Wrapper OnAnimationEnd
02-13 18:41:20.260  1917  3847 I HwViewRootImpl: remove sceneId 94 topId: 4
02-13 18:41:20.260  1917  3847 D SceneHelper: notifyState ltpo1.0 push currentPackageName=system_process ltpo10SceneState=3010 scene=TRANSIT_OLD_TRANSLUCENT_ACTIVITY_CLOSE
02-13 18:41:20.260  1102  1102 D CompositionEngine: schedule graphic cpuset: CPUSET_SP_GRAPHIC_NORMAL, composer pid: 942
02-13 18:41:20.261 23648 23648 E hwPS_RestrictionAdapter: getMaliciousAppInfo: package is not in the restriction list. packageName:com.court.assistant with flags: 1
02-13 18:41:20.261  1917  2744 I FocusResolver: setFocusedWindow f948663 com.court.assistant/com.court.assistant.MainActivity on display 0, result:OK
02-13 18:41:20.261  1917  2744 I FocusResolver: Focus entered window f948663 com.court.assistant/com.court.assistant.MainActivity in display 0, reason:setFocusedWindow
02-13 18:41:20.261  2512  2512 I StatusBarLayout: refreshTint: tint: b2000000, area:Rect(0, 0 - 0, 0)
02-13 18:41:20.261  2837  5253 D ApsSceneManager: APS: APK: setSceneInfoInner start freezing scene for scene:TRANSIT_ACTIVITY
02-13 18:41:20.261  2837  5253 I ApsSceneManager: APS: APK: setSceneInfoToAgp: scene:TRANSIT_OLD_TRANSLUCENT_ACTIVITY_CLOSE, scnenCategory:TRANSIT_ACTIVITY, state:1
02-13 18:41:20.261  2512  2512 I HwStatusBarCapsuleHelper: onUiModeChanged
02-13 18:41:20.261  2837  5253 I ApsBdata: cacheSceneInfo come scene: TRANSIT_OLD_TRANSLUCENT_ACTIVITY_CLOSE, state: 1
02-13 18:41:20.261  1459  1592 I AGPService: Bn-> aps-info: set scene info - scene: TRANSIT_OLD_TRANSLUCENT_ACTIVITY_CLOSE, sceneCategory: TRANSIT_ACTIVITY, status: 1, priorityLevel: 0
02-13 18:41:20.261  1459  1592 I AGPService: FrameRateManager:[UpdateSceneStatus] scene TRANSIT_OLD_TRANSLUCENT_ACTIVITY_CLOSE and sceneCategory TRANSIT_ACTIVITY enter
02-13 18:41:20.262  2837  5253 I ApsSceneManager: APS: APK: setSceneInfoToAgp: scene:TRANSIT_OLD_TRANSLUCENT_ACTIVITY_CLOSE, scnenCategory:TRANSIT_ACTIVITY, state:0
02-13 18:41:20.262  1459  1512 I AGPService: FrameRateManager:[CheckAnimationTimeOut] timeout animation check Before 0, After 0
02-13 18:41:20.262  1459  1512 I AGPService: FrameRateManager:[HandleFrameRateRefresh] currPkgName: com.court.assistant, strategyCode 21: dynamicCode 1, isFactor 1, min 60, max 90, down 90, idle 60
02-13 18:41:20.262  1459  1512 D AGPService: FrameRateManager:[GetUiAnimationData] not support LTPO2.0
02-13 18:41:20.262  2837  5253 I ApsBdata: cacheSceneInfo come scene: TRANSIT_OLD_TRANSLUCENT_ACTIVITY_CLOSE, state: 0
02-13 18:41:20.262  2837  5253 D ApsSceneManager: APS: APK: clearWaitQueue
02-13 18:41:20.262  1459  1592 I AGPService: Bn-> aps-info: set scene info - scene: TRANSIT_OLD_TRANSLUCENT_ACTIVITY_CLOSE, sceneCategory: TRANSIT_ACTIVITY, status: 0, priorityLevel: 0
02-13 18:41:20.262  1459  1592 I AGPService: FrameRateManager:[UpdateSceneStatus] scene TRANSIT_OLD_TRANSLUCENT_ACTIVITY_CLOSE and sceneCategory TRANSIT_ACTIVITY exit
02-13 18:41:20.262  1459  1512 I AGPService: FrameRateManager:[JudgeFinalLcdFps] sceneinfo(90, 108, 1, 0);touchinfo(0, 0, 2, 120);isFHF 0 animFps -1 sfFps 0 pkg  isSurface 1
02-13 18:41:20.262  1459  1512 I AGPService: FrameRateManager:[JudgeFinalLcdFps] Finish judging and final lcd fps: 90
02-13 18:41:20.262  1459  1512 D AGPService: Bp<- displayGetFps
02-13 18:41:20.262   944   944 D HW_DISPLAY_TEST: display_get_fps: Get FPS successful
02-13 18:41:20.262 23648 23648 I InsetsController: ViewUI_insets updateState new source: InsetsSource: {mType=ITYPE_STATUS_BAR, mFrame=[0,0][2224,117], mVisible=true}
02-13 18:41:20.262 23648 23648 I InsetsController: ViewUI_insets updateState new source: InsetsSource: {mType=ITYPE_NAVIGATION_BAR, mFrame=[0,0][0,0], mVisible=false}
02-13 18:41:20.262 23648 23648 I InsetsSourceConsumer: ViewUI_insets mSourceControl is null notifyControlRevoked type: 0
02-13 18:41:20.262  1917  1943 I WindowManager: updateFocusedWindowLocked: newFocus is null for  displayId=1
02-13 18:41:20.263  2512  2512 I HwStatusBarCapsuleHelper: onUiModeChanged
02-13 18:41:20.263   944   944 D HW_DISPLAY_TEST: display_get_fps: open file /sys/class/graphics/fb0/lcd_fps_scence:current_fps:90;default_fps:120;support_fps_list:30,60,90,120;product_panel_num:2;current_panel_id:0;panel_id:0;panel_type:LTPO1;support_fps:30,60,90,120;panel_id:1;panel_type:LTPO1;support_fps:30,60,90,120
02-13 18:41:20.263   944   944 D HW_DISPLAY_TEST:  success
02-13 18:41:20.263  1459  1512 I AGPService: display get fps - current_fps:90;default_fps:120;support_fps_list:30,60,90,120;product_panel_num:2;current_panel_id:0;panel_id:0;panel_type:LTPO1;support_fps:30,60,90,120;panel_id:1;panel_type:LTPO1;support_fps:30,60,90,120
02-13 18:41:20.264  1459  1512 D AGPService: FrameRefreshThread: set refreshrate - 90
02-13 18:41:20.264  1459  1512 I AGPService: FrameRateManager:[CheckAnimationTimeOut] timeout animation check Before 0, After 0
02-13 18:41:20.264  1459  1512 I AGPService: FrameRateManager:[HandleFrameRateRefresh] currPkgName: com.court.assistant, strategyCode 21: dynamicCode 1, isFactor 1, min 60, max 90, down 90, idle 60
02-13 18:41:20.264  1459  1518 I AGPService: FrameRateManager:[SetActiveConfigByFps] reset Pkg isSurface, AnimFps -1, fps to sf 90
02-13 18:41:20.264  1459  1512 D AGPService: FrameRateManager:[GetUiAnimationData] not support LTPO2.0
02-13 18:41:20.264  1459  1512 I AGPService: FrameRateManager:[JudgeFinalLcdFps] sceneinfo(0, -2, 0, 0);touchinfo(0, 0, 2, 120);isFHF 0 animFps -1 sfFps 0 pkg  isSurface 1
02-13 18:41:20.264  1459  1512 I AGPService: FrameRateManager:[JudgeFinalLcdFps] Finish judging and final lcd fps: 90
02-13 18:41:20.264  1459  1512 D AGPService: Bp<- displayGetFps
02-13 18:41:20.264  1102  1725 D surfaceflinger: getRefreshRateFromFps: get target refresh rate fps 90
02-13 18:41:20.264  1102  1725 I SurfaceFlingerEx: SetAGPActiveConfig: agp set fps 90, currentFps 90, hasBuffer 0, isFling 0, packageName 
02-13 18:41:20.264   944   944 D HW_DISPLAY_TEST: display_get_fps: Get FPS successful
02-13 18:41:20.264  1459  1518 I AGPService: FrameRateManager: set active config - fps 90 pkgName  isSurface 1
02-13 18:41:20.264  2512  2512 I NavigationBar: navigationbar appearance:1000,mAppearance:1000,mTransientShown:false
02-13 18:41:20.264   944   944 D HW_DISPLAY_TEST: display_get_fps: open file /sys/class/graphics/fb0/lcd_fps_scence:current_fps:90;default_fps:120;support_fps_list:30,60,90,120;product_panel_num:2;current_panel_id:0;panel_id:0;panel_type:LTPO1;support_fps:30,60,90,120;panel_id:1;panel_type:LTPO1;support_fps:30,60,90,120
02-13 18:41:20.264   944   944 D HW_DISPLAY_TEST:  success
02-13 18:41:20.264  1459  1512 I AGPService: display get fps - current_fps:90;default_fps:120;support_fps_list:30,60,90,120;product_panel_num:2;current_panel_id:0;panel_id:0;panel_type:LTPO1;support_fps:30,60,90,120;panel_id:1;panel_type:LTPO1;support_fps:30,60,90,120
02-13 18:41:20.264  1459  1512 D AGPService: FrameRefreshThread: set refreshrate - 90
02-13 18:41:20.264  1459  1518 E AGPService: FrameRateManager: iaware strange app type: -1
02-13 18:41:20.264  1459  1518 D AGPService: FrameRateManager: NotifyPackageUpdatedToITouch: currPkgName - com.court.assistant, type - -1, lcdFps - 90
02-13 18:41:20.265  1459  1518 D ITouchService: GameSceneManager: game scene not changed, set game mode returned
02-13 18:41:20.265  1459  1518 E ITouchService: itouch OneFrameDetect instance is nullptr or oneFrameSwitch is not change
02-13 18:41:20.265  1459  1518 I AGPService: FrameRateManager:[SetActiveConfigByFps] reset Pkg isSurface, AnimFps -1, fps to sf 90
02-13 18:41:20.265  1102  1725 D surfaceflinger: getRefreshRateFromFps: get target refresh rate fps 90
02-13 18:41:20.265  1102  1725 I SurfaceFlingerEx: SetAGPActiveConfig: agp set fps 90, currentFps 90, hasBuffer 0, isFling 0, packageName 
02-13 18:41:20.265  1459  1518 I AGPService: FrameRateManager: set active config - fps 90 pkgName  isSurface 1
02-13 18:41:20.265  1459  1518 E AGPService: FrameRateManager: iaware strange app type: -1
02-13 18:41:20.265  1459  1518 D AGPService: FrameRateManager: NotifyPackageUpdatedToITouch: currPkgName - com.court.assistant, type - -1, lcdFps - 90
02-13 18:41:20.265  1459  1518 D ITouchService: GameSceneManager: game scene not changed, set game mode returned
02-13 18:41:20.265  1459  1518 E ITouchService: itouch OneFrameDetect instance is nullptr or oneFrameSwitch is not change
02-13 18:41:20.266  1917  4063 I WindowManager: tryStartExitingAnimation destroySurface win=Window{7f0297f u0 com.android.permissioncontroller/com.android.permissioncontroller.permission.ui.GrantPermissionsActivity}
02-13 18:41:20.269  1917  4063 I WindowManager: updateFocusedWindowLocked: newFocus is null for  displayId=1
02-13 18:41:20.269  1917  4063 I HwMultiWindowManager: don't need to report app window mode
02-13 18:41:20.269  1102  1102 I Layer   : [*#16567] reparent null
02-13 18:41:20.269  1102  1102 I SurfaceFlinger: setClientStateLocked: DelAnimationInfo layer Surface(name=ActivityRecord{9c0303a u0 com.android.permissioncontroller/.permission.ui.GrantPermissionsActivity t9697})/@0x4afa983 - animation-leash of app_transition#16567
02-13 18:41:20.269  1102  1102 I Layer   : [*#16568] reparent null
02-13 18:41:20.269  1102  1102 I Layer   : setFlags: *#16561 hide
02-13 18:41:20.270  1102  1102 I Layer   : *#16562: destroyed
02-13 18:41:20.270  1102  1102 I Layer   : *#16568: destroyed
02-13 18:41:20.270  1102  1102 I Layer   : *#16567: destroyed
02-13 18:41:20.270  1102  1102 D SurfaceFlinger: getRefreshRateFromFps: get target refresh rate fps 90
02-13 18:41:20.270 23648 23648 I InsetsController: ViewUI_insets updateState new source: InsetsSource: {mType=ITYPE_STATUS_BAR, mFrame=[0,0][2224,117], mVisible=true}
02-13 18:41:20.270 23648 23648 I InsetsController: ViewUI_insets updateState new source: InsetsSource: {mType=ITYPE_NAVIGATION_BAR, mFrame=[0,0][0,0], mVisible=false}
02-13 18:41:20.270 23648 23660 I LifecycleTransaction: lifecycleStateRequest DestroyActivityItem{finished=true,mConfigChanges=0}
02-13 18:41:20.273  1917  1954 I HmCameraWhiteListUtils: other function may be added to the xml later, parse it here
02-13 18:41:20.273  1099 28423 D AudioPolicyService: getUidState(10082) cacheIter->second.first, return cacheIter->second.second(2)
02-13 18:41:20.274  1917  1942 W WindowManager: onAppTransitionFinishedLocked
02-13 18:41:20.274  1917  1954 I HwAudioServiceEx: ComponentInfo : className = com.android.permissioncontroller.permission.ui.GrantPermissionsActivity, flag = onPause, isHomeActivity = , isTop = false
02-13 18:41:20.274  1917  2257 I HwConnectivityServiceEx: set 1000, metered: true, value: false
02-13 18:41:20.274 12124 20183 W ContentSensor_13.11.3.203_ContentSensorService: mEventListener is null 
02-13 18:41:20.274  2739  4817 D Hicom_Monitor: ActivityNotifier not support:com.android.permissioncontroller
02-13 18:41:20.274  1917  2343 W HwAudioServiceEx: SoundEffectState bundle get reserved is invalid
02-13 18:41:20.274  1917  2343 I HwAudioServiceEx: sendAppKilledIntentForKit, isKitPackageOnPause = false, isKitPackageKill = false, isKitPackageOnResume = false
02-13 18:41:20.275  1917  2257 E AwareLog: CpuProcessInherit: files null 
02-13 18:41:20.275  1917  2257 W AwareLog: SchedLevelBoost: onFgActivitiesChanged config not set!
02-13 18:41:20.276 23836 23836 I HwViewRootImpl: remove sceneId 10 topId: 4
02-13 18:41:20.276 23836 23836 I HwViewRootImpl: Add sceneId 3 topId: 4
02-13 18:41:20.276 23836 23855 I ZrHung.AppEyeUiProbe: restart watching if current activity is resumed.
02-13 18:41:20.277  2739  3044 D DollieActivityManagerAdapter: [UidStateChanged]  uid:10082 uidState:6
