--------- beginning of main
02-13 18:42:39.708   966   966 I power_hidl: ExeSetState success, type=vterm_dec, index=57
02-13 18:42:39.708  1917  2896 I PowerManagerService-JNI: rtCommSetPowerState result: 1
--------- beginning of system
02-13 18:42:39.708  1917  2896 I PowerManagerService: setPowerHidlValue ret: 1
02-13 18:42:39.708  2904  4007 W SmartChargeImpl: setHidlValue occurs error, return value is 1
02-13 18:42:39.708  2904  4007 E SmartChgBase/Data: SetJavaValue: set java value Hidlvterm_dec error
02-13 18:42:39.708  2904  4007 I SmartChgBase/Data: set scene=vterm_dec, value=fcp 16, ret=-200
02-13 18:42:39.708  2904  4007 E SmartChgBase/Arb_HidlParam: SetHidlValue Fail: Hidl Set Fail [ret:-200, module:BASP, scene:vterm_dec, value:fcp 16]
02-13 18:42:39.708  2904  4007 E SmartChgBase/Work: current work is nullptr
02-13 18:42:39.709  2904  4007 D SmartChargeImpl: setHidlValue, hidlTagName = vterm_dec, value = pd 16
02-13 18:42:39.709  1917  2896 I PowerManagerService: setPowerHidlValue scene: vterm_dec, value: pd 16
02-13 18:42:39.709  1917  2896 I PowerManagerService-JNI: nativeRtSetPowerHidlValue is NOT null
02-13 18:42:39.710   966   966 I power_hidl: ExeSetState type=vterm_dec, value=pd 16
02-13 18:42:39.710   966   966 I power_hidl: start write compatible, scene: vterm_dec, value: pd 16
02-13 18:42:39.710   966   966 I power_hidl: ExeSetState success, type=vterm_dec, index=57
02-13 18:42:39.711  1917  2896 I PowerManagerService-JNI: rtCommSetPowerState result: 0
02-13 18:42:39.711  1917  2896 I PowerManagerService: setPowerHidlValue ret: 0
02-13 18:42:39.711  2904  4007 I SmartChgBase/Data: set java value Hidlvterm_dec to pd 16
02-13 18:42:39.711  2904  4007 I SmartChgBase/Data: set scene=vterm_dec, value=pd 16, ret=0
02-13 18:42:39.711  2904  4007 I SmartChgBase/Arb_HidlParam: SetHidlValue Success:[module:BASP, scene:vterm_dec, value:pd 16]
02-13 18:42:39.711  2904  4007 E SmartChgBase/Work: current work is nullptr
02-13 18:42:39.711  2904  4007 D SmartChargeImpl: setHidlValue, hidlTagName = vterm_dec, value = wl 16
02-13 18:42:39.712  1917  2896 I PowerManagerService: setPowerHidlValue scene: vterm_dec, value: wl 16
02-13 18:42:39.712  1917  2896 I PowerManagerService-JNI: nativeRtSetPowerHidlValue is NOT null
02-13 18:42:39.713   966   966 I power_hidl: ExeSetState type=vterm_dec, value=wl 16
02-13 18:42:39.713   966   966 I power_hidl: start write compatible, scene: vterm_dec, value: wl 16
02-13 18:42:39.713   966   966 I power_hidl: ExeSetState success, type=vterm_dec, index=57
02-13 18:42:39.714  1917  2896 I PowerManagerService-JNI: rtCommSetPowerState result: 0
02-13 18:42:39.714  1917  2896 I PowerManagerService: setPowerHidlValue ret: 0
02-13 18:42:39.714  2904  4007 I SmartChgBase/Data: set java value Hidlvterm_dec to wl 16
02-13 18:42:39.714  2904  4007 I SmartChgBase/Data: set scene=vterm_dec, value=wl 16, ret=0
02-13 18:42:39.714  2904  4007 I SmartChgBase/Arb_HidlParam: SetHidlValue Success:[module:BASP, scene:vterm_dec, value:wl 16]
02-13 18:42:39.714  2904  4007 E SmartChgBase/Work: current work is nullptr
02-13 18:42:39.714  2904  4007 D SmartChargeImpl: setHidlValue, hidlTagName = basp_coul_vdec, value = 16
02-13 18:42:39.714  1917  2896 I PowerManagerService: setPowerHidlValue scene: basp_coul_vdec, value: 16
02-13 18:42:39.714  1917  2896 I PowerManagerService-JNI: nativeRtSetPowerHidlValue is NOT null
02-13 18:42:39.716   966   966 I power_hidl: ExeSetState type=basp_coul_vdec, value=16
02-13 18:42:39.716   966   966 I power_hidl: start hvdp mmi test, type=basp_coul_vdec, value=16
02-13 18:42:39.716   966   966 I power_hidl: ExeSetState success, type=basp_coul_vdec, index=64
02-13 18:42:39.717  1917  2896 I PowerManagerService-JNI: rtCommSetPowerState result: 0
02-13 18:42:39.717  1917  2896 I PowerManagerService: setPowerHidlValue ret: 0
02-13 18:42:39.717  2904  4007 I SmartChgBase/Data: set java value Hidlbasp_coul_vdec to 16
02-13 18:42:39.717  2904  4007 I SmartChgBase/Data: set scene=basp_coul_vdec, value=16, ret=0
02-13 18:42:39.717  2904  4007 I SmartChgBase/Arb_HidlParam: SetHidlValue Success:[module:BASP, scene:basp_coul_vdec, value:16]
02-13 18:42:39.717  2904  4007 I SmartChgBase/Arb_HidlParam: Apply Skipped: IsApplyExcept return true. [moduleName:ASW, param:soc_control, detailsWithValue:source=trigger;event=heartbeat;chargestatus=start;value=1 95 100 1 1;]
02-13 18:42:39.717  2904  4007 I SmartChgBase/ArbExecExtStep: GenerateNextValue:[nameParam:vol_soc_map.-1,ret:3150,stepLen:8,stepMultiple:3,lastValue:3150]
02-13 18:42:39.717  2904  4007 I SmartChgBase/ArbExecExtStep: GenerateNextValue:[nameParam:vol_soc_map.0,ret:3250,stepLen:8,stepMultiple:3,lastValue:3250]
02-13 18:42:39.717  2904  4007 I SmartChgBase/ArbExecExtStep: GenerateNextValue:[nameParam:vol_soc_map.1,ret:3400,stepLen:8,stepMultiple:3,lastValue:3400]
02-13 18:42:39.717  2904  4007 I SmartChgBase/Arb_HidlParam: Apply.[moduleName:MapArbitrator, param:vol_soc_map, detailsWithValue:source=trigger;event=heartbeat;chargestatus=start;value=-1@3150,0@3250,1@3400;]
02-13 18:42:39.717  2904  4007 E SmartChgBase/Work: current work is nullptr
02-13 18:42:39.717  2904  4007 D SmartChargeImpl: setHidlValue, hidlTagName = vol_soc_map, value = -1@3150,0@3250,1@3400
02-13 18:42:39.717  1917  2896 I PowerManagerService: setPowerHidlValue scene: vol_soc_map, value: -1@3150,0@3250,1@3400
02-13 18:42:39.717  1917  2896 I PowerManagerService-JNI: nativeRtSetPowerHidlValue is NOT null
02-13 18:42:39.719   966   966 I power_hidl: ExeSetState type=vol_soc_map, value=-1@3150,0@3250,1@3400
02-13 18:42:39.719   966   966 I power_hidl: PowerHidlSetOcvTable type=vol_soc_map, value=-1@3150,0@3250,1@3400
02-13 18:42:39.719   966   966 I power_hidl: ExeSetState success, type=vol_soc_map, index=79
02-13 18:42:39.720  1917  2896 I PowerManagerService-JNI: rtCommSetPowerState result: 0
02-13 18:42:39.720  1917  2896 I PowerManagerService: setPowerHidlValue ret: 0
02-13 18:42:39.720  2904  4007 I SmartChgBase/Data: set java value Hidlvol_soc_map to -1@3150,0@3250,1@3400
02-13 18:42:39.720  2904  4007 I SmartChgBase/Data: set scene=vol_soc_map, value=-1@3150,0@3250,1@3400, ret=0
02-13 18:42:39.720  2904  4007 I SmartChgBase/Arb_HidlParam: SetHidlValue Success:[module:MapArbitrator, scene:vol_soc_map, value:-1@3150,0@3250,1@3400]
02-13 18:42:39.720  2904  3990 I SmartChgBase/Data: RawGetDataValue vbat
02-13 18:42:39.720  2904  3990 E SmartChgBase/File: file /data/user_de/0/com.huawei.systemmanager/files/smart_charge/base/mock/enable is invalid in IsFileExist
02-13 18:42:39.720  2904  3990 D SmartChargeImpl: getHidlValue, hidlTagName = vbat
02-13 18:42:39.720  1917  2896 I PowerManagerService: getPowerHidlValue scene: vbat
02-13 18:42:39.721  1917  2896 I PowerManagerService-JNI: nativeRtGetPowerHidlValue is NOT null
02-13 18:42:39.722   966   966 I power_hidl: ExeGetState type=vbat
02-13 18:42:39.722   966   966 I power_hidl: get property ro.board.platform=kirin9000s len=92
02-13 18:42:39.722   966   966 I power_hidl: platform is kirin9000s
02-13 18:42:39.741   966   966 I power_hidl: ExeGetState success, type=vbat, index=21, value=3840755
02-13 18:42:39.741   966   966 I power_hidl: 
02-13 18:42:39.741  1917  2896 I PowerManagerService-JNI: rtCommGetPowerState powerHidlValue: 3840755
02-13 18:42:39.741  1917  2896 I PowerManagerService-JNI: , powerHidlResult: 0
02-13 18:42:39.741  1917  2896 I PowerManagerService: nativeRtGetPowerHidlValue: 3840755
02-13 18:42:39.742  2904  3990 I SmartChgBase/Data: get scene=vbat, value=3840755
02-13 18:42:39.742  2904  3990 I SmartChgBase/Data: , ret=0
02-13 18:42:39.742  2904  3990 I SmartChgBase/Data: RawGetDataValue batt_temp
02-13 18:42:39.742  2904  3990 E SmartChgBase/File: file /data/user_de/0/com.huawei.systemmanager/files/smart_charge/base/mock/enable is invalid in IsFileExist
02-13 18:42:39.742  2904  3990 I SmartCharge/CVT: cvt receive event is [2026-02-13 18:42:39/Timer@30]
02-13 18:42:39.742  2904  3990 I SmartChgBase/Data: RawGetDataValue charger_type
02-13 18:42:39.742  2904  3990 E SmartChgBase/File: file /data/user_de/0/com.huawei.systemmanager/files/smart_charge/base/mock/enable is invalid in IsFileExist
02-13 18:42:39.743  2904  3990 D SmartChargeImpl: getHidlValue, hidlTagName = charger_type
02-13 18:42:39.743  1917  2896 I PowerManagerService: getPowerHidlValue scene: charger_type
02-13 18:42:39.743  1917  2896 I PowerManagerService-JNI: nativeRtGetPowerHidlValue is NOT null
02-13 18:42:39.747   966   966 I power_hidl: ExeGetState type=charger_type
02-13 18:42:39.747   966   966 I power_hidl: ExeGetState success, type=charger_type, index=18, value=9
02-13 18:42:39.747  1917  2896 I PowerManagerService-JNI: rtCommGetPowerState powerHidlValue: 9, powerHidlResult: 0
02-13 18:42:39.748  1917  2896 I PowerManagerService: nativeRtGetPowerHidlValue: 9
02-13 18:42:39.748  2904  3990 I SmartChgBase/Data: get scene=charger_type, value=9, ret=0
02-13 18:42:39.748  2904  3990 I SmartChgBase/Data: RawGetDataValue vbat
02-13 18:42:39.748  2904  3990 E SmartChgBase/File: file /data/user_de/0/com.huawei.systemmanager/files/smart_charge/base/mock/enable is invalid in IsFileExist
02-13 18:42:39.748  2904  3990 D SmartChargeImpl: getHidlValue, hidlTagName = vbat
02-13 18:42:39.748  1917  2896 I PowerManagerService: getPowerHidlValue scene: vbat
02-13 18:42:39.748  1917  2896 I PowerManagerService-JNI: nativeRtGetPowerHidlValue is NOT null
02-13 18:42:39.751   966   966 I power_hidl: ExeGetState type=vbat
02-13 18:42:39.751   966   966 I power_hidl: get property ro.board.platform=kirin9000s len=92
02-13 18:42:39.751   966   966 I power_hidl: platform is kirin9000s
02-13 18:42:39.765   966   966 I power_hidl: ExeGetState success, type=vbat, index=21, value=3838704
02-13 18:42:39.765   966   966 I power_hidl: 
02-13 18:42:39.766  1917  2896 I PowerManagerService-JNI: rtCommGetPowerState powerHidlValue: 3838704
02-13 18:42:39.766  1917  2896 I PowerManagerService-JNI: , powerHidlResult: 0
02-13 18:42:39.766  1917  2896 I PowerManagerService: nativeRtGetPowerHidlValue: 3838704
02-13 18:42:39.766  2904  3990 I SmartChgBase/Data: get scene=vbat, value=3838704
02-13 18:42:39.766  2904  3990 I SmartChgBase/Data: , ret=0
02-13 18:42:39.766  2904  3990 I SmartChgBase/Data: RawGetDataValue capacity
02-13 18:42:39.766  2904  3990 E SmartChgBase/File: file /data/user_de/0/com.huawei.systemmanager/files/smart_charge/base/mock/enable is invalid in IsFileExist
02-13 18:42:39.776  1917  2289 I Fsm_SensorPostureProcess: onSensorChanged: 0.39800003, 7.9210005, 5.767, 0.282, 8.047, 5.597, 178.93701