--------- beginning of main
02-13 19:34:01.003  2858  3555 D HwViewRootImpl: [DetectViewsLocationRunner] deviceOrientation: 0
02-13 19:34:01.003  2858  3555 D HwViewRootImpl: [DetectViewsLocationRunner-ScreenDirection] ROTATION_0
02-13 19:34:01.003  2858  3555 D HwViewRootImpl: [DetectViewsLocationRunner] get views' rect = 0, SCENE_WINDOW_FOCUS_CHANGE
02-13 19:34:01.004   971   971 I TS_Service: hwTsRunCommand
02-13 19:34:01.004   971   971 E TS_HAL  : huawei_tp_run_command: call
02-13 19:34:01.004   971   971 E TS_HAL  : huawei_tp_multi_run_command: call
02-13 19:34:01.004   971   971 E vendor.huawei.hardware.tp@1.0-service: Async
02-13 19:34:01.004   971   971 I aptouch_daemon: ret = OK
02-13 19:34:01.004  1177  1424 I aptouch_daemon: begin, cmd[0], flag[17]
02-13 19:34:01.005  1177  1424 I aptouch_daemon: Excute:86: cmd=TSA_ExecuteCommand, param=THP_UpdateViewsLocation com.huawei.android.launcher#SCENE_WINDOW_FOCUS_CHANGE
02-13 19:34:01.005  1177  1424 I tpd_client: TSA_ExecuteCommand, THP_UpdateViewsLocation com.huawei.android.launcher#SCENE_WINDOW_FOCUS_CHANGE
--------- beginning of system
02-13 19:34:01.061  1917  1931 I HwActivityManagerServiceEx: provider is prevented for not-prevent
02-13 19:34:01.062  1917  1931 I ContentProviderHelper: Successfully start provider ContentProviderRecord{380c2a0 u0 com.huawei.android.totemweather/.provider.SharedPreferenceProvider} launchingApp=null caller pid= 2858
02-13 19:34:01.064  2837  3196 E NumberUtils: Number Format err! str: 
02-13 19:34:01.065  2837  3429 I PG_ash  : pkg com.huawei.android.launcher calling: com.huawei.android.totemweather, pid: -1 ,type: acquire_provider
02-13 19:34:01.065  2837  3429 I PG_ash  : com.huawei.android.totemweather is called by front app, D to R
02-13 19:34:01.065  2837  3429 I ash_trans: com.huawei.android.totemweather { doze duration=1559 Uptime=1559 } transition to: running reason:be_called_acquire_provider
02-13 19:34:01.065  2837  3429 I PG_ash  : clear_nap unP_GPS : com.huawei.android.totemweather
02-13 19:34:01.067  1917  4182 I PGManagerService: unproxy gps com.huawei.android.totemweather 10076 success
02-13 19:34:01.068  2837  3429 I PG_ash  : unP_gps com.huawei.android.totemweather OK !
02-13 19:34:01.068  2837  3429 I PG_ash  : perform running actions!
02-13 19:34:01.068  2837  3429 I PG_ash  : running package: com.huawei.android.totemweather, visible: false
02-13 19:34:01.068  2837  3429 I PG_ash  : has widget app: com.huawei.android.totemweather
02-13 19:34:01.064  2837  2837 W com.huawei.iaware: type=1400 audit(0.0:54032): avc: granted { getattr } for comm=616374696F6E732068616E646C6572 path="/data/system/users/0/appwidgets.xml" dev="sdd87" ino=1342161 scontext=u:r:system_app:s0 tcontext=u:object_r:system_data_file:s0 tclass=file
02-13 19:34:01.077  2858  2858 E ndroid.launche: No package ID ff found for ID 0xffffffff.
02-13 19:34:01.078  2858  2858 E ndroid.launche: No package ID ff found for ID 0xffffffff.
02-13 19:34:01.079  2858 13128 W ContextImpl: Failed to ensure /data/user_de/0/com.huawei.android.totemweather/shared_prefs: mkdir failed: ENOENT (No such file or directory)
02-13 19:34:01.082  2858 13128 W ContextImpl: Failed to ensure /data/user_de/0/com.huawei.android.totemweather/shared_prefs: mkdir failed: ENOENT (No such file or directory)
02-13 19:34:01.244 30832 30832 I HMSSDK_AnalyticsCacheManager: Timeout execCacheBi.
02-13 19:34:01.245 30832 30832 I HMSSDK_AnalyticsCacheManager: execCacheBi: cache size: 0
02-13 19:34:01.387   685 30728 I keystore2: keystore2::watchdog: Watchdog thread idle -> terminating. Have a great day.
02-13 19:34:01.570  2695  2695 I HwMSDPMovementManager: getCurrentMovement type 0
02-13 19:34:01.572   928   928 I ArHal   : (ArDataGetState:1476):id[2]
02-13 19:34:01.573   928   928 W ArHal   : (ArDataGetActivityIndex:248):invalid activity[63]
02-13 19:34:01.573   928   928 W ArHal   : (ArDataGetState:1507):unknown activity[63], discard
02-13 19:34:01.575  2695  2695 I L_HmsMsdpClient: [LocKit LogLocation.java:1] arId = 63
02-13 19:34:01.594  1917  1952 W ProcessStats: Tracking association SourceState{fe3dca system/1000 BTopFgs #81380} whose proc state 2 is better than process ProcessState{7500b3b com.tailscale.ipn/10773 pkg=com.tailscale.ipn} proc state 3 (24 skipped)
02-13 19:34:01.887  2739  3044 I PerformanceModeManager: sendPerformanceModeCmd isEnable = false
02-13 19:34:01.891  1917  1931 I PowerManagerService:  schedul eye detect nextTimeout: 63800702 now: 63750228 mRemainTime: 10000
02-13 19:34:01.912  1917  1931 I PowerManagerService:  schedul eye detect nextTimeout: 63800702 now: 63750249 mRemainTime: 10000
02-13 19:34:01.915  1917  4182 I PowerManagerService:  schedul eye detect nextTimeout: 63800702 now: 63750252 mRemainTime: 10000
02-13 19:34:01.933  1917  1931 I PowerManagerService:  schedul eye detect nextTimeout: 63800702 now: 63750270 mRemainTime: 10000
02-13 19:34:02.041  2739  3044 I OllieMsgCenter: publishEvt=2135097353
02-13 19:34:02.156  1489  1523 I Thermal-daemon:ambient: UpdateTimeStamp: is first history!!
02-13 19:34:02.170  1489  1523 I Thermal-daemon:ambient: UpdateCurrentInfo: devCurrent 207, last_avg_current -397, clear history input array
02-13 19:34:02.403 22124 22135 I bms_behavior: runState = 1, cvStatus = 1 
02-13 19:34:02.410  1917  2254 I ActivityManager: sendIntentSender target:PendingIntentRecord{61239e9 com.android.phone broadcastIntent}, intent:flg=0x4 hwFlg=0x810
02-13 19:34:02.410 22124 22135 E bms_file: file /sys/class/hw_power/charger/direct_charger_sc4/direct_charge_succ is invalid
02-13 19:34:02.412  1917  2254 I PowerManagerService:  schedul eye detect nextTimeout: 63800702 now: 63750749 mRemainTime: 10000
02-13 19:34:02.416 22124 22135 E bms_file: file /sys/class/hw_power/charger/direct_charger_sc4/direct_charge_succ is invalid
02-13 19:34:02.417  2739  4994 D HwCommBoosterService: reportBoosterPara enter
02-13 19:34:02.417  2739  4994 D HwCommBoosterManager: reportBoosterPara enter
02-13 19:34:02.417  2739  4994 D HwCommBoosterManager: pluginId: -1
02-13 19:34:02.417  2739  3044 D HwCommBoosterManager: handleBoosterMessageSendModuleDataToPlugin enter
02-13 19:34:02.418  2739  3044 I DollieDcTracterAdapter: handleSendGetTcpSumToKernel enter
02-13 19:34:02.418  2739  3276 I DollieDcTracterAdapter: recvNativeData tcpTxSum:94019, tcpRxDataPktSum:99057, dnsTxDataPktSum:2874, dnsRxDataPktSum:2860, dnsNoDownlinkRecovery:0, dnsNoDownlinkThres:22
02-13 19:34:02.421 22124 22135 E bms_file: file /sys/class/hw_power/coul/coul_data/rbatt is invalid
02-13 19:34:02.421  1917  1931 V BroadcastQueue: Finished with ordered broadcast BroadcastRecord{d80e20a u0 com.android.internal.telephony.data-stall}
02-13 19:34:02.421 22124 22135 E bms_file: file /sys/class/hw_power/bat_heating/heat_up is invalid
02-13 19:34:02.422  1917  1917 I PowerManagerService:  schedul eye detect nextTimeout: 63800702 now: 63750759 mRemainTime: 10000
02-13 19:34:02.439 22124 22135 E bms_file: file /sys/class/hw_power/charger/direct_charger_sc4/direct_charge_succ is invalid
02-13 19:34:02.444 22124 22135 E bms_file: file /sys/class/hw_power/charger/direct_charger_sc4/direct_charge_succ is invalid
02-13 19:34:02.444 22124 22135 E bms_file: file /sys/class/hw_power/charger/direct_charger_sc4/direct_charge_succ is invalid
02-13 19:34:02.445 22124 22135 I bms_behavior: monitor interval count 637, name: battery_gauge
02-13 19:34:02.570  2695  2695 I HwMSDPMovementManager: getCurrentMovement type 0
02-13 19:34:02.571   928   928 I ArHal   : (ArDataGetState:1476):id[2]
02-13 19:34:02.572   928   928 W ArHal   : (ArDataGetActivityIndex:248):invalid activity[63]
02-13 19:34:02.572   928   928 W ArHal   : (ArDataGetState:1507):unknown activity[63], discard
02-13 19:34:02.574  2695  2695 I L_HmsMsdpClient: [LocKit LogLocation.java:1] arId = 63
02-13 19:34:02.599  1492  5714 D AwareLog: iawared: DoHighCpuUsageWork 2s.
02-13 19:34:02.601  1492  5714 D AwareLog: iawared: getline line is = 27007 5293315032000
02-13 19:34:02.601  1492  5714 D AwareLog: 
02-13 19:34:02.601  1492  5714 D AwareLog: iawared: GetTaskCpuLoad start.
02-13 19:34:02.601  1492  5714 D AwareLog: iawared: getTaskCpuLoad clock_time_diff = 2003
02-13 19:34:02.601  1492  5714 D AwareLog: iawared: getTaskCpuLoad proc_cputime_diff = 0
02-13 19:34:02.601  1492  5714 D AwareLog: iawared: getTaskCpuLoad end, cpu load less than last use
02-13 19:34:02.601  1492  5714 D AwareLog: iawared: this line is null or len is zero, continue read next.
02-13 19:34:02.778  1917  1931 I HwConnectivityServiceEx: set 1000, metered: true, value: false
02-13 19:34:03.235  1102  1496 I VSyncPredictor: setPeriod: 16666666
02-13 19:34:03.311 22124 22136 I bms_behavior: runState = 1, cvStatus = 1 
02-13 19:34:03.318 22124 22136 E bms_file: file /sys/class/hw_power/charger/direct_charger_sc4/direct_charge_succ is invalid
02-13 19:34:03.323 22124 22136 E bms_file: file /sys/class/hw_power/charger/direct_charger_sc4/direct_charge_succ is invalid
02-13 19:34:03.327 22124 22136 E bms_file: file /sys/class/hw_power/coul/coul_data/rbatt is invalid
02-13 19:34:03.327 22124 22136 E bms_file: file /sys/class/hw_power/bat_heating/heat_up is invalid
02-13 19:34:03.344 22124 22136 E bms_file: file /sys/class/hw_power/charger/direct_charger_sc4/direct_charge_succ is invalid
02-13 19:34:03.349 22124 22136 E bms_file: file /sys/class/hw_power/charger/direct_charger_sc4/direct_charge_succ is invalid
02-13 19:34:03.350 22124 22136 E bms_file: file /sys/class/hw_power/charger/direct_charger_sc4/direct_charge_succ is invalid
02-13 19:34:03.350 22124 22136 I bms_behavior: monitor interval count 637, name: battery_gauge_aux
02-13 19:34:03.424  1917  4182 I AlarmManager: set(PendingIntent{406d098: PendingIntentRecord{61239e9 com.android.phone broadcastIntent}}) : type=3 triggerAtTime=70486041 win=7500 tElapsed=70486041 maxElapsed=70493541 interval=0 flags=0x8 at=+10000ms uid=1001 count=1
02-13 19:34:03.555 22124 22137 I bms_behavior: runState = 1, cvStatus = 1 
02-13 19:34:03.567 22124 22137 E bms_file: file /sys/class/hw_power/charger/direct_charger_sc4/direct_charge_succ is invalid
02-13 19:34:03.570  2695  2695 I HwMSDPMovementManager: getCurrentMovement type 0
02-13 19:34:03.572   928   928 I ArHal   : (ArDataGetState:1476):id[2]
02-13 19:34:03.572 22124 22137 E bms_file: file /sys/class/hw_power/charger/direct_charger_sc4/direct_charge_succ is invalid
02-13 19:34:03.573   928   928 W ArHal   : (ArDataGetActivityIndex:248):invalid activity[63]
02-13 19:34:03.573   928   928 W ArHal   : (ArDataGetState:1507):unknown activity[63], discard
02-13 19:34:03.574  2695  2695 I L_HmsMsdpClient: [LocKit LogLocation.java:1] arId = 63
02-13 19:34:03.576 22124 22137 E bms_file: file /sys/class/hw_power/coul/coul_data/rbatt is invalid
02-13 19:34:03.576 22124 22137 E bms_file: file /sys/class/hw_power/bat_heating/heat_up is invalid
02-13 19:34:03.600 22124 22137 E bms_file: file /sys/class/hw_power/charger/direct_charger_sc4/direct_charge_succ is invalid
02-13 19:34:03.605 22124 22137 E bms_file: file /sys/class/hw_power/charger/direct_charger_sc4/direct_charge_succ is invalid
02-13 19:34:03.606 22124 22137 E bms_file: file /sys/class/hw_power/charger/direct_charger_sc4/direct_charge_succ is invalid
02-13 19:34:03.607 22124 22137 I bms_behavior: monitor interval count 636, name: Battery
02-13 19:34:04.045  2739  3044 I OllieMsgCenter: publishEvt=2135097353
02-13 19:34:04.279   935   935 E android.hardware.power.stats@1.0-service-mock: Failed to getEnergyData
02-13 19:34:04.570  2695  2695 I HwMSDPMovementManager: getCurrentMovement type 0
02-13 19:34:04.572   928   928 I ArHal   : (ArDataGetState:1476):id[2]
02-13 19:34:04.573   928   928 W ArHal   : (ArDataGetActivityIndex:248):invalid activity[63]
02-13 19:34:04.573   928   928 W ArHal   : (ArDataGetState:1507):unknown activity[63], discard
02-13 19:34:04.575  2695  2695 I L_HmsMsdpClient: [LocKit LogLocation.java:1] arId = 63
02-13 19:34:04.603  1492  5714 D AwareLog: iawared: DoHighCpuUsageWork 2s.
02-13 19:34:04.604  1492  5714 D AwareLog: iawared: getline line is = 27007 5293315032000
02-13 19:34:04.604  1492  5714 D AwareLog: 
02-13 19:34:04.604  1492  5714 D AwareLog: iawared: GetTaskCpuLoad start.
02-13 19:34:04.604  1492  5714 D AwareLog: iawared: getTaskCpuLoad clock_time_diff = 2003
02-13 19:34:04.604  1492  5714 D AwareLog: iawared: getTaskCpuLoad proc_cputime_diff = 0
02-13 19:34:04.604  1492  5714 D AwareLog: iawared: getTaskCpuLoad end, cpu load less than last use
02-13 19:34:04.605  1492  5714 D AwareLog: iawared: this line is null or len is zero, continue read next.
02-13 19:34:04.819  1917 18117 I MQoS    : MSG_QUERY_TCP_INFO called,count:655
02-13 19:34:04.819  1917  2411 I QosMonitor: call ctrlHwWifiNetwork
02-13 19:34:04.819  1917 18117 I HwConnectivityServiceEx: set 1000, metered: true, value: false
02-13 19:34:04.820  1917  2411 I QosMonitor: postEventFromNative: msg=100,arg1=0,arg2=10
02-13 19:34:04.821  1917  2411 I MQoS    : rtt=192,tcpTxPkts=256286,tcpRxPkts=306988
02-13 19:34:04.821  1917 18117 I HwConnectivityServiceEx: set 1000, metered: true, value: false
02-13 19:34:04.822  1917 18117 E MQoS    : unkown RAT!
02-13 19:34:04.822  1917 18117 I TrafficMonitor: count:1,rx_sum:0,tx_sum:0,rxBytes:0,during_ms:0,rx_speed:0.0,tx_speed:0.0,rto:0.0
02-13 19:34:04.822  1917 18117 I MQoS    : QOS_level:5(5),use RAT:unknownRAT;signalLvl:5
02-13 19:34:05.360   886   910 I libnetd_resolv: ApiCount[0, 0, 0, 149, 0, 0, 0, 8, 1, 3, 1599, 732, 809, 237, 148, 19, 173, 0, 2127, 19302, 3]
02-13 19:34:05.367  1489  1489 I Thermal-daemon:hw_thermal: [shell_back] tempNew :40  tempOld :41
02-13 19:34:05.367  1917  3136 I PowerManagerService:  schedul eye detect nextTimeout: 63800702 now: 63753704 mRemainTime: 10000
02-13 19:34:05.367  1489  1489 I Thermal-daemon:hw_thermal: Report temperature: [shell_back] temp :40  reportThreshold:1
02-13 19:34:05.368  1489  1489 I Thermal-daemon:hw_thermal: [charger_ic] tempNew :46  tempOld :47
02-13 19:34:05.368  1489  1489 I Thermal-daemon:hw_thermal: Report temperature: [charger_ic] temp :46  reportThreshold:1
02-13 19:34:05.372  1917  3136 D TelephonyManager: requestModemActivityInfo: Sending result to app: ModemActivityInfo{ mTimestamp=70477989 mSleepTimeMs=625 mIdleTimeMs=625 mTxTimeMs[]=[625, 625, 625, 625, 625] mRxTimeMs=625}
02-13 19:34:05.372  2837  3485 W AwareLog: UniScheduleDMEPlugin: add load record in temp
02-13 19:34:05.373  1917  1931 I PowerManagerService:  schedul eye detect nextTimeout: 63800702 now: 63753710 mRemainTime: 10000
02-13 19:34:05.373  2837  3485 W AwareLog: UniScheduleDMEPlugin: downgradeSwitch is not open.
02-13 19:34:05.380  1917  1977 D KernelCpuUidUserSysTimeReader: Removing uids 99091-99091
02-13 19:34:05.571  2695  2695 I HwMSDPMovementManager: getCurrentMovement type 0
02-13 19:34:05.573   928   928 I ArHal   : (ArDataGetState:1476):id[2]
02-13 19:34:05.574   928   928 W ArHal   : (ArDataGetActivityIndex:248):invalid activity[63]
02-13 19:34:05.574   928   928 W ArHal   : (ArDataGetState:1507):unknown activity[63], discard
02-13 19:34:05.576  2695  2695 I L_HmsMsdpClient: [LocKit LogLocation.java:1] arId = 63
02-13 19:34:05.748  1917  1931 I PowerManagerService:  schedul eye detect nextTimeout: 63800702 now: 63754085 mRemainTime: 10000
02-13 19:34:05.754  2739  2739 I OllieModemStatusUnsolInfo: NR RSRP changed :-93  slotId:0
02-13 19:34:05.754  2739  3044 I OllieMsgCenter: publishEvt=2131231328
02-13 19:34:05.755  2739  3044 I NetworkPredictMatcher: checkIsNr netType: 6masterSlotId: 0
02-13 19:34:05.755  2739  3044 I NetworkPredictMatcher: checkIsNr netType: 6masterSlotId: 0
02-13 19:34:05.755  2739  3044 I NetworkPredictMatcher: checkIsNr netType: 6masterSlotId: 0
02-13 19:34:05.755  2739  3044 I NetworkPredictMatcher: checkIsNr netType: 6masterSlotId: 0
02-13 19:34:05.761  2739  3044 I NetworkPredictMatcher: checkIsNr netType: 6masterSlotId: 0
02-13 19:34:05.761  2739  3044 I NetworkPredictMatcher: checkIsNr netType: 6masterSlotId: 0
02-13 19:34:05.762  2739  3044 I NetworkPredictMatcher: checkIsNr netType: 6masterSlotId: 0
02-13 19:34:05.762  2739  3044 I NetworkPredictMatcher: checkIsNr netType: 6masterSlotId: 0
02-13 19:34:05.763  1917  1917 I MQoS    : onSignal: mSubId=0,currDataSubID=0
02-13 19:34:05.764  1917  1917 I MQoS    : received cell-signal:5
02-13 19:34:05.765  2739  2739 D Hicom_TelephonyUtil: onSignalStrengthsChanged
02-13 19:34:05.765  2739  2739 D Hicom_TelephonyUtil: handleSignalStrengthsChanged slotId:0
02-13 19:34:05.766  2739  3044 I OllieMsgCenter: publishEvt=2131099741
02-13 19:34:05.768  1917  1931 I PowerManagerService:  schedul eye detect nextTimeout: 63800702 now: 63754105 mRemainTime: 10000
02-13 19:34:05.772  2739  2739 I OllieModemStatusUnsolInfo: NR RSRP changed :-93  slotId:0
02-13 19:34:05.772  2739  3044 I OllieMsgCenter: publishEvt=2131231328
02-13 19:34:05.772  2739  3044 I NetworkPredictMatcher: checkIsNr netType: 6masterSlotId: 0
02-13 19:34:05.772  2739  3044 I NetworkPredictMatcher: checkIsNr netType: 6masterSlotId: 0
02-13 19:34:05.772  2739  3044 I NetworkPredictMatcher: checkIsNr netType: 6masterSlotId: 0
02-13 19:34:05.772  2739  3044 I NetworkPredictMatcher: checkIsNr netType: 6masterSlotId: 0
02-13 19:34:05.776  1917  1917 I MQoS    : onSignal: mSubId=0,currDataSubID=0
02-13 19:34:05.777  1917  1917 I MQoS    : received cell-signal:5
02-13 19:34:05.778  2739  3044 I NetworkPredictMatcher: checkIsNr netType: 6masterSlotId: 0
02-13 19:34:05.778  2739  3044 I NetworkPredictMatcher: checkIsNr netType: 6masterSlotId: 0
02-13 19:34:05.778  2739  3044 I NetworkPredictMatcher: checkIsNr netType: 6masterSlotId: 0
02-13 19:34:05.778  2739  3044 I NetworkPredictMatcher: checkIsNr netType: 6masterSlotId: 0
02-13 19:34:05.779  2739  2739 D Hicom_TelephonyUtil: onSignalStrengthsChanged
02-13 19:34:05.779  2739  2739 D Hicom_TelephonyUtil: handleSignalStrengthsChanged slotId:0
02-13 19:34:05.780  2739  3044 I OllieMsgCenter: publishEvt=2131099741
02-13 19:34:05.887  5314  5318 D hmi_service: [RecvFromKernel:160] no data, m_netlinkFd: 4
02-13 19:34:05.970  1917  1931 I PowerManagerService:  schedul eye detect nextTimeout: 63800702 now: 63754307 mRemainTime: 10000
02-13 19:34:06.048  2739  3044 I OllieMsgCenter: publishEvt=2135097353
02-13 19:34:06.049  2739  3044 I OllieMsgCenter: publishEvt=2135097345
02-13 19:34:06.049  2739  3044 E SpeedLimitTestNotifier: mIsTopActivity false
02-13 19:34:06.224  1102  1496 I VSyncPredictor: setPeriod: 16666666
02-13 19:34:06.571  2695  2695 I HwMSDPMovementManager: getCurrentMovement type 0
02-13 19:34:06.572   928   928 I ArHal   : (ArDataGetState:1476):id[2]
02-13 19:34:06.573   928   928 W ArHal   : (ArDataGetActivityIndex:248):invalid activity[63]
02-13 19:34:06.573   928   928 W ArHal   : (ArDataGetState:1507):unknown activity[63], discard
02-13 19:34:06.575  2695  2695 I L_HmsMsdpClient: [LocKit LogLocation.java:1] arId = 63
02-13 19:34:06.607  1492  5714 D AwareLog: iawared: DoHighCpuUsageWork 2s.
02-13 19:34:06.608  1492  5714 D AwareLog: iawared: getline line is = 27007 5293315032000
02-13 19:34:06.608  1492  5714 D AwareLog: 
02-13 19:34:06.608  1492  5714 D AwareLog: iawared: GetTaskCpuLoad start.
02-13 19:34:06.608  1492  5714 D AwareLog: iawared: getTaskCpuLoad clock_time_diff = 2003
02-13 19:34:06.608  1492  5714 D AwareLog: iawared: getTaskCpuLoad proc_cputime_diff = 0
02-13 19:34:06.608  1492  5714 D AwareLog: iawared: getTaskCpuLoad end, cpu load less than last use
02-13 19:34:06.608  1492  5714 D AwareLog: iawared: this line is null or len is zero, continue read next.
02-13 19:34:07.176  1489  1523 I Thermal-daemon:ambient: UpdateTimeStamp: is first history!!
02-13 19:34:07.447 22124 22135 I bms_behavior: runState = 1, cvStatus = 1 
02-13 19:34:07.459 22124 22135 E bms_file: file /sys/class/hw_power/charger/direct_charger_sc4/direct_charge_succ is invalid
02-13 19:34:07.466 22124 22135 E bms_file: file /sys/class/hw_power/charger/direct_charger_sc4/direct_charge_succ is invalid
02-13 19:34:07.472 22124 22135 E bms_file: file /sys/class/hw_power/coul/coul_data/rbatt is invalid
02-13 19:34:07.473 22124 22135 E bms_file: file /sys/class/hw_power/bat_heating/heat_up is invalid
02-13 19:34:07.499 22124 22135 E bms_file: file /sys/class/hw_power/charger/direct_charger_sc4/direct_charge_succ is invalid
02-13 19:34:07.506 22124 22135 E bms_file: file /sys/class/hw_power/charger/direct_charger_sc4/direct_charge_succ is invalid
02-13 19:34:07.506 22124 22135 E bms_file: file /sys/class/hw_power/charger/direct_charger_sc4/direct_charge_succ is invalid
02-13 19:34:07.508 22124 22135 I bms_behavior: monitor interval count 638, name: battery_gauge
02-13 19:34:07.573  2695  2695 I HwMSDPMovementManager: getCurrentMovement type 0
02-13 19:34:07.576   928   928 I ArHal   : (ArDataGetState:1476):id[2]
02-13 19:34:07.580   928   928 W ArHal   : (ArDataGetActivityIndex:248):invalid activity[63]
02-13 19:34:07.580   928   928 W ArHal   : (ArDataGetState:1507):unknown activity[63], discard
02-13 19:34:07.584  2695  2695 I L_HmsMsdpClient: [LocKit LogLocation.java:1] arId = 63
02-13 19:34:08.056  2739  3044 I OllieMsgCenter: publishEvt=2135097353
02-13 19:34:08.354 22124 22136 I bms_behavior: runState = 1, cvStatus = 1 
02-13 19:34:08.365 22124 22136 E bms_file: file /sys/class/hw_power/charger/direct_charger_sc4/direct_charge_succ is invalid
02-13 19:34:08.373 22124 22136 E bms_file: file /sys/class/hw_power/charger/direct_charger_sc4/direct_charge_succ is invalid
02-13 19:34:08.379 22124 22136 E bms_file: file /sys/class/hw_power/coul/coul_data/rbatt is invalid
02-13 19:34:08.380 22124 22136 E bms_file: file /sys/class/hw_power/bat_heating/heat_up is invalid
02-13 19:34:08.404 22124 22136 E bms_file: file /sys/class/hw_power/charger/direct_charger_sc4/direct_charge_succ is invalid
02-13 19:34:08.411 22124 22136 E bms_file: file /sys/class/hw_power/charger/direct_charger_sc4/direct_charge_succ is invalid
02-13 19:34:08.412 22124 22136 E bms_file: file /sys/class/hw_power/charger/direct_charger_sc4/direct_charge_succ is invalid
02-13 19:34:08.414 22124 22136 I bms_behavior: monitor interval count 638, name: battery_gauge_aux
02-13 19:34:08.574  2695  2695 I HwMSDPMovementManager: getCurrentMovement type 0
02-13 19:34:08.576   928   928 I ArHal   : (ArDataGetState:1476):id[2]
02-13 19:34:08.580   928   928 W ArHal   : (ArDataGetActivityIndex:248):invalid activity[63]
02-13 19:34:08.580   928   928 W ArHal   : (ArDataGetState:1507):unknown activity[63], discard
02-13 19:34:08.583  2695  2695 I L_HmsMsdpClient: [LocKit LogLocation.java:1] arId = 63
02-13 19:34:08.612 22124 22137 I bms_behavior: runState = 1, cvStatus = 1 
02-13 19:34:08.612  1492  5714 D AwareLog: iawared: DoHighCpuUsageWork 2s.
02-13 19:34:08.614  1492  5714 D AwareLog: iawared: getline line is = 27007 5293315032000
02-13 19:34:08.614  1492  5714 D AwareLog: 
02-13 19:34:08.615  1492  5714 D AwareLog: iawared: GetTaskCpuLoad start.
02-13 19:34:08.615  1492  5714 D AwareLog: iawared: getTaskCpuLoad clock_time_diff = 2006
02-13 19:34:08.615  1492  5714 D AwareLog: iawared: getTaskCpuLoad proc_cputime_diff = 0
02-13 19:34:08.615  1492  5714 D AwareLog: iawared: getTaskCpuLoad end, cpu load less than last use
02-13 19:34:08.615  1492  5714 D AwareLog: iawared: this line is null or len is zero, continue read next.
02-13 19:34:08.630 22124 22137 E bms_file: file /sys/class/hw_power/charger/direct_charger_sc4/direct_charge_succ is invalid
02-13 19:34:08.637 22124 22137 E bms_file: file /sys/class/hw_power/charger/direct_charger_sc4/direct_charge_succ is invalid
02-13 19:34:08.643 22124 22137 E bms_file: file /sys/class/hw_power/coul/coul_data/rbatt is invalid
02-13 19:34:08.644 22124 22137 E bms_file: file /sys/class/hw_power/bat_heating/heat_up is invalid
02-13 19:34:08.676 22124 22137 E bms_file: file /sys/class/hw_power/charger/direct_charger_sc4/direct_charge_succ is invalid
02-13 19:34:08.683 22124 22137 E bms_file: file /sys/class/hw_power/charger/direct_charger_sc4/direct_charge_succ is invalid
02-13 19:34:08.684 22124 22137 E bms_file: file /sys/class/hw_power/charger/direct_charger_sc4/direct_charge_succ is invalid
02-13 19:34:08.686 22124 22137 I bms_behavior: monitor interval count 637, name: Battery
02-13 19:34:09.248  1102  1496 I VSyncPredictor: setPeriod: 16666666
02-13 19:34:09.523  2739  3044 I OllieMsgCenter: publishEvt=2135097345
02-13 19:34:09.523  2739  3044 E SpeedLimitTestNotifier: mIsTopActivity false
02-13 19:34:09.573  2695  2695 I HwMSDPMovementManager: getCurrentMovement type 0
02-13 19:34:09.576   928   928 I ArHal   : (ArDataGetState:1476):id[2]
02-13 19:34:09.577   928   928 W ArHal   : (ArDataGetActivityIndex:248):invalid activity[63]
02-13 19:34:09.578   928   928 W ArHal   : (ArDataGetState:1507):unknown activity[63], discard
02-13 19:34:09.581  2695  2695 I L_HmsMsdpClient: [LocKit LogLocation.java:1] arId = 63
02-13 19:34:10.066  2739  3044 I SpeedTestNotifier: is low speed scene
02-13 19:34:10.066  2739  3044 I OllieMsgCenter: publishEvt=2135097353
02-13 19:34:10.258  1917  2272 I BatteryService: Processing new values: info={.chargerAcOnline = true, .chargerUsbOnline = false, .chargerWirelessOnline = false, .maxChargingCurrent = 0, .maxChargingVoltage = 0, .batteryStatus = CHARGING, .batteryHealth = GOOD, .batteryPresent = true, .batteryLevel = 41, .batteryVoltage = 3954, .batteryTemperature = 390, .batteryCurrent = 1353, .batteryCycleCount = 861, .batteryFullCharge = 4406, .batteryChargeCounter = 3000, .batteryTechnology = Li-poly}, mBatteryLevelCritical=false, mPlugType=1, batteryStatus=2
02-13 19:34:10.259  1917  2272 E BatteryService: no autopoweroff in settings
02-13 19:34:10.381  1489  1489 I Thermal-daemon:hw_thermal: [ap] tempNew :45  tempOld :46
02-13 19:34:10.383  1489  1489 I Thermal-daemon:hw_thermal: Report temperature: [ap] temp :45  reportThreshold:1
02-13 19:34:10.388  2837  3485 W AwareLog: UniScheduleDMEPlugin: add load record in temp
02-13 19:34:10.389  2837  3485 W AwareLog: UniScheduleDMEPlugin: downgradeSwitch is not open.
02-13 19:34:10.573  2695  2695 I HwMSDPMovementManager: getCurrentMovement type 0
02-13 19:34:10.576   928   928 I ArHal   : (ArDataGetState:1476):id[2]
02-13 19:34:10.578   928   928 W ArHal   : (ArDataGetActivityIndex:248):invalid activity[63]
02-13 19:34:10.578   928   928 W ArHal   : (ArDataGetState:1507):unknown activity[63], discard
02-13 19:34:10.582  2695  2695 I L_HmsMsdpClient: [LocKit LogLocation.java:1] arId = 63
02-13 19:34:10.621  1492  5714 D AwareLog: iawared: DoHighCpuUsageWork 2s.
02-13 19:34:10.623  1492  5714 D AwareLog: iawared: getline line is = 27007 5293315032000
02-13 19:34:10.623  1492  5714 D AwareLog: 
02-13 19:34:10.623  1492  5714 D AwareLog: iawared: GetTaskCpuLoad start.
02-13 19:34:10.624  1492  5714 D AwareLog: iawared: getTaskCpuLoad clock_time_diff = 2008
02-13 19:34:10.624  1492  5714 D AwareLog: iawared: getTaskCpuLoad proc_cputime_diff = 0
02-13 19:34:10.624  1492  5714 D AwareLog: iawared: getTaskCpuLoad end, cpu load less than last use
02-13 19:34:10.624  1492  5714 D AwareLog: iawared: this line is null or len is zero, continue read next.
02-13 19:34:10.816  2837  3429 I ash_dd  : com.huawei.intelligent not ctrl when screen on, delay to D!
02-13 19:34:10.817  2837  3429 W AppInfoMgr: not found owner uid for pkg:com.huawei.health
02-13 19:34:10.817  2837  3429 I ash_dd  : com.huawei.iconnect not ctrl in charging, delay to D!
02-13 19:34:10.818  2837  3429 W AppInfoMgr: not found owner uid for pkg:com.huawei.health
02-13 19:34:10.818  2837  3429 I ash_dd  : com.huawei.airlink not ctrl in charging, delay to D!
02-13 19:34:10.818  2837  3429 I ash_dd  : com.huawei.hiaction not ctrl when screen on, delay to D!
02-13 19:34:10.818  2837  3429 I ash_dd  : com.huawei.recsys not ctrl in charging, delay to D!
02-13 19:34:10.819  2837  3429 W AppInfoMgr: not found owner uid for pkg:com.huawei.health
02-13 19:34:10.819  2837  3429 I ash_dd  : com.huawei.nearby not ctrl in charging, delay to D!
02-13 19:34:10.819  2837  3429 I ash_dd  : com.huawei.systemmanager not ctrl when screen on, delay to D!
02-13 19:34:10.819  2837  3429 I ash_dd  : com.huawei.contentsensor not ctrl when screen on, delay to D!
02-13 19:34:10.819  2837  3429 I ash_dd  : com.tailscale.ipn not ctrl in charging, delay to D!
02-13 19:34:10.819  2837  3429 I ash_dd  : com.huawei.hiai not ctrl when screen on, delay to D!
02-13 19:34:10.819  2837  3429 I ash_dd  : com.android.settings not ctrl in charging, delay to D!
02-13 19:34:10.821  2837  3429 I ash_dd  : com.huawei.lbs not ctrl in charging, delay to D!
02-13 19:34:10.889  5314  5318 D hmi_service: [RecvFromKernel:160] no data, m_netlinkFd: 4
02-13 19:34:11.054  1499  1538 D SensorHub: huawei Hal get step event
02-13 19:34:11.074  2837  3429 I PG_ash  : com.huawei.android.totemweather not check download condition with no dl requisites
02-13 19:34:11.074  2837  3429 I ash_trans: com.huawei.android.totemweather { running duration=10006 Uptime=10006 } transition to: doze reason:app_type_unknown unknown_state unknown_state
02-13 19:34:11.072  2837  2837 W com.huawei.iaware: type=1400 audit(0.0:54033): avc: granted { getattr } for comm=616374696F6E732068616E646C6572 path="/data/system/users/0/appwidgets.xml" dev="sdd87" ino=1342161 scontext=u:r:system_app:s0 tcontext=u:object_r:system_data_file:s0 tclass=file
02-13 19:34:11.072  2837  2837 W com.huawei.iaware: type=1400 audit(0.0:54034): avc: granted { getattr } for comm=616374696F6E732068616E646C6572 path="/data/system/users/0/appwidgets.xml" dev="sdd87" ino=1342161 scontext=u:r:system_app:s0 tcontext=u:object_r:system_data_file:s0 tclass=file
02-13 19:34:11.075  2837  3429 I APwPowerPolicy:  one day not front to ignore gps: com.huawei.android.totemweather
02-13 19:34:11.075  2837  3429 I PG_ash  : perform_nap P_GPS : com.huawei.android.totemweather
02-13 19:34:11.075  2837  3429 I PG_ash  : perform_nap set bgcheck : com.huawei.android.totemweather
02-13 19:34:11.076  2837  3429 I PG_ash  : com.huawei.android.totemweather not allow P_service in config list
02-13 19:34:11.076  2837  3429 I PG_ash  : com.huawei.android.totemweather not allow P_service in config list
02-13 19:34:11.080  1917  3136 I PGManagerService: proxy gps com.huawei.android.totemweather 10076 success
02-13 19:34:11.081  1917  3136 D PGManagerService:  uid:10076 is to d, begin bg check!
02-13 19:34:11.081  2837  3429 I PG_ash  : P_GPS com.huawei.android.totemweather OK !
02-13 19:34:11.082  2837  3429 I PG_ash  : set bgcheck com.huawei.android.totemweather OK !
02-13 19:34:11.082  2837  3429 I PG_ash  : nap package: com.huawei.android.totemweather, visible: false, bgTime: 22223514, scrOff: false
02-13 19:34:11.586  2695  2695 I HwMSDPMovementManager: getCurrentMovement type 0
02-13 19:34:11.588   928   928 I ArHal   : (ArDataGetState:1476):id[2]
02-13 19:34:11.594  2695  2695 I L_HmsMsdpClient: [LocKit LogLocation.java:1] arId = 4
02-13 19:34:12.070  2739  3044 I OllieMsgCenter: publishEvt=2135097353