--------- beginning of system
02-19 18:54:23.001 20774 20774 I TopResumedActivityChangeItem: execute start, ActivityClientRecord = ActivityRecord{671352f token=android.os.BinderProxy@9d783ae {com.voicedoc.app/com.voicedoc.app.MainActivity}}
02-19 18:54:23.001 20774 20774 D ActivityThread: Won't deliver top position change in state=5
02-19 18:55:58.018 20774 20774 I TopResumedActivityChangeItem: execute start, ActivityClientRecord = ActivityRecord{671352f token=android.os.BinderProxy@9d783ae {com.voicedoc.app/com.voicedoc.app.MainActivity}}
02-19 18:55:58.026 20774 20774 I LaunchActivityItem: execute start, token = android.os.BinderProxy@17cd401
02-19 18:55:58.034 20774 20774 V ActivityThread: callActivityOnCreate
02-19 18:55:58.095 20774 20774 I ActivityThread: add activity client record, r= ActivityRecord{d7a8c0c token=android.os.BinderProxy@17cd401 {com.voicedoc.app/com.voicedoc.app.SettingsActivity}} token= android.os.BinderProxy@17cd401
02-19 18:55:58.104 20774 20774 I TopResumedActivityChangeItem: execute start, ActivityClientRecord = ActivityRecord{d7a8c0c token=android.os.BinderProxy@17cd401 {com.voicedoc.app/com.voicedoc.app.SettingsActivity}}
--------- beginning of main
02-19 18:56:05.319 20774 20815 D HwViewRootImpl: [DetectViewsLocationRunner] displayPoint: Point(1080, 2504)
02-19 18:56:05.319 20774 20815 D HwViewRootImpl: [DetectViewsLocationRunner] windowModeType: 1
02-19 18:56:05.319 20774 20815 D HwViewRootImpl: [DetectViewsLocationRunner] lazyMode:
02-19 18:56:05.319 20774 20815 D HwViewRootImpl: [DetectViewsLocationRunner] current mode is full screen
02-19 18:56:05.319 20774 20774 D HwViewRootImpl: [DetectViewsLocationRunner] start to getViewHierarchy
02-19 18:56:05.320 20774 20815 D HwViewRootImpl: [DetectViewsLocationRunner] deviceOrientation: 0
02-19 18:56:05.321 20774 20815 D HwViewRootImpl: [DetectViewsLocationRunner-ScreenDirection] ROTATION_0
02-19 18:56:05.321 20774 20815 D HwViewRootImpl: [DetectViewsLocationRunner] get views' rect = 0, SCENE_GESTURE_SINGLE_TAP
02-19 18:56:06.512 20774 20774 I HwViewRootImpl: Add sceneId 11 topId: 10
02-19 18:56:06.512 20774 20774 I HwViewRootImpl: Add sceneId 5 topId: 11
02-19 18:56:06.512 20774 20774 D HwDragEnhancementImpl: handleTimerDrag: false
02-19 18:56:06.512 20774 20774 D HwDragEnhancementImpl: handleTimerDrag: false
02-19 18:56:06.512 20774 20774 D HwDragEnhancementImpl: handleTimerDrag: false
02-19 18:56:06.524 20774 20774 W Choreographer: Frame time is 3.297873 ms in the future!  Check that graphics HAL is generating vsync timestamps using the correct timebase.
02-19 18:56:06.526 20774 20774 D HwDragEnhancementImpl: Start long press for hw drag enhancement.
02-19 18:56:06.544 20774 20774 I HwViewRootImpl: Add sceneId 13 topId: 11
02-19 18:56:06.544 20774 20774 I HwViewRootImpl: Add sceneId 7 topId: 13
02-19 18:56:06.545 20774 20774 D HwDragEnhancementImpl: Touch move more than touch range.
02-19 18:56:06.560 20774 20774 W HiTouch_PressGestureDetector: Touch pointer move a lot. The moving distance of X is:12.174683, limit is:63The moving distance of Y is:72.833496, limit is:63
02-19 18:56:06.931 20774 20774 D HwViewRootImpl: [DetectViewsLocationRunner] current resolutionScale: 1.0
02-19 18:56:06.932 20774 20774 I HwViewRootImpl: remove sceneId 13 topId: 11
02-19 18:56:06.932 20774 20774 I HwViewRootImpl: remove sceneId 7 topId: 11
02-19 18:56:06.932 20774 20774 I HwViewRootImpl: remove sceneId 11 topId: 10
02-19 18:56:06.932 20774 20774 I HwViewRootImpl: remove sceneId 5 topId: 10
02-19 18:56:06.932 20774 20774 D WebViewDragEnhancement: dragReset.
02-19 18:56:06.932 20774 20774 D WebViewDragEnhancement: dragReset cacheSize = 0
02-19 18:56:07.574 20774 20774 I HwViewRootImpl: Add sceneId 11 topId: 10
02-19 18:56:07.574 20774 20774 I HwViewRootImpl: Add sceneId 5 topId: 11
02-19 18:56:07.576 20774 20774 D HwDragEnhancementImpl: handleTimerDrag: false
02-19 18:56:07.576 20774 20774 D HwDragEnhancementImpl: handleTimerDrag: false
02-19 18:56:07.576 20774 20774 D HwDragEnhancementImpl: handleTimerDrag: false
02-19 18:56:07.576 20774 20774 D HwDragEnhancementImpl: handleTimerDrag: false
02-19 18:56:07.585 20774 20774 D HwDragEnhancementImpl: Start long press for hw drag enhancement.
02-19 18:56:07.635 20774 20774 I HwViewRootImpl: Add sceneId 13 topId: 11
02-19 18:56:07.635 20774 20774 I HwViewRootImpl: Add sceneId 7 topId: 13
02-19 18:56:07.635 20774 20774 D HwDragEnhancementImpl: Touch move more than touch range.
02-19 18:56:07.660 20774 20774 W HiTouch_PressGestureDetector: Touch pointer move a lot. The moving distance of X is:22.03186, limit is:63The moving distance of Y is:73.69452, limit is:63
02-19 18:56:07.732 20774 20815 D HwViewRootImpl: [DetectViewsLocationRunner] start to get views' rect, type = SCENE_GESTURE_SCROLL
02-19 18:56:07.733 20774 20815 D HwViewRootImpl: [DetectViewsLocationRunner] windowModeType: 1
02-19 18:56:07.733 20774 20815 D HwViewRootImpl: [DetectViewsLocationRunner] displayPoint: Point(1080, 2504)
02-19 18:56:07.733 20774 20815 D HwViewRootImpl: [DetectViewsLocationRunner] windowModeType: 1
02-19 18:56:07.733 20774 20815 D HwViewRootImpl: [DetectViewsLocationRunner] lazyMode:
02-19 18:56:07.733 20774 20815 D HwViewRootImpl: [DetectViewsLocationRunner] current mode is full screen
02-19 18:56:07.733 20774 20774 D HwViewRootImpl: [DetectViewsLocationRunner] start to getViewHierarchy
02-19 18:56:07.734 20774 20815 D HwViewRootImpl: [DetectViewsLocationRunner] deviceOrientation: 0
02-19 18:56:07.734 20774 20815 D HwViewRootImpl: [DetectViewsLocationRunner-ScreenDirection] ROTATION_0
02-19 18:56:07.734 20774 20815 D HwViewRootImpl: [DetectViewsLocationRunner] get views' rect = 0, SCENE_GESTURE_SCROLL
02-19 18:56:08.182 20774 20774 D HwViewRootImpl: [DetectViewsLocationRunner] current resolutionScale: 1.0
02-19 18:56:08.182 20774 20774 I HwViewRootImpl: remove sceneId 13 topId: 11
02-19 18:56:08.182 20774 20774 I HwViewRootImpl: remove sceneId 7 topId: 11
02-19 18:56:08.182 20774 20774 I HwViewRootImpl: remove sceneId 11 topId: 10
02-19 18:56:08.182 20774 20774 I HwViewRootImpl: remove sceneId 5 topId: 10
02-19 18:56:08.183 20774 20774 D WebViewDragEnhancement: dragReset.
02-19 18:56:08.183 20774 20774 D WebViewDragEnhancement: dragReset cacheSize = 0
02-19 18:56:08.985 20774 20815 D HwViewRootImpl: [DetectViewsLocationRunner] start to get views' rect, type = SCENE_GESTURE_SCROLL
02-19 18:56:08.986 20774 20815 D HwViewRootImpl: [DetectViewsLocationRunner] windowModeType: 1
02-19 18:56:08.986 20774 20815 D HwViewRootImpl: [DetectViewsLocationRunner] displayPoint: Point(1080, 2504)
02-19 18:56:08.986 20774 20815 D HwViewRootImpl: [DetectViewsLocationRunner] windowModeType: 1
02-19 18:56:08.988 20774 20815 D HwViewRootImpl: [DetectViewsLocationRunner] lazyMode:
02-19 18:56:08.988 20774 20815 D HwViewRootImpl: [DetectViewsLocationRunner] current mode is full screen
02-19 18:56:08.989 20774 20774 D HwViewRootImpl: [DetectViewsLocationRunner] start to getViewHierarchy
02-19 18:56:08.992 20774 20815 D HwViewRootImpl: [DetectViewsLocationRunner] deviceOrientation: 0
02-19 18:56:08.992 20774 20815 D HwViewRootImpl: [DetectViewsLocationRunner-ScreenDirection] ROTATION_0
02-19 18:56:08.992 20774 20815 D HwViewRootImpl: [DetectViewsLocationRunner] get views' rect = 0, SCENE_GESTURE_SCROLL
02-19 18:56:09.947 20774 20774 I HwViewRootImpl: Add sceneId 11 topId: 10
02-19 18:56:09.947 20774 20774 I HwViewRootImpl: Add sceneId 5 topId: 11
02-19 18:56:09.947 20774 20774 D HwDragEnhancementImpl: handleTimerDrag: false
02-19 18:56:09.959 20774 20774 D HwDragEnhancementImpl: Start long press for hw drag enhancement.
02-19 18:56:10.031 20774 20774 D HwViewRootImpl: [DetectViewsLocationRunner] current resolutionScale: 1.0
02-19 18:56:10.031 20774 20774 I HwViewRootImpl: remove sceneId 11 topId: 10
02-19 18:56:10.031 20774 20774 I HwViewRootImpl: remove sceneId 5 topId: 10
02-19 18:56:10.034 20774 20774 D WebViewDragEnhancement: dragReset.
02-19 18:56:10.034 20774 20774 D WebViewDragEnhancement: dragReset cacheSize = 0
02-19 18:56:10.039 20774 20774 V AudioManager: querySoundEffectsEnabled...
02-19 18:56:10.039 20774 20774 I AudioManager: querySoundEffectsEnabled fail id: 0
02-19 18:56:10.039 20774 20774 D CompatibilityChangeReporter: Compat change id reported: 147798919; UID 10816; state: ENABLED
02-19 18:56:10.832 20774 20815 D HwViewRootImpl: [DetectViewsLocationRunner] start to get views' rect, type = SCENE_GESTURE_SINGLE_TAP
02-19 18:56:10.832 20774 20815 D HwViewRootImpl: [DetectViewsLocationRunner] windowModeType: 1
02-19 18:56:10.832 20774 20815 D HwViewRootImpl: [DetectViewsLocationRunner] displayPoint: Point(1080, 2504)
02-19 18:56:10.832 20774 20815 D HwViewRootImpl: [DetectViewsLocationRunner] windowModeType: 1
02-19 18:56:10.832 20774 20815 D HwViewRootImpl: [DetectViewsLocationRunner] lazyMode:
02-19 18:56:10.832 20774 20815 D HwViewRootImpl: [DetectViewsLocationRunner] current mode is full screen
02-19 18:56:10.833 20774 20774 D HwViewRootImpl: [DetectViewsLocationRunner] start to getViewHierarchy
02-19 18:56:10.834 20774 20815 D HwViewRootImpl: [DetectViewsLocationRunner] deviceOrientation: 0
02-19 18:56:10.834 20774 20815 D HwViewRootImpl: [DetectViewsLocationRunner-ScreenDirection] ROTATION_0
02-19 18:56:10.834 20774 20815 D HwViewRootImpl: [DetectViewsLocationRunner] get views' rect = 0, SCENE_GESTURE_SINGLE_TAP
02-19 18:56:11.617 20774 20774 I HwViewRootImpl: Add sceneId 11 topId: 10
02-19 18:56:11.617 20774 20774 I HwViewRootImpl: Add sceneId 5 topId: 11
02-19 18:56:11.618 20774 20774 D HwDragEnhancementImpl: handleTimerDrag: false
02-19 18:56:11.622 20774 20774 W Choreographer: Frame time is 10.446719 ms in the future!  Check that graphics HAL is generating vsync timestamps using the correct timebase.
02-19 18:56:11.624 20774 20774 D HwDragEnhancementImpl: Start long press for hw drag enhancement.
02-19 18:56:11.743 20774 20774 D HwViewRootImpl: [DetectViewsLocationRunner] current resolutionScale: 1.0
02-19 18:56:11.743 20774 20774 I HwViewRootImpl: remove sceneId 11 topId: 10
02-19 18:56:11.743 20774 20774 I HwViewRootImpl: remove sceneId 5 topId: 10
02-19 18:56:11.744 20774 20774 D WebViewDragEnhancement: dragReset.
02-19 18:56:11.744 20774 20774 D WebViewDragEnhancement: dragReset cacheSize = 0
02-19 18:56:11.746 20774 20774 V AudioManager: querySoundEffectsEnabled...
02-19 18:56:11.747 20774 20774 I AudioManager: querySoundEffectsEnabled fail id: 0
02-19 18:56:12.158 20774 20774 I HwViewRootImpl: Add sceneId 11 topId: 10
02-19 18:56:12.159 20774 20774 I HwViewRootImpl: Add sceneId 5 topId: 11
02-19 18:56:12.162 20774 20774 D HwDragEnhancementImpl: handleTimerDrag: false
02-19 18:56:12.175 20774 20774 D Editor  : Failed to match the word selection pattern.
02-19 18:56:12.175 20774 20774 D HwDragEnhancementImpl: Start long press for hw drag enhancement.
02-19 18:56:12.182 20774 20774 I HwViewRootImpl: Add sceneId 13 topId: 11
02-19 18:56:12.182 20774 20774 I HwViewRootImpl: Add sceneId 7 topId: 13
02-19 18:56:12.183 20774 20774 D WebViewDragEnhancement: dragReset.
02-19 18:56:12.183 20774 20774 D WebViewDragEnhancement: dragReset cacheSize = 0
02-19 18:56:12.190 20774 20774 W HiTouch_PressGestureDetector: Touch pointer move a lot. The moving distance of X is:23.198853, limit is:63The moving distance of Y is:78.24927, limit is:63
02-19 18:56:12.191 20774 20774 D HwDragEnhancementImpl: Start long press for hw drag enhancement.
02-19 18:56:12.198 20774 20795 D OpenGLRenderer: gpu complete is not signaled
02-19 18:56:12.199 20774 20774 D HwDragEnhancementImpl: Touch move more than touch range.
02-19 18:56:12.512 20774 20774 D HwViewRootImpl: [DetectViewsLocationRunner] current resolutionScale: 1.0
02-19 18:56:12.512 20774 20774 I HwViewRootImpl: remove sceneId 13 topId: 11
02-19 18:56:12.512 20774 20774 I HwViewRootImpl: remove sceneId 7 topId: 11
02-19 18:56:12.512 20774 20774 I HwViewRootImpl: remove sceneId 11 topId: 10
02-19 18:56:12.512 20774 20774 I HwViewRootImpl: remove sceneId 5 topId: 10
02-19 18:56:12.512 20774 20774 D WebViewDragEnhancement: dragReset.
02-19 18:56:12.512 20774 20774 D WebViewDragEnhancement: dragReset cacheSize = 0
02-19 18:56:12.828 20774 20774 I HwViewRootImpl: Add sceneId 11 topId: 10
02-19 18:56:12.828 20774 20774 I HwViewRootImpl: Add sceneId 5 topId: 11
02-19 18:56:12.830 20774 20774 D HwDragEnhancementImpl: handleTimerDrag: false
02-19 18:56:12.830 20774 20774 D HwDragEnhancementImpl: handleTimerDrag: false
02-19 18:56:12.834 20774 20774 W Choreographer: Frame time is 5.693254 ms in the future!  Check that graphics HAL is generating vsync timestamps using the correct timebase.
02-19 18:56:12.835 20774 20774 D HwDragEnhancementImpl: Start long press for hw drag enhancement.
02-19 18:56:12.847 20774 20774 W Choreographer: Frame time is 0.942752 ms in the future!  Check that graphics HAL is generating vsync timestamps using the correct timebase.
02-19 18:56:12.854 20774 20774 W Choreographer: Frame time is 2.681832 ms in the future!  Check that graphics HAL is generating vsync timestamps using the correct timebase.
02-19 18:56:12.861 20774 20774 W Choreographer: Frame time is 3.953205 ms in the future!  Check that graphics HAL is generating vsync timestamps using the correct timebase.
02-19 18:56:12.867 20774 20774 W Choreographer: Frame time is 5.416244 ms in the future!  Check that graphics HAL is generating vsync timestamps using the correct timebase.
02-19 18:56:12.875 20774 20774 W Choreographer: Frame time is 6.556887 ms in the future!  Check that graphics HAL is generating vsync timestamps using the correct timebase.
02-19 18:56:12.881 20774 20774 W Choreographer: Frame time is 8.054822 ms in the future!  Check that graphics HAL is generating vsync timestamps using the correct timebase.
02-19 18:56:12.911 20774 20774 D HwViewRootImpl: [DetectViewsLocationRunner] current resolutionScale: 1.0
02-19 18:56:12.912 20774 20774 I HwViewRootImpl: remove sceneId 11 topId: 10
02-19 18:56:12.912 20774 20774 I HwViewRootImpl: remove sceneId 5 topId: 10
02-19 18:56:12.912 20774 20774 D WebViewDragEnhancement: dragReset.
02-19 18:56:12.912 20774 20774 D WebViewDragEnhancement: dragReset cacheSize = 0
02-19 18:56:12.924 20774 20774 D MouseWheelSynthesizer: mMoveStepInDp: 64, mMoveStepInPixel: 200, mUpTimeDelayed: 100
02-19 18:56:12.925 20774 20774 D HwViewRootImpl: [onViewRootImplInitial] HotZone Threshold = 231
02-19 18:56:12.925 20774 20774 D ViewRootImpl: ViewUI ViewRootImpl mIsInProductivePCDisplay: false
02-19 18:56:12.931 20774 20774 I InsetsController: ViewUI_insets updateState new source: InsetsSource: {mType=ITYPE_STATUS_BAR, mFrame=[0,0][1080,117], mVisible=true}
02-19 18:56:12.931 20774 20774 I InsetsController: ViewUI_insets updateState new source: InsetsSource: {mType=ITYPE_NAVIGATION_BAR, mFrame=[0,0][0,0], mVisible=false}
02-19 18:56:12.932 20774 20774 D InsetsSourceConsumer: ViewUI_insets setControl -> ITYPE_STATUS_BAR on PopupWindow:f116b7e
02-19 18:56:12.932 20774 20774 D InsetsSourceConsumer: ViewUI_insets setControl mType:0, requestedVisible:true, getLeash:null, needAnimation:false, mIsAnimationPending:false, getRootViewTitle:PopupWindow:f116b7e
02-19 18:56:12.932 20774 20774 D InputEventReceiver: dispatchInputInterval 0
02-19 18:56:12.933 20774 20774 I HwSoraManager: SORA is disabled for PopupWindow:f116b7e
02-19 18:56:12.933 20774 20774 D mDecorView: invokePopup mDecorView params: width=867, height=750
02-19 18:56:12.945 20774 20774 D BufferQueueCore: BufferQueueCore: mDebugHwFlow=0, mIsBufferQueueLogVSupport=0.
02-19 18:56:12.946 20774 20774 I InsetsController: ViewUI_insets updateState new source: InsetsSource: {mType=ITYPE_STATUS_BAR, mFrame=[0,0][1080,117], mVisible=true}
02-19 18:56:12.946 20774 20774 I InsetsController: ViewUI_insets updateState new source: InsetsSource: {mType=ITYPE_NAVIGATION_BAR, mFrame=[0,0][0,0], mVisible=false}
02-19 18:56:12.947 20774 20774 D InsetsSourceConsumer: ViewUI_insets setControl -> ITYPE_STATUS_BAR on PopupWindow:f116b7e
02-19 18:56:12.947 20774 20774 D InsetsSourceConsumer: ViewUI_insets setControl mType:0, requestedVisible:true, getLeash:Surface(name=Surface(name=d141868 StatusBar)/@0x5960858 - animation-leash of insets_animation)/@0x5cbaff5, needAnimation:false, mIsAnimationPending:false, getRootViewTitle:PopupWindow:f116b7e
02-19 18:56:12.949 20774 20803 E OpenGLRenderer: Unable to match the desired swap behavior.
02-19 18:56:12.963 20774 20774 I HwViewRootImpl: removeInvalidNode all the node in jank list is out of time
02-19 18:56:12.963 20774 20803 D OpenGLRenderer: disableOutlineDraw is true
02-19 18:56:12.964 20774 20774 I InsetsSourceConsumer: ViewUI_insets mSourceControl is null notifyControlRevoked type: 0
02-19 18:56:12.964 20774 20774 I InsetsController: ViewUI_insets updateState new source: InsetsSource: {mType=ITYPE_STATUS_BAR, mFrame=[0,0][1080,117], mVisible=true}
02-19 18:56:12.964 20774 20774 I InsetsController: ViewUI_insets updateState new source: InsetsSource: {mType=ITYPE_NAVIGATION_BAR, mFrame=[0,0][0,0], mVisible=false}
02-19 18:56:12.967 20774 20774 D HwViewRootImpl: [DetectViewsLocationRunner] current resolutionScale: 1.0
02-19 18:56:13.866 20774 20774 I HwViewRootImpl: Add sceneId 11 topId: 10
02-19 18:56:13.867 20774 20774 I HwViewRootImpl: Add sceneId 5 topId: 11
02-19 18:56:13.868 20774 20774 D HwDragEnhancementImpl: handleTimerDrag: false
02-19 18:56:13.869 20774 20774 D HwDragEnhancementImpl: handleTimerDrag: false
02-19 18:56:13.870 20774 20774 W Choreographer: Frame time is 2.390743 ms in the future!  Check that graphics HAL is generating vsync timestamps using the correct timebase.
02-19 18:56:13.871 20774 20774 D HwDragEnhancementImpl: Start long press for hw drag enhancement.
02-19 18:56:13.904 20774 20774 W Choreographer: Frame time is 1.099012 ms in the future!  Check that graphics HAL is generating vsync timestamps using the correct timebase.
02-19 18:56:13.912 20774 20774 W Choreographer: Frame time is 1.984543 ms in the future!  Check that graphics HAL is generating vsync timestamps using the correct timebase.
02-19 18:56:13.919 20774 20774 D HwViewRootImpl: [DetectViewsLocationRunner] current resolutionScale: 1.0
02-19 18:56:13.919 20774 20774 I HwViewRootImpl: remove sceneId 11 topId: 10
02-19 18:56:13.919 20774 20774 I HwViewRootImpl: remove sceneId 5 topId: 10
02-19 18:56:13.921 20774 20774 D WebViewDragEnhancement: dragReset.
02-19 18:56:13.921 20774 20774 D WebViewDragEnhancement: dragReset cacheSize = 0
02-19 18:56:13.938 20774 20774 V AudioManager: querySoundEffectsEnabled...
02-19 18:56:13.938 20774 20774 I AudioManager: querySoundEffectsEnabled fail id: 0
02-19 18:56:13.946 20774 20774 I InsetsController: ViewUI_insets updateState new source: InsetsSource: {mType=ITYPE_STATUS_BAR, mFrame=[0,0][1080,117], mVisible=true}
02-19 18:56:13.946 20774 20774 I InsetsController: ViewUI_insets updateState new source: InsetsSource: {mType=ITYPE_NAVIGATION_BAR, mFrame=[0,0][0,0], mVisible=false}
02-19 18:56:13.947 20774 20774 I InsetsSourceConsumer: ViewUI_insets mSourceControl is null notifyControlRevoked type: 0
02-19 18:56:13.952 20774 20774 I ImeFocusController: ViewUI imeDisplayId:0 contextDisplayId:0
02-19 18:56:13.953 20774 20803 W BufferQueueProducer: [PopupWindow:f116b7e#6(BLAST Consumer)6](id:512600000006,api:0,p:-1,c:20774) disconnect: not connected (req=1)
02-19 18:56:13.953 20774 20803 W libEGL  : EGLNativeWindowType 0x77fb428810 disconnect failed
02-19 18:56:13.959 20774 20774 I InsetsController: ViewUI_insets updateState new source: InsetsSource: {mType=ITYPE_STATUS_BAR, mFrame=[0,0][1080,117], mVisible=true}
02-19 18:56:13.959 20774 20774 I InsetsController: ViewUI_insets updateState new source: InsetsSource: {mType=ITYPE_NAVIGATION_BAR, mFrame=[0,0][0,0], mVisible=false}
02-19 18:56:13.960 20774 20774 D InsetsSourceConsumer: ViewUI_insets setControl -> ITYPE_STATUS_BAR on com.voicedoc.app/com.voicedoc.app.SettingsActivity
02-19 18:56:13.960 20774 20774 D InsetsSourceConsumer: ViewUI_insets setControl mType:0, requestedVisible:true, getLeash:Surface(name=Surface(name=d141868 StatusBar)/@0x5960858 - animation-leash of insets_animation)/@0xe80571d, needAnimation:false, mIsAnimationPending:false, getRootViewTitle:com.voicedoc.app/com.voicedoc.app.SettingsActivity
02-19 18:56:13.964 20774 20774 D HwViewRootImpl: [DetectViewsLocationRunner] current resolutionScale: 1.0
02-19 18:56:13.965 20774 20774 I InputMethodManager: set currentRootView to : android.view.ViewRootImpl@d893446
02-19 18:56:13.966 20774 20774 I InputMethodManager: Starting input: reason=WINDOW_FOCUS_GAIN
02-19 18:56:13.966 20774 20774 W HwRemoteInputMethodManager: isCasting false because IHwDistributedWindowManager is invalid.
02-19 18:56:13.967 20774 20774 I InputMethodManager: Starting input: Bind resultString=SUCCESS_WITH_IME_SESSION
02-19 18:56:14.407 20774 20774 I HwViewRootImpl: Add sceneId 11 topId: 10
02-19 18:56:14.407 20774 20774 I HwViewRootImpl: Add sceneId 5 topId: 11
02-19 18:56:14.410 20774 20774 D HwDragEnhancementImpl: handleTimerDrag: false
02-19 18:56:14.413 20774 20774 W Choreographer: Frame time is 0.387673 ms in the future!  Check that graphics HAL is generating vsync timestamps using the correct timebase.
02-19 18:56:14.414 20774 20774 D Editor  : Failed to match the word selection pattern.
02-19 18:56:14.414 20774 20774 D HwDragEnhancementImpl: Start long press for hw drag enhancement.
02-19 18:56:14.423 20774 20774 D Editor  : Failed to match the word selection pattern.
02-19 18:56:14.431 20774 20774 D Editor  : Failed to match the word selection pattern.
02-19 18:56:14.439 20774 20774 I HwViewRootImpl: Add sceneId 13 topId: 11
02-19 18:56:14.439 20774 20774 I HwViewRootImpl: Add sceneId 7 topId: 13
02-19 18:56:14.440 20774 20774 D WebViewDragEnhancement: dragReset.
02-19 18:56:14.440 20774 20774 D WebViewDragEnhancement: dragReset cacheSize = 0
02-19 18:56:14.446 20774 20774 W Choreographer: Frame time is 0.34799 ms in the future!  Check that graphics HAL is generating vsync timestamps using the correct timebase.
02-19 18:56:14.447 20774 20774 W HiTouch_PressGestureDetector: Touch pointer move a lot. The moving distance of X is:19.550049, limit is:63The moving distance of Y is:95.854614, limit is:63
02-19 18:56:14.448 20774 20774 D HwDragEnhancementImpl: Start long press for hw drag enhancement.
02-19 18:56:14.455 20774 20795 D OpenGLRenderer: gpu complete is not signaled
02-19 18:56:14.456 20774 20774 D HwDragEnhancementImpl: Touch move more than touch range.
02-19 18:56:14.818 20774 20774 D HwViewRootImpl: [DetectViewsLocationRunner] current resolutionScale: 1.0
02-19 18:56:14.819 20774 20774 I HwViewRootImpl: remove sceneId 13 topId: 11
02-19 18:56:14.819 20774 20774 I HwViewRootImpl: remove sceneId 7 topId: 11
02-19 18:56:14.819 20774 20774 I HwViewRootImpl: remove sceneId 11 topId: 10
02-19 18:56:14.819 20774 20774 I HwViewRootImpl: remove sceneId 5 topId: 10
02-19 18:56:14.819 20774 20774 D WebViewDragEnhancement: dragReset.
02-19 18:56:14.819 20774 20774 D WebViewDragEnhancement: dragReset cacheSize = 0
02-19 18:56:15.113 20774 20774 I HwViewRootImpl: Add sceneId 11 topId: 10
02-19 18:56:15.113 20774 20774 I HwViewRootImpl: Add sceneId 5 topId: 11
02-19 18:56:15.114 20774 20774 D HwDragEnhancementImpl: handleTimerDrag: false
02-19 18:56:15.118 20774 20774 W Choreographer: Frame time is 3.937511 ms in the future!  Check that graphics HAL is generating vsync timestamps using the correct timebase.
02-19 18:56:15.119 20774 20774 D HwDragEnhancementImpl: Start long press for hw drag enhancement.
02-19 18:56:15.130 20774 20774 W Choreographer: Frame time is 0.665006 ms in the future!  Check that graphics HAL is generating vsync timestamps using the correct timebase.
02-19 18:56:15.137 20774 20774 W Choreographer: Frame time is 2.022709 ms in the future!  Check that graphics HAL is generating vsync timestamps using the correct timebase.
02-19 18:56:15.144 20774 20774 W Choreographer: Frame time is 3.163225 ms in the future!  Check that graphics HAL is generating vsync timestamps using the correct timebase.
02-19 18:56:15.152 20774 20774 W Choreographer: Frame time is 3.756866 ms in the future!  Check that graphics HAL is generating vsync timestamps using the correct timebase.
02-19 18:56:15.159 20774 20774 W Choreographer: Frame time is 4.913006 ms in the future!  Check that graphics HAL is generating vsync timestamps using the correct timebase.
02-19 18:56:15.165 20774 20774 W Choreographer: Frame time is 6.626959 ms in the future!  Check that graphics HAL is generating vsync timestamps using the correct timebase.
02-19 18:56:15.210 20774 20774 D HwViewRootImpl: [DetectViewsLocationRunner] current resolutionScale: 1.0
02-19 18:56:15.210 20774 20774 I HwViewRootImpl: remove sceneId 11 topId: 10
02-19 18:56:15.210 20774 20774 I HwViewRootImpl: remove sceneId 5 topId: 10
02-19 18:56:15.212 20774 20774 D WebViewDragEnhancement: dragReset.
02-19 18:56:15.212 20774 20774 D WebViewDragEnhancement: dragReset cacheSize = 0
02-19 18:56:15.217 20774 20774 V AudioManager: querySoundEffectsEnabled...
02-19 18:56:15.217 20774 20774 I AudioManager: querySoundEffectsEnabled fail id: 0
02-19 18:56:16.012 20774 20815 D HwViewRootImpl: [DetectViewsLocationRunner] start to get views' rect, type = SCENE_GESTURE_SINGLE_TAP
02-19 18:56:16.013 20774 20815 D HwViewRootImpl: [DetectViewsLocationRunner] windowModeType: 1
02-19 18:56:16.013 20774 20815 D HwViewRootImpl: [DetectViewsLocationRunner] displayPoint: Point(1080, 2504)
02-19 18:56:16.013 20774 20815 D HwViewRootImpl: [DetectViewsLocationRunner] windowModeType: 1
02-19 18:56:16.013 20774 20815 D HwViewRootImpl: [DetectViewsLocationRunner] lazyMode:
02-19 18:56:16.013 20774 20815 D HwViewRootImpl: [DetectViewsLocationRunner] current mode is full screen
02-19 18:56:16.014 20774 20774 D HwViewRootImpl: [DetectViewsLocationRunner] start to getViewHierarchy
02-19 18:56:16.015 20774 20815 D HwViewRootImpl: [DetectViewsLocationRunner] deviceOrientation: 0
02-19 18:56:16.015 20774 20815 D HwViewRootImpl: [DetectViewsLocationRunner-ScreenDirection] ROTATION_0
02-19 18:56:16.015 20774 20815 D HwViewRootImpl: [DetectViewsLocationRunner] get views' rect = 0, SCENE_GESTURE_SINGLE_TAP
02-19 18:56:18.181 20774 20774 I HwViewRootImpl: Add sceneId 11 topId: 10
02-19 18:56:18.181 20774 20774 I HwViewRootImpl: Add sceneId 5 topId: 11
02-19 18:56:18.182 20774 20774 D HwDragEnhancementImpl: handleTimerDrag: false
02-19 18:56:18.182 20774 20774 D HwDragEnhancementImpl: handleTimerDrag: false
02-19 18:56:18.182 20774 20774 D HwDragEnhancementImpl: handleTimerDrag: false
02-19 18:56:18.182 20774 20774 D HwDragEnhancementImpl: handleTimerDrag: false
02-19 18:56:18.196 20774 20774 D HwDragEnhancementImpl: Start long press for hw drag enhancement.
02-19 18:56:18.213 20774 20774 I HwViewRootImpl: Add sceneId 13 topId: 11
02-19 18:56:18.213 20774 20774 I HwViewRootImpl: Add sceneId 7 topId: 13
02-19 18:56:18.213 20774 20774 D HwDragEnhancementImpl: Touch move more than touch range.
02-19 18:56:18.220 20774 20802 D OpenGLRenderer: gpu complete is not signaled
02-19 18:56:18.223 20774 20774 W HiTouch_PressGestureDetector: Touch pointer move a lot. The moving distance of X is:32.845642, limit is:63The moving distance of Y is:79.911865, limit is:63
02-19 18:56:18.264 20774 20774 I HwViewRootImpl: Add sceneId 14 topId: 13
02-19 18:56:18.264 20774 20774 I HwViewRootImpl: Add sceneId 8 topId: 14
02-19 18:56:18.264 20774 20774 D AdaptiveSlideParameterUtil: calcAdaptiveFrictionAndVelocityGain friction = 0.6, velocityGain = 0.7999999999999999
02-19 18:56:18.265 20774 20774 D ViscousFluidModel: getSplineFlingDuration friction = -2.52, velocityGain = 0.8
02-19 18:56:18.265 20774 20774 D HwViewRootImpl: [DetectViewsLocationRunner] splineFlingDuration: 1922
02-19 18:56:18.265 20774 20774 D HwViewRootImpl: [DetectViewsLocationRunner] current resolutionScale: 1.0
02-19 18:56:18.265 20774 20774 I HwViewRootImpl: remove sceneId 13 topId: 14
02-19 18:56:18.265 20774 20774 I HwViewRootImpl: remove sceneId 7 topId: 14
02-19 18:56:18.265 20774 20774 I HwViewRootImpl: remove sceneId 11 topId: 14
02-19 18:56:18.265 20774 20774 I HwViewRootImpl: remove sceneId 5 topId: 14
02-19 18:56:18.265 20774 20774 D AdaptiveSlideParameterUtil: calcAdaptiveFrictionAndVelocityGain friction = 0.6, velocityGain = 0.7999999999999999
02-19 18:56:18.265 20774 20774 D ViscousFluidModel: getSplineFlingDuration friction = -2.52, velocityGain = 0.8
02-19 18:56:18.266 20774 20774 D AdaptiveSlideParameterUtil: calcAdaptiveFrictionAndVelocityGain friction = 0.6, velocityGain = 0.7999999999999999
02-19 18:56:18.266 20774 20774 D ViscousFluidModel: getSplineFlingDistance friction = -2.52, velocityGain = 0.8
02-19 18:56:18.266 20774 20774 I HwViewRootImpl: Add sceneId 99 topId: 14
02-19 18:56:18.266 20774 20774 D ViscousFluidModel: setViewDimension width=1080, height=2387
02-19 18:56:18.267 20774 20774 D WebViewDragEnhancement: dragReset.
02-19 18:56:18.267 20774 20774 D WebViewDragEnhancement: dragReset cacheSize = 0
02-19 18:56:18.271 20774 20774 D AdaptiveSlideParameterUtil: calcAdaptiveFrictionAndVelocityGain friction = 0.6, velocityGain = 0.7999999999999999
02-19 18:56:18.272 20774 20774 D HwAdaptiveFrameManager: updateScrollStatus shouldAdaptiveScroll=true, scrollVelocity=6856
02-19 18:56:18.279 20774 20774 I HwAdaptiveFrameManager: notifyFrameFinish 120 mVelocity=6856, sCurrentVelocityThreshold=163
02-19 18:56:18.279 20774 20774 D AdaptiveFrameRateLtpoImpl: setFrameRate FLING#120
02-19 18:56:18.279 20774 20774 D SceneHelper: notifyState ltpo1.0 push currentPackageName=com.voicedoc.app ltpo10SceneState=3009 scene=FLING#120
02-19 18:56:18.280 20774 20774 D AdaptiveSlideParameterUtil: calcAdaptiveFrictionAndVelocityGain friction = 0.6, velocityGain = 0.7999999999999999
02-19 18:56:18.280 20774 20774 D HwAdaptiveFrameManager: updateScrollStatus shouldAdaptiveScroll=true, scrollVelocity=6719
02-19 18:56:18.282 20774 20774 D AdaptiveSlideParameterUtil: calcAdaptiveFrictionAndVelocityGain friction = 0.6, velocityGain = 0.7999999999999999
02-19 18:56:18.282 20774 20774 D HwAdaptiveFrameManager: updateScrollStatus shouldAdaptiveScroll=true, scrollVelocity=6585
02-19 18:56:18.287 20774 20774 I HwAdaptiveFrameManager: notifyFrameFinish 120 mVelocity=6585, sCurrentVelocityThreshold=163
02-19 18:56:18.288 20774 20774 D AdaptiveSlideParameterUtil: calcAdaptiveFrictionAndVelocityGain friction = 0.6, velocityGain = 0.7999999999999999
02-19 18:56:18.288 20774 20774 D HwAdaptiveFrameManager: updateScrollStatus shouldAdaptiveScroll=true, scrollVelocity=6453
02-19 18:56:18.290 20774 20774 D AdaptiveSlideParameterUtil: calcAdaptiveFrictionAndVelocityGain friction = 0.6, velocityGain = 0.7999999999999999
02-19 18:56:18.290 20774 20774 D HwAdaptiveFrameManager: updateScrollStatus shouldAdaptiveScroll=true, scrollVelocity=6324
02-19 18:56:18.296 20774 20774 I HwAdaptiveFrameManager: notifyFrameFinish 120 mVelocity=6324, sCurrentVelocityThreshold=163
02-19 18:56:18.304 20774 20774 I HwAdaptiveFrameManager: notifyFrameFinish 120 mVelocity=6324, sCurrentVelocityThreshold=163
02-19 18:56:18.312 20774 20774 I HwAdaptiveFrameManager: notifyFrameFinish 120 mVelocity=6324, sCurrentVelocityThreshold=163
02-19 18:56:18.320 20774 20774 I HwAdaptiveFrameManager: notifyFrameFinish 120 mVelocity=6324, sCurrentVelocityThreshold=163
02-19 18:56:18.329 20774 20774 I HwAdaptiveFrameManager: notifyFrameFinish 120 mVelocity=6324, sCurrentVelocityThreshold=163
02-19 18:56:18.337 20774 20774 I HwAdaptiveFrameManager: notifyFrameFinish 120 mVelocity=6324, sCurrentVelocityThreshold=163
02-19 18:56:18.345 20774 20774 I HwAdaptiveFrameManager: notifyFrameFinish 120 mVelocity=6324, sCurrentVelocityThreshold=163
02-19 18:56:18.354 20774 20774 I HwAdaptiveFrameManager: notifyFrameFinish 120 mVelocity=6324, sCurrentVelocityThreshold=163
02-19 18:56:18.362 20774 20774 I HwAdaptiveFrameManager: notifyFrameFinish 120 mVelocity=6324, sCurrentVelocityThreshold=163
02-19 18:56:18.371 20774 20774 I HwAdaptiveFrameManager: notifyFrameFinish 120 mVelocity=6324, sCurrentVelocityThreshold=163
02-19 18:56:18.379 20774 20774 I HwAdaptiveFrameManager: notifyFrameFinish 120 mVelocity=6324, sCurrentVelocityThreshold=163
02-19 18:56:18.387 20774 20774 I HwAdaptiveFrameManager: notifyFrameFinish 120 mVelocity=6324, sCurrentVelocityThreshold=163
02-19 18:56:18.395 20774 20774 I HwAdaptiveFrameManager: notifyFrameFinish 120 mVelocity=6324, sCurrentVelocityThreshold=163
02-19 18:56:18.404 20774 20774 I HwAdaptiveFrameManager: notifyFrameFinish 120 mVelocity=6324, sCurrentVelocityThreshold=163
02-19 18:56:18.412 20774 20774 I HwAdaptiveFrameManager: notifyFrameFinish 120 mVelocity=6324, sCurrentVelocityThreshold=163
02-19 18:56:18.421 20774 20774 I HwAdaptiveFrameManager: notifyFrameFinish 120 mVelocity=6324, sCurrentVelocityThreshold=163
02-19 18:56:18.430 20774 20774 I HwAdaptiveFrameManager: notifyFrameFinish 120 mVelocity=6324, sCurrentVelocityThreshold=163
02-19 18:56:18.437 20774 20774 I HwAdaptiveFrameManager: notifyFrameFinish 120 mVelocity=6324, sCurrentVelocityThreshold=163
02-19 18:56:18.446 20774 20774 I HwAdaptiveFrameManager: notifyFrameFinish 120 mVelocity=6324, sCurrentVelocityThreshold=163
02-19 18:56:18.454 20774 20774 I HwAdaptiveFrameManager: notifyFrameFinish 120 mVelocity=6324, sCurrentVelocityThreshold=163
02-19 18:56:18.462 20774 20774 I HwAdaptiveFrameManager: notifyFrameFinish 120 mVelocity=6324, sCurrentVelocityThreshold=163
02-19 18:56:18.471 20774 20774 I HwAdaptiveFrameManager: notifyFrameFinish 120 mVelocity=6324, sCurrentVelocityThreshold=163
02-19 18:56:18.479 20774 20774 I HwAdaptiveFrameManager: notifyFrameFinish 120 mVelocity=6324, sCurrentVelocityThreshold=163
02-19 18:56:18.487 20774 20774 I HwAdaptiveFrameManager: notifyFrameFinish 120 mVelocity=6324, sCurrentVelocityThreshold=163
02-19 18:56:18.496 20774 20774 I HwAdaptiveFrameManager: notifyFrameFinish 120 mVelocity=6324, sCurrentVelocityThreshold=163
02-19 18:56:18.504 20774 20774 I HwAdaptiveFrameManager: notifyFrameFinish 120 mVelocity=6324, sCurrentVelocityThreshold=163
02-19 18:56:18.512 20774 20774 I HwAdaptiveFrameManager: notifyFrameFinish 120 mVelocity=6324, sCurrentVelocityThreshold=163
02-19 18:56:18.521 20774 20774 I HwAdaptiveFrameManager: notifyFrameFinish 120 mVelocity=6324, sCurrentVelocityThreshold=163
02-19 18:56:18.530 20774 20774 I HwAdaptiveFrameManager: notifyFrameFinish 120 mVelocity=6324, sCurrentVelocityThreshold=163
02-19 18:56:18.537 20774 20774 I HwAdaptiveFrameManager: notifyFrameFinish 120 mVelocity=6324, sCurrentVelocityThreshold=163
02-19 18:56:18.546 20774 20774 I HwAdaptiveFrameManager: notifyFrameFinish 120 mVelocity=6324, sCurrentVelocityThreshold=163
02-19 18:56:18.554 20774 20774 I HwAdaptiveFrameManager: notifyFrameFinish 120 mVelocity=6324, sCurrentVelocityThreshold=163
02-19 18:56:18.554 20774 20774 E AwareLog: DynBufManager: endFling hash null
02-19 18:56:18.554 20774 20774 D HwAdaptiveFrameManager: updateScrollStatus shouldAdaptiveScroll=false, scrollVelocity=0
02-19 18:56:18.554 20774 20774 D AdaptiveFrameRateLtpoImpl: flingEnd
02-19 18:56:18.555 20774 20774 D SceneHelper: notifyState ltpo1.0 push currentPackageName=com.voicedoc.app ltpo10SceneState=3010 scene=FLING
02-19 18:56:18.555 20774 20774 D HwAdaptiveFrameManager: updateScrollStatus shouldAdaptiveScroll=false, scrollVelocity=0
02-19 18:56:18.555 20774 20774 I HwViewRootImpl: remove sceneId 99 topId: 14
02-19 18:56:18.804 20774 20774 I HwViewRootImpl: Add sceneId 11 topId: 14
02-19 18:56:18.804 20774 20774 I HwViewRootImpl: Add sceneId 5 topId: 14
02-19 18:56:18.804 20774 20774 D HwDragEnhancementImpl: handleTimerDrag: false
02-19 18:56:18.805 20774 20774 D HwDragEnhancementImpl: handleTimerDrag: false
02-19 18:56:18.807 20774 20774 W Choreographer: Frame time is 4.86626 ms in the future!  Check that graphics HAL is generating vsync timestamps using the correct timebase.
02-19 18:56:18.808 20774 20774 D HwDragEnhancementImpl: Start long press for hw drag enhancement.
02-19 18:56:18.852 20774 20774 W Choreographer: Frame time is 1.348523 ms in the future!  Check that graphics HAL is generating vsync timestamps using the correct timebase.
02-19 18:56:18.868 20774 20774 D HwViewRootImpl: [DetectViewsLocationRunner] current resolutionScale: 1.0
02-19 18:56:18.868 20774 20774 I HwViewRootImpl: remove sceneId 11 topId: 14
02-19 18:56:18.868 20774 20774 I HwViewRootImpl: remove sceneId 5 topId: 14
02-19 18:56:18.869 20774 20774 D WebViewDragEnhancement: dragReset.
02-19 18:56:18.869 20774 20774 D WebViewDragEnhancement: dragReset cacheSize = 0
02-19 18:56:18.880 20774 20774 D MouseWheelSynthesizer: mMoveStepInDp: 64, mMoveStepInPixel: 200, mUpTimeDelayed: 100
02-19 18:56:18.881 20774 20774 D HwViewRootImpl: [onViewRootImplInitial] HotZone Threshold = 231
02-19 18:56:18.881 20774 20774 D ViewRootImpl: ViewUI ViewRootImpl mIsInProductivePCDisplay: false
02-19 18:56:18.887 20774 20774 I InsetsController: ViewUI_insets updateState new source: InsetsSource: {mType=ITYPE_STATUS_BAR, mFrame=[0,0][1080,117], mVisible=true}
02-19 18:56:18.887 20774 20774 I InsetsController: ViewUI_insets updateState new source: InsetsSource: {mType=ITYPE_NAVIGATION_BAR, mFrame=[0,0][0,0], mVisible=false}
02-19 18:56:18.888 20774 20774 D InsetsSourceConsumer: ViewUI_insets setControl -> ITYPE_STATUS_BAR on PopupWindow:f116b7e
02-19 18:56:18.888 20774 20774 D InsetsSourceConsumer: ViewUI_insets setControl mType:0, requestedVisible:true, getLeash:null, needAnimation:false, mIsAnimationPending:false, getRootViewTitle:PopupWindow:f116b7e
02-19 18:56:18.888 20774 20774 D InputEventReceiver: dispatchInputInterval 0
02-19 18:56:18.889 20774 20774 I HwSoraManager: SORA is disabled for PopupWindow:f116b7e
02-19 18:56:18.889 20774 20774 D mDecorView: invokePopup mDecorView params: width=867, height=750
02-19 18:56:18.899 20774 20774 D BufferQueueCore: BufferQueueCore: mDebugHwFlow=0, mIsBufferQueueLogVSupport=0.
02-19 18:56:18.899 20774 20774 I InsetsController: ViewUI_insets updateState new source: InsetsSource: {mType=ITYPE_STATUS_BAR, mFrame=[0,0][1080,117], mVisible=true}
02-19 18:56:18.899 20774 20774 I InsetsController: ViewUI_insets updateState new source: InsetsSource: {mType=ITYPE_NAVIGATION_BAR, mFrame=[0,0][0,0], mVisible=false}
02-19 18:56:18.900 20774 20774 D InsetsSourceConsumer: ViewUI_insets setControl -> ITYPE_STATUS_BAR on PopupWindow:f116b7e
02-19 18:56:18.900 20774 20774 D InsetsSourceConsumer: ViewUI_insets setControl mType:0, requestedVisible:true, getLeash:Surface(name=Surface(name=d141868 StatusBar)/@0x5960858 - animation-leash of insets_animation)/@0x591cdb6, needAnimation:false, mIsAnimationPending:false, getRootViewTitle:PopupWindow:f116b7e
02-19 18:56:18.901 20774 20803 E OpenGLRenderer: Unable to match the desired swap behavior.
02-19 18:56:18.912 20774 20774 I HwViewRootImpl: removeInvalidNode all the node in jank list is out of time
02-19 18:56:18.913 20774 20803 D OpenGLRenderer: disableOutlineDraw is true
02-19 18:56:18.913 20774 20774 I InsetsController: ViewUI_insets updateState new source: InsetsSource: {mType=ITYPE_STATUS_BAR, mFrame=[0,0][1080,117], mVisible=true}
02-19 18:56:18.913 20774 20774 I InsetsController: ViewUI_insets updateState new source: InsetsSource: {mType=ITYPE_NAVIGATION_BAR, mFrame=[0,0][0,0], mVisible=false}
02-19 18:56:18.913 20774 20774 I InsetsSourceConsumer: ViewUI_insets mSourceControl is null notifyControlRevoked type: 0
02-19 18:56:18.916 20774 20774 D HwViewRootImpl: [DetectViewsLocationRunner] current resolutionScale: 1.0
02-19 18:56:20.419 20774 20815 D HwViewRootImpl: [DetectViewsLocationRunner] start to get views' rect, type = SCENE_WINDOW_FOCUS_CHANGE
02-19 18:56:20.421 20774 20815 D HwViewRootImpl: [DetectViewsLocationRunner] displayPoint: Point(1080, 2504)
02-19 18:56:20.422 20774 20815 D HwViewRootImpl: [DetectViewsLocationRunner] lazyMode:
02-19 18:56:20.422 20774 20815 D HwViewRootImpl: [DetectViewsLocationRunner] current mode is full screen
02-19 18:56:20.423 20774 20774 D HwViewRootImpl: [DetectViewsLocationRunner] start to getViewHierarchy
02-19 18:56:20.425 20774 20815 D HwViewRootImpl: [DetectViewsLocationRunner] deviceOrientation: 0
02-19 18:56:20.425 20774 20815 D HwViewRootImpl: [DetectViewsLocationRunner-ScreenDirection] ROTATION_0
02-19 18:56:20.426 20774 20815 D HwViewRootImpl: [DetectViewsLocationRunner] get views' rect = 0, SCENE_WINDOW_FOCUS_CHANGE
02-19 18:56:21.716 20774 20774 I HwViewRootImpl: Add sceneId 11 topId: 14
02-19 18:56:21.716 20774 20774 I HwViewRootImpl: Add sceneId 5 topId: 14
02-19 18:56:21.717 20774 20774 D HwDragEnhancementImpl: handleTimerDrag: false
02-19 18:56:21.718 20774 20774 D HwDragEnhancementImpl: handleTimerDrag: false
02-19 18:56:21.736 20774 20774 D HwDragEnhancementImpl: Start long press for hw drag enhancement.
02-19 18:56:21.938 20774 20774 D HwViewRootImpl: [DetectViewsLocationRunner] current resolutionScale: 1.0
02-19 18:56:21.938 20774 20774 I HwViewRootImpl: remove sceneId 11 topId: 14
02-19 18:56:21.938 20774 20774 I HwViewRootImpl: remove sceneId 5 topId: 14
02-19 18:56:21.939 20774 20774 V AudioManager: querySoundEffectsEnabled...
02-19 18:56:21.939 20774 20774 I AudioManager: querySoundEffectsEnabled fail id: 0
02-19 18:56:21.942 20774 20774 D WebViewDragEnhancement: dragReset.
02-19 18:56:21.942 20774 20774 D WebViewDragEnhancement: dragReset cacheSize = 0
02-19 18:56:21.957 20774 20774 I InsetsController: ViewUI_insets updateState new source: InsetsSource: {mType=ITYPE_STATUS_BAR, mFrame=[0,0][1080,117], mVisible=true}
02-19 18:56:21.957 20774 20774 I InsetsController: ViewUI_insets updateState new source: InsetsSource: {mType=ITYPE_NAVIGATION_BAR, mFrame=[0,0][0,0], mVisible=false}
02-19 18:56:21.957 20774 20774 I InsetsSourceConsumer: ViewUI_insets mSourceControl is null notifyControlRevoked type: 0
02-19 18:56:21.960 20774 20774 I ImeFocusController: ViewUI imeDisplayId:0 contextDisplayId:0
02-19 18:56:21.962 20774 20803 W BufferQueueProducer: [PopupWindow:f116b7e#7(BLAST Consumer)7](id:512600000007,api:0,p:-1,c:20774) disconnect: not connected (req=1)
02-19 18:56:21.962 20774 20803 W libEGL  : EGLNativeWindowType 0x77fb428810 disconnect failed
02-19 18:56:21.967 20774 20774 I InsetsController: ViewUI_insets updateState new source: InsetsSource: {mType=ITYPE_STATUS_BAR, mFrame=[0,0][1080,117], mVisible=true}
02-19 18:56:21.967 20774 20774 I InsetsController: ViewUI_insets updateState new source: InsetsSource: {mType=ITYPE_NAVIGATION_BAR, mFrame=[0,0][0,0], mVisible=false}
02-19 18:56:21.968 20774 20774 D InsetsSourceConsumer: ViewUI_insets setControl -> ITYPE_STATUS_BAR on com.voicedoc.app/com.voicedoc.app.SettingsActivity
02-19 18:56:21.968 20774 20774 D InsetsSourceConsumer: ViewUI_insets setControl mType:0, requestedVisible:true, getLeash:Surface(name=Surface(name=d141868 StatusBar)/@0x5960858 - animation-leash of insets_animation)/@0x15dc63e, needAnimation:false, mIsAnimationPending:false, getRootViewTitle:com.voicedoc.app/com.voicedoc.app.SettingsActivity
02-19 18:56:21.968 20774 20774 D HwViewRootImpl: [DetectViewsLocationRunner] current resolutionScale: 1.0
02-19 18:56:21.968 20774 20774 I InputMethodManager: set currentRootView to : android.view.ViewRootImpl@d893446
02-19 18:56:21.969 20774 20774 I InputMethodManager: Starting input: reason=WINDOW_FOCUS_GAIN
02-19 18:56:21.969 20774 20774 W HwRemoteInputMethodManager: isCasting false because IHwDistributedWindowManager is invalid.
02-19 18:56:21.970 20774 20774 I InputMethodManager: Starting input: Bind resultString=SUCCESS_WITH_IME_SESSION
02-19 18:56:23.471 20774 20815 D HwViewRootImpl: [DetectViewsLocationRunner] start to get views' rect, type = SCENE_WINDOW_FOCUS_CHANGE
02-19 18:56:23.473 20774 20815 D HwViewRootImpl: [DetectViewsLocationRunner] windowModeType: 1
02-19 18:56:23.473 20774 20815 D HwViewRootImpl: [DetectViewsLocationRunner] displayPoint: Point(1080, 2504)
02-19 18:56:23.473 20774 20815 D HwViewRootImpl: [DetectViewsLocationRunner] windowModeType: 1
02-19 18:56:23.474 20774 20815 D HwViewRootImpl: [DetectViewsLocationRunner] lazyMode:
02-19 18:56:23.474 20774 20815 D HwViewRootImpl: [DetectViewsLocationRunner] current mode is full screen
02-19 18:56:23.475 20774 20774 D HwViewRootImpl: [DetectViewsLocationRunner] start to getViewHierarchy
02-19 18:56:23.476 20774 20815 D HwViewRootImpl: [DetectViewsLocationRunner] deviceOrientation: 0
02-19 18:56:23.476 20774 20815 D HwViewRootImpl: [DetectViewsLocationRunner-ScreenDirection] ROTATION_0
02-19 18:56:23.477 20774 20815 D HwViewRootImpl: [DetectViewsLocationRunner] get views' rect = 1, SCENE_WINDOW_FOCUS_CHANGE#50,195,325,320
